0:0:0:0:0:0:0:1 - - [26/Jun/2023:09:29:36 +0500] POST /api/am/publisher/v3/apis/d440f6b9-22c1-4326-8625-16eff1a0354e/deploy-revision?revisionId=17cf7de5-3ba9-47c6-acae-500dc212e937 HTTP/1.1 201 176 https://localhost:9443/publisher/apis/d440f6b9-22c1-4326-8625-16eff1a0354e/deployments Mozilla/5.0 (Windows NT 10.0; Win64; x64) AppleWebKit/537.36 (KHTML, like Gecko) Chrome/114.0.0.0 Safari/537.36 0.039
0:0:0:0:0:0:0:1 - - [26/Jun/2023:09:29:37 +0500] GET /api/am/publisher/v3/apis/d440f6b9-22c1-4326-8625-16eff1a0354e/revisions HTTP/1.1 200 582 https://localhost:9443/publisher/apis/d440f6b9-22c1-4326-8625-16eff1a0354e/deployments Mozilla/5.0 (Windows NT 10.0; Win64; x64) AppleWebKit/537.36 (KHTML, like Gecko) Chrome/114.0.0.0 Safari/537.36 0.006
0:0:0:0:0:0:0:1 - - [26/Jun/2023:09:29:37 +0500] GET /api/am/publisher/v3/apis/d440f6b9-22c1-4326-8625-16eff1a0354e/revisions?query=deployed%3Atrue HTTP/1.1 200 388 https://localhost:9443/publisher/apis/d440f6b9-22c1-4326-8625-16eff1a0354e/deployments Mozilla/5.0 (Windows NT 10.0; Win64; x64) AppleWebKit/537.36 (KHTML, like Gecko) Chrome/114.0.0.0 Safari/537.36 0.009
0:0:0:0:0:0:0:1 - - [26/Jun/2023:09:29:37 +0500] GET /api/am/publisher/v3/apis/d440f6b9-22c1-4326-8625-16eff1a0354e/asyncapi HTTP/1.1 200 - https://localhost:9443/publisher/apis/d440f6b9-22c1-4326-8625-16eff1a0354e/deployments Mozilla/5.0 (Windows NT 10.0; Win64; x64) AppleWebKit/537.36 (KHTML, like Gecko) Chrome/114.0.0.0 Safari/537.36 0.018
0:0:0:0:0:0:0:1 - - [26/Jun/2023:09:29:37 +0500] GET /api/am/publisher/v3/apis/d440f6b9-22c1-4326-8625-16eff1a0354e/asyncapi HTTP/1.1 200 - https://localhost:9443/publisher/apis/d440f6b9-22c1-4326-8625-16eff1a0354e/deployments Mozilla/5.0 (Windows NT 10.0; Win64; x64) AppleWebKit/537.36 (KHTML, like Gecko) Chrome/114.0.0.0 Safari/537.36 0.014
0:0:0:0:0:0:0:1 - - [26/Jun/2023:09:29:38 +0500] GET /api/am/publisher/v3/apis/d440f6b9-22c1-4326-8625-16eff1a0354e/asyncapi HTTP/1.1 200 - https://localhost:9443/publisher/apis/d440f6b9-22c1-4326-8625-16eff1a0354e/deployments Mozilla/5.0 (Windows NT 10.0; Win64; x64) AppleWebKit/537.36 (KHTML, like Gecko) Chrome/114.0.0.0 Safari/537.36 0.018
0:0:0:0:0:0:0:1 - - [26/Jun/2023:09:29:42 +0500] GET /api/am/publisher/v3/apis?limit=10&offset=0 HTTP/1.1 200 752 https://localhost:9443/publisher/apis Mozilla/5.0 (Windows NT 10.0; Win64; x64) AppleWebKit/537.36 (KHTML, like Gecko) Chrome/114.0.0.0 Safari/537.36 0.037
0:0:0:0:0:0:0:1 - - [26/Jun/2023:09:29:46 +0500] GET /api/am/devportal/v2/api-categories HTTP/1.1 200 21 https://localhost:9443/devportal/apis Mozilla/5.0 (Windows NT 10.0; Win64; x64) AppleWebKit/537.36 (KHTML, like Gecko) Chrome/114.0.0.0 Safari/537.36 0.019
0:0:0:0:0:0:0:1 - - [26/Jun/2023:09:29:46 +0500] GET /api/am/devportal/v2/tags HTTP/1.1 200 119 https://localhost:9443/devportal/apis Mozilla/5.0 (Windows NT 10.0; Win64; x64) AppleWebKit/537.36 (KHTML, like Gecko) Chrome/114.0.0.0 Safari/537.36 0.049
0:0:0:0:0:0:0:1 - - [26/Jun/2023:09:29:46 +0500] GET /api/am/devportal/v2/apis?limit=10&offset=0 HTTP/1.1 200 751 https://localhost:9443/devportal/apis Mozilla/5.0 (Windows NT 10.0; Win64; x64) AppleWebKit/537.36 (KHTML, like Gecko) Chrome/114.0.0.0 Safari/537.36 0.111
0:0:0:0:0:0:0:1 - - [26/Jun/2023:09:29:47 +0500] GET /api/am/devportal/v2/apis/a9eff00c-8aee-4ca5-8e6e-3d5df6468875/ratings HTTP/1.1 200 125 https://localhost:9443/devportal/apis Mozilla/5.0 (Windows NT 10.0; Win64; x64) AppleWebKit/537.36 (KHTML, like Gecko) Chrome/114.0.0.0 Safari/537.36 0.012
0:0:0:0:0:0:0:1 - - [26/Jun/2023:09:29:47 +0500] GET /api/am/devportal/v2/apis/f166cc64-02b1-488c-b6e7-2e00befe5d92/ratings HTTP/1.1 200 125 https://localhost:9443/devportal/apis Mozilla/5.0 (Windows NT 10.0; Win64; x64) AppleWebKit/537.36 (KHTML, like Gecko) Chrome/114.0.0.0 Safari/537.36 0.014
0:0:0:0:0:0:0:1 - - [26/Jun/2023:09:29:47 +0500] GET /api/am/devportal/v2/apis/a9eff00c-8aee-4ca5-8e6e-3d5df6468875/thumbnail HTTP/1.1 204 - https://localhost:9443/devportal/apis Mozilla/5.0 (Windows NT 10.0; Win64; x64) AppleWebKit/537.36 (KHTML, like Gecko) Chrome/114.0.0.0 Safari/537.36 0.018
0:0:0:0:0:0:0:1 - - [26/Jun/2023:09:29:47 +0500] GET /api/am/devportal/v2/apis/a7a6f198-2961-422a-9ba4-7dd81d27f2dc/thumbnail HTTP/1.1 204 - https://localhost:9443/devportal/apis Mozilla/5.0 (Windows NT 10.0; Win64; x64) AppleWebKit/537.36 (KHTML, like Gecko) Chrome/114.0.0.0 Safari/537.36 0.019
0:0:0:0:0:0:0:1 - - [26/Jun/2023:09:29:47 +0500] GET /api/am/devportal/v2/apis/d440f6b9-22c1-4326-8625-16eff1a0354e/ratings HTTP/1.1 200 125 https://localhost:9443/devportal/apis Mozilla/5.0 (Windows NT 10.0; Win64; x64) AppleWebKit/537.36 (KHTML, like Gecko) Chrome/114.0.0.0 Safari/537.36 0.026
0:0:0:0:0:0:0:1 - - [26/Jun/2023:09:29:47 +0500] GET /api/am/devportal/v2/apis/f166cc64-02b1-488c-b6e7-2e00befe5d92/thumbnail HTTP/1.1 204 - https://localhost:9443/devportal/apis Mozilla/5.0 (Windows NT 10.0; Win64; x64) AppleWebKit/537.36 (KHTML, like Gecko) Chrome/114.0.0.0 Safari/537.36 0.036
0:0:0:0:0:0:0:1 - - [26/Jun/2023:09:29:47 +0500] - 400 - - - 0.000
0:0:0:0:0:0:0:1 - - [26/Jun/2023:09:29:47 +0500] GET /api/am/devportal/v2/apis/d440f6b9-22c1-4326-8625-16eff1a0354e/thumbnail HTTP/1.1 204 - https://localhost:9443/devportal/apis Mozilla/5.0 (Windows NT 10.0; Win64; x64) AppleWebKit/537.36 (KHTML, like Gecko) Chrome/114.0.0.0 Safari/537.36 0.046
0:0:0:0:0:0:0:1 - - [26/Jun/2023:09:29:47 +0500] GET /api/am/devportal/v2/apis/a7a6f198-2961-422a-9ba4-7dd81d27f2dc/ratings HTTP/1.1 200 125 https://localhost:9443/devportal/apis Mozilla/5.0 (Windows NT 10.0; Win64; x64) AppleWebKit/537.36 (KHTML, like Gecko) Chrome/114.0.0.0 Safari/537.36 0.053
0:0:0:0:0:0:0:1 - - [26/Jun/2023:09:29:47 +0500] - 400 - - - 0.000
0:0:0:0:0:0:0:1 - - [26/Jun/2023:09:29:47 +0500] GET /api/am/devportal/v2/apis/2d15ab04-b0b2-4820-8b7c-052e4997dcce/ratings HTTP/1.1 200 125 https://localhost:9443/devportal/apis Mozilla/5.0 (Windows NT 10.0; Win64; x64) AppleWebKit/537.36 (KHTML, like Gecko) Chrome/114.0.0.0 Safari/537.36 0.030
0:0:0:0:0:0:0:1 - - [26/Jun/2023:09:29:47 +0500] GET /api/am/devportal/v2/apis/2d15ab04-b0b2-4820-8b7c-052e4997dcce/thumbnail HTTP/1.1 204 - https://localhost:9443/devportal/apis Mozilla/5.0 (Windows NT 10.0; Win64; x64) AppleWebKit/537.36 (KHTML, like Gecko) Chrome/114.0.0.0 Safari/537.36 0.032
0:0:0:0:0:0:0:1 - - [26/Jun/2023:09:29:48 +0500] GET /api/am/devportal/v2/apis/d440f6b9-22c1-4326-8625-16eff1a0354e HTTP/1.1 200 1137 https://localhost:9443/devportal/apis/d440f6b9-22c1-4326-8625-16eff1a0354e Mozilla/5.0 (Windows NT 10.0; Win64; x64) AppleWebKit/537.36 (KHTML, like Gecko) Chrome/114.0.0.0 Safari/537.36 0.046
0:0:0:0:0:0:0:1 - - [26/Jun/2023:09:29:48 +0500] GET /api/am/devportal/v2/applications?limit=5000 HTTP/1.1 200 440 https://localhost:9443/devportal/apis/d440f6b9-22c1-4326-8625-16eff1a0354e Mozilla/5.0 (Windows NT 10.0; Win64; x64) AppleWebKit/537.36 (KHTML, like Gecko) Chrome/114.0.0.0 Safari/537.36 0.042
127.0.0.1 - - [26/Jun/2023:09:29:48 +0500] GET /keymanager-operations/dcr/register/WHlMZkN2djZITW0yT3hydGtOTW51b0xPZFNVYQ%3D%3D HTTP/1.1 200 515 - Apache-HttpClient/4.5.13 (Java/11.0.18) 0.013
127.0.0.1 - - [26/Jun/2023:09:29:48 +0500] GET /keymanager-operations/dcr/register/WHlMZkN2djZITW0yT3hydGtOTW51b0xPZFNVYQ%3D%3D HTTP/1.1 200 515 - Apache-HttpClient/4.5.13 (Java/11.0.18) 0.021
0:0:0:0:0:0:0:1 - - [26/Jun/2023:09:29:48 +0500] GET /api/am/devportal/v2/subscriptions?apiId=d440f6b9-22c1-4326-8625-16eff1a0354e&limit=5000 HTTP/1.1 200 655 https://localhost:9443/devportal/apis/d440f6b9-22c1-4326-8625-16eff1a0354e Mozilla/5.0 (Windows NT 10.0; Win64; x64) AppleWebKit/537.36 (KHTML, like Gecko) Chrome/114.0.0.0 Safari/537.36 0.074
0:0:0:0:0:0:0:1 - - [26/Jun/2023:09:29:48 +0500] GET /api/am/devportal/v2/subscriptions?apiId=d440f6b9-22c1-4326-8625-16eff1a0354e&limit=25 HTTP/1.1 200 654 https://localhost:9443/devportal/apis/d440f6b9-22c1-4326-8625-16eff1a0354e Mozilla/5.0 (Windows NT 10.0; Win64; x64) AppleWebKit/537.36 (KHTML, like Gecko) Chrome/114.0.0.0 Safari/537.36 0.077
0:0:0:0:0:0:0:1 - - [26/Jun/2023:09:29:48 +0500] GET /api/am/devportal/v2/throttling-policies/subscription HTTP/1.1 200 634 https://localhost:9443/devportal/apis/d440f6b9-22c1-4326-8625-16eff1a0354e/overview Mozilla/5.0 (Windows NT 10.0; Win64; x64) AppleWebKit/537.36 (KHTML, like Gecko) Chrome/114.0.0.0 Safari/537.36 0.007
0:0:0:0:0:0:0:1 - - [26/Jun/2023:09:29:48 +0500] GET /api/am/devportal/v2/apis/d440f6b9-22c1-4326-8625-16eff1a0354e/documents HTTP/1.1 200 92 https://localhost:9443/devportal/apis/d440f6b9-22c1-4326-8625-16eff1a0354e/overview Mozilla/5.0 (Windows NT 10.0; Win64; x64) AppleWebKit/537.36 (KHTML, like Gecko) Chrome/114.0.0.0 Safari/537.36 0.020
0:0:0:0:0:0:0:1 - - [26/Jun/2023:09:29:48 +0500] GET /api/am/devportal/v2/throttling-policies/subscription HTTP/1.1 200 634 https://localhost:9443/devportal/apis/d440f6b9-22c1-4326-8625-16eff1a0354e/overview Mozilla/5.0 (Windows NT 10.0; Win64; x64) AppleWebKit/537.36 (KHTML, like Gecko) Chrome/114.0.0.0 Safari/537.36 0.010
0:0:0:0:0:0:0:1 - - [26/Jun/2023:09:29:48 +0500] GET /api/am/devportal/v2/apis/d440f6b9-22c1-4326-8625-16eff1a0354e/documents HTTP/1.1 200 92 https://localhost:9443/devportal/apis/d440f6b9-22c1-4326-8625-16eff1a0354e/overview Mozilla/5.0 (Windows NT 10.0; Win64; x64) AppleWebKit/537.36 (KHTML, like Gecko) Chrome/114.0.0.0 Safari/537.36 0.026
0:0:0:0:0:0:0:1 - - [26/Jun/2023:09:29:48 +0500] GET /api/am/devportal/v2/apis/d440f6b9-22c1-4326-8625-16eff1a0354e/ratings HTTP/1.1 200 125 https://localhost:9443/devportal/apis/d440f6b9-22c1-4326-8625-16eff1a0354e/overview Mozilla/5.0 (Windows NT 10.0; Win64; x64) AppleWebKit/537.36 (KHTML, like Gecko) Chrome/114.0.0.0 Safari/537.36 0.023
0:0:0:0:0:0:0:1 - - [26/Jun/2023:09:29:48 +0500] GET /api/am/devportal/v2/apis/d440f6b9-22c1-4326-8625-16eff1a0354e/thumbnail HTTP/1.1 204 - https://localhost:9443/devportal/apis/d440f6b9-22c1-4326-8625-16eff1a0354e/overview Mozilla/5.0 (Windows NT 10.0; Win64; x64) AppleWebKit/537.36 (KHTML, like Gecko) Chrome/114.0.0.0 Safari/537.36 0.028
0:0:0:0:0:0:0:1 - - [26/Jun/2023:09:29:48 +0500] GET /api/am/devportal/v2/apis/d440f6b9-22c1-4326-8625-16eff1a0354e/comments?limit=5&offset=0 HTTP/1.1 200 101 https://localhost:9443/devportal/apis/d440f6b9-22c1-4326-8625-16eff1a0354e/overview Mozilla/5.0 (Windows NT 10.0; Win64; x64) AppleWebKit/537.36 (KHTML, like Gecko) Chrome/114.0.0.0 Safari/537.36 0.033
0:0:0:0:0:0:0:1 - - [26/Jun/2023:09:29:49 +0500] GET /devportal/site/public/dist/3.5fb775e73b1459555d1d.bundle.js HTTP/1.1 200 5285 https://localhost:9443/devportal/apis/d440f6b9-22c1-4326-8625-16eff1a0354e/test Mozilla/5.0 (Windows NT 10.0; Win64; x64) AppleWebKit/537.36 (KHTML, like Gecko) Chrome/114.0.0.0 Safari/537.36 0.004
0:0:0:0:0:0:0:1 - - [26/Jun/2023:09:29:49 +0500] GET /devportal/site/public/dist/9.19a62cd6a9c3410d8be6.bundle.js HTTP/1.1 200 89623 https://localhost:9443/devportal/apis/d440f6b9-22c1-4326-8625-16eff1a0354e/test Mozilla/5.0 (Windows NT 10.0; Win64; x64) AppleWebKit/537.36 (KHTML, like Gecko) Chrome/114.0.0.0 Safari/537.36 0.033
0:0:0:0:0:0:0:1 - - [26/Jun/2023:09:29:49 +0500] GET /devportal/site/public/dist/APIConsole.e692d99b83731b72dbe6.bundle.js HTTP/1.1 200 4237 https://localhost:9443/devportal/apis/d440f6b9-22c1-4326-8625-16eff1a0354e/test Mozilla/5.0 (Windows NT 10.0; Win64; x64) AppleWebKit/537.36 (KHTML, like Gecko) Chrome/114.0.0.0 Safari/537.36 0.003
0:0:0:0:0:0:0:1 - - [26/Jun/2023:09:29:49 +0500] GET /devportal/site/public/dist/vendors~APIConsole~GraphQLConsole.c00ffdb9a4bac0f7794e.bundle.js HTTP/1.1 200 364418 https://localhost:9443/devportal/apis/d440f6b9-22c1-4326-8625-16eff1a0354e/test Mozilla/5.0 (Windows NT 10.0; Win64; x64) AppleWebKit/537.36 (KHTML, like Gecko) Chrome/114.0.0.0 Safari/537.36 0.133
0:0:0:0:0:0:0:1 - - [26/Jun/2023:09:29:50 +0500] GET /devportal/site/public/dist/vendors~APIConsole.b84bc27def35d6c9dee0.bundle.js HTTP/1.1 200 1577542 https://localhost:9443/devportal/apis/d440f6b9-22c1-4326-8625-16eff1a0354e/test Mozilla/5.0 (Windows NT 10.0; Win64; x64) AppleWebKit/537.36 (KHTML, like Gecko) Chrome/114.0.0.0 Safari/537.36 0.546
0:0:0:0:0:0:0:1 - - [26/Jun/2023:09:29:51 +0500] GET /api/am/devportal/v2/apis/d440f6b9-22c1-4326-8625-16eff1a0354e HTTP/1.1 200 1137 https://localhost:9443/devportal/apis/d440f6b9-22c1-4326-8625-16eff1a0354e/test Mozilla/5.0 (Windows NT 10.0; Win64; x64) AppleWebKit/537.36 (KHTML, like Gecko) Chrome/114.0.0.0 Safari/537.36 0.019
0:0:0:0:0:0:0:1 - - [26/Jun/2023:09:29:51 +0500] GET /api/am/devportal/v2/apis/d440f6b9-22c1-4326-8625-16eff1a0354e/swagger?environmentName=Default HTTP/1.1 200 489 https://localhost:9443/devportal/apis/d440f6b9-22c1-4326-8625-16eff1a0354e/test Mozilla/5.0 (Windows NT 10.0; Win64; x64) AppleWebKit/537.36 (KHTML, like Gecko) Chrome/114.0.0.0 Safari/537.36 0.021
0:0:0:0:0:0:0:1 - - [26/Jun/2023:09:29:51 +0500] GET /api/am/devportal/v2/swagger.yaml HTTP/1.1 200 23493 https://localhost:9443/devportal/apis/d440f6b9-22c1-4326-8625-16eff1a0354e/test Mozilla/5.0 (Windows NT 10.0; Win64; x64) AppleWebKit/537.36 (KHTML, like Gecko) Chrome/114.0.0.0 Safari/537.36 0.037
127.0.0.1 - - [26/Jun/2023:09:29:51 +0500] GET /keymanager-operations/dcr/register/WHlMZkN2djZITW0yT3hydGtOTW51b0xPZFNVYQ%3D%3D HTTP/1.1 200 515 - Apache-HttpClient/4.5.13 (Java/11.0.18) 0.007
0:0:0:0:0:0:0:1 - - [26/Jun/2023:09:29:51 +0500] GET /api/am/devportal/v2/subscriptions?apiId=d440f6b9-22c1-4326-8625-16eff1a0354e&limit=25 HTTP/1.1 200 654 https://localhost:9443/devportal/apis/d440f6b9-22c1-4326-8625-16eff1a0354e/test Mozilla/5.0 (Windows NT 10.0; Win64; x64) AppleWebKit/537.36 (KHTML, like Gecko) Chrome/114.0.0.0 Safari/537.36 0.086
127.0.0.1 - - [26/Jun/2023:09:29:51 +0500] GET /oauth2/token/.well-known/openid-configuration HTTP/1.1 200 2245 - Apache-HttpClient/4.5.13 (Java/11.0.18) 0.005
127.0.0.1 - - [26/Jun/2023:09:29:51 +0500] GET /keymanager-operations/dcr/register/WHlMZkN2djZITW0yT3hydGtOTW51b0xPZFNVYQ%3D%3D HTTP/1.1 200 515 - Apache-HttpClient/4.5.13 (Java/11.0.18) 0.006
0:0:0:0:0:0:0:1 - - [26/Jun/2023:09:29:51 +0500] GET /api/am/devportal/v2/key-managers HTTP/1.1 200 755 https://localhost:9443/devportal/apis/d440f6b9-22c1-4326-8625-16eff1a0354e/test Mozilla/5.0 (Windows NT 10.0; Win64; x64) AppleWebKit/537.36 (KHTML, like Gecko) Chrome/114.0.0.0 Safari/537.36 0.040
0:0:0:0:0:0:0:1 - - [26/Jun/2023:09:29:51 +0500] GET /api/am/devportal/v2/subscriptions?apiId=d440f6b9-22c1-4326-8625-16eff1a0354e&limit=25 HTTP/1.1 200 654 https://localhost:9443/devportal/apis/d440f6b9-22c1-4326-8625-16eff1a0354e/test Mozilla/5.0 (Windows NT 10.0; Win64; x64) AppleWebKit/537.36 (KHTML, like Gecko) Chrome/114.0.0.0 Safari/537.36 0.042
0:0:0:0:0:0:0:1 - - [26/Jun/2023:09:29:51 +0500] GET /api/am/devportal/v2/applications/ HTTP/1.1 200 439 https://localhost:9443/devportal/apis/d440f6b9-22c1-4326-8625-16eff1a0354e/test Mozilla/5.0 (Windows NT 10.0; Win64; x64) AppleWebKit/537.36 (KHTML, like Gecko) Chrome/114.0.0.0 Safari/537.36 0.011
0:0:0:0:0:0:0:1 - - [26/Jun/2023:09:29:51 +0500] GET /api/am/devportal/v2/swagger.yaml HTTP/1.1 200 23493 https://localhost:9443/devportal/apis/d440f6b9-22c1-4326-8625-16eff1a0354e/test Mozilla/5.0 (Windows NT 10.0; Win64; x64) AppleWebKit/537.36 (KHTML, like Gecko) Chrome/114.0.0.0 Safari/537.36 0.011
127.0.0.1 - - [26/Jun/2023:09:29:52 +0500] GET /keymanager-operations/dcr/register/WHlMZkN2djZITW0yT3hydGtOTW51b0xPZFNVYQ%3D%3D HTTP/1.1 200 515 - Apache-HttpClient/4.5.13 (Java/11.0.18) 0.010
0:0:0:0:0:0:0:1 - - [26/Jun/2023:09:29:52 +0500] GET /api/am/devportal/v2/applications/5ceac273-9f7d-4f15-9a59-71cf848b596b HTTP/1.1 200 277 https://localhost:9443/devportal/apis/d440f6b9-22c1-4326-8625-16eff1a0354e/test Mozilla/5.0 (Windows NT 10.0; Win64; x64) AppleWebKit/537.36 (KHTML, like Gecko) Chrome/114.0.0.0 Safari/537.36 0.021
127.0.0.1 - - [26/Jun/2023:09:29:52 +0500] GET /keymanager-operations/dcr/register/WHlMZkN2djZITW0yT3hydGtOTW51b0xPZFNVYQ%3D%3D HTTP/1.1 200 515 - Apache-HttpClient/4.5.13 (Java/11.0.18) 0.006
0:0:0:0:0:0:0:1 - - [26/Jun/2023:09:29:52 +0500] GET /api/am/devportal/v2/applications/5ceac273-9f7d-4f15-9a59-71cf848b596b/oauth-keys HTTP/1.1 200 663 https://localhost:9443/devportal/apis/d440f6b9-22c1-4326-8625-16eff1a0354e/test Mozilla/5.0 (Windows NT 10.0; Win64; x64) AppleWebKit/537.36 (KHTML, like Gecko) Chrome/114.0.0.0 Safari/537.36 0.014
0:0:0:0:0:0:0:1 - - [26/Jun/2023:09:29:52 +0500] GET /api/am/devportal/v2/swagger.yaml HTTP/1.1 200 23493 https://localhost:9443/devportal/apis/d440f6b9-22c1-4326-8625-16eff1a0354e/test Mozilla/5.0 (Windows NT 10.0; Win64; x64) AppleWebKit/537.36 (KHTML, like Gecko) Chrome/114.0.0.0 Safari/537.36 0.011
0:0:0:0:0:0:0:1 - - [26/Jun/2023:09:29:52 +0500] GET /api/am/devportal/v2/swagger.yaml HTTP/1.1 200 23493 https://localhost:9443/devportal/apis/d440f6b9-22c1-4326-8625-16eff1a0354e/test Mozilla/5.0 (Windows NT 10.0; Win64; x64) AppleWebKit/537.36 (KHTML, like Gecko) Chrome/114.0.0.0 Safari/537.36 0.010
127.0.0.1 - - [26/Jun/2023:09:29:52 +0500] GET /keymanager-operations/dcr/register/WHlMZkN2djZITW0yT3hydGtOTW51b0xPZFNVYQ%3D%3D HTTP/1.1 200 515 - Apache-HttpClient/4.5.13 (Java/11.0.18) 0.007
0:0:0:0:0:0:0:1 - - [26/Jun/2023:09:29:52 +0500] GET /api/am/devportal/v2/applications/5ceac273-9f7d-4f15-9a59-71cf848b596b HTTP/1.1 200 277 https://localhost:9443/devportal/apis/d440f6b9-22c1-4326-8625-16eff1a0354e/test Mozilla/5.0 (Windows NT 10.0; Win64; x64) AppleWebKit/537.36 (KHTML, like Gecko) Chrome/114.0.0.0 Safari/537.36 0.021
127.0.0.1 - - [26/Jun/2023:09:29:52 +0500] GET /keymanager-operations/dcr/register/WHlMZkN2djZITW0yT3hydGtOTW51b0xPZFNVYQ%3D%3D HTTP/1.1 200 515 - Apache-HttpClient/4.5.13 (Java/11.0.18) 0.005
0:0:0:0:0:0:0:1 - - [26/Jun/2023:09:29:52 +0500] GET /api/am/devportal/v2/applications/5ceac273-9f7d-4f15-9a59-71cf848b596b HTTP/1.1 200 277 https://localhost:9443/devportal/apis/d440f6b9-22c1-4326-8625-16eff1a0354e/test Mozilla/5.0 (Windows NT 10.0; Win64; x64) AppleWebKit/537.36 (KHTML, like Gecko) Chrome/114.0.0.0 Safari/537.36 0.015
127.0.0.1 - - [26/Jun/2023:09:29:52 +0500] GET /keymanager-operations/dcr/register/WHlMZkN2djZITW0yT3hydGtOTW51b0xPZFNVYQ%3D%3D HTTP/1.1 200 515 - Apache-HttpClient/4.5.13 (Java/11.0.18) 0.006
0:0:0:0:0:0:0:1 - - [26/Jun/2023:09:29:52 +0500] GET /api/am/devportal/v2/applications/5ceac273-9f7d-4f15-9a59-71cf848b596b/oauth-keys HTTP/1.1 200 663 https://localhost:9443/devportal/apis/d440f6b9-22c1-4326-8625-16eff1a0354e/test Mozilla/5.0 (Windows NT 10.0; Win64; x64) AppleWebKit/537.36 (KHTML, like Gecko) Chrome/114.0.0.0 Safari/537.36 0.016
127.0.0.1 - - [26/Jun/2023:09:29:52 +0500] GET /keymanager-operations/dcr/register/WHlMZkN2djZITW0yT3hydGtOTW51b0xPZFNVYQ%3D%3D HTTP/1.1 200 515 - Apache-HttpClient/4.5.13 (Java/11.0.18) 0.006
0:0:0:0:0:0:0:1 - - [26/Jun/2023:09:29:52 +0500] GET /api/am/devportal/v2/applications/5ceac273-9f7d-4f15-9a59-71cf848b596b/oauth-keys HTTP/1.1 200 663 https://localhost:9443/devportal/apis/d440f6b9-22c1-4326-8625-16eff1a0354e/test Mozilla/5.0 (Windows NT 10.0; Win64; x64) AppleWebKit/537.36 (KHTML, like Gecko) Chrome/114.0.0.0 Safari/537.36 0.016
0:0:0:0:0:0:0:1 - - [26/Jun/2023:09:29:54 +0500] GET /api/am/devportal/v2/swagger.yaml HTTP/1.1 200 23493 https://localhost:9443/devportal/apis/d440f6b9-22c1-4326-8625-16eff1a0354e/test Mozilla/5.0 (Windows NT 10.0; Win64; x64) AppleWebKit/537.36 (KHTML, like Gecko) Chrome/114.0.0.0 Safari/537.36 0.013
127.0.0.1 - - [26/Jun/2023:09:29:54 +0500] GET /keymanager-operations/dcr/register/WHlMZkN2djZITW0yT3hydGtOTW51b0xPZFNVYQ%3D%3D HTTP/1.1 200 515 - Apache-HttpClient/4.5.13 (Java/11.0.18) 0.004
0:0:0:0:0:0:0:1 - - [26/Jun/2023:09:29:54 +0500] GET /api/am/devportal/v2/applications/5ceac273-9f7d-4f15-9a59-71cf848b596b HTTP/1.1 200 277 https://localhost:9443/devportal/apis/d440f6b9-22c1-4326-8625-16eff1a0354e/test Mozilla/5.0 (Windows NT 10.0; Win64; x64) AppleWebKit/537.36 (KHTML, like Gecko) Chrome/114.0.0.0 Safari/537.36 0.013
127.0.0.1 - - [26/Jun/2023:09:29:54 +0500] GET /keymanager-operations/dcr/register/WHlMZkN2djZITW0yT3hydGtOTW51b0xPZFNVYQ%3D%3D HTTP/1.1 200 515 - Apache-HttpClient/4.5.13 (Java/11.0.18) 0.003
0:0:0:0:0:0:0:1 - - [26/Jun/2023:09:29:54 +0500] GET /api/am/devportal/v2/applications/5ceac273-9f7d-4f15-9a59-71cf848b596b/oauth-keys HTTP/1.1 200 663 https://localhost:9443/devportal/apis/d440f6b9-22c1-4326-8625-16eff1a0354e/test Mozilla/5.0 (Windows NT 10.0; Win64; x64) AppleWebKit/537.36 (KHTML, like Gecko) Chrome/114.0.0.0 Safari/537.36 0.012
127.0.0.1 - - [26/Jun/2023:09:29:54 +0500] GET /keymanager-operations/dcr/register/WHlMZkN2djZITW0yT3hydGtOTW51b0xPZFNVYQ%3D%3D HTTP/1.1 200 515 - Apache-HttpClient/4.5.13 (Java/11.0.18) 0.004
127.0.0.1 - - [26/Jun/2023:09:29:54 +0500] GET /keymanager-operations/dcr/register/WHlMZkN2djZITW0yT3hydGtOTW51b0xPZFNVYQ%3D%3D HTTP/1.1 200 515 - Apache-HttpClient/4.5.13 (Java/11.0.18) 0.004
127.0.0.1 - - [26/Jun/2023:09:29:54 +0500] POST /oauth2/token HTTP/1.1 200 1022 - Apache-HttpClient/4.5.13 (Java/11.0.18) 0.025
0:0:0:0:0:0:0:1 - - [26/Jun/2023:09:29:54 +0500] POST /api/am/devportal/v2/applications/5ceac273-9f7d-4f15-9a59-71cf848b596b/oauth-keys/c354454c-96f1-46b8-9c2d-d9437d1e4166/generate-token HTTP/1.1 200 1009 https://localhost:9443/devportal/apis/d440f6b9-22c1-4326-8625-16eff1a0354e/test Mozilla/5.0 (Windows NT 10.0; Win64; x64) AppleWebKit/537.36 (KHTML, like Gecko) Chrome/114.0.0.0 Safari/537.36 0.063
127.0.0.1 - - [26/Jun/2023:09:29:54 +0500] POST /internal/data/v1/notify HTTP/1.1 200 - - Apache-HttpClient/4.5.13 (Java/11.0.18) 0.016
0:0:0:0:0:0:0:1 - - [26/Jun/2023:09:56:04 +0500] - 400 - - - 0.000
0:0:0:0:0:0:0:1 - - [26/Jun/2023:09:56:04 +0500] GET /api/am/devportal/v2/swagger.yaml HTTP/1.1 200 23493 https://localhost:9443/devportal/apis/d440f6b9-22c1-4326-8625-16eff1a0354e/test Mozilla/5.0 (Windows NT 10.0; Win64; x64) AppleWebKit/537.36 (KHTML, like Gecko) Chrome/114.0.0.0 Safari/537.36 0.018
127.0.0.1 - - [26/Jun/2023:09:56:04 +0500] GET /keymanager-operations/dcr/register/WHlMZkN2djZITW0yT3hydGtOTW51b0xPZFNVYQ%3D%3D HTTP/1.1 200 515 - Apache-HttpClient/4.5.13 (Java/11.0.18) 0.031
0:0:0:0:0:0:0:1 - - [26/Jun/2023:09:56:04 +0500] GET /api/am/devportal/v2/applications/5ceac273-9f7d-4f15-9a59-71cf848b596b HTTP/1.1 200 277 https://localhost:9443/devportal/apis/d440f6b9-22c1-4326-8625-16eff1a0354e/test Mozilla/5.0 (Windows NT 10.0; Win64; x64) AppleWebKit/537.36 (KHTML, like Gecko) Chrome/114.0.0.0 Safari/537.36 0.314
127.0.0.1 - - [26/Jun/2023:09:56:04 +0500] GET /keymanager-operations/dcr/register/WHlMZkN2djZITW0yT3hydGtOTW51b0xPZFNVYQ%3D%3D HTTP/1.1 200 515 - Apache-HttpClient/4.5.13 (Java/11.0.18) 0.004
0:0:0:0:0:0:0:1 - - [26/Jun/2023:09:56:04 +0500] GET /api/am/devportal/v2/applications/5ceac273-9f7d-4f15-9a59-71cf848b596b/oauth-keys HTTP/1.1 200 663 https://localhost:9443/devportal/apis/d440f6b9-22c1-4326-8625-16eff1a0354e/test Mozilla/5.0 (Windows NT 10.0; Win64; x64) AppleWebKit/537.36 (KHTML, like Gecko) Chrome/114.0.0.0 Safari/537.36 0.018
127.0.0.1 - - [26/Jun/2023:09:56:04 +0500] GET /keymanager-operations/dcr/register/WHlMZkN2djZITW0yT3hydGtOTW51b0xPZFNVYQ%3D%3D HTTP/1.1 200 515 - Apache-HttpClient/4.5.13 (Java/11.0.18) 0.005
127.0.0.1 - - [26/Jun/2023:09:56:04 +0500] GET /keymanager-operations/dcr/register/WHlMZkN2djZITW0yT3hydGtOTW51b0xPZFNVYQ%3D%3D HTTP/1.1 200 515 - Apache-HttpClient/4.5.13 (Java/11.0.18) 0.007
127.0.0.1 - - [26/Jun/2023:09:56:04 +0500] POST /oauth2/token HTTP/1.1 200 1022 - Apache-HttpClient/4.5.13 (Java/11.0.18) 0.046
0:0:0:0:0:0:0:1 - - [26/Jun/2023:09:56:04 +0500] POST /api/am/devportal/v2/applications/5ceac273-9f7d-4f15-9a59-71cf848b596b/oauth-keys/c354454c-96f1-46b8-9c2d-d9437d1e4166/generate-token HTTP/1.1 200 1009 https://localhost:9443/devportal/apis/d440f6b9-22c1-4326-8625-16eff1a0354e/test Mozilla/5.0 (Windows NT 10.0; Win64; x64) AppleWebKit/537.36 (KHTML, like Gecko) Chrome/114.0.0.0 Safari/537.36 0.131
127.0.0.1 - - [26/Jun/2023:09:56:05 +0500] POST /internal/data/v1/notify HTTP/1.1 200 - - Apache-HttpClient/4.5.13 (Java/11.0.18) 0.022
127.0.0.1 - - [26/Jun/2023:10:03:51 +0500] GET /internal/data/v1/endpoint-certificates HTTP/1.1 200 2 - Apache-HttpClient/4.5.13 (Java/11.0.18) 3.285
127.0.0.1 - - [26/Jun/2023:10:03:51 +0500] GET /internal/data/v1/subscription-policies HTTP/1.1 200 483 - Apache-HttpClient/4.5.13 (Java/11.0.18) 3.333
127.0.0.1 - - [26/Jun/2023:10:03:51 +0500] GET /internal/data/v1/keyTemplates HTTP/1.1 200 2 - Apache-HttpClient/4.5.13 (Java/11.0.18) 2.935
127.0.0.1 - - [26/Jun/2023:10:03:51 +0500] GET /internal/data/v1/revokedjwt HTTP/1.1 200 341 - Apache-HttpClient/4.5.13 (Java/11.0.18) 2.913
127.0.0.1 - - [26/Jun/2023:10:03:51 +0500] GET /internal/data/v1/subscriptions HTTP/1.1 200 549 - Apache-HttpClient/4.5.13 (Java/11.0.18) 3.315
127.0.0.1 - - [26/Jun/2023:10:03:51 +0500] GET /internal/data/v1/application-policies HTTP/1.1 200 259 - Apache-HttpClient/4.5.13 (Java/11.0.18) 3.415
127.0.0.1 - - [26/Jun/2023:10:03:51 +0500] GET /internal/data/v1/application-key-mappings HTTP/1.1 200 928 - Apache-HttpClient/4.5.13 (Java/11.0.18) 3.318
127.0.0.1 - - [26/Jun/2023:10:03:51 +0500] GET /internal/data/v1/webhooks-subscriptions HTTP/1.1 200 29 - Apache-HttpClient/4.5.13 (Java/11.0.18) 3.349
127.0.0.1 - - [26/Jun/2023:10:03:51 +0500] GET /internal/data/v1/api-logging-configs HTTP/1.1 200 11 - Apache-HttpClient/4.5.13 (Java/11.0.18) 3.347
127.0.0.1 - - [26/Jun/2023:10:03:51 +0500] GET /internal/data/v1/api-policies HTTP/1.1 200 320 - Apache-HttpClient/4.5.13 (Java/11.0.18) 3.346
127.0.0.1 - - [26/Jun/2023:10:03:51 +0500] GET /internal/data/v1/subscription-policies HTTP/1.1 200 483 - Apache-HttpClient/4.5.13 (Java/11.0.18) 3.436
127.0.0.1 - - [26/Jun/2023:10:03:51 +0500] GET /internal/data/v1/apis?gatewayLabel=Default HTTP/1.1 200 713 - Apache-HttpClient/4.5.13 (Java/11.0.18) 3.479
127.0.0.1 - - [26/Jun/2023:10:03:51 +0500] GET /internal/data/v1/applications HTTP/1.1 200 1006 - Apache-HttpClient/4.5.13 (Java/11.0.18) 3.485
127.0.0.1 - - [26/Jun/2023:10:03:51 +0500] GET /internal/data/v1/block HTTP/1.1 200 75 - Apache-HttpClient/4.5.13 (Java/11.0.18) 3.110
127.0.0.1 - - [26/Jun/2023:10:03:51 +0500] GET /internal/data/v1/ga-config HTTP/1.1 200 396 - Apache-HttpClient/4.5.13 (Java/11.0.18) 0.061
127.0.0.1 - - [26/Jun/2023:10:03:52 +0500] GET /oauth2/token/.well-known/openid-configuration HTTP/1.1 200 2245 - Apache-HttpClient/4.5.13 (Java/11.0.18) 1.717
127.0.0.1 - - [26/Jun/2023:10:03:52 +0500] GET /internal/data/v1/scopes HTTP/1.1 200 39 - Apache-HttpClient/4.5.13 (Java/11.0.18) 0.520
127.0.0.1 - - [26/Jun/2023:10:03:53 +0500] GET /internal/data/v1/keymanagers HTTP/1.1 200 921 - Apache-HttpClient/4.5.13 (Java/11.0.18) 5.639
127.0.0.1 - - [26/Jun/2023:10:03:54 +0500] GET /internal/data/v1/application-policies HTTP/1.1 200 259 - Apache-HttpClient/4.5.13 (Java/11.0.18) 0.259
127.0.0.1 - - [26/Jun/2023:10:03:54 +0500] GET /internal/data/v1/api-policies HTTP/1.1 200 320 - Apache-HttpClient/4.5.13 (Java/11.0.18) 0.015
127.0.0.1 - - [26/Jun/2023:10:03:55 +0500] GET /internal/data/v1/global-policies HTTP/1.1 200 39 - Apache-HttpClient/4.5.13 (Java/11.0.18) 0.167
127.0.0.1 - - [26/Jun/2023:10:03:55 +0500] GET /internal/data/v1/runtime-artifacts?gatewayLabel=RGVmYXVsdA&type=Synapse HTTP/1.1 200 14113 - Apache-HttpClient/4.5.13 (Java/11.0.18) 7.853
0:0:0:0:0:0:0:1 - - [26/Jun/2023:10:04:12 +0500] - 400 - - - 0.000
0:0:0:0:0:0:0:1 - - [26/Jun/2023:10:04:12 +0500] - 400 - - - 0.000
0:0:0:0:0:0:0:1 - - [26/Jun/2023:10:04:12 +0500] - 400 - - - 0.000
0:0:0:0:0:0:0:1 - - [26/Jun/2023:10:04:15 +0500] GET /api/am/devportal/v2/apis?limit=10&offset=0 HTTP/1.1 200 751 https://localhost:9443/devportal/apis Mozilla/5.0 (Windows NT 10.0; Win64; x64) AppleWebKit/537.36 (KHTML, like Gecko) Chrome/114.0.0.0 Safari/537.36 2.474
0:0:0:0:0:0:0:1 - - [26/Jun/2023:10:04:15 +0500] GET /api/am/devportal/v2/tags HTTP/1.1 200 119 https://localhost:9443/devportal/apis Mozilla/5.0 (Windows NT 10.0; Win64; x64) AppleWebKit/537.36 (KHTML, like Gecko) Chrome/114.0.0.0 Safari/537.36 2.466
0:0:0:0:0:0:0:1 - - [26/Jun/2023:10:04:15 +0500] GET /api/am/devportal/v2/api-categories HTTP/1.1 200 21 https://localhost:9443/devportal/apis Mozilla/5.0 (Windows NT 10.0; Win64; x64) AppleWebKit/537.36 (KHTML, like Gecko) Chrome/114.0.0.0 Safari/537.36 2.456
0:0:0:0:0:0:0:1 - - [26/Jun/2023:10:04:15 +0500] - 400 - - - 0.000
0:0:0:0:0:0:0:1 - - [26/Jun/2023:10:04:15 +0500] - 400 - - - 0.000
0:0:0:0:0:0:0:1 - - [26/Jun/2023:10:04:15 +0500] - 400 - - - 0.000
0:0:0:0:0:0:0:1 - - [26/Jun/2023:10:04:15 +0500] - 400 - - - 0.000
0:0:0:0:0:0:0:1 - - [26/Jun/2023:10:04:15 +0500] - 400 - - - 0.000
0:0:0:0:0:0:0:1 - - [26/Jun/2023:10:04:15 +0500] - 400 - - - 0.000
0:0:0:0:0:0:0:1 - - [26/Jun/2023:10:04:15 +0500] - 400 - - - 0.000
0:0:0:0:0:0:0:1 - - [26/Jun/2023:10:04:15 +0500] - 400 - - - 0.000
0:0:0:0:0:0:0:1 - - [26/Jun/2023:10:04:15 +0500] GET /api/am/devportal/v2/apis/a9eff00c-8aee-4ca5-8e6e-3d5df6468875/ratings HTTP/1.1 200 125 https://localhost:9443/devportal/apis Mozilla/5.0 (Windows NT 10.0; Win64; x64) AppleWebKit/537.36 (KHTML, like Gecko) Chrome/114.0.0.0 Safari/537.36 0.394
0:0:0:0:0:0:0:1 - - [26/Jun/2023:10:04:15 +0500] GET /api/am/devportal/v2/apis/d440f6b9-22c1-4326-8625-16eff1a0354e/ratings HTTP/1.1 200 125 https://localhost:9443/devportal/apis Mozilla/5.0 (Windows NT 10.0; Win64; x64) AppleWebKit/537.36 (KHTML, like Gecko) Chrome/114.0.0.0 Safari/537.36 0.161
0:0:0:0:0:0:0:1 - - [26/Jun/2023:10:04:16 +0500] GET /api/am/devportal/v2/apis/f166cc64-02b1-488c-b6e7-2e00befe5d92/ratings HTTP/1.1 200 125 https://localhost:9443/devportal/apis Mozilla/5.0 (Windows NT 10.0; Win64; x64) AppleWebKit/537.36 (KHTML, like Gecko) Chrome/114.0.0.0 Safari/537.36 0.482
0:0:0:0:0:0:0:1 - - [26/Jun/2023:10:04:16 +0500] GET /api/am/devportal/v2/apis/a9eff00c-8aee-4ca5-8e6e-3d5df6468875/thumbnail HTTP/1.1 204 - https://localhost:9443/devportal/apis Mozilla/5.0 (Windows NT 10.0; Win64; x64) AppleWebKit/537.36 (KHTML, like Gecko) Chrome/114.0.0.0 Safari/537.36 0.488
0:0:0:0:0:0:0:1 - - [26/Jun/2023:10:04:16 +0500] GET /api/am/devportal/v2/apis/d440f6b9-22c1-4326-8625-16eff1a0354e/thumbnail HTTP/1.1 204 - https://localhost:9443/devportal/apis Mozilla/5.0 (Windows NT 10.0; Win64; x64) AppleWebKit/537.36 (KHTML, like Gecko) Chrome/114.0.0.0 Safari/537.36 0.061
0:0:0:0:0:0:0:1 - - [26/Jun/2023:10:04:16 +0500] GET /api/am/devportal/v2/apis/a7a6f198-2961-422a-9ba4-7dd81d27f2dc/ratings HTTP/1.1 200 125 https://localhost:9443/devportal/apis Mozilla/5.0 (Windows NT 10.0; Win64; x64) AppleWebKit/537.36 (KHTML, like Gecko) Chrome/114.0.0.0 Safari/537.36 0.454
0:0:0:0:0:0:0:1 - - [26/Jun/2023:10:04:16 +0500] GET /api/am/devportal/v2/apis/a7a6f198-2961-422a-9ba4-7dd81d27f2dc/thumbnail HTTP/1.1 204 - https://localhost:9443/devportal/apis Mozilla/5.0 (Windows NT 10.0; Win64; x64) AppleWebKit/537.36 (KHTML, like Gecko) Chrome/114.0.0.0 Safari/537.36 0.404
0:0:0:0:0:0:0:1 - - [26/Jun/2023:10:04:16 +0500] GET /api/am/devportal/v2/apis/2d15ab04-b0b2-4820-8b7c-052e4997dcce/ratings HTTP/1.1 200 125 https://localhost:9443/devportal/apis Mozilla/5.0 (Windows NT 10.0; Win64; x64) AppleWebKit/537.36 (KHTML, like Gecko) Chrome/114.0.0.0 Safari/537.36 0.054
0:0:0:0:0:0:0:1 - - [26/Jun/2023:10:04:16 +0500] GET /api/am/devportal/v2/apis/2d15ab04-b0b2-4820-8b7c-052e4997dcce/thumbnail HTTP/1.1 204 - https://localhost:9443/devportal/apis Mozilla/5.0 (Windows NT 10.0; Win64; x64) AppleWebKit/537.36 (KHTML, like Gecko) Chrome/114.0.0.0 Safari/537.36 0.020
0:0:0:0:0:0:0:1 - - [26/Jun/2023:10:04:16 +0500] GET /api/am/devportal/v2/apis/f166cc64-02b1-488c-b6e7-2e00befe5d92/thumbnail HTTP/1.1 204 - https://localhost:9443/devportal/apis Mozilla/5.0 (Windows NT 10.0; Win64; x64) AppleWebKit/537.36 (KHTML, like Gecko) Chrome/114.0.0.0 Safari/537.36 0.029
0:0:0:0:0:0:0:1 - - [26/Jun/2023:10:04:19 +0500] GET /api/am/devportal/v2/apis/d440f6b9-22c1-4326-8625-16eff1a0354e HTTP/1.1 200 1137 https://localhost:9443/devportal/apis/d440f6b9-22c1-4326-8625-16eff1a0354e Mozilla/5.0 (Windows NT 10.0; Win64; x64) AppleWebKit/537.36 (KHTML, like Gecko) Chrome/114.0.0.0 Safari/537.36 0.264
0:0:0:0:0:0:0:1 - - [26/Jun/2023:10:04:19 +0500] GET /api/am/devportal/v2/applications?limit=5000 HTTP/1.1 200 440 https://localhost:9443/devportal/apis/d440f6b9-22c1-4326-8625-16eff1a0354e Mozilla/5.0 (Windows NT 10.0; Win64; x64) AppleWebKit/537.36 (KHTML, like Gecko) Chrome/114.0.0.0 Safari/537.36 0.300
0:0:0:0:0:0:0:1 - - [26/Jun/2023:10:04:19 +0500] GET /api/am/devportal/v2/apis/d440f6b9-22c1-4326-8625-16eff1a0354e/documents HTTP/1.1 200 92 https://localhost:9443/devportal/apis/d440f6b9-22c1-4326-8625-16eff1a0354e/overview Mozilla/5.0 (Windows NT 10.0; Win64; x64) AppleWebKit/537.36 (KHTML, like Gecko) Chrome/114.0.0.0 Safari/537.36 0.040
0:0:0:0:0:0:0:1 - - [26/Jun/2023:10:04:19 +0500] GET /api/am/devportal/v2/apis/d440f6b9-22c1-4326-8625-16eff1a0354e/documents HTTP/1.1 200 92 https://localhost:9443/devportal/apis/d440f6b9-22c1-4326-8625-16eff1a0354e/overview Mozilla/5.0 (Windows NT 10.0; Win64; x64) AppleWebKit/537.36 (KHTML, like Gecko) Chrome/114.0.0.0 Safari/537.36 0.043
0:0:0:0:0:0:0:1 - - [26/Jun/2023:10:04:19 +0500] GET /api/am/devportal/v2/throttling-policies/subscription HTTP/1.1 200 634 https://localhost:9443/devportal/apis/d440f6b9-22c1-4326-8625-16eff1a0354e/overview Mozilla/5.0 (Windows NT 10.0; Win64; x64) AppleWebKit/537.36 (KHTML, like Gecko) Chrome/114.0.0.0 Safari/537.36 0.104
0:0:0:0:0:0:0:1 - - [26/Jun/2023:10:04:19 +0500] GET /api/am/devportal/v2/throttling-policies/subscription HTTP/1.1 200 634 https://localhost:9443/devportal/apis/d440f6b9-22c1-4326-8625-16eff1a0354e/overview Mozilla/5.0 (Windows NT 10.0; Win64; x64) AppleWebKit/537.36 (KHTML, like Gecko) Chrome/114.0.0.0 Safari/537.36 0.022
0:0:0:0:0:0:0:1 - - [26/Jun/2023:10:04:19 +0500] GET /api/am/devportal/v2/apis/d440f6b9-22c1-4326-8625-16eff1a0354e/thumbnail HTTP/1.1 204 - https://localhost:9443/devportal/apis/d440f6b9-22c1-4326-8625-16eff1a0354e/overview Mozilla/5.0 (Windows NT 10.0; Win64; x64) AppleWebKit/537.36 (KHTML, like Gecko) Chrome/114.0.0.0 Safari/537.36 0.056
0:0:0:0:0:0:0:1 - - [26/Jun/2023:10:04:19 +0500] GET /api/am/devportal/v2/apis/d440f6b9-22c1-4326-8625-16eff1a0354e/ratings HTTP/1.1 200 125 https://localhost:9443/devportal/apis/d440f6b9-22c1-4326-8625-16eff1a0354e/overview Mozilla/5.0 (Windows NT 10.0; Win64; x64) AppleWebKit/537.36 (KHTML, like Gecko) Chrome/114.0.0.0 Safari/537.36 0.047
0:0:0:0:0:0:0:1 - - [26/Jun/2023:10:04:19 +0500] GET /api/am/devportal/v2/apis/d440f6b9-22c1-4326-8625-16eff1a0354e/comments?limit=5&offset=0 HTTP/1.1 200 101 https://localhost:9443/devportal/apis/d440f6b9-22c1-4326-8625-16eff1a0354e/overview Mozilla/5.0 (Windows NT 10.0; Win64; x64) AppleWebKit/537.36 (KHTML, like Gecko) Chrome/114.0.0.0 Safari/537.36 0.106
127.0.0.1 - - [26/Jun/2023:10:04:20 +0500] GET /keymanager-operations/dcr/register/WHlMZkN2djZITW0yT3hydGtOTW51b0xPZFNVYQ%3D%3D HTTP/1.1 200 515 - Apache-HttpClient/4.5.13 (Java/11.0.18) 1.559
127.0.0.1 - - [26/Jun/2023:10:04:20 +0500] GET /keymanager-operations/dcr/register/WHlMZkN2djZITW0yT3hydGtOTW51b0xPZFNVYQ%3D%3D HTTP/1.1 200 515 - Apache-HttpClient/4.5.13 (Java/11.0.18) 1.496
0:0:0:0:0:0:0:1 - - [26/Jun/2023:10:04:20 +0500] GET /api/am/devportal/v2/subscriptions?apiId=d440f6b9-22c1-4326-8625-16eff1a0354e&limit=25 HTTP/1.1 200 654 https://localhost:9443/devportal/apis/d440f6b9-22c1-4326-8625-16eff1a0354e Mozilla/5.0 (Windows NT 10.0; Win64; x64) AppleWebKit/537.36 (KHTML, like Gecko) Chrome/114.0.0.0 Safari/537.36 1.699
0:0:0:0:0:0:0:1 - - [26/Jun/2023:10:04:20 +0500] GET /api/am/devportal/v2/subscriptions?apiId=d440f6b9-22c1-4326-8625-16eff1a0354e&limit=5000 HTTP/1.1 200 655 https://localhost:9443/devportal/apis/d440f6b9-22c1-4326-8625-16eff1a0354e Mozilla/5.0 (Windows NT 10.0; Win64; x64) AppleWebKit/537.36 (KHTML, like Gecko) Chrome/114.0.0.0 Safari/537.36 1.684
0:0:0:0:0:0:0:1 - - [26/Jun/2023:10:04:22 +0500] GET /api/am/devportal/v2/apis/d440f6b9-22c1-4326-8625-16eff1a0354e HTTP/1.1 200 1137 https://localhost:9443/devportal/apis/d440f6b9-22c1-4326-8625-16eff1a0354e/test Mozilla/5.0 (Windows NT 10.0; Win64; x64) AppleWebKit/537.36 (KHTML, like Gecko) Chrome/114.0.0.0 Safari/537.36 0.050
0:0:0:0:0:0:0:1 - - [26/Jun/2023:10:04:22 +0500] GET /api/am/devportal/v2/apis/d440f6b9-22c1-4326-8625-16eff1a0354e/swagger?environmentName=Default HTTP/1.1 200 489 https://localhost:9443/devportal/apis/d440f6b9-22c1-4326-8625-16eff1a0354e/test Mozilla/5.0 (Windows NT 10.0; Win64; x64) AppleWebKit/537.36 (KHTML, like Gecko) Chrome/114.0.0.0 Safari/537.36 0.150
127.0.0.1 - - [26/Jun/2023:10:04:22 +0500] GET /keymanager-operations/dcr/register/WHlMZkN2djZITW0yT3hydGtOTW51b0xPZFNVYQ%3D%3D HTTP/1.1 200 515 - Apache-HttpClient/4.5.13 (Java/11.0.18) 0.019
127.0.0.1 - - [26/Jun/2023:10:04:22 +0500] GET /oauth2/token/.well-known/openid-configuration HTTP/1.1 200 2245 - Apache-HttpClient/4.5.13 (Java/11.0.18) 0.026
0:0:0:0:0:0:0:1 - - [26/Jun/2023:10:04:22 +0500] GET /api/am/devportal/v2/subscriptions?apiId=d440f6b9-22c1-4326-8625-16eff1a0354e&limit=25 HTTP/1.1 200 654 https://localhost:9443/devportal/apis/d440f6b9-22c1-4326-8625-16eff1a0354e/test Mozilla/5.0 (Windows NT 10.0; Win64; x64) AppleWebKit/537.36 (KHTML, like Gecko) Chrome/114.0.0.0 Safari/537.36 0.094
0:0:0:0:0:0:0:1 - - [26/Jun/2023:10:04:22 +0500] GET /api/am/devportal/v2/key-managers HTTP/1.1 200 755 https://localhost:9443/devportal/apis/d440f6b9-22c1-4326-8625-16eff1a0354e/test Mozilla/5.0 (Windows NT 10.0; Win64; x64) AppleWebKit/537.36 (KHTML, like Gecko) Chrome/114.0.0.0 Safari/537.36 0.139
127.0.0.1 - - [26/Jun/2023:10:04:22 +0500] GET /keymanager-operations/dcr/register/WHlMZkN2djZITW0yT3hydGtOTW51b0xPZFNVYQ%3D%3D HTTP/1.1 200 515 - Apache-HttpClient/4.5.13 (Java/11.0.18) 0.010
0:0:0:0:0:0:0:1 - - [26/Jun/2023:10:04:22 +0500] GET /api/am/devportal/v2/subscriptions?apiId=d440f6b9-22c1-4326-8625-16eff1a0354e&limit=25 HTTP/1.1 200 654 https://localhost:9443/devportal/apis/d440f6b9-22c1-4326-8625-16eff1a0354e/test Mozilla/5.0 (Windows NT 10.0; Win64; x64) AppleWebKit/537.36 (KHTML, like Gecko) Chrome/114.0.0.0 Safari/537.36 0.088
0:0:0:0:0:0:0:1 - - [26/Jun/2023:10:04:23 +0500] GET /api/am/devportal/v2/swagger.yaml HTTP/1.1 200 23493 https://localhost:9443/devportal/apis/d440f6b9-22c1-4326-8625-16eff1a0354e/test Mozilla/5.0 (Windows NT 10.0; Win64; x64) AppleWebKit/537.36 (KHTML, like Gecko) Chrome/114.0.0.0 Safari/537.36 1.153
0:0:0:0:0:0:0:1 - - [26/Jun/2023:10:04:23 +0500] GET /api/am/devportal/v2/swagger.yaml HTTP/1.1 200 23493 https://localhost:9443/devportal/apis/d440f6b9-22c1-4326-8625-16eff1a0354e/test Mozilla/5.0 (Windows NT 10.0; Win64; x64) AppleWebKit/537.36 (KHTML, like Gecko) Chrome/114.0.0.0 Safari/537.36 0.019
0:0:0:0:0:0:0:1 - - [26/Jun/2023:10:04:24 +0500] GET /api/am/devportal/v2/applications/ HTTP/1.1 200 439 https://localhost:9443/devportal/apis/d440f6b9-22c1-4326-8625-16eff1a0354e/test Mozilla/5.0 (Windows NT 10.0; Win64; x64) AppleWebKit/537.36 (KHTML, like Gecko) Chrome/114.0.0.0 Safari/537.36 0.068
127.0.0.1 - - [26/Jun/2023:10:04:24 +0500] GET /keymanager-operations/dcr/register/WHlMZkN2djZITW0yT3hydGtOTW51b0xPZFNVYQ%3D%3D HTTP/1.1 200 515 - Apache-HttpClient/4.5.13 (Java/11.0.18) 0.006
0:0:0:0:0:0:0:1 - - [26/Jun/2023:10:04:24 +0500] GET /api/am/devportal/v2/applications/5ceac273-9f7d-4f15-9a59-71cf848b596b HTTP/1.1 200 277 https://localhost:9443/devportal/apis/d440f6b9-22c1-4326-8625-16eff1a0354e/test Mozilla/5.0 (Windows NT 10.0; Win64; x64) AppleWebKit/537.36 (KHTML, like Gecko) Chrome/114.0.0.0 Safari/537.36 0.039
127.0.0.1 - - [26/Jun/2023:10:04:24 +0500] GET /keymanager-operations/dcr/register/WHlMZkN2djZITW0yT3hydGtOTW51b0xPZFNVYQ%3D%3D HTTP/1.1 200 515 - Apache-HttpClient/4.5.13 (Java/11.0.18) 0.008
0:0:0:0:0:0:0:1 - - [26/Jun/2023:10:04:24 +0500] GET /api/am/devportal/v2/applications/5ceac273-9f7d-4f15-9a59-71cf848b596b/oauth-keys HTTP/1.1 200 663 https://localhost:9443/devportal/apis/d440f6b9-22c1-4326-8625-16eff1a0354e/test Mozilla/5.0 (Windows NT 10.0; Win64; x64) AppleWebKit/537.36 (KHTML, like Gecko) Chrome/114.0.0.0 Safari/537.36 0.040
0:0:0:0:0:0:0:1 - - [26/Jun/2023:10:04:24 +0500] GET /api/am/devportal/v2/swagger.yaml HTTP/1.1 200 23493 https://localhost:9443/devportal/apis/d440f6b9-22c1-4326-8625-16eff1a0354e/test Mozilla/5.0 (Windows NT 10.0; Win64; x64) AppleWebKit/537.36 (KHTML, like Gecko) Chrome/114.0.0.0 Safari/537.36 0.022
0:0:0:0:0:0:0:1 - - [26/Jun/2023:10:04:24 +0500] GET /api/am/devportal/v2/swagger.yaml HTTP/1.1 200 23493 https://localhost:9443/devportal/apis/d440f6b9-22c1-4326-8625-16eff1a0354e/test Mozilla/5.0 (Windows NT 10.0; Win64; x64) AppleWebKit/537.36 (KHTML, like Gecko) Chrome/114.0.0.0 Safari/537.36 0.013
127.0.0.1 - - [26/Jun/2023:10:04:24 +0500] GET /keymanager-operations/dcr/register/WHlMZkN2djZITW0yT3hydGtOTW51b0xPZFNVYQ%3D%3D HTTP/1.1 200 515 - Apache-HttpClient/4.5.13 (Java/11.0.18) 0.007
0:0:0:0:0:0:0:1 - - [26/Jun/2023:10:04:24 +0500] GET /api/am/devportal/v2/applications/5ceac273-9f7d-4f15-9a59-71cf848b596b HTTP/1.1 200 277 https://localhost:9443/devportal/apis/d440f6b9-22c1-4326-8625-16eff1a0354e/test Mozilla/5.0 (Windows NT 10.0; Win64; x64) AppleWebKit/537.36 (KHTML, like Gecko) Chrome/114.0.0.0 Safari/537.36 0.020
127.0.0.1 - - [26/Jun/2023:10:04:25 +0500] GET /keymanager-operations/dcr/register/WHlMZkN2djZITW0yT3hydGtOTW51b0xPZFNVYQ%3D%3D HTTP/1.1 200 515 - Apache-HttpClient/4.5.13 (Java/11.0.18) 0.019
0:0:0:0:0:0:0:1 - - [26/Jun/2023:10:04:25 +0500] GET /api/am/devportal/v2/applications/5ceac273-9f7d-4f15-9a59-71cf848b596b HTTP/1.1 200 277 https://localhost:9443/devportal/apis/d440f6b9-22c1-4326-8625-16eff1a0354e/test Mozilla/5.0 (Windows NT 10.0; Win64; x64) AppleWebKit/537.36 (KHTML, like Gecko) Chrome/114.0.0.0 Safari/537.36 0.031
127.0.0.1 - - [26/Jun/2023:10:04:25 +0500] GET /keymanager-operations/dcr/register/WHlMZkN2djZITW0yT3hydGtOTW51b0xPZFNVYQ%3D%3D HTTP/1.1 200 515 - Apache-HttpClient/4.5.13 (Java/11.0.18) 0.009
0:0:0:0:0:0:0:1 - - [26/Jun/2023:10:04:25 +0500] GET /api/am/devportal/v2/applications/5ceac273-9f7d-4f15-9a59-71cf848b596b/oauth-keys HTTP/1.1 200 663 https://localhost:9443/devportal/apis/d440f6b9-22c1-4326-8625-16eff1a0354e/test Mozilla/5.0 (Windows NT 10.0; Win64; x64) AppleWebKit/537.36 (KHTML, like Gecko) Chrome/114.0.0.0 Safari/537.36 0.049
127.0.0.1 - - [26/Jun/2023:10:04:25 +0500] GET /keymanager-operations/dcr/register/WHlMZkN2djZITW0yT3hydGtOTW51b0xPZFNVYQ%3D%3D HTTP/1.1 200 515 - Apache-HttpClient/4.5.13 (Java/11.0.18) 0.008
0:0:0:0:0:0:0:1 - - [26/Jun/2023:10:04:25 +0500] GET /api/am/devportal/v2/applications/5ceac273-9f7d-4f15-9a59-71cf848b596b/oauth-keys HTTP/1.1 200 663 https://localhost:9443/devportal/apis/d440f6b9-22c1-4326-8625-16eff1a0354e/test Mozilla/5.0 (Windows NT 10.0; Win64; x64) AppleWebKit/537.36 (KHTML, like Gecko) Chrome/114.0.0.0 Safari/537.36 0.021
0:0:0:0:0:0:0:1 - - [26/Jun/2023:10:04:27 +0500] GET /api/am/devportal/v2/swagger.yaml HTTP/1.1 200 23493 https://localhost:9443/devportal/apis/d440f6b9-22c1-4326-8625-16eff1a0354e/test Mozilla/5.0 (Windows NT 10.0; Win64; x64) AppleWebKit/537.36 (KHTML, like Gecko) Chrome/114.0.0.0 Safari/537.36 0.015
127.0.0.1 - - [26/Jun/2023:10:04:27 +0500] GET /keymanager-operations/dcr/register/WHlMZkN2djZITW0yT3hydGtOTW51b0xPZFNVYQ%3D%3D HTTP/1.1 200 515 - Apache-HttpClient/4.5.13 (Java/11.0.18) 0.010
0:0:0:0:0:0:0:1 - - [26/Jun/2023:10:04:27 +0500] GET /api/am/devportal/v2/applications/5ceac273-9f7d-4f15-9a59-71cf848b596b HTTP/1.1 200 277 https://localhost:9443/devportal/apis/d440f6b9-22c1-4326-8625-16eff1a0354e/test Mozilla/5.0 (Windows NT 10.0; Win64; x64) AppleWebKit/537.36 (KHTML, like Gecko) Chrome/114.0.0.0 Safari/537.36 0.041
127.0.0.1 - - [26/Jun/2023:10:04:27 +0500] GET /keymanager-operations/dcr/register/WHlMZkN2djZITW0yT3hydGtOTW51b0xPZFNVYQ%3D%3D HTTP/1.1 200 515 - Apache-HttpClient/4.5.13 (Java/11.0.18) 0.010
0:0:0:0:0:0:0:1 - - [26/Jun/2023:10:04:27 +0500] GET /api/am/devportal/v2/applications/5ceac273-9f7d-4f15-9a59-71cf848b596b/oauth-keys HTTP/1.1 200 663 https://localhost:9443/devportal/apis/d440f6b9-22c1-4326-8625-16eff1a0354e/test Mozilla/5.0 (Windows NT 10.0; Win64; x64) AppleWebKit/537.36 (KHTML, like Gecko) Chrome/114.0.0.0 Safari/537.36 0.028
127.0.0.1 - - [26/Jun/2023:10:04:27 +0500] GET /keymanager-operations/dcr/register/WHlMZkN2djZITW0yT3hydGtOTW51b0xPZFNVYQ%3D%3D HTTP/1.1 200 515 - Apache-HttpClient/4.5.13 (Java/11.0.18) 0.012
127.0.0.1 - - [26/Jun/2023:10:04:27 +0500] GET /keymanager-operations/dcr/register/WHlMZkN2djZITW0yT3hydGtOTW51b0xPZFNVYQ%3D%3D HTTP/1.1 200 515 - Apache-HttpClient/4.5.13 (Java/11.0.18) 0.012
127.0.0.1 - - [26/Jun/2023:10:04:28 +0500] POST /oauth2/token HTTP/1.1 200 1022 - Apache-HttpClient/4.5.13 (Java/11.0.18) 0.474
0:0:0:0:0:0:0:1 - - [26/Jun/2023:10:04:28 +0500] POST /api/am/devportal/v2/applications/5ceac273-9f7d-4f15-9a59-71cf848b596b/oauth-keys/c354454c-96f1-46b8-9c2d-d9437d1e4166/generate-token HTTP/1.1 200 1009 https://localhost:9443/devportal/apis/d440f6b9-22c1-4326-8625-16eff1a0354e/test Mozilla/5.0 (Windows NT 10.0; Win64; x64) AppleWebKit/537.36 (KHTML, like Gecko) Chrome/114.0.0.0 Safari/537.36 0.763
127.0.0.1 - - [26/Jun/2023:10:04:28 +0500] POST /internal/data/v1/notify HTTP/1.1 200 - - Apache-HttpClient/4.5.13 (Java/11.0.18) 0.334
127.0.0.1 - - [26/Jun/2023:10:05:00 +0500] GET /oauth2/jwks HTTP/1.1 200 511 - Apache-HttpClient/4.5.13 (Java/11.0.18) 0.071
