127.0.0.1 - - [23/Jun/2023:11:54:09 +0500] GET /keymanager-operations/dcr/register/UW1XanBNbUZfYnJYZ2Y5YjQ2eVFUaklubkRnYQ%3D%3D HTTP/1.1 200 515 - Apache-HttpClient/4.5.13 (Java/11.0.18) 0.007
0:0:0:0:0:0:0:1 - - [23/Jun/2023:11:54:09 +0500] GET /api/am/devportal/v2/applications/42c4aa1a-258d-44a0-a858-5c2ed1cd2856 HTTP/1.1 200 288 https://localhost:9443/devportal/apis/f166cc64-02b1-488c-b6e7-2e00befe5d92/test Mozilla/5.0 (Windows NT 10.0; Win64; x64) AppleWebKit/537.36 (KHTML, like Gecko) Chrome/114.0.0.0 Safari/537.36 0.021
127.0.0.1 - - [23/Jun/2023:11:54:09 +0500] GET /keymanager-operations/dcr/register/UW1XanBNbUZfYnJYZ2Y5YjQ2eVFUaklubkRnYQ%3D%3D HTTP/1.1 200 515 - Apache-HttpClient/4.5.13 (Java/11.0.18) 0.009
0:0:0:0:0:0:0:1 - - [23/Jun/2023:11:54:09 +0500] GET /api/am/devportal/v2/applications/42c4aa1a-258d-44a0-a858-5c2ed1cd2856 HTTP/1.1 200 288 https://localhost:9443/devportal/apis/f166cc64-02b1-488c-b6e7-2e00befe5d92/test Mozilla/5.0 (Windows NT 10.0; Win64; x64) AppleWebKit/537.36 (KHTML, like Gecko) Chrome/114.0.0.0 Safari/537.36 0.052
127.0.0.1 - - [23/Jun/2023:11:54:09 +0500] GET /keymanager-operations/dcr/register/UW1XanBNbUZfYnJYZ2Y5YjQ2eVFUaklubkRnYQ%3D%3D HTTP/1.1 200 515 - Apache-HttpClient/4.5.13 (Java/11.0.18) 0.012
0:0:0:0:0:0:0:1 - - [23/Jun/2023:11:54:09 +0500] GET /api/am/devportal/v2/applications/42c4aa1a-258d-44a0-a858-5c2ed1cd2856/oauth-keys HTTP/1.1 200 663 https://localhost:9443/devportal/apis/f166cc64-02b1-488c-b6e7-2e00befe5d92/test Mozilla/5.0 (Windows NT 10.0; Win64; x64) AppleWebKit/537.36 (KHTML, like Gecko) Chrome/114.0.0.0 Safari/537.36 0.028
127.0.0.1 - - [23/Jun/2023:11:54:09 +0500] GET /keymanager-operations/dcr/register/UW1XanBNbUZfYnJYZ2Y5YjQ2eVFUaklubkRnYQ%3D%3D HTTP/1.1 200 515 - Apache-HttpClient/4.5.13 (Java/11.0.18) 0.007
0:0:0:0:0:0:0:1 - - [23/Jun/2023:11:54:09 +0500] GET /api/am/devportal/v2/applications/42c4aa1a-258d-44a0-a858-5c2ed1cd2856/oauth-keys HTTP/1.1 200 663 https://localhost:9443/devportal/apis/f166cc64-02b1-488c-b6e7-2e00befe5d92/test Mozilla/5.0 (Windows NT 10.0; Win64; x64) AppleWebKit/537.36 (KHTML, like Gecko) Chrome/114.0.0.0 Safari/537.36 0.017
0:0:0:0:0:0:0:1 - - [23/Jun/2023:11:54:10 +0500] GET /api/am/devportal/v2/swagger.yaml HTTP/1.1 200 23493 https://localhost:9443/devportal/apis/f166cc64-02b1-488c-b6e7-2e00befe5d92/test Mozilla/5.0 (Windows NT 10.0; Win64; x64) AppleWebKit/537.36 (KHTML, like Gecko) Chrome/114.0.0.0 Safari/537.36 0.018
127.0.0.1 - - [23/Jun/2023:11:54:11 +0500] GET /keymanager-operations/dcr/register/UW1XanBNbUZfYnJYZ2Y5YjQ2eVFUaklubkRnYQ%3D%3D HTTP/1.1 200 515 - Apache-HttpClient/4.5.13 (Java/11.0.18) 0.009
0:0:0:0:0:0:0:1 - - [23/Jun/2023:11:54:11 +0500] GET /api/am/devportal/v2/applications/42c4aa1a-258d-44a0-a858-5c2ed1cd2856 HTTP/1.1 200 288 https://localhost:9443/devportal/apis/f166cc64-02b1-488c-b6e7-2e00befe5d92/test Mozilla/5.0 (Windows NT 10.0; Win64; x64) AppleWebKit/537.36 (KHTML, like Gecko) Chrome/114.0.0.0 Safari/537.36 0.034
127.0.0.1 - - [23/Jun/2023:11:54:11 +0500] GET /keymanager-operations/dcr/register/UW1XanBNbUZfYnJYZ2Y5YjQ2eVFUaklubkRnYQ%3D%3D HTTP/1.1 200 515 - Apache-HttpClient/4.5.13 (Java/11.0.18) 0.010
0:0:0:0:0:0:0:1 - - [23/Jun/2023:11:54:11 +0500] GET /api/am/devportal/v2/applications/42c4aa1a-258d-44a0-a858-5c2ed1cd2856/oauth-keys HTTP/1.1 200 663 https://localhost:9443/devportal/apis/f166cc64-02b1-488c-b6e7-2e00befe5d92/test Mozilla/5.0 (Windows NT 10.0; Win64; x64) AppleWebKit/537.36 (KHTML, like Gecko) Chrome/114.0.0.0 Safari/537.36 0.029
127.0.0.1 - - [23/Jun/2023:11:54:11 +0500] GET /keymanager-operations/dcr/register/UW1XanBNbUZfYnJYZ2Y5YjQ2eVFUaklubkRnYQ%3D%3D HTTP/1.1 200 515 - Apache-HttpClient/4.5.13 (Java/11.0.18) 0.008
127.0.0.1 - - [23/Jun/2023:11:54:11 +0500] GET /keymanager-operations/dcr/register/UW1XanBNbUZfYnJYZ2Y5YjQ2eVFUaklubkRnYQ%3D%3D HTTP/1.1 200 515 - Apache-HttpClient/4.5.13 (Java/11.0.18) 0.006
127.0.0.1 - - [23/Jun/2023:11:54:11 +0500] POST /oauth2/token HTTP/1.1 200 1022 - Apache-HttpClient/4.5.13 (Java/11.0.18) 0.033
0:0:0:0:0:0:0:1 - - [23/Jun/2023:11:54:11 +0500] POST /api/am/devportal/v2/applications/42c4aa1a-258d-44a0-a858-5c2ed1cd2856/oauth-keys/25276c26-d463-4cde-b264-6ee604b9a049/generate-token HTTP/1.1 200 1009 https://localhost:9443/devportal/apis/f166cc64-02b1-488c-b6e7-2e00befe5d92/test Mozilla/5.0 (Windows NT 10.0; Win64; x64) AppleWebKit/537.36 (KHTML, like Gecko) Chrome/114.0.0.0 Safari/537.36 0.083
127.0.0.1 - - [23/Jun/2023:11:54:11 +0500] POST /internal/data/v1/notify HTTP/1.1 200 - - Apache-HttpClient/4.5.13 (Java/11.0.18) 0.014
0:0:0:0:0:0:0:1 - - [23/Jun/2023:11:59:25 +0500] - 400 - - - 0.000
0:0:0:0:0:0:0:1 - - [23/Jun/2023:11:59:25 +0500] GET /devportal/site/public/dist/ApiListing.ab5e7538060911081eae.bundle.js HTTP/1.1 200 7790 https://localhost:9443/devportal/applications Mozilla/5.0 (Windows NT 10.0; Win64; x64) AppleWebKit/537.36 (KHTML, like Gecko) Chrome/114.0.0.0 Safari/537.36 0.036
0:0:0:0:0:0:0:1 - - [23/Jun/2023:11:59:25 +0500] GET /api/am/devportal/v2/swagger.yaml HTTP/1.1 200 23493 https://localhost:9443/devportal/applications Mozilla/5.0 (Windows NT 10.0; Win64; x64) AppleWebKit/537.36 (KHTML, like Gecko) Chrome/114.0.0.0 Safari/537.36 0.029
0:0:0:0:0:0:0:1 - - [23/Jun/2023:11:59:26 +0500] GET /api/am/devportal/v2/applications?sortBy=name&sortOrder=asc&limit=10&offset=0 HTTP/1.1 200 979 https://localhost:9443/devportal/applications Mozilla/5.0 (Windows NT 10.0; Win64; x64) AppleWebKit/537.36 (KHTML, like Gecko) Chrome/114.0.0.0 Safari/537.36 0.542
0:0:0:0:0:0:0:1 - - [23/Jun/2023:11:59:34 +0500] GET /api/am/devportal/v2/swagger.yaml HTTP/1.1 200 23493 https://localhost:9443/devportal/applications/42c4aa1a-258d-44a0-a858-5c2ed1cd2856/edit/ Mozilla/5.0 (Windows NT 10.0; Win64; x64) AppleWebKit/537.36 (KHTML, like Gecko) Chrome/114.0.0.0 Safari/537.36 0.015
0:0:0:0:0:0:0:1 - - [23/Jun/2023:11:59:34 +0500] - 400 - - - 0.000
0:0:0:0:0:0:0:1 - - [23/Jun/2023:11:59:34 +0500] GET /api/am/devportal/v2/throttling-policies/application HTTP/1.1 200 473 https://localhost:9443/devportal/applications/42c4aa1a-258d-44a0-a858-5c2ed1cd2856/edit/ Mozilla/5.0 (Windows NT 10.0; Win64; x64) AppleWebKit/537.36 (KHTML, like Gecko) Chrome/114.0.0.0 Safari/537.36 0.021
0:0:0:0:0:0:0:1 - - [23/Jun/2023:11:59:34 +0500] GET /api/am/devportal/v2/settings/application-attributes HTTP/1.1 200 21 https://localhost:9443/devportal/applications/42c4aa1a-258d-44a0-a858-5c2ed1cd2856/edit/ Mozilla/5.0 (Windows NT 10.0; Win64; x64) AppleWebKit/537.36 (KHTML, like Gecko) Chrome/114.0.0.0 Safari/537.36 0.016
127.0.0.1 - - [23/Jun/2023:11:59:34 +0500] GET /keymanager-operations/dcr/register/UW1XanBNbUZfYnJYZ2Y5YjQ2eVFUaklubkRnYQ%3D%3D HTTP/1.1 200 515 - Apache-HttpClient/4.5.13 (Java/11.0.18) 0.015
0:0:0:0:0:0:0:1 - - [23/Jun/2023:11:59:34 +0500] GET /api/am/devportal/v2/applications/42c4aa1a-258d-44a0-a858-5c2ed1cd2856 HTTP/1.1 200 288 https://localhost:9443/devportal/applications/42c4aa1a-258d-44a0-a858-5c2ed1cd2856/edit/ Mozilla/5.0 (Windows NT 10.0; Win64; x64) AppleWebKit/537.36 (KHTML, like Gecko) Chrome/114.0.0.0 Safari/537.36 0.043
0:0:0:0:0:0:0:1 - - [23/Jun/2023:11:59:36 +0500] GET /api/am/devportal/v2/swagger.yaml HTTP/1.1 200 23493 https://localhost:9443/devportal/applications/ Mozilla/5.0 (Windows NT 10.0; Win64; x64) AppleWebKit/537.36 (KHTML, like Gecko) Chrome/114.0.0.0 Safari/537.36 0.019
0:0:0:0:0:0:0:1 - - [23/Jun/2023:11:59:36 +0500] GET /api/am/devportal/v2/applications?sortBy=name&sortOrder=asc&limit=10&offset=0 HTTP/1.1 200 979 https://localhost:9443/devportal/applications/ Mozilla/5.0 (Windows NT 10.0; Win64; x64) AppleWebKit/537.36 (KHTML, like Gecko) Chrome/114.0.0.0 Safari/537.36 0.014
0:0:0:0:0:0:0:1 - - [23/Jun/2023:11:59:38 +0500] GET /devportal/site/public/dist/2.9a7b1816aabad5b82d40.bundle.js HTTP/1.1 200 42987 https://localhost:9443/devportal/applications/42c4aa1a-258d-44a0-a858-5c2ed1cd2856 Mozilla/5.0 (Windows NT 10.0; Win64; x64) AppleWebKit/537.36 (KHTML, like Gecko) Chrome/114.0.0.0 Safari/537.36 0.087
0:0:0:0:0:0:0:1 - - [23/Jun/2023:11:59:38 +0500] GET /devportal/site/public/dist/ApplicationDetails.31117209c8c9c0d2e29d.bundle.js HTTP/1.1 200 70057 https://localhost:9443/devportal/applications/42c4aa1a-258d-44a0-a858-5c2ed1cd2856 Mozilla/5.0 (Windows NT 10.0; Win64; x64) AppleWebKit/537.36 (KHTML, like Gecko) Chrome/114.0.0.0 Safari/537.36 0.103
127.0.0.1 - - [23/Jun/2023:11:59:38 +0500] GET /keymanager-operations/dcr/register/UW1XanBNbUZfYnJYZ2Y5YjQ2eVFUaklubkRnYQ%3D%3D HTTP/1.1 200 515 - Apache-HttpClient/4.5.13 (Java/11.0.18) 0.009
0:0:0:0:0:0:0:1 - - [23/Jun/2023:11:59:38 +0500] GET /api/am/devportal/v2/applications/42c4aa1a-258d-44a0-a858-5c2ed1cd2856 HTTP/1.1 200 288 https://localhost:9443/devportal/applications/42c4aa1a-258d-44a0-a858-5c2ed1cd2856 Mozilla/5.0 (Windows NT 10.0; Win64; x64) AppleWebKit/537.36 (KHTML, like Gecko) Chrome/114.0.0.0 Safari/537.36 0.043
0:0:0:0:0:0:0:1 - - [23/Jun/2023:11:59:38 +0500] GET /api/am/devportal/v2/throttling-policies/application/Unlimited HTTP/1.1 200 490 https://localhost:9443/devportal/applications/42c4aa1a-258d-44a0-a858-5c2ed1cd2856/overview Mozilla/5.0 (Windows NT 10.0; Win64; x64) AppleWebKit/537.36 (KHTML, like Gecko) Chrome/114.0.0.0 Safari/537.36 0.009
127.0.0.1 - - [23/Jun/2023:11:59:38 +0500] GET /keymanager-operations/dcr/register/UW1XanBNbUZfYnJYZ2Y5YjQ2eVFUaklubkRnYQ%3D%3D HTTP/1.1 200 515 - Apache-HttpClient/4.5.13 (Java/11.0.18) 0.006
0:0:0:0:0:0:0:1 - - [23/Jun/2023:11:59:38 +0500] GET /api/am/devportal/v2/applications/42c4aa1a-258d-44a0-a858-5c2ed1cd2856 HTTP/1.1 200 288 https://localhost:9443/devportal/applications/42c4aa1a-258d-44a0-a858-5c2ed1cd2856/overview Mozilla/5.0 (Windows NT 10.0; Win64; x64) AppleWebKit/537.36 (KHTML, like Gecko) Chrome/114.0.0.0 Safari/537.36 0.031
0:0:0:0:0:0:0:1 - - [23/Jun/2023:11:59:38 +0500] GET /api/am/devportal/v2/throttling-policies/application/Unlimited HTTP/1.1 200 490 https://localhost:9443/devportal/applications/42c4aa1a-258d-44a0-a858-5c2ed1cd2856/overview Mozilla/5.0 (Windows NT 10.0; Win64; x64) AppleWebKit/537.36 (KHTML, like Gecko) Chrome/114.0.0.0 Safari/537.36 0.007
0:0:0:0:0:0:0:1 - - [23/Jun/2023:11:59:41 +0500] GET /api/am/devportal/v2/swagger.yaml HTTP/1.1 200 23493 https://localhost:9443/devportal/applications/42c4aa1a-258d-44a0-a858-5c2ed1cd2856/sandboxkeys/oauth Mozilla/5.0 (Windows NT 10.0; Win64; x64) AppleWebKit/537.36 (KHTML, like Gecko) Chrome/114.0.0.0 Safari/537.36 0.013
127.0.0.1 - - [23/Jun/2023:11:59:41 +0500] GET /oauth2/token/.well-known/openid-configuration HTTP/1.1 200 2245 - Apache-HttpClient/4.5.13 (Java/11.0.18) 0.020
0:0:0:0:0:0:0:1 - - [23/Jun/2023:11:59:41 +0500] GET /api/am/devportal/v2/key-managers HTTP/1.1 200 755 https://localhost:9443/devportal/applications/42c4aa1a-258d-44a0-a858-5c2ed1cd2856/sandboxkeys/oauth Mozilla/5.0 (Windows NT 10.0; Win64; x64) AppleWebKit/537.36 (KHTML, like Gecko) Chrome/114.0.0.0 Safari/537.36 0.069
127.0.0.1 - - [23/Jun/2023:11:59:41 +0500] GET /keymanager-operations/dcr/register/UW1XanBNbUZfYnJYZ2Y5YjQ2eVFUaklubkRnYQ%3D%3D HTTP/1.1 200 515 - Apache-HttpClient/4.5.13 (Java/11.0.18) 0.007
0:0:0:0:0:0:0:1 - - [23/Jun/2023:11:59:41 +0500] GET /api/am/devportal/v2/applications/42c4aa1a-258d-44a0-a858-5c2ed1cd2856 HTTP/1.1 200 288 https://localhost:9443/devportal/applications/42c4aa1a-258d-44a0-a858-5c2ed1cd2856/sandboxkeys/oauth Mozilla/5.0 (Windows NT 10.0; Win64; x64) AppleWebKit/537.36 (KHTML, like Gecko) Chrome/114.0.0.0 Safari/537.36 0.037
127.0.0.1 - - [23/Jun/2023:11:59:41 +0500] GET /keymanager-operations/dcr/register/UW1XanBNbUZfYnJYZ2Y5YjQ2eVFUaklubkRnYQ%3D%3D HTTP/1.1 200 515 - Apache-HttpClient/4.5.13 (Java/11.0.18) 0.007
0:0:0:0:0:0:0:1 - - [23/Jun/2023:11:59:41 +0500] GET /api/am/devportal/v2/applications/42c4aa1a-258d-44a0-a858-5c2ed1cd2856/oauth-keys HTTP/1.1 200 663 https://localhost:9443/devportal/applications/42c4aa1a-258d-44a0-a858-5c2ed1cd2856/sandboxkeys/oauth Mozilla/5.0 (Windows NT 10.0; Win64; x64) AppleWebKit/537.36 (KHTML, like Gecko) Chrome/114.0.0.0 Safari/537.36 0.018
0:0:0:0:0:0:0:1 - - [23/Jun/2023:11:59:41 +0500] GET /api/am/devportal/v2/swagger.yaml HTTP/1.1 200 23493 https://localhost:9443/devportal/applications/42c4aa1a-258d-44a0-a858-5c2ed1cd2856/sandboxkeys/oauth Mozilla/5.0 (Windows NT 10.0; Win64; x64) AppleWebKit/537.36 (KHTML, like Gecko) Chrome/114.0.0.0 Safari/537.36 0.015
127.0.0.1 - - [23/Jun/2023:11:59:41 +0500] GET /keymanager-operations/dcr/register/UW1XanBNbUZfYnJYZ2Y5YjQ2eVFUaklubkRnYQ%3D%3D HTTP/1.1 200 515 - Apache-HttpClient/4.5.13 (Java/11.0.18) 0.011
0:0:0:0:0:0:0:1 - - [23/Jun/2023:11:59:41 +0500] GET /api/am/devportal/v2/applications/42c4aa1a-258d-44a0-a858-5c2ed1cd2856 HTTP/1.1 200 288 https://localhost:9443/devportal/applications/42c4aa1a-258d-44a0-a858-5c2ed1cd2856/sandboxkeys/oauth Mozilla/5.0 (Windows NT 10.0; Win64; x64) AppleWebKit/537.36 (KHTML, like Gecko) Chrome/114.0.0.0 Safari/537.36 0.033
0:0:0:0:0:0:0:1 - - [23/Jun/2023:11:59:41 +0500] GET /api/am/devportal/v2/applications/42c4aa1a-258d-44a0-a858-5c2ed1cd2856/oauth-keys HTTP/1.1 200 663 https://localhost:9443/devportal/applications/42c4aa1a-258d-44a0-a858-5c2ed1cd2856/sandboxkeys/oauth Mozilla/5.0 (Windows NT 10.0; Win64; x64) AppleWebKit/537.36 (KHTML, like Gecko) Chrome/114.0.0.0 Safari/537.36 0.016
127.0.0.1 - - [23/Jun/2023:11:59:41 +0500] GET /keymanager-operations/dcr/register/UW1XanBNbUZfYnJYZ2Y5YjQ2eVFUaklubkRnYQ%3D%3D HTTP/1.1 200 515 - Apache-HttpClient/4.5.13 (Java/11.0.18) 0.006
127.0.0.1 - - [23/Jun/2023:11:59:44 +0500] GET /keymanager-operations/dcr/register/UW1XanBNbUZfYnJYZ2Y5YjQ2eVFUaklubkRnYQ%3D%3D HTTP/1.1 200 515 - Apache-HttpClient/4.5.13 (Java/11.0.18) 0.009
0:0:0:0:0:0:0:1 - - [23/Jun/2023:11:59:44 +0500] GET /api/am/devportal/v2/applications/42c4aa1a-258d-44a0-a858-5c2ed1cd2856/oauth-keys HTTP/1.1 200 663 https://localhost:9443/devportal/applications/42c4aa1a-258d-44a0-a858-5c2ed1cd2856/sandboxkeys/oauth Mozilla/5.0 (Windows NT 10.0; Win64; x64) AppleWebKit/537.36 (KHTML, like Gecko) Chrome/114.0.0.0 Safari/537.36 0.025
127.0.0.1 - - [23/Jun/2023:11:59:44 +0500] GET /keymanager-operations/dcr/register/UW1XanBNbUZfYnJYZ2Y5YjQ2eVFUaklubkRnYQ%3D%3D HTTP/1.1 200 515 - Apache-HttpClient/4.5.13 (Java/11.0.18) 0.005
127.0.0.1 - - [23/Jun/2023:11:59:44 +0500] GET /keymanager-operations/dcr/register/UW1XanBNbUZfYnJYZ2Y5YjQ2eVFUaklubkRnYQ%3D%3D HTTP/1.1 200 515 - Apache-HttpClient/4.5.13 (Java/11.0.18) 0.006
127.0.0.1 - - [23/Jun/2023:11:59:44 +0500] POST /oauth2/token HTTP/1.1 200 1022 - Apache-HttpClient/4.5.13 (Java/11.0.18) 0.032
0:0:0:0:0:0:0:1 - - [23/Jun/2023:11:59:44 +0500] POST /api/am/devportal/v2/applications/42c4aa1a-258d-44a0-a858-5c2ed1cd2856/oauth-keys/25276c26-d463-4cde-b264-6ee604b9a049/generate-token HTTP/1.1 200 1009 https://localhost:9443/devportal/applications/42c4aa1a-258d-44a0-a858-5c2ed1cd2856/sandboxkeys/oauth Mozilla/5.0 (Windows NT 10.0; Win64; x64) AppleWebKit/537.36 (KHTML, like Gecko) Chrome/114.0.0.0 Safari/537.36 0.075
127.0.0.1 - - [23/Jun/2023:11:59:44 +0500] POST /internal/data/v1/notify HTTP/1.1 200 - - Apache-HttpClient/4.5.13 (Java/11.0.18) 0.026
0:0:0:0:0:0:0:1 - - [23/Jun/2023:12:01:33 +0500] - 400 - - - 0.000
0:0:0:0:0:0:0:1 - - [23/Jun/2023:12:01:33 +0500] - 400 - - - 0.000
0:0:0:0:0:0:0:1 - - [23/Jun/2023:12:01:33 +0500] - 400 - - - 0.000
0:0:0:0:0:0:0:1 - - [23/Jun/2023:12:01:33 +0500] GET /api/am/devportal/v2/api-categories HTTP/1.1 200 21 https://localhost:9443/devportal/apis Mozilla/5.0 (Windows NT 10.0; Win64; x64) AppleWebKit/537.36 (KHTML, like Gecko) Chrome/114.0.0.0 Safari/537.36 0.169
0:0:0:0:0:0:0:1 - - [23/Jun/2023:12:01:33 +0500] GET /api/am/devportal/v2/tags HTTP/1.1 200 119 https://localhost:9443/devportal/apis Mozilla/5.0 (Windows NT 10.0; Win64; x64) AppleWebKit/537.36 (KHTML, like Gecko) Chrome/114.0.0.0 Safari/537.36 0.199
0:0:0:0:0:0:0:1 - - [23/Jun/2023:12:01:33 +0500] GET /api/am/devportal/v2/apis?limit=10&offset=0 HTTP/1.1 200 698 https://localhost:9443/devportal/apis Mozilla/5.0 (Windows NT 10.0; Win64; x64) AppleWebKit/537.36 (KHTML, like Gecko) Chrome/114.0.0.0 Safari/537.36 0.328
0:0:0:0:0:0:0:1 - - [23/Jun/2023:12:01:33 +0500] GET /api/am/devportal/v2/apis/a9eff00c-8aee-4ca5-8e6e-3d5df6468875/ratings HTTP/1.1 200 125 https://localhost:9443/devportal/apis Mozilla/5.0 (Windows NT 10.0; Win64; x64) AppleWebKit/537.36 (KHTML, like Gecko) Chrome/114.0.0.0 Safari/537.36 0.036
0:0:0:0:0:0:0:1 - - [23/Jun/2023:12:01:33 +0500] GET /api/am/devportal/v2/apis/a9eff00c-8aee-4ca5-8e6e-3d5df6468875/thumbnail HTTP/1.1 204 - https://localhost:9443/devportal/apis Mozilla/5.0 (Windows NT 10.0; Win64; x64) AppleWebKit/537.36 (KHTML, like Gecko) Chrome/114.0.0.0 Safari/537.36 0.096
0:0:0:0:0:0:0:1 - - [23/Jun/2023:12:01:33 +0500] GET /api/am/devportal/v2/apis/f166cc64-02b1-488c-b6e7-2e00befe5d92/ratings HTTP/1.1 200 125 https://localhost:9443/devportal/apis Mozilla/5.0 (Windows NT 10.0; Win64; x64) AppleWebKit/537.36 (KHTML, like Gecko) Chrome/114.0.0.0 Safari/537.36 0.087
0:0:0:0:0:0:0:1 - - [23/Jun/2023:12:01:33 +0500] - 400 - - - 0.000
0:0:0:0:0:0:0:1 - - [23/Jun/2023:12:01:33 +0500] GET /api/am/devportal/v2/apis/f166cc64-02b1-488c-b6e7-2e00befe5d92/thumbnail HTTP/1.1 204 - https://localhost:9443/devportal/apis Mozilla/5.0 (Windows NT 10.0; Win64; x64) AppleWebKit/537.36 (KHTML, like Gecko) Chrome/114.0.0.0 Safari/537.36 0.048
0:0:0:0:0:0:0:1 - - [23/Jun/2023:12:01:33 +0500] - 400 - - - 0.000
0:0:0:0:0:0:0:1 - - [23/Jun/2023:12:01:33 +0500] - 400 - - - 0.000
0:0:0:0:0:0:0:1 - - [23/Jun/2023:12:01:33 +0500] GET /api/am/devportal/v2/apis/a7a6f198-2961-422a-9ba4-7dd81d27f2dc/ratings HTTP/1.1 200 125 https://localhost:9443/devportal/apis Mozilla/5.0 (Windows NT 10.0; Win64; x64) AppleWebKit/537.36 (KHTML, like Gecko) Chrome/114.0.0.0 Safari/537.36 0.026
0:0:0:0:0:0:0:1 - - [23/Jun/2023:12:01:33 +0500] GET /api/am/devportal/v2/apis/a7a6f198-2961-422a-9ba4-7dd81d27f2dc/thumbnail HTTP/1.1 204 - https://localhost:9443/devportal/apis Mozilla/5.0 (Windows NT 10.0; Win64; x64) AppleWebKit/537.36 (KHTML, like Gecko) Chrome/114.0.0.0 Safari/537.36 0.047
0:0:0:0:0:0:0:1 - - [23/Jun/2023:12:01:33 +0500] - 400 - - - 0.000
0:0:0:0:0:0:0:1 - - [23/Jun/2023:12:01:33 +0500] GET /api/am/devportal/v2/apis/2d15ab04-b0b2-4820-8b7c-052e4997dcce/ratings HTTP/1.1 200 125 https://localhost:9443/devportal/apis Mozilla/5.0 (Windows NT 10.0; Win64; x64) AppleWebKit/537.36 (KHTML, like Gecko) Chrome/114.0.0.0 Safari/537.36 0.104
0:0:0:0:0:0:0:1 - - [23/Jun/2023:12:01:33 +0500] GET /api/am/devportal/v2/apis/2d15ab04-b0b2-4820-8b7c-052e4997dcce/thumbnail HTTP/1.1 204 - https://localhost:9443/devportal/apis Mozilla/5.0 (Windows NT 10.0; Win64; x64) AppleWebKit/537.36 (KHTML, like Gecko) Chrome/114.0.0.0 Safari/537.36 0.097
0:0:0:0:0:0:0:1 - - [23/Jun/2023:12:01:34 +0500] GET /api/am/devportal/v2/apis/a9eff00c-8aee-4ca5-8e6e-3d5df6468875 HTTP/1.1 200 1171 https://localhost:9443/devportal/apis/a9eff00c-8aee-4ca5-8e6e-3d5df6468875 Mozilla/5.0 (Windows NT 10.0; Win64; x64) AppleWebKit/537.36 (KHTML, like Gecko) Chrome/114.0.0.0 Safari/537.36 0.057
0:0:0:0:0:0:0:1 - - [23/Jun/2023:12:01:34 +0500] GET /api/am/devportal/v2/applications?limit=5000 HTTP/1.1 200 981 https://localhost:9443/devportal/apis/a9eff00c-8aee-4ca5-8e6e-3d5df6468875 Mozilla/5.0 (Windows NT 10.0; Win64; x64) AppleWebKit/537.36 (KHTML, like Gecko) Chrome/114.0.0.0 Safari/537.36 0.034
127.0.0.1 - - [23/Jun/2023:12:01:34 +0500] GET /keymanager-operations/dcr/register/UW1XanBNbUZfYnJYZ2Y5YjQ2eVFUaklubkRnYQ%3D%3D HTTP/1.1 200 515 - Apache-HttpClient/4.5.13 (Java/11.0.18) 0.032
127.0.0.1 - - [23/Jun/2023:12:01:34 +0500] GET /keymanager-operations/dcr/register/UW1XanBNbUZfYnJYZ2Y5YjQ2eVFUaklubkRnYQ%3D%3D HTTP/1.1 200 515 - Apache-HttpClient/4.5.13 (Java/11.0.18) 0.026
0:0:0:0:0:0:0:1 - - [23/Jun/2023:12:01:34 +0500] GET /api/am/devportal/v2/subscriptions?apiId=a9eff00c-8aee-4ca5-8e6e-3d5df6468875&limit=25 HTTP/1.1 200 656 https://localhost:9443/devportal/apis/a9eff00c-8aee-4ca5-8e6e-3d5df6468875 Mozilla/5.0 (Windows NT 10.0; Win64; x64) AppleWebKit/537.36 (KHTML, like Gecko) Chrome/114.0.0.0 Safari/537.36 0.120
0:0:0:0:0:0:0:1 - - [23/Jun/2023:12:01:34 +0500] GET /api/am/devportal/v2/subscriptions?apiId=a9eff00c-8aee-4ca5-8e6e-3d5df6468875&limit=5000 HTTP/1.1 200 656 https://localhost:9443/devportal/apis/a9eff00c-8aee-4ca5-8e6e-3d5df6468875 Mozilla/5.0 (Windows NT 10.0; Win64; x64) AppleWebKit/537.36 (KHTML, like Gecko) Chrome/114.0.0.0 Safari/537.36 0.104
0:0:0:0:0:0:0:1 - - [23/Jun/2023:12:01:35 +0500] GET /api/am/devportal/v2/throttling-policies/subscription HTTP/1.1 200 634 https://localhost:9443/devportal/apis/a9eff00c-8aee-4ca5-8e6e-3d5df6468875/overview Mozilla/5.0 (Windows NT 10.0; Win64; x64) AppleWebKit/537.36 (KHTML, like Gecko) Chrome/114.0.0.0 Safari/537.36 0.016
0:0:0:0:0:0:0:1 - - [23/Jun/2023:12:01:35 +0500] GET /api/am/devportal/v2/apis/a9eff00c-8aee-4ca5-8e6e-3d5df6468875/documents HTTP/1.1 200 92 https://localhost:9443/devportal/apis/a9eff00c-8aee-4ca5-8e6e-3d5df6468875/overview Mozilla/5.0 (Windows NT 10.0; Win64; x64) AppleWebKit/537.36 (KHTML, like Gecko) Chrome/114.0.0.0 Safari/537.36 0.028
0:0:0:0:0:0:0:1 - - [23/Jun/2023:12:01:35 +0500] GET /api/am/devportal/v2/throttling-policies/subscription HTTP/1.1 200 634 https://localhost:9443/devportal/apis/a9eff00c-8aee-4ca5-8e6e-3d5df6468875/overview Mozilla/5.0 (Windows NT 10.0; Win64; x64) AppleWebKit/537.36 (KHTML, like Gecko) Chrome/114.0.0.0 Safari/537.36 0.010
0:0:0:0:0:0:0:1 - - [23/Jun/2023:12:01:35 +0500] GET /api/am/devportal/v2/apis/a9eff00c-8aee-4ca5-8e6e-3d5df6468875/documents HTTP/1.1 200 92 https://localhost:9443/devportal/apis/a9eff00c-8aee-4ca5-8e6e-3d5df6468875/overview Mozilla/5.0 (Windows NT 10.0; Win64; x64) AppleWebKit/537.36 (KHTML, like Gecko) Chrome/114.0.0.0 Safari/537.36 0.021
0:0:0:0:0:0:0:1 - - [23/Jun/2023:12:01:35 +0500] GET /api/am/devportal/v2/apis/a9eff00c-8aee-4ca5-8e6e-3d5df6468875/thumbnail HTTP/1.1 204 - https://localhost:9443/devportal/apis/a9eff00c-8aee-4ca5-8e6e-3d5df6468875/overview Mozilla/5.0 (Windows NT 10.0; Win64; x64) AppleWebKit/537.36 (KHTML, like Gecko) Chrome/114.0.0.0 Safari/537.36 0.084
0:0:0:0:0:0:0:1 - - [23/Jun/2023:12:01:35 +0500] GET /api/am/devportal/v2/apis/a9eff00c-8aee-4ca5-8e6e-3d5df6468875/comments?limit=5&offset=0 HTTP/1.1 200 101 https://localhost:9443/devportal/apis/a9eff00c-8aee-4ca5-8e6e-3d5df6468875/overview Mozilla/5.0 (Windows NT 10.0; Win64; x64) AppleWebKit/537.36 (KHTML, like Gecko) Chrome/114.0.0.0 Safari/537.36 0.083
0:0:0:0:0:0:0:1 - - [23/Jun/2023:12:01:35 +0500] GET /api/am/devportal/v2/apis/a9eff00c-8aee-4ca5-8e6e-3d5df6468875/ratings HTTP/1.1 200 125 https://localhost:9443/devportal/apis/a9eff00c-8aee-4ca5-8e6e-3d5df6468875/overview Mozilla/5.0 (Windows NT 10.0; Win64; x64) AppleWebKit/537.36 (KHTML, like Gecko) Chrome/114.0.0.0 Safari/537.36 0.017
0:0:0:0:0:0:0:1 - - [23/Jun/2023:12:01:36 +0500] GET /api/am/devportal/v2/apis/a9eff00c-8aee-4ca5-8e6e-3d5df6468875 HTTP/1.1 200 1171 https://localhost:9443/devportal/apis/a9eff00c-8aee-4ca5-8e6e-3d5df6468875/test Mozilla/5.0 (Windows NT 10.0; Win64; x64) AppleWebKit/537.36 (KHTML, like Gecko) Chrome/114.0.0.0 Safari/537.36 0.046
0:0:0:0:0:0:0:1 - - [23/Jun/2023:12:01:36 +0500] GET /api/am/devportal/v2/applications?limit=5000 HTTP/1.1 200 981 https://localhost:9443/devportal/apis/a9eff00c-8aee-4ca5-8e6e-3d5df6468875/test Mozilla/5.0 (Windows NT 10.0; Win64; x64) AppleWebKit/537.36 (KHTML, like Gecko) Chrome/114.0.0.0 Safari/537.36 0.027
0:0:0:0:0:0:0:1 - - [23/Jun/2023:12:01:36 +0500] GET /api/am/devportal/v2/subscriptions?apiId=a9eff00c-8aee-4ca5-8e6e-3d5df6468875&limit=25 HTTP/1.1 200 656 https://localhost:9443/devportal/apis/a9eff00c-8aee-4ca5-8e6e-3d5df6468875/test Mozilla/5.0 (Windows NT 10.0; Win64; x64) AppleWebKit/537.36 (KHTML, like Gecko) Chrome/114.0.0.0 Safari/537.36 0.146
127.0.0.1 - - [23/Jun/2023:12:01:36 +0500] GET /keymanager-operations/dcr/register/UW1XanBNbUZfYnJYZ2Y5YjQ2eVFUaklubkRnYQ%3D%3D HTTP/1.1 200 515 - Apache-HttpClient/4.5.13 (Java/11.0.18) 0.068
0:0:0:0:0:0:0:1 - - [23/Jun/2023:12:01:36 +0500] GET /api/am/devportal/v2/apis/a9eff00c-8aee-4ca5-8e6e-3d5df6468875 HTTP/1.1 200 1171 https://localhost:9443/devportal/apis/a9eff00c-8aee-4ca5-8e6e-3d5df6468875/test Mozilla/5.0 (Windows NT 10.0; Win64; x64) AppleWebKit/537.36 (KHTML, like Gecko) Chrome/114.0.0.0 Safari/537.36 0.121
127.0.0.1 - - [23/Jun/2023:12:01:37 +0500] GET /keymanager-operations/dcr/register/UW1XanBNbUZfYnJYZ2Y5YjQ2eVFUaklubkRnYQ%3D%3D HTTP/1.1 200 515 - Apache-HttpClient/4.5.13 (Java/11.0.18) 0.019
0:0:0:0:0:0:0:1 - - [23/Jun/2023:12:01:37 +0500] GET /api/am/devportal/v2/subscriptions?apiId=a9eff00c-8aee-4ca5-8e6e-3d5df6468875&limit=5000 HTTP/1.1 200 656 https://localhost:9443/devportal/apis/a9eff00c-8aee-4ca5-8e6e-3d5df6468875/test Mozilla/5.0 (Windows NT 10.0; Win64; x64) AppleWebKit/537.36 (KHTML, like Gecko) Chrome/114.0.0.0 Safari/537.36 0.222
0:0:0:0:0:0:0:1 - - [23/Jun/2023:12:01:37 +0500] GET /api/am/devportal/v2/apis/a9eff00c-8aee-4ca5-8e6e-3d5df6468875/swagger?environmentName=Default HTTP/1.1 200 489 https://localhost:9443/devportal/apis/a9eff00c-8aee-4ca5-8e6e-3d5df6468875/test Mozilla/5.0 (Windows NT 10.0; Win64; x64) AppleWebKit/537.36 (KHTML, like Gecko) Chrome/114.0.0.0 Safari/537.36 0.061
0:0:0:0:0:0:0:1 - - [23/Jun/2023:12:01:37 +0500] GET /api/am/devportal/v2/swagger.yaml HTTP/1.1 200 23493 https://localhost:9443/devportal/apis/a9eff00c-8aee-4ca5-8e6e-3d5df6468875/test Mozilla/5.0 (Windows NT 10.0; Win64; x64) AppleWebKit/537.36 (KHTML, like Gecko) Chrome/114.0.0.0 Safari/537.36 0.037
127.0.0.1 - - [23/Jun/2023:12:01:37 +0500] GET /keymanager-operations/dcr/register/UW1XanBNbUZfYnJYZ2Y5YjQ2eVFUaklubkRnYQ%3D%3D HTTP/1.1 200 515 - Apache-HttpClient/4.5.13 (Java/11.0.18) 0.037
0:0:0:0:0:0:0:1 - - [23/Jun/2023:12:01:37 +0500] GET /api/am/devportal/v2/subscriptions?apiId=a9eff00c-8aee-4ca5-8e6e-3d5df6468875&limit=25 HTTP/1.1 200 656 https://localhost:9443/devportal/apis/a9eff00c-8aee-4ca5-8e6e-3d5df6468875/test Mozilla/5.0 (Windows NT 10.0; Win64; x64) AppleWebKit/537.36 (KHTML, like Gecko) Chrome/114.0.0.0 Safari/537.36 0.076
127.0.0.1 - - [23/Jun/2023:12:01:37 +0500] GET /oauth2/token/.well-known/openid-configuration HTTP/1.1 200 2245 - Apache-HttpClient/4.5.13 (Java/11.0.18) 0.018
0:0:0:0:0:0:0:1 - - [23/Jun/2023:12:01:37 +0500] GET /api/am/devportal/v2/key-managers HTTP/1.1 200 755 https://localhost:9443/devportal/apis/a9eff00c-8aee-4ca5-8e6e-3d5df6468875/test Mozilla/5.0 (Windows NT 10.0; Win64; x64) AppleWebKit/537.36 (KHTML, like Gecko) Chrome/114.0.0.0 Safari/537.36 0.070
127.0.0.1 - - [23/Jun/2023:12:01:37 +0500] GET /keymanager-operations/dcr/register/UW1XanBNbUZfYnJYZ2Y5YjQ2eVFUaklubkRnYQ%3D%3D HTTP/1.1 200 515 - Apache-HttpClient/4.5.13 (Java/11.0.18) 0.005
0:0:0:0:0:0:0:1 - - [23/Jun/2023:12:01:37 +0500] GET /api/am/devportal/v2/subscriptions?apiId=a9eff00c-8aee-4ca5-8e6e-3d5df6468875&limit=25 HTTP/1.1 200 656 https://localhost:9443/devportal/apis/a9eff00c-8aee-4ca5-8e6e-3d5df6468875/test Mozilla/5.0 (Windows NT 10.0; Win64; x64) AppleWebKit/537.36 (KHTML, like Gecko) Chrome/114.0.0.0 Safari/537.36 0.077
0:0:0:0:0:0:0:1 - - [23/Jun/2023:12:01:38 +0500] GET /api/am/devportal/v2/applications/ HTTP/1.1 200 979 https://localhost:9443/devportal/apis/a9eff00c-8aee-4ca5-8e6e-3d5df6468875/test Mozilla/5.0 (Windows NT 10.0; Win64; x64) AppleWebKit/537.36 (KHTML, like Gecko) Chrome/114.0.0.0 Safari/537.36 0.038
0:0:0:0:0:0:0:1 - - [23/Jun/2023:12:01:38 +0500] GET /api/am/devportal/v2/swagger.yaml HTTP/1.1 200 23493 https://localhost:9443/devportal/apis/a9eff00c-8aee-4ca5-8e6e-3d5df6468875/test Mozilla/5.0 (Windows NT 10.0; Win64; x64) AppleWebKit/537.36 (KHTML, like Gecko) Chrome/114.0.0.0 Safari/537.36 0.013
127.0.0.1 - - [23/Jun/2023:12:01:38 +0500] GET /keymanager-operations/dcr/register/UW1XanBNbUZfYnJYZ2Y5YjQ2eVFUaklubkRnYQ%3D%3D HTTP/1.1 200 515 - Apache-HttpClient/4.5.13 (Java/11.0.18) 0.004
0:0:0:0:0:0:0:1 - - [23/Jun/2023:12:01:38 +0500] GET /api/am/devportal/v2/applications/42c4aa1a-258d-44a0-a858-5c2ed1cd2856 HTTP/1.1 200 288 https://localhost:9443/devportal/apis/a9eff00c-8aee-4ca5-8e6e-3d5df6468875/test Mozilla/5.0 (Windows NT 10.0; Win64; x64) AppleWebKit/537.36 (KHTML, like Gecko) Chrome/114.0.0.0 Safari/537.36 0.014
127.0.0.1 - - [23/Jun/2023:12:01:38 +0500] GET /keymanager-operations/dcr/register/UW1XanBNbUZfYnJYZ2Y5YjQ2eVFUaklubkRnYQ%3D%3D HTTP/1.1 200 515 - Apache-HttpClient/4.5.13 (Java/11.0.18) 0.005
0:0:0:0:0:0:0:1 - - [23/Jun/2023:12:01:38 +0500] GET /api/am/devportal/v2/applications/42c4aa1a-258d-44a0-a858-5c2ed1cd2856/oauth-keys HTTP/1.1 200 663 https://localhost:9443/devportal/apis/a9eff00c-8aee-4ca5-8e6e-3d5df6468875/test Mozilla/5.0 (Windows NT 10.0; Win64; x64) AppleWebKit/537.36 (KHTML, like Gecko) Chrome/114.0.0.0 Safari/537.36 0.013
0:0:0:0:0:0:0:1 - - [23/Jun/2023:12:01:38 +0500] GET /api/am/devportal/v2/swagger.yaml HTTP/1.1 200 23493 https://localhost:9443/devportal/apis/a9eff00c-8aee-4ca5-8e6e-3d5df6468875/test Mozilla/5.0 (Windows NT 10.0; Win64; x64) AppleWebKit/537.36 (KHTML, like Gecko) Chrome/114.0.0.0 Safari/537.36 0.013
0:0:0:0:0:0:0:1 - - [23/Jun/2023:12:01:38 +0500] GET /api/am/devportal/v2/swagger.yaml HTTP/1.1 200 23493 https://localhost:9443/devportal/apis/a9eff00c-8aee-4ca5-8e6e-3d5df6468875/test Mozilla/5.0 (Windows NT 10.0; Win64; x64) AppleWebKit/537.36 (KHTML, like Gecko) Chrome/114.0.0.0 Safari/537.36 0.014
127.0.0.1 - - [23/Jun/2023:12:01:39 +0500] GET /keymanager-operations/dcr/register/UW1XanBNbUZfYnJYZ2Y5YjQ2eVFUaklubkRnYQ%3D%3D HTTP/1.1 200 515 - Apache-HttpClient/4.5.13 (Java/11.0.18) 0.008
0:0:0:0:0:0:0:1 - - [23/Jun/2023:12:01:39 +0500] GET /api/am/devportal/v2/applications/42c4aa1a-258d-44a0-a858-5c2ed1cd2856 HTTP/1.1 200 288 https://localhost:9443/devportal/apis/a9eff00c-8aee-4ca5-8e6e-3d5df6468875/test Mozilla/5.0 (Windows NT 10.0; Win64; x64) AppleWebKit/537.36 (KHTML, like Gecko) Chrome/114.0.0.0 Safari/537.36 0.024
127.0.0.1 - - [23/Jun/2023:12:01:39 +0500] GET /keymanager-operations/dcr/register/UW1XanBNbUZfYnJYZ2Y5YjQ2eVFUaklubkRnYQ%3D%3D HTTP/1.1 200 515 - Apache-HttpClient/4.5.13 (Java/11.0.18) 0.005
0:0:0:0:0:0:0:1 - - [23/Jun/2023:12:01:39 +0500] GET /api/am/devportal/v2/applications/42c4aa1a-258d-44a0-a858-5c2ed1cd2856 HTTP/1.1 200 288 https://localhost:9443/devportal/apis/a9eff00c-8aee-4ca5-8e6e-3d5df6468875/test Mozilla/5.0 (Windows NT 10.0; Win64; x64) AppleWebKit/537.36 (KHTML, like Gecko) Chrome/114.0.0.0 Safari/537.36 0.023
127.0.0.1 - - [23/Jun/2023:12:01:39 +0500] GET /keymanager-operations/dcr/register/UW1XanBNbUZfYnJYZ2Y5YjQ2eVFUaklubkRnYQ%3D%3D HTTP/1.1 200 515 - Apache-HttpClient/4.5.13 (Java/11.0.18) 0.006
0:0:0:0:0:0:0:1 - - [23/Jun/2023:12:01:39 +0500] GET /api/am/devportal/v2/applications/42c4aa1a-258d-44a0-a858-5c2ed1cd2856/oauth-keys HTTP/1.1 200 663 https://localhost:9443/devportal/apis/a9eff00c-8aee-4ca5-8e6e-3d5df6468875/test Mozilla/5.0 (Windows NT 10.0; Win64; x64) AppleWebKit/537.36 (KHTML, like Gecko) Chrome/114.0.0.0 Safari/537.36 0.029
127.0.0.1 - - [23/Jun/2023:12:01:39 +0500] GET /keymanager-operations/dcr/register/UW1XanBNbUZfYnJYZ2Y5YjQ2eVFUaklubkRnYQ%3D%3D HTTP/1.1 200 515 - Apache-HttpClient/4.5.13 (Java/11.0.18) 0.005
0:0:0:0:0:0:0:1 - - [23/Jun/2023:12:01:39 +0500] GET /api/am/devportal/v2/applications/42c4aa1a-258d-44a0-a858-5c2ed1cd2856/oauth-keys HTTP/1.1 200 663 https://localhost:9443/devportal/apis/a9eff00c-8aee-4ca5-8e6e-3d5df6468875/test Mozilla/5.0 (Windows NT 10.0; Win64; x64) AppleWebKit/537.36 (KHTML, like Gecko) Chrome/114.0.0.0 Safari/537.36 0.015
0:0:0:0:0:0:0:1 - - [23/Jun/2023:12:01:54 +0500] GET /api/am/devportal/v2/swagger.yaml HTTP/1.1 200 23493 https://localhost:9443/devportal/apis/a9eff00c-8aee-4ca5-8e6e-3d5df6468875/test Mozilla/5.0 (Windows NT 10.0; Win64; x64) AppleWebKit/537.36 (KHTML, like Gecko) Chrome/114.0.0.0 Safari/537.36 0.026
127.0.0.1 - - [23/Jun/2023:12:01:54 +0500] GET /keymanager-operations/dcr/register/UW1XanBNbUZfYnJYZ2Y5YjQ2eVFUaklubkRnYQ%3D%3D HTTP/1.1 200 515 - Apache-HttpClient/4.5.13 (Java/11.0.18) 0.007
0:0:0:0:0:0:0:1 - - [23/Jun/2023:12:01:54 +0500] GET /api/am/devportal/v2/applications/42c4aa1a-258d-44a0-a858-5c2ed1cd2856 HTTP/1.1 200 288 https://localhost:9443/devportal/apis/a9eff00c-8aee-4ca5-8e6e-3d5df6468875/test Mozilla/5.0 (Windows NT 10.0; Win64; x64) AppleWebKit/537.36 (KHTML, like Gecko) Chrome/114.0.0.0 Safari/537.36 0.035
127.0.0.1 - - [23/Jun/2023:12:01:54 +0500] GET /keymanager-operations/dcr/register/UW1XanBNbUZfYnJYZ2Y5YjQ2eVFUaklubkRnYQ%3D%3D HTTP/1.1 200 515 - Apache-HttpClient/4.5.13 (Java/11.0.18) 0.005
0:0:0:0:0:0:0:1 - - [23/Jun/2023:12:01:54 +0500] GET /api/am/devportal/v2/applications/42c4aa1a-258d-44a0-a858-5c2ed1cd2856/oauth-keys HTTP/1.1 200 663 https://localhost:9443/devportal/apis/a9eff00c-8aee-4ca5-8e6e-3d5df6468875/test Mozilla/5.0 (Windows NT 10.0; Win64; x64) AppleWebKit/537.36 (KHTML, like Gecko) Chrome/114.0.0.0 Safari/537.36 0.016
127.0.0.1 - - [23/Jun/2023:12:01:54 +0500] GET /keymanager-operations/dcr/register/UW1XanBNbUZfYnJYZ2Y5YjQ2eVFUaklubkRnYQ%3D%3D HTTP/1.1 200 515 - Apache-HttpClient/4.5.13 (Java/11.0.18) 0.006
127.0.0.1 - - [23/Jun/2023:12:01:54 +0500] GET /keymanager-operations/dcr/register/UW1XanBNbUZfYnJYZ2Y5YjQ2eVFUaklubkRnYQ%3D%3D HTTP/1.1 200 515 - Apache-HttpClient/4.5.13 (Java/11.0.18) 0.006
127.0.0.1 - - [23/Jun/2023:12:01:54 +0500] POST /oauth2/token HTTP/1.1 200 1022 - Apache-HttpClient/4.5.13 (Java/11.0.18) 0.026
0:0:0:0:0:0:0:1 - - [23/Jun/2023:12:01:54 +0500] POST /api/am/devportal/v2/applications/42c4aa1a-258d-44a0-a858-5c2ed1cd2856/oauth-keys/25276c26-d463-4cde-b264-6ee604b9a049/generate-token HTTP/1.1 200 1009 https://localhost:9443/devportal/apis/a9eff00c-8aee-4ca5-8e6e-3d5df6468875/test Mozilla/5.0 (Windows NT 10.0; Win64; x64) AppleWebKit/537.36 (KHTML, like Gecko) Chrome/114.0.0.0 Safari/537.36 0.065
127.0.0.1 - - [23/Jun/2023:12:01:54 +0500] POST /internal/data/v1/notify HTTP/1.1 200 - - Apache-HttpClient/4.5.13 (Java/11.0.18) 0.016
0:0:0:0:0:0:0:1 - - [23/Jun/2023:12:05:55 +0500] - 400 - - - 0.000
0:0:0:0:0:0:0:1 - - [23/Jun/2023:12:05:55 +0500] - 400 - - - 0.000
0:0:0:0:0:0:0:1 - - [23/Jun/2023:12:05:55 +0500] - 400 - - - 0.000
0:0:0:0:0:0:0:1 - - [23/Jun/2023:12:05:56 +0500] GET /api/am/devportal/v2/tags HTTP/1.1 200 119 https://localhost:9443/devportal/apis Mozilla/5.0 (Windows NT 10.0; Win64; x64) AppleWebKit/537.36 (KHTML, like Gecko) Chrome/114.0.0.0 Safari/537.36 0.332
0:0:0:0:0:0:0:1 - - [23/Jun/2023:12:05:56 +0500] GET /api/am/devportal/v2/api-categories HTTP/1.1 200 21 https://localhost:9443/devportal/apis Mozilla/5.0 (Windows NT 10.0; Win64; x64) AppleWebKit/537.36 (KHTML, like Gecko) Chrome/114.0.0.0 Safari/537.36 0.356
0:0:0:0:0:0:0:1 - - [23/Jun/2023:12:05:56 +0500] GET /api/am/devportal/v2/apis?limit=10&offset=0 HTTP/1.1 200 698 https://localhost:9443/devportal/apis Mozilla/5.0 (Windows NT 10.0; Win64; x64) AppleWebKit/537.36 (KHTML, like Gecko) Chrome/114.0.0.0 Safari/537.36 0.498
0:0:0:0:0:0:0:1 - - [23/Jun/2023:12:05:56 +0500] GET /api/am/devportal/v2/apis/a9eff00c-8aee-4ca5-8e6e-3d5df6468875/thumbnail HTTP/1.1 204 - https://localhost:9443/devportal/apis Mozilla/5.0 (Windows NT 10.0; Win64; x64) AppleWebKit/537.36 (KHTML, like Gecko) Chrome/114.0.0.0 Safari/537.36 0.027
0:0:0:0:0:0:0:1 - - [23/Jun/2023:12:05:56 +0500] GET /api/am/devportal/v2/apis/a9eff00c-8aee-4ca5-8e6e-3d5df6468875/ratings HTTP/1.1 200 125 https://localhost:9443/devportal/apis Mozilla/5.0 (Windows NT 10.0; Win64; x64) AppleWebKit/537.36 (KHTML, like Gecko) Chrome/114.0.0.0 Safari/537.36 0.052
0:0:0:0:0:0:0:1 - - [23/Jun/2023:12:05:56 +0500] GET /api/am/devportal/v2/apis/f166cc64-02b1-488c-b6e7-2e00befe5d92/thumbnail HTTP/1.1 204 - https://localhost:9443/devportal/apis Mozilla/5.0 (Windows NT 10.0; Win64; x64) AppleWebKit/537.36 (KHTML, like Gecko) Chrome/114.0.0.0 Safari/537.36 0.058
0:0:0:0:0:0:0:1 - - [23/Jun/2023:12:05:57 +0500] GET /api/am/devportal/v2/apis/f166cc64-02b1-488c-b6e7-2e00befe5d92/ratings HTTP/1.1 200 125 https://localhost:9443/devportal/apis Mozilla/5.0 (Windows NT 10.0; Win64; x64) AppleWebKit/537.36 (KHTML, like Gecko) Chrome/114.0.0.0 Safari/537.36 0.188
0:0:0:0:0:0:0:1 - - [23/Jun/2023:12:05:57 +0500] - 400 - - - 0.000
0:0:0:0:0:0:0:1 - - [23/Jun/2023:12:05:57 +0500] - 400 - - - 0.000
0:0:0:0:0:0:0:1 - - [23/Jun/2023:12:05:57 +0500] GET /api/am/devportal/v2/apis/2d15ab04-b0b2-4820-8b7c-052e4997dcce/thumbnail HTTP/1.1 204 - https://localhost:9443/devportal/apis Mozilla/5.0 (Windows NT 10.0; Win64; x64) AppleWebKit/537.36 (KHTML, like Gecko) Chrome/114.0.0.0 Safari/537.36 0.023
0:0:0:0:0:0:0:1 - - [23/Jun/2023:12:05:57 +0500] - 400 - - - 0.000
0:0:0:0:0:0:0:1 - - [23/Jun/2023:12:05:57 +0500] GET /api/am/devportal/v2/apis/a7a6f198-2961-422a-9ba4-7dd81d27f2dc/thumbnail HTTP/1.1 204 - https://localhost:9443/devportal/apis Mozilla/5.0 (Windows NT 10.0; Win64; x64) AppleWebKit/537.36 (KHTML, like Gecko) Chrome/114.0.0.0 Safari/537.36 0.211
0:0:0:0:0:0:0:1 - - [23/Jun/2023:12:05:57 +0500] GET /api/am/devportal/v2/apis/a7a6f198-2961-422a-9ba4-7dd81d27f2dc/ratings HTTP/1.1 200 125 https://localhost:9443/devportal/apis Mozilla/5.0 (Windows NT 10.0; Win64; x64) AppleWebKit/537.36 (KHTML, like Gecko) Chrome/114.0.0.0 Safari/537.36 0.155
0:0:0:0:0:0:0:1 - - [23/Jun/2023:12:05:57 +0500] GET /api/am/devportal/v2/apis/2d15ab04-b0b2-4820-8b7c-052e4997dcce/ratings HTTP/1.1 200 125 https://localhost:9443/devportal/apis Mozilla/5.0 (Windows NT 10.0; Win64; x64) AppleWebKit/537.36 (KHTML, like Gecko) Chrome/114.0.0.0 Safari/537.36 0.029
0:0:0:0:0:0:0:1 - - [23/Jun/2023:12:05:58 +0500] GET /api/am/devportal/v2/apis/a9eff00c-8aee-4ca5-8e6e-3d5df6468875 HTTP/1.1 200 1171 https://localhost:9443/devportal/apis/a9eff00c-8aee-4ca5-8e6e-3d5df6468875 Mozilla/5.0 (Windows NT 10.0; Win64; x64) AppleWebKit/537.36 (KHTML, like Gecko) Chrome/114.0.0.0 Safari/537.36 0.042
0:0:0:0:0:0:0:1 - - [23/Jun/2023:12:05:58 +0500] GET /api/am/devportal/v2/applications?limit=5000 HTTP/1.1 200 981 https://localhost:9443/devportal/apis/a9eff00c-8aee-4ca5-8e6e-3d5df6468875 Mozilla/5.0 (Windows NT 10.0; Win64; x64) AppleWebKit/537.36 (KHTML, like Gecko) Chrome/114.0.0.0 Safari/537.36 0.021
127.0.0.1 - - [23/Jun/2023:12:05:58 +0500] GET /keymanager-operations/dcr/register/UW1XanBNbUZfYnJYZ2Y5YjQ2eVFUaklubkRnYQ%3D%3D HTTP/1.1 200 515 - Apache-HttpClient/4.5.13 (Java/11.0.18) 0.025
0:0:0:0:0:0:0:1 - - [23/Jun/2023:12:05:58 +0500] GET /api/am/devportal/v2/subscriptions?apiId=a9eff00c-8aee-4ca5-8e6e-3d5df6468875&limit=25 HTTP/1.1 200 656 https://localhost:9443/devportal/apis/a9eff00c-8aee-4ca5-8e6e-3d5df6468875 Mozilla/5.0 (Windows NT 10.0; Win64; x64) AppleWebKit/537.36 (KHTML, like Gecko) Chrome/114.0.0.0 Safari/537.36 0.099
0:0:0:0:0:0:0:1 - - [23/Jun/2023:12:05:58 +0500] GET /api/am/devportal/v2/subscriptions?apiId=a9eff00c-8aee-4ca5-8e6e-3d5df6468875&limit=5000 HTTP/1.1 200 656 https://localhost:9443/devportal/apis/a9eff00c-8aee-4ca5-8e6e-3d5df6468875 Mozilla/5.0 (Windows NT 10.0; Win64; x64) AppleWebKit/537.36 (KHTML, like Gecko) Chrome/114.0.0.0 Safari/537.36 0.127
127.0.0.1 - - [23/Jun/2023:12:05:58 +0500] GET /keymanager-operations/dcr/register/UW1XanBNbUZfYnJYZ2Y5YjQ2eVFUaklubkRnYQ%3D%3D HTTP/1.1 200 515 - Apache-HttpClient/4.5.13 (Java/11.0.18) 0.058
0:0:0:0:0:0:0:1 - - [23/Jun/2023:12:05:58 +0500] GET /api/am/devportal/v2/apis/a9eff00c-8aee-4ca5-8e6e-3d5df6468875/documents HTTP/1.1 200 92 https://localhost:9443/devportal/apis/a9eff00c-8aee-4ca5-8e6e-3d5df6468875/overview Mozilla/5.0 (Windows NT 10.0; Win64; x64) AppleWebKit/537.36 (KHTML, like Gecko) Chrome/114.0.0.0 Safari/537.36 0.040
0:0:0:0:0:0:0:1 - - [23/Jun/2023:12:05:58 +0500] GET /api/am/devportal/v2/throttling-policies/subscription HTTP/1.1 200 634 https://localhost:9443/devportal/apis/a9eff00c-8aee-4ca5-8e6e-3d5df6468875/overview Mozilla/5.0 (Windows NT 10.0; Win64; x64) AppleWebKit/537.36 (KHTML, like Gecko) Chrome/114.0.0.0 Safari/537.36 0.023
0:0:0:0:0:0:0:1 - - [23/Jun/2023:12:05:58 +0500] GET /api/am/devportal/v2/apis/a9eff00c-8aee-4ca5-8e6e-3d5df6468875/documents HTTP/1.1 200 92 https://localhost:9443/devportal/apis/a9eff00c-8aee-4ca5-8e6e-3d5df6468875/overview Mozilla/5.0 (Windows NT 10.0; Win64; x64) AppleWebKit/537.36 (KHTML, like Gecko) Chrome/114.0.0.0 Safari/537.36 0.045
0:0:0:0:0:0:0:1 - - [23/Jun/2023:12:05:58 +0500] GET /api/am/devportal/v2/throttling-policies/subscription HTTP/1.1 200 634 https://localhost:9443/devportal/apis/a9eff00c-8aee-4ca5-8e6e-3d5df6468875/overview Mozilla/5.0 (Windows NT 10.0; Win64; x64) AppleWebKit/537.36 (KHTML, like Gecko) Chrome/114.0.0.0 Safari/537.36 0.015
0:0:0:0:0:0:0:1 - - [23/Jun/2023:12:05:59 +0500] GET /api/am/devportal/v2/apis/a9eff00c-8aee-4ca5-8e6e-3d5df6468875/thumbnail HTTP/1.1 204 - https://localhost:9443/devportal/apis/a9eff00c-8aee-4ca5-8e6e-3d5df6468875/overview Mozilla/5.0 (Windows NT 10.0; Win64; x64) AppleWebKit/537.36 (KHTML, like Gecko) Chrome/114.0.0.0 Safari/537.36 0.037
0:0:0:0:0:0:0:1 - - [23/Jun/2023:12:05:59 +0500] GET /api/am/devportal/v2/apis/a9eff00c-8aee-4ca5-8e6e-3d5df6468875/comments?limit=5&offset=0 HTTP/1.1 200 101 https://localhost:9443/devportal/apis/a9eff00c-8aee-4ca5-8e6e-3d5df6468875/overview Mozilla/5.0 (Windows NT 10.0; Win64; x64) AppleWebKit/537.36 (KHTML, like Gecko) Chrome/114.0.0.0 Safari/537.36 0.051
0:0:0:0:0:0:0:1 - - [23/Jun/2023:12:05:59 +0500] GET /api/am/devportal/v2/apis/a9eff00c-8aee-4ca5-8e6e-3d5df6468875/ratings HTTP/1.1 200 125 https://localhost:9443/devportal/apis/a9eff00c-8aee-4ca5-8e6e-3d5df6468875/overview Mozilla/5.0 (Windows NT 10.0; Win64; x64) AppleWebKit/537.36 (KHTML, like Gecko) Chrome/114.0.0.0 Safari/537.36 0.030
0:0:0:0:0:0:0:1 - - [23/Jun/2023:12:06:00 +0500] GET /api/am/devportal/v2/apis/a9eff00c-8aee-4ca5-8e6e-3d5df6468875 HTTP/1.1 200 1171 https://localhost:9443/devportal/apis/a9eff00c-8aee-4ca5-8e6e-3d5df6468875/test Mozilla/5.0 (Windows NT 10.0; Win64; x64) AppleWebKit/537.36 (KHTML, like Gecko) Chrome/114.0.0.0 Safari/537.36 0.024
0:0:0:0:0:0:0:1 - - [23/Jun/2023:12:06:00 +0500] GET /api/am/devportal/v2/apis/a9eff00c-8aee-4ca5-8e6e-3d5df6468875/swagger?environmentName=Default HTTP/1.1 200 489 https://localhost:9443/devportal/apis/a9eff00c-8aee-4ca5-8e6e-3d5df6468875/test Mozilla/5.0 (Windows NT 10.0; Win64; x64) AppleWebKit/537.36 (KHTML, like Gecko) Chrome/114.0.0.0 Safari/537.36 0.054
0:0:0:0:0:0:0:1 - - [23/Jun/2023:12:06:01 +0500] GET /api/am/devportal/v2/swagger.yaml HTTP/1.1 200 23493 https://localhost:9443/devportal/apis/a9eff00c-8aee-4ca5-8e6e-3d5df6468875/test Mozilla/5.0 (Windows NT 10.0; Win64; x64) AppleWebKit/537.36 (KHTML, like Gecko) Chrome/114.0.0.0 Safari/537.36 0.013
127.0.0.1 - - [23/Jun/2023:12:06:01 +0500] GET /oauth2/token/.well-known/openid-configuration HTTP/1.1 200 2245 - Apache-HttpClient/4.5.13 (Java/11.0.18) 0.006
0:0:0:0:0:0:0:1 - - [23/Jun/2023:12:06:01 +0500] GET /api/am/devportal/v2/key-managers HTTP/1.1 200 755 https://localhost:9443/devportal/apis/a9eff00c-8aee-4ca5-8e6e-3d5df6468875/test Mozilla/5.0 (Windows NT 10.0; Win64; x64) AppleWebKit/537.36 (KHTML, like Gecko) Chrome/114.0.0.0 Safari/537.36 0.080
127.0.0.1 - - [23/Jun/2023:12:06:01 +0500] GET /keymanager-operations/dcr/register/UW1XanBNbUZfYnJYZ2Y5YjQ2eVFUaklubkRnYQ%3D%3D HTTP/1.1 200 515 - Apache-HttpClient/4.5.13 (Java/11.0.18) 0.016
0:0:0:0:0:0:0:1 - - [23/Jun/2023:12:06:01 +0500] GET /api/am/devportal/v2/subscriptions?apiId=a9eff00c-8aee-4ca5-8e6e-3d5df6468875&limit=25 HTTP/1.1 200 656 https://localhost:9443/devportal/apis/a9eff00c-8aee-4ca5-8e6e-3d5df6468875/test Mozilla/5.0 (Windows NT 10.0; Win64; x64) AppleWebKit/537.36 (KHTML, like Gecko) Chrome/114.0.0.0 Safari/537.36 0.117
127.0.0.1 - - [23/Jun/2023:12:06:01 +0500] GET /keymanager-operations/dcr/register/UW1XanBNbUZfYnJYZ2Y5YjQ2eVFUaklubkRnYQ%3D%3D HTTP/1.1 200 515 - Apache-HttpClient/4.5.13 (Java/11.0.18) 0.005
0:0:0:0:0:0:0:1 - - [23/Jun/2023:12:06:01 +0500] GET /api/am/devportal/v2/subscriptions?apiId=a9eff00c-8aee-4ca5-8e6e-3d5df6468875&limit=25 HTTP/1.1 200 656 https://localhost:9443/devportal/apis/a9eff00c-8aee-4ca5-8e6e-3d5df6468875/test Mozilla/5.0 (Windows NT 10.0; Win64; x64) AppleWebKit/537.36 (KHTML, like Gecko) Chrome/114.0.0.0 Safari/537.36 0.039
0:0:0:0:0:0:0:1 - - [23/Jun/2023:12:06:01 +0500] GET /api/am/devportal/v2/applications/ HTTP/1.1 200 979 https://localhost:9443/devportal/apis/a9eff00c-8aee-4ca5-8e6e-3d5df6468875/test Mozilla/5.0 (Windows NT 10.0; Win64; x64) AppleWebKit/537.36 (KHTML, like Gecko) Chrome/114.0.0.0 Safari/537.36 0.017
0:0:0:0:0:0:0:1 - - [23/Jun/2023:12:06:01 +0500] GET /api/am/devportal/v2/swagger.yaml HTTP/1.1 200 23493 https://localhost:9443/devportal/apis/a9eff00c-8aee-4ca5-8e6e-3d5df6468875/test Mozilla/5.0 (Windows NT 10.0; Win64; x64) AppleWebKit/537.36 (KHTML, like Gecko) Chrome/114.0.0.0 Safari/537.36 0.013
127.0.0.1 - - [23/Jun/2023:12:06:01 +0500] GET /keymanager-operations/dcr/register/UW1XanBNbUZfYnJYZ2Y5YjQ2eVFUaklubkRnYQ%3D%3D HTTP/1.1 200 515 - Apache-HttpClient/4.5.13 (Java/11.0.18) 0.011
0:0:0:0:0:0:0:1 - - [23/Jun/2023:12:06:01 +0500] GET /api/am/devportal/v2/applications/42c4aa1a-258d-44a0-a858-5c2ed1cd2856 HTTP/1.1 200 288 https://localhost:9443/devportal/apis/a9eff00c-8aee-4ca5-8e6e-3d5df6468875/test Mozilla/5.0 (Windows NT 10.0; Win64; x64) AppleWebKit/537.36 (KHTML, like Gecko) Chrome/114.0.0.0 Safari/537.36 0.025
127.0.0.1 - - [23/Jun/2023:12:06:01 +0500] GET /keymanager-operations/dcr/register/UW1XanBNbUZfYnJYZ2Y5YjQ2eVFUaklubkRnYQ%3D%3D HTTP/1.1 200 515 - Apache-HttpClient/4.5.13 (Java/11.0.18) 0.005
0:0:0:0:0:0:0:1 - - [23/Jun/2023:12:06:01 +0500] GET /api/am/devportal/v2/applications/42c4aa1a-258d-44a0-a858-5c2ed1cd2856/oauth-keys HTTP/1.1 200 663 https://localhost:9443/devportal/apis/a9eff00c-8aee-4ca5-8e6e-3d5df6468875/test Mozilla/5.0 (Windows NT 10.0; Win64; x64) AppleWebKit/537.36 (KHTML, like Gecko) Chrome/114.0.0.0 Safari/537.36 0.020
0:0:0:0:0:0:0:1 - - [23/Jun/2023:12:06:02 +0500] GET /api/am/devportal/v2/swagger.yaml HTTP/1.1 200 23493 https://localhost:9443/devportal/apis/a9eff00c-8aee-4ca5-8e6e-3d5df6468875/test Mozilla/5.0 (Windows NT 10.0; Win64; x64) AppleWebKit/537.36 (KHTML, like Gecko) Chrome/114.0.0.0 Safari/537.36 0.015
0:0:0:0:0:0:0:1 - - [23/Jun/2023:12:06:02 +0500] GET /api/am/devportal/v2/swagger.yaml HTTP/1.1 200 23493 https://localhost:9443/devportal/apis/a9eff00c-8aee-4ca5-8e6e-3d5df6468875/test Mozilla/5.0 (Windows NT 10.0; Win64; x64) AppleWebKit/537.36 (KHTML, like Gecko) Chrome/114.0.0.0 Safari/537.36 0.012
127.0.0.1 - - [23/Jun/2023:12:06:02 +0500] GET /keymanager-operations/dcr/register/UW1XanBNbUZfYnJYZ2Y5YjQ2eVFUaklubkRnYQ%3D%3D HTTP/1.1 200 515 - Apache-HttpClient/4.5.13 (Java/11.0.18) 0.012
0:0:0:0:0:0:0:1 - - [23/Jun/2023:12:06:02 +0500] GET /api/am/devportal/v2/applications/42c4aa1a-258d-44a0-a858-5c2ed1cd2856 HTTP/1.1 200 288 https://localhost:9443/devportal/apis/a9eff00c-8aee-4ca5-8e6e-3d5df6468875/test Mozilla/5.0 (Windows NT 10.0; Win64; x64) AppleWebKit/537.36 (KHTML, like Gecko) Chrome/114.0.0.0 Safari/537.36 0.023
127.0.0.1 - - [23/Jun/2023:12:06:02 +0500] GET /keymanager-operations/dcr/register/UW1XanBNbUZfYnJYZ2Y5YjQ2eVFUaklubkRnYQ%3D%3D HTTP/1.1 200 515 - Apache-HttpClient/4.5.13 (Java/11.0.18) 0.011
0:0:0:0:0:0:0:1 - - [23/Jun/2023:12:06:02 +0500] GET /api/am/devportal/v2/applications/42c4aa1a-258d-44a0-a858-5c2ed1cd2856 HTTP/1.1 200 288 https://localhost:9443/devportal/apis/a9eff00c-8aee-4ca5-8e6e-3d5df6468875/test Mozilla/5.0 (Windows NT 10.0; Win64; x64) AppleWebKit/537.36 (KHTML, like Gecko) Chrome/114.0.0.0 Safari/537.36 0.024
127.0.0.1 - - [23/Jun/2023:12:06:02 +0500] GET /keymanager-operations/dcr/register/UW1XanBNbUZfYnJYZ2Y5YjQ2eVFUaklubkRnYQ%3D%3D HTTP/1.1 200 515 - Apache-HttpClient/4.5.13 (Java/11.0.18) 0.015
0:0:0:0:0:0:0:1 - - [23/Jun/2023:12:06:02 +0500] GET /api/am/devportal/v2/applications/42c4aa1a-258d-44a0-a858-5c2ed1cd2856/oauth-keys HTTP/1.1 200 663 https://localhost:9443/devportal/apis/a9eff00c-8aee-4ca5-8e6e-3d5df6468875/test Mozilla/5.0 (Windows NT 10.0; Win64; x64) AppleWebKit/537.36 (KHTML, like Gecko) Chrome/114.0.0.0 Safari/537.36 0.043
127.0.0.1 - - [23/Jun/2023:12:06:02 +0500] GET /keymanager-operations/dcr/register/UW1XanBNbUZfYnJYZ2Y5YjQ2eVFUaklubkRnYQ%3D%3D HTTP/1.1 200 515 - Apache-HttpClient/4.5.13 (Java/11.0.18) 0.010
0:0:0:0:0:0:0:1 - - [23/Jun/2023:12:06:02 +0500] GET /api/am/devportal/v2/applications/42c4aa1a-258d-44a0-a858-5c2ed1cd2856/oauth-keys HTTP/1.1 200 663 https://localhost:9443/devportal/apis/a9eff00c-8aee-4ca5-8e6e-3d5df6468875/test Mozilla/5.0 (Windows NT 10.0; Win64; x64) AppleWebKit/537.36 (KHTML, like Gecko) Chrome/114.0.0.0 Safari/537.36 0.022
0:0:0:0:0:0:0:1 - - [23/Jun/2023:12:06:04 +0500] GET /api/am/devportal/v2/swagger.yaml HTTP/1.1 200 23493 https://localhost:9443/devportal/apis/a9eff00c-8aee-4ca5-8e6e-3d5df6468875/test Mozilla/5.0 (Windows NT 10.0; Win64; x64) AppleWebKit/537.36 (KHTML, like Gecko) Chrome/114.0.0.0 Safari/537.36 0.015
127.0.0.1 - - [23/Jun/2023:12:06:04 +0500] GET /keymanager-operations/dcr/register/UW1XanBNbUZfYnJYZ2Y5YjQ2eVFUaklubkRnYQ%3D%3D HTTP/1.1 200 515 - Apache-HttpClient/4.5.13 (Java/11.0.18) 0.008
0:0:0:0:0:0:0:1 - - [23/Jun/2023:12:06:04 +0500] GET /api/am/devportal/v2/applications/42c4aa1a-258d-44a0-a858-5c2ed1cd2856 HTTP/1.1 200 288 https://localhost:9443/devportal/apis/a9eff00c-8aee-4ca5-8e6e-3d5df6468875/test Mozilla/5.0 (Windows NT 10.0; Win64; x64) AppleWebKit/537.36 (KHTML, like Gecko) Chrome/114.0.0.0 Safari/537.36 0.021
127.0.0.1 - - [23/Jun/2023:12:06:04 +0500] GET /keymanager-operations/dcr/register/UW1XanBNbUZfYnJYZ2Y5YjQ2eVFUaklubkRnYQ%3D%3D HTTP/1.1 200 515 - Apache-HttpClient/4.5.13 (Java/11.0.18) 0.007
