0:0:0:0:0:0:0:1 - - [10/May/2023:16:31:56 +0500] GET /api/am/devportal/v2/applications?limit=5000 HTTP/1.1 200 553 https://localhost:9443/devportal/apis/a7a6f198-2961-422a-9ba4-7dd81d27f2dc/overview Mozilla/5.0 (Windows NT 10.0; Win64; x64) AppleWebKit/537.36 (KHTML, like Gecko) Chrome/112.0.0.0 Safari/537.36 0.035
127.0.0.1 - - [10/May/2023:16:31:56 +0500] GET /keymanager-operations/dcr/register/NU1taEFTeEo5NEVmYjdxM3V4U0FQTDJpSG84YQ%3D%3D HTTP/1.1 200 515 - Apache-HttpClient/4.5.13 (Java/11.0.18) 0.008
0:0:0:0:0:0:0:1 - - [10/May/2023:16:31:56 +0500] GET /api/am/devportal/v2/subscriptions?apiId=a7a6f198-2961-422a-9ba4-7dd81d27f2dc&limit=25 HTTP/1.1 200 735 https://localhost:9443/devportal/apis/a7a6f198-2961-422a-9ba4-7dd81d27f2dc/overview Mozilla/5.0 (Windows NT 10.0; Win64; x64) AppleWebKit/537.36 (KHTML, like Gecko) Chrome/112.0.0.0 Safari/537.36 0.096
0:0:0:0:0:0:0:1 - - [10/May/2023:16:31:56 +0500] GET /api/am/devportal/v2/subscriptions?apiId=a7a6f198-2961-422a-9ba4-7dd81d27f2dc&limit=5000 HTTP/1.1 200 735 https://localhost:9443/devportal/apis/a7a6f198-2961-422a-9ba4-7dd81d27f2dc/overview Mozilla/5.0 (Windows NT 10.0; Win64; x64) AppleWebKit/537.36 (KHTML, like Gecko) Chrome/112.0.0.0 Safari/537.36 0.055
0:0:0:0:0:0:0:1 - - [10/May/2023:16:31:56 +0500] GET /devportal/site/public/dist/vendors~APIComments~APIOverview~ApplicationDetails.87a2f2161f16e1ebc95c.bundle.js HTTP/1.1 200 5400 https://localhost:9443/devportal/apis/a7a6f198-2961-422a-9ba4-7dd81d27f2dc/overview Mozilla/5.0 (Windows NT 10.0; Win64; x64) AppleWebKit/537.36 (KHTML, like Gecko) Chrome/112.0.0.0 Safari/537.36 0.005
0:0:0:0:0:0:0:1 - - [10/May/2023:16:31:56 +0500] GET /devportal/site/public/dist/APIComments.556f8b209379e7d93f7a.bundle.js HTTP/1.1 200 8382 https://localhost:9443/devportal/apis/a7a6f198-2961-422a-9ba4-7dd81d27f2dc/overview Mozilla/5.0 (Windows NT 10.0; Win64; x64) AppleWebKit/537.36 (KHTML, like Gecko) Chrome/112.0.0.0 Safari/537.36 0.004
0:0:0:0:0:0:0:1 - - [10/May/2023:16:31:56 +0500] GET /devportal/site/public/dist/vendors~APIDocuments~APIOverview.6e9016b2541da23523a5.bundle.js HTTP/1.1 200 86891 https://localhost:9443/devportal/apis/a7a6f198-2961-422a-9ba4-7dd81d27f2dc/overview Mozilla/5.0 (Windows NT 10.0; Win64; x64) AppleWebKit/537.36 (KHTML, like Gecko) Chrome/112.0.0.0 Safari/537.36 0.024
0:0:0:0:0:0:0:1 - - [10/May/2023:16:31:56 +0500] GET /devportal/site/public/dist/APIOverview.f8126125ca0837b4fd59.bundle.js HTTP/1.1 200 11676 https://localhost:9443/devportal/apis/a7a6f198-2961-422a-9ba4-7dd81d27f2dc/overview Mozilla/5.0 (Windows NT 10.0; Win64; x64) AppleWebKit/537.36 (KHTML, like Gecko) Chrome/112.0.0.0 Safari/537.36 0.005
0:0:0:0:0:0:0:1 - - [10/May/2023:16:31:56 +0500] GET /api/am/devportal/v2/throttling-policies/subscription HTTP/1.1 200 634 https://localhost:9443/devportal/apis/a7a6f198-2961-422a-9ba4-7dd81d27f2dc/overview Mozilla/5.0 (Windows NT 10.0; Win64; x64) AppleWebKit/537.36 (KHTML, like Gecko) Chrome/112.0.0.0 Safari/537.36 0.009
0:0:0:0:0:0:0:1 - - [10/May/2023:16:31:56 +0500] GET /api/am/devportal/v2/apis/a7a6f198-2961-422a-9ba4-7dd81d27f2dc/documents HTTP/1.1 200 92 https://localhost:9443/devportal/apis/a7a6f198-2961-422a-9ba4-7dd81d27f2dc/overview Mozilla/5.0 (Windows NT 10.0; Win64; x64) AppleWebKit/537.36 (KHTML, like Gecko) Chrome/112.0.0.0 Safari/537.36 0.019
0:0:0:0:0:0:0:1 - - [10/May/2023:16:31:56 +0500] GET /api/am/devportal/v2/throttling-policies/subscription HTTP/1.1 200 634 https://localhost:9443/devportal/apis/a7a6f198-2961-422a-9ba4-7dd81d27f2dc/overview Mozilla/5.0 (Windows NT 10.0; Win64; x64) AppleWebKit/537.36 (KHTML, like Gecko) Chrome/112.0.0.0 Safari/537.36 0.007
0:0:0:0:0:0:0:1 - - [10/May/2023:16:31:56 +0500] GET /api/am/devportal/v2/apis/a7a6f198-2961-422a-9ba4-7dd81d27f2dc/documents HTTP/1.1 200 92 https://localhost:9443/devportal/apis/a7a6f198-2961-422a-9ba4-7dd81d27f2dc/overview Mozilla/5.0 (Windows NT 10.0; Win64; x64) AppleWebKit/537.36 (KHTML, like Gecko) Chrome/112.0.0.0 Safari/537.36 0.017
0:0:0:0:0:0:0:1 - - [10/May/2023:16:31:56 +0500] GET /api/am/devportal/v2/apis/a7a6f198-2961-422a-9ba4-7dd81d27f2dc/thumbnail HTTP/1.1 204 - https://localhost:9443/devportal/apis/a7a6f198-2961-422a-9ba4-7dd81d27f2dc/overview Mozilla/5.0 (Windows NT 10.0; Win64; x64) AppleWebKit/537.36 (KHTML, like Gecko) Chrome/112.0.0.0 Safari/537.36 0.014
0:0:0:0:0:0:0:1 - - [10/May/2023:16:31:56 +0500] GET /api/am/devportal/v2/apis/a7a6f198-2961-422a-9ba4-7dd81d27f2dc/comments?limit=5&offset=0 HTTP/1.1 200 101 https://localhost:9443/devportal/apis/a7a6f198-2961-422a-9ba4-7dd81d27f2dc/overview Mozilla/5.0 (Windows NT 10.0; Win64; x64) AppleWebKit/537.36 (KHTML, like Gecko) Chrome/112.0.0.0 Safari/537.36 0.021
0:0:0:0:0:0:0:1 - - [10/May/2023:16:31:56 +0500] GET /api/am/devportal/v2/apis/a7a6f198-2961-422a-9ba4-7dd81d27f2dc/ratings HTTP/1.1 200 125 https://localhost:9443/devportal/apis/a7a6f198-2961-422a-9ba4-7dd81d27f2dc/overview Mozilla/5.0 (Windows NT 10.0; Win64; x64) AppleWebKit/537.36 (KHTML, like Gecko) Chrome/112.0.0.0 Safari/537.36 0.013
0:0:0:0:0:0:0:1 - - [10/May/2023:16:31:57 +0500] GET /devportal/site/public/images/leftMenuBack.png HTTP/1.1 200 5308 https://localhost:9443/devportal/apis/a7a6f198-2961-422a-9ba4-7dd81d27f2dc/overview Mozilla/5.0 (Windows NT 10.0; Win64; x64) AppleWebKit/537.36 (KHTML, like Gecko) Chrome/112.0.0.0 Safari/537.36 0.002
0:0:0:0:0:0:0:1 - - [10/May/2023:16:32:01 +0500] GET /api/am/publisher/v3/apis/a7a6f198-2961-422a-9ba4-7dd81d27f2dc/swagger HTTP/1.1 200 2078 https://localhost:9443/publisher/apis/a7a6f198-2961-422a-9ba4-7dd81d27f2dc/resources Mozilla/5.0 (Windows NT 10.0; Win64; x64) AppleWebKit/537.36 (KHTML, like Gecko) Chrome/112.0.0.0 Safari/537.36 0.027
0:0:0:0:0:0:0:1 - - [10/May/2023:16:32:01 +0500] GET /api/am/publisher/v3/apis/a7a6f198-2961-422a-9ba4-7dd81d27f2dc/amznResourceNames HTTP/1.1 204 - https://localhost:9443/publisher/apis/a7a6f198-2961-422a-9ba4-7dd81d27f2dc/resources Mozilla/5.0 (Windows NT 10.0; Win64; x64) AppleWebKit/537.36 (KHTML, like Gecko) Chrome/112.0.0.0 Safari/537.36 0.021
0:0:0:0:0:0:0:1 - - [10/May/2023:16:32:01 +0500] GET /api/am/publisher/v3/scopes HTTP/1.1 200 92 https://localhost:9443/publisher/apis/a7a6f198-2961-422a-9ba4-7dd81d27f2dc/resources Mozilla/5.0 (Windows NT 10.0; Win64; x64) AppleWebKit/537.36 (KHTML, like Gecko) Chrome/112.0.0.0 Safari/537.36 0.015
0:0:0:0:0:0:0:1 - - [10/May/2023:16:32:01 +0500] GET /api/am/publisher/v3/throttling-policies/api?limit=80 HTTP/1.1 200 395 https://localhost:9443/publisher/apis/a7a6f198-2961-422a-9ba4-7dd81d27f2dc/resources Mozilla/5.0 (Windows NT 10.0; Win64; x64) AppleWebKit/537.36 (KHTML, like Gecko) Chrome/112.0.0.0 Safari/537.36 0.025
0:0:0:0:0:0:0:1 - - [10/May/2023:16:33:20 +0500] - 400 - - - 0.000
0:0:0:0:0:0:0:1 - - [10/May/2023:16:33:21 +0500] PUT /api/am/publisher/v3/apis/a7a6f198-2961-422a-9ba4-7dd81d27f2dc/swagger HTTP/1.1 200 2097 https://localhost:9443/publisher/apis/a7a6f198-2961-422a-9ba4-7dd81d27f2dc/resources Mozilla/5.0 (Windows NT 10.0; Win64; x64) AppleWebKit/537.36 (KHTML, like Gecko) Chrome/112.0.0.0 Safari/537.36 1.496
0:0:0:0:0:0:0:1 - - [10/May/2023:16:33:22 +0500] GET /api/am/publisher/v3/apis/a7a6f198-2961-422a-9ba4-7dd81d27f2dc HTTP/1.1 200 1384 https://localhost:9443/publisher/apis/a7a6f198-2961-422a-9ba4-7dd81d27f2dc/resources Mozilla/5.0 (Windows NT 10.0; Win64; x64) AppleWebKit/537.36 (KHTML, like Gecko) Chrome/112.0.0.0 Safari/537.36 0.023
127.0.0.1 - - [10/May/2023:16:33:22 +0500] GET /internal/data/v1/apis?context=/pizzashack/1.0.0&version=1.0.0&gatewayLabel=Default HTTP/1.1 200 972 - Apache-HttpClient/4.5.13 (Java/11.0.18) 0.014
0:0:0:0:0:0:0:1 - - [10/May/2023:16:33:32 +0500] GET /api/am/publisher/v3/apis/a7a6f198-2961-422a-9ba4-7dd81d27f2dc/swagger HTTP/1.1 200 2097 https://localhost:9443/publisher/apis/a7a6f198-2961-422a-9ba4-7dd81d27f2dc/policies Mozilla/5.0 (Windows NT 10.0; Win64; x64) AppleWebKit/537.36 (KHTML, like Gecko) Chrome/112.0.0.0 Safari/537.36 0.042
0:0:0:0:0:0:0:1 - - [10/May/2023:16:33:32 +0500] - 400 - - - 0.000
0:0:0:0:0:0:0:1 - - [10/May/2023:16:33:32 +0500] - 400 - - - 0.000
0:0:0:0:0:0:0:1 - - [10/May/2023:16:33:32 +0500] GET /api/am/publisher/v3/apis/a7a6f198-2961-422a-9ba4-7dd81d27f2dc/operation-policies?limit=500 HTTP/1.1 200 417 https://localhost:9443/publisher/apis/a7a6f198-2961-422a-9ba4-7dd81d27f2dc/policies Mozilla/5.0 (Windows NT 10.0; Win64; x64) AppleWebKit/537.36 (KHTML, like Gecko) Chrome/112.0.0.0 Safari/537.36 0.037
0:0:0:0:0:0:0:1 - - [10/May/2023:16:33:32 +0500] GET /api/am/publisher/v3/operation-policies?limit=500 HTTP/1.1 200 4350 https://localhost:9443/publisher/apis/a7a6f198-2961-422a-9ba4-7dd81d27f2dc/policies Mozilla/5.0 (Windows NT 10.0; Win64; x64) AppleWebKit/537.36 (KHTML, like Gecko) Chrome/112.0.0.0 Safari/537.36 0.026
0:0:0:0:0:0:0:1 - - [10/May/2023:16:35:19 +0500] - 400 - - - 0.000
0:0:0:0:0:0:0:1 - - [10/May/2023:16:35:19 +0500] DELETE /api/am/publisher/v3/apis/a7a6f198-2961-422a-9ba4-7dd81d27f2dc/operation-policies/c1172933-5514-4156-ba40-d66459da4675 HTTP/1.1 500 333 https://localhost:9443/publisher/apis/a7a6f198-2961-422a-9ba4-7dd81d27f2dc/policies Mozilla/5.0 (Windows NT 10.0; Win64; x64) AppleWebKit/537.36 (KHTML, like Gecko) Chrome/112.0.0.0 Safari/537.36 0.366
0:0:0:0:0:0:0:1 - - [10/May/2023:16:36:01 +0500] - 400 - - - 0.000
127.0.0.1 - - [10/May/2023:16:36:01 +0500] POST /oauth2/token HTTP/1.1 200 2152 - Jakarta Commons-HttpClient/3.1 0.060
0:0:0:0:0:0:0:1 - - [10/May/2023:16:36:01 +0500] POST /publisher/services/refresh/refresh.jag HTTP/1.1 200 2 https://localhost:9443/publisher/apis/a7a6f198-2961-422a-9ba4-7dd81d27f2dc/policies Mozilla/5.0 (Windows NT 10.0; Win64; x64) AppleWebKit/537.36 (KHTML, like Gecko) Chrome/112.0.0.0 Safari/537.36 0.227
127.0.0.1 - - [10/May/2023:16:36:01 +0500] POST /internal/data/v1/notify HTTP/1.1 200 - - Apache-HttpClient/4.5.13 (Java/11.0.18) 0.011
0:0:0:0:0:0:0:1 - - [10/May/2023:16:36:01 +0500] POST /api/am/publisher/v3/apis/a7a6f198-2961-422a-9ba4-7dd81d27f2dc/operation-policies HTTP/1.1 201 320 https://localhost:9443/publisher/apis/a7a6f198-2961-422a-9ba4-7dd81d27f2dc/policies Mozilla/5.0 (Windows NT 10.0; Win64; x64) AppleWebKit/537.36 (KHTML, like Gecko) Chrome/112.0.0.0 Safari/537.36 0.037
0:0:0:0:0:0:0:1 - - [10/May/2023:16:36:01 +0500] - 400 - - - 0.000
0:0:0:0:0:0:0:1 - - [10/May/2023:16:36:01 +0500] GET /api/am/publisher/v3/apis/a7a6f198-2961-422a-9ba4-7dd81d27f2dc/operation-policies?limit=500 HTTP/1.1 200 738 https://localhost:9443/publisher/apis/a7a6f198-2961-422a-9ba4-7dd81d27f2dc/policies Mozilla/5.0 (Windows NT 10.0; Win64; x64) AppleWebKit/537.36 (KHTML, like Gecko) Chrome/112.0.0.0 Safari/537.36 0.020
0:0:0:0:0:0:0:1 - - [10/May/2023:16:36:01 +0500] GET /api/am/publisher/v3/operation-policies?limit=500 HTTP/1.1 200 4350 https://localhost:9443/publisher/apis/a7a6f198-2961-422a-9ba4-7dd81d27f2dc/policies Mozilla/5.0 (Windows NT 10.0; Win64; x64) AppleWebKit/537.36 (KHTML, like Gecko) Chrome/112.0.0.0 Safari/537.36 0.019
0:0:0:0:0:0:0:1 - - [10/May/2023:16:36:22 +0500] PUT /api/am/publisher/v3/apis/a7a6f198-2961-422a-9ba4-7dd81d27f2dc HTTP/1.1 200 1397 https://localhost:9443/publisher/apis/a7a6f198-2961-422a-9ba4-7dd81d27f2dc/policies Mozilla/5.0 (Windows NT 10.0; Win64; x64) AppleWebKit/537.36 (KHTML, like Gecko) Chrome/112.0.0.0 Safari/537.36 1.284
0:0:0:0:0:0:0:1 - - [10/May/2023:16:36:23 +0500] GET /api/am/publisher/v3/apis/a7a6f198-2961-422a-9ba4-7dd81d27f2dc/swagger HTTP/1.1 200 2097 https://localhost:9443/publisher/apis/a7a6f198-2961-422a-9ba4-7dd81d27f2dc/policies Mozilla/5.0 (Windows NT 10.0; Win64; x64) AppleWebKit/537.36 (KHTML, like Gecko) Chrome/112.0.0.0 Safari/537.36 0.027
0:0:0:0:0:0:0:1 - - [10/May/2023:16:36:23 +0500] GET /api/am/publisher/v3/apis/a7a6f198-2961-422a-9ba4-7dd81d27f2dc/operation-policies?limit=500 HTTP/1.1 200 738 https://localhost:9443/publisher/apis/a7a6f198-2961-422a-9ba4-7dd81d27f2dc/policies Mozilla/5.0 (Windows NT 10.0; Win64; x64) AppleWebKit/537.36 (KHTML, like Gecko) Chrome/112.0.0.0 Safari/537.36 0.009
0:0:0:0:0:0:0:1 - - [10/May/2023:16:36:23 +0500] GET /api/am/publisher/v3/operation-policies?limit=500 HTTP/1.1 200 4350 https://localhost:9443/publisher/apis/a7a6f198-2961-422a-9ba4-7dd81d27f2dc/policies Mozilla/5.0 (Windows NT 10.0; Win64; x64) AppleWebKit/537.36 (KHTML, like Gecko) Chrome/112.0.0.0 Safari/537.36 0.017
127.0.0.1 - - [10/May/2023:16:36:24 +0500] GET /internal/data/v1/apis?context=/pizzashack/1.0.0&version=1.0.0&gatewayLabel=Default HTTP/1.1 200 972 - Apache-HttpClient/4.5.13 (Java/11.0.18) 0.014
0:0:0:0:0:0:0:1 - - [10/May/2023:16:36:24 +0500] GET /api/am/publisher/v3/apis/a7a6f198-2961-422a-9ba4-7dd81d27f2dc/asyncapi HTTP/1.1 200 - https://localhost:9443/publisher/apis/a7a6f198-2961-422a-9ba4-7dd81d27f2dc/deployments Mozilla/5.0 (Windows NT 10.0; Win64; x64) AppleWebKit/537.36 (KHTML, like Gecko) Chrome/112.0.0.0 Safari/537.36 0.023
0:0:0:0:0:0:0:1 - - [10/May/2023:16:36:31 +0500] POST /api/am/publisher/v3/apis/a7a6f198-2961-422a-9ba4-7dd81d27f2dc/revisions HTTP/1.1 201 193 https://localhost:9443/publisher/apis/a7a6f198-2961-422a-9ba4-7dd81d27f2dc/deployments Mozilla/5.0 (Windows NT 10.0; Win64; x64) AppleWebKit/537.36 (KHTML, like Gecko) Chrome/112.0.0.0 Safari/537.36 0.263
0:0:0:0:0:0:0:1 - - [10/May/2023:16:36:31 +0500] POST /api/am/publisher/v3/apis/a7a6f198-2961-422a-9ba4-7dd81d27f2dc/deploy-revision?revisionId=307c2502-de3a-48cc-a9ff-1bdf8b14e20d HTTP/1.1 201 176 https://localhost:9443/publisher/apis/a7a6f198-2961-422a-9ba4-7dd81d27f2dc/deployments Mozilla/5.0 (Windows NT 10.0; Win64; x64) AppleWebKit/537.36 (KHTML, like Gecko) Chrome/112.0.0.0 Safari/537.36 0.048
127.0.0.1 - - [10/May/2023:16:36:32 +0500] GET /internal/data/v1/apis?context=/pizzashack/1.0.0&version=1.0.0&gatewayLabel=Default HTTP/1.1 200 972 - Apache-HttpClient/4.5.13 (Java/11.0.18) 0.013
0:0:0:0:0:0:0:1 - - [10/May/2023:16:36:32 +0500] GET /api/am/publisher/v3/apis/a7a6f198-2961-422a-9ba4-7dd81d27f2dc/revisions HTTP/1.1 200 792 https://localhost:9443/publisher/apis/a7a6f198-2961-422a-9ba4-7dd81d27f2dc/deployments Mozilla/5.0 (Windows NT 10.0; Win64; x64) AppleWebKit/537.36 (KHTML, like Gecko) Chrome/112.0.0.0 Safari/537.36 0.012
0:0:0:0:0:0:0:1 - - [10/May/2023:16:36:32 +0500] - 400 - - - 0.000
0:0:0:0:0:0:0:1 - - [10/May/2023:16:36:32 +0500] GET /api/am/publisher/v3/apis/a7a6f198-2961-422a-9ba4-7dd81d27f2dc/asyncapi HTTP/1.1 200 - https://localhost:9443/publisher/apis/a7a6f198-2961-422a-9ba4-7dd81d27f2dc/deployments Mozilla/5.0 (Windows NT 10.0; Win64; x64) AppleWebKit/537.36 (KHTML, like Gecko) Chrome/112.0.0.0 Safari/537.36 0.033
0:0:0:0:0:0:0:1 - - [10/May/2023:16:36:32 +0500] GET /api/am/publisher/v3/apis/a7a6f198-2961-422a-9ba4-7dd81d27f2dc/revisions?query=deployed%3Atrue HTTP/1.1 200 388 https://localhost:9443/publisher/apis/a7a6f198-2961-422a-9ba4-7dd81d27f2dc/deployments Mozilla/5.0 (Windows NT 10.0; Win64; x64) AppleWebKit/537.36 (KHTML, like Gecko) Chrome/112.0.0.0 Safari/537.36 0.009
0:0:0:0:0:0:0:1 - - [10/May/2023:16:36:33 +0500] GET /api/am/publisher/v3/apis/a7a6f198-2961-422a-9ba4-7dd81d27f2dc/asyncapi HTTP/1.1 200 - https://localhost:9443/publisher/apis/a7a6f198-2961-422a-9ba4-7dd81d27f2dc/deployments Mozilla/5.0 (Windows NT 10.0; Win64; x64) AppleWebKit/537.36 (KHTML, like Gecko) Chrome/112.0.0.0 Safari/537.36 0.026
0:0:0:0:0:0:0:1 - - [10/May/2023:16:36:33 +0500] GET /api/am/publisher/v3/apis/a7a6f198-2961-422a-9ba4-7dd81d27f2dc/asyncapi HTTP/1.1 200 - https://localhost:9443/publisher/apis/a7a6f198-2961-422a-9ba4-7dd81d27f2dc/deployments Mozilla/5.0 (Windows NT 10.0; Win64; x64) AppleWebKit/537.36 (KHTML, like Gecko) Chrome/112.0.0.0 Safari/537.36 0.024
127.0.0.1 - - [10/May/2023:16:36:37 +0500] GET /internal/data/v1/runtime-artifacts?apiId=a7a6f198-2961-422a-9ba4-7dd81d27f2dc&gatewayLabel=RGVmYXVsdA&type=Synapse HTTP/1.1 200 4889 - Apache-HttpClient/4.5.13 (Java/11.0.18) 0.356
0:0:0:0:0:0:0:1 - - [10/May/2023:16:36:47 +0500] GET /api/am/publisher/v3/apis?limit=10&offset=0 HTTP/1.1 200 584 https://localhost:9443/publisher/apis Mozilla/5.0 (Windows NT 10.0; Win64; x64) AppleWebKit/537.36 (KHTML, like Gecko) Chrome/112.0.0.0 Safari/537.36 0.030
0:0:0:0:0:0:0:1 - - [10/May/2023:16:36:52 +0500] GET /devportal/site/public/dist/9.19a62cd6a9c3410d8be6.bundle.js HTTP/1.1 200 89623 https://localhost:9443/devportal/apis/a7a6f198-2961-422a-9ba4-7dd81d27f2dc/test Mozilla/5.0 (Windows NT 10.0; Win64; x64) AppleWebKit/537.36 (KHTML, like Gecko) Chrome/112.0.0.0 Safari/537.36 0.029
0:0:0:0:0:0:0:1 - - [10/May/2023:16:36:52 +0500] GET /devportal/site/public/dist/3.5fb775e73b1459555d1d.bundle.js HTTP/1.1 200 5285 https://localhost:9443/devportal/apis/a7a6f198-2961-422a-9ba4-7dd81d27f2dc/test Mozilla/5.0 (Windows NT 10.0; Win64; x64) AppleWebKit/537.36 (KHTML, like Gecko) Chrome/112.0.0.0 Safari/537.36 0.004
0:0:0:0:0:0:0:1 - - [10/May/2023:16:36:52 +0500] - 400 - - - 0.000
0:0:0:0:0:0:0:1 - - [10/May/2023:16:36:52 +0500] GET /devportal/site/public/dist/APIConsole.e692d99b83731b72dbe6.bundle.js HTTP/1.1 200 4237 https://localhost:9443/devportal/apis/a7a6f198-2961-422a-9ba4-7dd81d27f2dc/test Mozilla/5.0 (Windows NT 10.0; Win64; x64) AppleWebKit/537.36 (KHTML, like Gecko) Chrome/112.0.0.0 Safari/537.36 0.003
0:0:0:0:0:0:0:1 - - [10/May/2023:16:36:52 +0500] - 400 - - - 0.000
0:0:0:0:0:0:0:1 - - [10/May/2023:16:36:52 +0500] - 400 - - - 0.000
0:0:0:0:0:0:0:1 - - [10/May/2023:16:36:52 +0500] - 400 - - - 0.000
0:0:0:0:0:0:0:1 - - [10/May/2023:16:36:53 +0500] GET /api/am/devportal/v2/applications?limit=5000 HTTP/1.1 200 553 https://localhost:9443/devportal/apis/a7a6f198-2961-422a-9ba4-7dd81d27f2dc/test Mozilla/5.0 (Windows NT 10.0; Win64; x64) AppleWebKit/537.36 (KHTML, like Gecko) Chrome/112.0.0.0 Safari/537.36 0.013
0:0:0:0:0:0:0:1 - - [10/May/2023:16:36:53 +0500] - 400 - - - 0.000
0:0:0:0:0:0:0:1 - - [10/May/2023:16:36:53 +0500] GET /devportal/site/public/images/_favicon.ico HTTP/1.1 200 1150 https://localhost:9443/devportal/apis/a7a6f198-2961-422a-9ba4-7dd81d27f2dc/test Mozilla/5.0 (Windows NT 10.0; Win64; x64) AppleWebKit/537.36 (KHTML, like Gecko) Chrome/112.0.0.0 Safari/537.36 0.002
0:0:0:0:0:0:0:1 - - [10/May/2023:16:36:53 +0500] GET /devportal/site/public/dist/vendors~APIConsole~GraphQLConsole.c00ffdb9a4bac0f7794e.bundle.js HTTP/1.1 200 364418 https://localhost:9443/devportal/apis/a7a6f198-2961-422a-9ba4-7dd81d27f2dc/test Mozilla/5.0 (Windows NT 10.0; Win64; x64) AppleWebKit/537.36 (KHTML, like Gecko) Chrome/112.0.0.0 Safari/537.36 0.154
0:0:0:0:0:0:0:1 - - [10/May/2023:16:36:53 +0500] GET /api/am/devportal/v2/apis/a7a6f198-2961-422a-9ba4-7dd81d27f2dc HTTP/1.1 200 2493 https://localhost:9443/devportal/apis/a7a6f198-2961-422a-9ba4-7dd81d27f2dc/test Mozilla/5.0 (Windows NT 10.0; Win64; x64) AppleWebKit/537.36 (KHTML, like Gecko) Chrome/112.0.0.0 Safari/537.36 0.034
127.0.0.1 - - [10/May/2023:16:36:53 +0500] GET /keymanager-operations/dcr/register/NU1taEFTeEo5NEVmYjdxM3V4U0FQTDJpSG84YQ%3D%3D HTTP/1.1 200 515 - Apache-HttpClient/4.5.13 (Java/11.0.18) 0.008
127.0.0.1 - - [10/May/2023:16:36:53 +0500] GET /keymanager-operations/dcr/register/NU1taEFTeEo5NEVmYjdxM3V4U0FQTDJpSG84YQ%3D%3D HTTP/1.1 200 515 - Apache-HttpClient/4.5.13 (Java/11.0.18) 0.014
0:0:0:0:0:0:0:1 - - [10/May/2023:16:36:53 +0500] GET /api/am/devportal/v2/subscriptions?apiId=a7a6f198-2961-422a-9ba4-7dd81d27f2dc&limit=25 HTTP/1.1 200 735 https://localhost:9443/devportal/apis/a7a6f198-2961-422a-9ba4-7dd81d27f2dc/test Mozilla/5.0 (Windows NT 10.0; Win64; x64) AppleWebKit/537.36 (KHTML, like Gecko) Chrome/112.0.0.0 Safari/537.36 0.085
0:0:0:0:0:0:0:1 - - [10/May/2023:16:36:53 +0500] GET /api/am/devportal/v2/subscriptions?apiId=a7a6f198-2961-422a-9ba4-7dd81d27f2dc&limit=5000 HTTP/1.1 200 735 https://localhost:9443/devportal/apis/a7a6f198-2961-422a-9ba4-7dd81d27f2dc/test Mozilla/5.0 (Windows NT 10.0; Win64; x64) AppleWebKit/537.36 (KHTML, like Gecko) Chrome/112.0.0.0 Safari/537.36 0.078
0:0:0:0:0:0:0:1 - - [10/May/2023:16:36:53 +0500] GET /devportal/site/public/dist/vendors~APIConsole.b84bc27def35d6c9dee0.bundle.js HTTP/1.1 200 1577542 https://localhost:9443/devportal/apis/a7a6f198-2961-422a-9ba4-7dd81d27f2dc/test Mozilla/5.0 (Windows NT 10.0; Win64; x64) AppleWebKit/537.36 (KHTML, like Gecko) Chrome/112.0.0.0 Safari/537.36 0.742
0:0:0:0:0:0:0:1 - - [10/May/2023:16:36:54 +0500] GET /api/am/devportal/v2/apis/a7a6f198-2961-422a-9ba4-7dd81d27f2dc HTTP/1.1 200 2493 https://localhost:9443/devportal/apis/a7a6f198-2961-422a-9ba4-7dd81d27f2dc/test Mozilla/5.0 (Windows NT 10.0; Win64; x64) AppleWebKit/537.36 (KHTML, like Gecko) Chrome/112.0.0.0 Safari/537.36 0.022
0:0:0:0:0:0:0:1 - - [10/May/2023:16:36:54 +0500] GET /api/am/devportal/v2/apis/a7a6f198-2961-422a-9ba4-7dd81d27f2dc/swagger?environmentName=Default HTTP/1.1 200 1774 https://localhost:9443/devportal/apis/a7a6f198-2961-422a-9ba4-7dd81d27f2dc/test Mozilla/5.0 (Windows NT 10.0; Win64; x64) AppleWebKit/537.36 (KHTML, like Gecko) Chrome/112.0.0.0 Safari/537.36 0.017
0:0:0:0:0:0:0:1 - - [10/May/2023:16:36:54 +0500] GET /api/am/devportal/v2/swagger.yaml HTTP/1.1 200 23486 https://localhost:9443/devportal/apis/a7a6f198-2961-422a-9ba4-7dd81d27f2dc/test Mozilla/5.0 (Windows NT 10.0; Win64; x64) AppleWebKit/537.36 (KHTML, like Gecko) Chrome/112.0.0.0 Safari/537.36 0.011
127.0.0.1 - - [10/May/2023:16:36:54 +0500] GET /keymanager-operations/dcr/register/NU1taEFTeEo5NEVmYjdxM3V4U0FQTDJpSG84YQ%3D%3D HTTP/1.1 200 515 - Apache-HttpClient/4.5.13 (Java/11.0.18) 0.008
0:0:0:0:0:0:0:1 - - [10/May/2023:16:36:54 +0500] GET /api/am/devportal/v2/subscriptions?apiId=a7a6f198-2961-422a-9ba4-7dd81d27f2dc&limit=25 HTTP/1.1 200 735 https://localhost:9443/devportal/apis/a7a6f198-2961-422a-9ba4-7dd81d27f2dc/test Mozilla/5.0 (Windows NT 10.0; Win64; x64) AppleWebKit/537.36 (KHTML, like Gecko) Chrome/112.0.0.0 Safari/537.36 0.046
127.0.0.1 - - [10/May/2023:16:36:54 +0500] GET /oauth2/token/.well-known/openid-configuration HTTP/1.1 200 2245 - Apache-HttpClient/4.5.13 (Java/11.0.18) 0.017
0:0:0:0:0:0:0:1 - - [10/May/2023:16:36:54 +0500] GET /api/am/devportal/v2/key-managers HTTP/1.1 200 755 https://localhost:9443/devportal/apis/a7a6f198-2961-422a-9ba4-7dd81d27f2dc/test Mozilla/5.0 (Windows NT 10.0; Win64; x64) AppleWebKit/537.36 (KHTML, like Gecko) Chrome/112.0.0.0 Safari/537.36 0.057
127.0.0.1 - - [10/May/2023:16:36:55 +0500] GET /keymanager-operations/dcr/register/NU1taEFTeEo5NEVmYjdxM3V4U0FQTDJpSG84YQ%3D%3D HTTP/1.1 200 515 - Apache-HttpClient/4.5.13 (Java/11.0.18) 0.006
0:0:0:0:0:0:0:1 - - [10/May/2023:16:36:55 +0500] GET /api/am/devportal/v2/subscriptions?apiId=a7a6f198-2961-422a-9ba4-7dd81d27f2dc&limit=25 HTTP/1.1 200 735 https://localhost:9443/devportal/apis/a7a6f198-2961-422a-9ba4-7dd81d27f2dc/test Mozilla/5.0 (Windows NT 10.0; Win64; x64) AppleWebKit/537.36 (KHTML, like Gecko) Chrome/112.0.0.0 Safari/537.36 0.035
0:0:0:0:0:0:0:1 - - [10/May/2023:16:36:55 +0500] GET /api/am/devportal/v2/applications/ HTTP/1.1 200 551 https://localhost:9443/devportal/apis/a7a6f198-2961-422a-9ba4-7dd81d27f2dc/test Mozilla/5.0 (Windows NT 10.0; Win64; x64) AppleWebKit/537.36 (KHTML, like Gecko) Chrome/112.0.0.0 Safari/537.36 0.009
0:0:0:0:0:0:0:1 - - [10/May/2023:16:36:55 +0500] GET /api/am/devportal/v2/swagger.yaml HTTP/1.1 200 23486 https://localhost:9443/devportal/apis/a7a6f198-2961-422a-9ba4-7dd81d27f2dc/test Mozilla/5.0 (Windows NT 10.0; Win64; x64) AppleWebKit/537.36 (KHTML, like Gecko) Chrome/112.0.0.0 Safari/537.36 0.010
127.0.0.1 - - [10/May/2023:16:36:56 +0500] GET /keymanager-operations/dcr/register/NU1taEFTeEo5NEVmYjdxM3V4U0FQTDJpSG84YQ%3D%3D HTTP/1.1 200 515 - Apache-HttpClient/4.5.13 (Java/11.0.18) 0.004
0:0:0:0:0:0:0:1 - - [10/May/2023:16:36:56 +0500] GET /api/am/devportal/v2/applications/aa31ee01-3d38-48ed-b044-11c78bfc8bd8 HTTP/1.1 200 281 https://localhost:9443/devportal/apis/a7a6f198-2961-422a-9ba4-7dd81d27f2dc/test Mozilla/5.0 (Windows NT 10.0; Win64; x64) AppleWebKit/537.36 (KHTML, like Gecko) Chrome/112.0.0.0 Safari/537.36 0.013
127.0.0.1 - - [10/May/2023:16:36:56 +0500] GET /keymanager-operations/dcr/register/NU1taEFTeEo5NEVmYjdxM3V4U0FQTDJpSG84YQ%3D%3D HTTP/1.1 200 515 - Apache-HttpClient/4.5.13 (Java/11.0.18) 0.005
0:0:0:0:0:0:0:1 - - [10/May/2023:16:36:56 +0500] GET /api/am/devportal/v2/applications/aa31ee01-3d38-48ed-b044-11c78bfc8bd8/oauth-keys HTTP/1.1 200 663 https://localhost:9443/devportal/apis/a7a6f198-2961-422a-9ba4-7dd81d27f2dc/test Mozilla/5.0 (Windows NT 10.0; Win64; x64) AppleWebKit/537.36 (KHTML, like Gecko) Chrome/112.0.0.0 Safari/537.36 0.013
0:0:0:0:0:0:0:1 - - [10/May/2023:16:36:56 +0500] GET /api/am/devportal/v2/swagger.yaml HTTP/1.1 200 23486 https://localhost:9443/devportal/apis/a7a6f198-2961-422a-9ba4-7dd81d27f2dc/test Mozilla/5.0 (Windows NT 10.0; Win64; x64) AppleWebKit/537.36 (KHTML, like Gecko) Chrome/112.0.0.0 Safari/537.36 0.009
0:0:0:0:0:0:0:1 - - [10/May/2023:16:36:56 +0500] GET /api/am/devportal/v2/swagger.yaml HTTP/1.1 200 23486 https://localhost:9443/devportal/apis/a7a6f198-2961-422a-9ba4-7dd81d27f2dc/test Mozilla/5.0 (Windows NT 10.0; Win64; x64) AppleWebKit/537.36 (KHTML, like Gecko) Chrome/112.0.0.0 Safari/537.36 0.010
127.0.0.1 - - [10/May/2023:16:36:56 +0500] GET /keymanager-operations/dcr/register/NU1taEFTeEo5NEVmYjdxM3V4U0FQTDJpSG84YQ%3D%3D HTTP/1.1 200 515 - Apache-HttpClient/4.5.13 (Java/11.0.18) 0.005
0:0:0:0:0:0:0:1 - - [10/May/2023:16:36:56 +0500] GET /api/am/devportal/v2/applications/aa31ee01-3d38-48ed-b044-11c78bfc8bd8 HTTP/1.1 200 281 https://localhost:9443/devportal/apis/a7a6f198-2961-422a-9ba4-7dd81d27f2dc/test Mozilla/5.0 (Windows NT 10.0; Win64; x64) AppleWebKit/537.36 (KHTML, like Gecko) Chrome/112.0.0.0 Safari/537.36 0.014
127.0.0.1 - - [10/May/2023:16:36:56 +0500] GET /keymanager-operations/dcr/register/NU1taEFTeEo5NEVmYjdxM3V4U0FQTDJpSG84YQ%3D%3D HTTP/1.1 200 515 - Apache-HttpClient/4.5.13 (Java/11.0.18) 0.005
0:0:0:0:0:0:0:1 - - [10/May/2023:16:36:56 +0500] GET /api/am/devportal/v2/applications/aa31ee01-3d38-48ed-b044-11c78bfc8bd8 HTTP/1.1 200 281 https://localhost:9443/devportal/apis/a7a6f198-2961-422a-9ba4-7dd81d27f2dc/test Mozilla/5.0 (Windows NT 10.0; Win64; x64) AppleWebKit/537.36 (KHTML, like Gecko) Chrome/112.0.0.0 Safari/537.36 0.015
127.0.0.1 - - [10/May/2023:16:36:56 +0500] GET /keymanager-operations/dcr/register/NU1taEFTeEo5NEVmYjdxM3V4U0FQTDJpSG84YQ%3D%3D HTTP/1.1 200 515 - Apache-HttpClient/4.5.13 (Java/11.0.18) 0.007
0:0:0:0:0:0:0:1 - - [10/May/2023:16:36:56 +0500] GET /api/am/devportal/v2/applications/aa31ee01-3d38-48ed-b044-11c78bfc8bd8/oauth-keys HTTP/1.1 200 663 https://localhost:9443/devportal/apis/a7a6f198-2961-422a-9ba4-7dd81d27f2dc/test Mozilla/5.0 (Windows NT 10.0; Win64; x64) AppleWebKit/537.36 (KHTML, like Gecko) Chrome/112.0.0.0 Safari/537.36 0.017
127.0.0.1 - - [10/May/2023:16:36:56 +0500] GET /keymanager-operations/dcr/register/NU1taEFTeEo5NEVmYjdxM3V4U0FQTDJpSG84YQ%3D%3D HTTP/1.1 200 515 - Apache-HttpClient/4.5.13 (Java/11.0.18) 0.006
0:0:0:0:0:0:0:1 - - [10/May/2023:16:36:56 +0500] GET /api/am/devportal/v2/applications/aa31ee01-3d38-48ed-b044-11c78bfc8bd8/oauth-keys HTTP/1.1 200 663 https://localhost:9443/devportal/apis/a7a6f198-2961-422a-9ba4-7dd81d27f2dc/test Mozilla/5.0 (Windows NT 10.0; Win64; x64) AppleWebKit/537.36 (KHTML, like Gecko) Chrome/112.0.0.0 Safari/537.36 0.015
0:0:0:0:0:0:0:1 - - [10/May/2023:16:37:18 +0500] GET /api/am/devportal/v2/swagger.yaml HTTP/1.1 200 23486 https://localhost:9443/devportal/apis/a7a6f198-2961-422a-9ba4-7dd81d27f2dc/test Mozilla/5.0 (Windows NT 10.0; Win64; x64) AppleWebKit/537.36 (KHTML, like Gecko) Chrome/112.0.0.0 Safari/537.36 0.013
127.0.0.1 - - [10/May/2023:16:37:18 +0500] GET /keymanager-operations/dcr/register/NU1taEFTeEo5NEVmYjdxM3V4U0FQTDJpSG84YQ%3D%3D HTTP/1.1 200 515 - Apache-HttpClient/4.5.13 (Java/11.0.18) 0.007
0:0:0:0:0:0:0:1 - - [10/May/2023:16:37:18 +0500] GET /api/am/devportal/v2/applications/aa31ee01-3d38-48ed-b044-11c78bfc8bd8 HTTP/1.1 200 281 https://localhost:9443/devportal/apis/a7a6f198-2961-422a-9ba4-7dd81d27f2dc/test Mozilla/5.0 (Windows NT 10.0; Win64; x64) AppleWebKit/537.36 (KHTML, like Gecko) Chrome/112.0.0.0 Safari/537.36 0.045
127.0.0.1 - - [10/May/2023:16:37:18 +0500] GET /keymanager-operations/dcr/register/NU1taEFTeEo5NEVmYjdxM3V4U0FQTDJpSG84YQ%3D%3D HTTP/1.1 200 515 - Apache-HttpClient/4.5.13 (Java/11.0.18) 0.005
0:0:0:0:0:0:0:1 - - [10/May/2023:16:37:18 +0500] GET /api/am/devportal/v2/applications/aa31ee01-3d38-48ed-b044-11c78bfc8bd8/oauth-keys HTTP/1.1 200 663 https://localhost:9443/devportal/apis/a7a6f198-2961-422a-9ba4-7dd81d27f2dc/test Mozilla/5.0 (Windows NT 10.0; Win64; x64) AppleWebKit/537.36 (KHTML, like Gecko) Chrome/112.0.0.0 Safari/537.36 0.016
127.0.0.1 - - [10/May/2023:16:37:18 +0500] GET /keymanager-operations/dcr/register/NU1taEFTeEo5NEVmYjdxM3V4U0FQTDJpSG84YQ%3D%3D HTTP/1.1 200 515 - Apache-HttpClient/4.5.13 (Java/11.0.18) 0.006
127.0.0.1 - - [10/May/2023:16:37:18 +0500] GET /keymanager-operations/dcr/register/NU1taEFTeEo5NEVmYjdxM3V4U0FQTDJpSG84YQ%3D%3D HTTP/1.1 200 515 - Apache-HttpClient/4.5.13 (Java/11.0.18) 0.008
127.0.0.1 - - [10/May/2023:16:37:19 +0500] POST /oauth2/token HTTP/1.1 200 1022 - Apache-HttpClient/4.5.13 (Java/11.0.18) 0.020
0:0:0:0:0:0:0:1 - - [10/May/2023:16:37:19 +0500] POST /api/am/devportal/v2/applications/aa31ee01-3d38-48ed-b044-11c78bfc8bd8/oauth-keys/2adab66d-3277-468e-871c-2cb653af28e0/generate-token HTTP/1.1 200 1009 https://localhost:9443/devportal/apis/a7a6f198-2961-422a-9ba4-7dd81d27f2dc/test Mozilla/5.0 (Windows NT 10.0; Win64; x64) AppleWebKit/537.36 (KHTML, like Gecko) Chrome/112.0.0.0 Safari/537.36 0.095
127.0.0.1 - - [10/May/2023:16:37:19 +0500] POST /internal/data/v1/notify HTTP/1.1 200 - - Apache-HttpClient/4.5.13 (Java/11.0.18) 0.010
127.0.0.1 - - [10/May/2023:16:37:55 +0500] POST /am/sample/pizzashack/v1/api/order HTTP/1.1 201 183 https://localhost:9443/ Synapse-PT-HttpComponents-NIO 0.017
127.0.0.1 - - [10/May/2023:16:39:14 +0500] GET /am/sample/pizzashack/v1/api/menu HTTP/1.1 200 1662 https://localhost:9443/ Synapse-PT-HttpComponents-NIO 0.058
0:0:0:0:0:0:0:1 - - [10/May/2023:16:48:01 +0500] - 400 - - - 0.000
0:0:0:0:0:0:0:1 - - [10/May/2023:16:48:01 +0500] - 400 - - - 0.000
0:0:0:0:0:0:0:1 - - [10/May/2023:16:48:01 +0500] - 400 - - - 0.000
0:0:0:0:0:0:0:1 - - [10/May/2023:16:48:01 +0500] GET /publisher/ HTTP/1.1 200 1057 - Mozilla/5.0 (Windows NT 10.0; Win64; x64) AppleWebKit/537.36 (KHTML, like Gecko) Chrome/112.0.0.0 Safari/537.36 0.012
0:0:0:0:0:0:0:1 - - [10/May/2023:16:48:01 +0500] GET /publisher/site/public/css/main.css HTTP/1.1 200 1817 https://localhost:9443/publisher/ Mozilla/5.0 (Windows NT 10.0; Win64; x64) AppleWebKit/537.36 (KHTML, like Gecko) Chrome/112.0.0.0 Safari/537.36 0.008
0:0:0:0:0:0:0:1 - - [10/May/2023:16:48:01 +0500] GET /publisher/site/public/css/draftjs.css HTTP/1.1 200 2643 https://localhost:9443/publisher/ Mozilla/5.0 (Windows NT 10.0; Win64; x64) AppleWebKit/537.36 (KHTML, like Gecko) Chrome/112.0.0.0 Safari/537.36 0.005
0:0:0:0:0:0:0:1 - - [10/May/2023:16:48:01 +0500] - 400 - - - 0.000
0:0:0:0:0:0:0:1 - - [10/May/2023:16:48:01 +0500] GET /publisher/site/public/fonts/iconfont/MaterialIcons.js HTTP/1.1 200 6703 https://localhost:9443/publisher/ Mozilla/5.0 (Windows NT 10.0; Win64; x64) AppleWebKit/537.36 (KHTML, like Gecko) Chrome/112.0.0.0 Safari/537.36 0.007
0:0:0:0:0:0:0:1 - - [10/May/2023:16:48:01 +0500] GET /publisher/site/public/conf/userThemes.js HTTP/1.1 200 937 https://localhost:9443/publisher/ Mozilla/5.0 (Windows NT 10.0; Win64; x64) AppleWebKit/537.36 (KHTML, like Gecko) Chrome/112.0.0.0 Safari/537.36 0.002
0:0:0:0:0:0:0:1 - - [10/May/2023:16:48:01 +0500] GET /publisher/site/public/conf/portalSettings.js HTTP/1.1 200 768 https://localhost:9443/publisher/ Mozilla/5.0 (Windows NT 10.0; Win64; x64) AppleWebKit/537.36 (KHTML, like Gecko) Chrome/112.0.0.0 Safari/537.36 0.002
0:0:0:0:0:0:0:1 - - [10/May/2023:16:48:01 +0500] GET /publisher/services/settings/settings.js HTTP/1.1 200 1037 https://localhost:9443/publisher/ Mozilla/5.0 (Windows NT 10.0; Win64; x64) AppleWebKit/537.36 (KHTML, like Gecko) Chrome/112.0.0.0 Safari/537.36 0.006
0:0:0:0:0:0:0:1 - - [10/May/2023:16:48:01 +0500] GET /publisher/site/public/fonts/iconfont/material-icons.css HTTP/1.1 200 970 https://localhost:9443/publisher/ Mozilla/5.0 (Windows NT 10.0; Win64; x64) AppleWebKit/537.36 (KHTML, like Gecko) Chrome/112.0.0.0 Safari/537.36 0.002
0:0:0:0:0:0:0:1 - - [10/May/2023:16:48:01 +0500] GET /publisher/site/public/dist/index.791eaaf190e69cdbf569.bundle.js HTTP/1.1 200 185428 https://localhost:9443/publisher/ Mozilla/5.0 (Windows NT 10.0; Win64; x64) AppleWebKit/537.36 (KHTML, like Gecko) Chrome/112.0.0.0 Safari/537.36 0.105
0:0:0:0:0:0:0:1 - - [10/May/2023:16:48:01 +0500] GET /publisher/site/public/locales/en.json HTTP/1.1 200 220915 https://localhost:9443/publisher/ Mozilla/5.0 (Windows NT 10.0; Win64; x64) AppleWebKit/537.36 (KHTML, like Gecko) Chrome/112.0.0.0 Safari/537.36 0.007
0:0:0:0:0:0:0:1 - - [10/May/2023:16:48:01 +0500] - 400 - - - 0.000
0:0:0:0:0:0:0:1 - - [10/May/2023:16:48:01 +0500] GET /publisher/site/public/dist/ProtectedApps.7971e885d70b991d74fd.bundle.js HTTP/1.1 200 123487 https://localhost:9443/publisher/ Mozilla/5.0 (Windows NT 10.0; Win64; x64) AppleWebKit/537.36 (KHTML, like Gecko) Chrome/112.0.0.0 Safari/537.36 0.030
0:0:0:0:0:0:0:1 - - [10/May/2023:16:48:01 +0500] GET /publisher/site/public/fonts/Open_Sans/mem8YaGs126MiZpBA-UFVZ0bf8pkAg.woff2 HTTP/1.1 200 8892 https://localhost:9443/publisher/site/public/css/main.css Mozilla/5.0 (Windows NT 10.0; Win64; x64) AppleWebKit/537.36 (KHTML, like Gecko) Chrome/112.0.0.0 Safari/537.36 0.008
0:0:0:0:0:0:0:1 - - [10/May/2023:16:48:01 +0500] GET /publisher/site/public/dist/vendors~ProtectedApps.10ca35e6eb5e72a5c159.bundle.js HTTP/1.1 200 359501 https://localhost:9443/publisher/ Mozilla/5.0 (Windows NT 10.0; Win64; x64) AppleWebKit/537.36 (KHTML, like Gecko) Chrome/112.0.0.0 Safari/537.36 0.195
0:0:0:0:0:0:0:1 - - [10/May/2023:16:48:01 +0500] GET /oidc/checksession?client_id=sDkjqOFQo4a1bfhfzMumgDi7hawa&redirect_uri=https://localhost:9443/publisher/services/auth/callback/login HTTP/1.1 200 3133 https://localhost:9443/publisher/ Mozilla/5.0 (Windows NT 10.0; Win64; x64) AppleWebKit/537.36 (KHTML, like Gecko) Chrome/112.0.0.0 Safari/537.36 0.310
0:0:0:0:0:0:0:1 - - [10/May/2023:16:48:02 +0500] GET /publisher/site/public/dist/DeferredAPIs.19a013db8d140b85d876.bundle.js HTTP/1.1 200 32348 https://localhost:9443/publisher/apis Mozilla/5.0 (Windows NT 10.0; Win64; x64) AppleWebKit/537.36 (KHTML, like Gecko) Chrome/112.0.0.0 Safari/537.36 0.010
0:0:0:0:0:0:0:1 - - [10/May/2023:16:48:02 +0500] GET /publisher/site/public/images/logo.svg HTTP/1.1 200 18050 https://localhost:9443/publisher/apis Mozilla/5.0 (Windows NT 10.0; Win64; x64) AppleWebKit/537.36 (KHTML, like Gecko) Chrome/112.0.0.0 Safari/537.36 0.003
0:0:0:0:0:0:0:1 - - [10/May/2023:16:48:02 +0500] GET /publisher/site/public/fonts/iconfont/MaterialIcons-Regular.woff2 HTTP/1.1 200 60840 https://localhost:9443/publisher/site/public/fonts/iconfont/material-icons.css Mozilla/5.0 (Windows NT 10.0; Win64; x64) AppleWebKit/537.36 (KHTML, like Gecko) Chrome/112.0.0.0 Safari/537.36 0.006
0:0:0:0:0:0:0:1 - - [10/May/2023:16:48:02 +0500] GET /publisher/site/public/dist/vendors~APICreateRoutes.af1a060c415d21ca7eaa.bundle.js HTTP/1.1 200 5559 https://localhost:9443/publisher/apis Mozilla/5.0 (Windows NT 10.0; Win64; x64) AppleWebKit/537.36 (KHTML, like Gecko) Chrome/112.0.0.0 Safari/537.36 0.004
0:0:0:0:0:0:0:1 - - [10/May/2023:16:48:02 +0500] GET /publisher/site/public/dist/APICreateRoutes~DeferredDetails.244151c74d1c2f1757ae.bundle.js HTTP/1.1 200 12101 https://localhost:9443/publisher/apis Mozilla/5.0 (Windows NT 10.0; Win64; x64) AppleWebKit/537.36 (KHTML, like Gecko) Chrome/112.0.0.0 Safari/537.36 0.004
0:0:0:0:0:0:0:1 - - [10/May/2023:16:48:02 +0500] GET /publisher/site/public/dist/APICreateRoutes.579f85211cdf00564e90.bundle.js HTTP/1.1 200 15465 https://localhost:9443/publisher/apis Mozilla/5.0 (Windows NT 10.0; Win64; x64) AppleWebKit/537.36 (KHTML, like Gecko) Chrome/112.0.0.0 Safari/537.36 0.006
0:0:0:0:0:0:0:1 - - [10/May/2023:16:48:02 +0500] GET /api/am/publisher/v3/swagger.yaml HTTP/1.1 200 43135 https://localhost:9443/publisher/apis Mozilla/5.0 (Windows NT 10.0; Win64; x64) AppleWebKit/537.36 (KHTML, like Gecko) Chrome/112.0.0.0 Safari/537.36 0.020
0:0:0:0:0:0:0:1 - - [10/May/2023:16:48:03 +0500] GET /api/am/publisher/v3/apis?limit=10&offset=0 HTTP/1.1 200 584 https://localhost:9443/publisher/apis Mozilla/5.0 (Windows NT 10.0; Win64; x64) AppleWebKit/537.36 (KHTML, like Gecko) Chrome/112.0.0.0 Safari/537.36 0.060
0:0:0:0:0:0:0:1 - - [10/May/2023:16:48:03 +0500] GET /publisher/site/public/fonts/Open_Sans/mem5YaGs126MiZpBA-UNirkOUuhpKKSTjw.woff2 HTTP/1.1 200 8916 https://localhost:9443/publisher/site/public/css/main.css Mozilla/5.0 (Windows NT 10.0; Win64; x64) AppleWebKit/537.36 (KHTML, like Gecko) Chrome/112.0.0.0 Safari/537.36 0.003
0:0:0:0:0:0:0:1 - - [10/May/2023:16:48:05 +0500] GET /api/am/publisher/v3/search?limit=1&offset=0&query=name%3APizzaShackAPI%20version%3A1.0%20context%3Apizzashack HTTP/1.1 200 443 https://localhost:9443/publisher/apis Mozilla/5.0 (Windows NT 10.0; Win64; x64) AppleWebKit/537.36 (KHTML, like Gecko) Chrome/112.0.0.0 Safari/537.36 0.180
0:0:0:0:0:0:0:1 - - [10/May/2023:16:48:07 +0500] GET /publisher/site/public/dist/vendors~APICreateRoutes.af1a060c415d21ca7eaa.bundle.js HTTP/1.1 200 5559 https://localhost:9443/publisher/apis/create/rest Mozilla/5.0 (Windows NT 10.0; Win64; x64) AppleWebKit/537.36 (KHTML, like Gecko) Chrome/112.0.0.0 Safari/537.36 0.003
0:0:0:0:0:0:0:1 - - [10/May/2023:16:48:07 +0500] GET /publisher/site/public/dist/APICreateRoutes~DeferredDetails.244151c74d1c2f1757ae.bundle.js HTTP/1.1 200 12101 https://localhost:9443/publisher/apis/create/rest Mozilla/5.0 (Windows NT 10.0; Win64; x64) AppleWebKit/537.36 (KHTML, like Gecko) Chrome/112.0.0.0 Safari/537.36 0.005
0:0:0:0:0:0:0:1 - - [10/May/2023:16:48:07 +0500] GET /publisher/site/public/dist/APICreateRoutes.579f85211cdf00564e90.bundle.js HTTP/1.1 200 15465 https://localhost:9443/publisher/apis/create/rest Mozilla/5.0 (Windows NT 10.0; Win64; x64) AppleWebKit/537.36 (KHTML, like Gecko) Chrome/112.0.0.0 Safari/537.36 0.006
0:0:0:0:0:0:0:1 - - [10/May/2023:16:48:07 +0500] GET /api/am/publisher/v3/settings HTTP/1.1 200 665 https://localhost:9443/publisher/apis/create/rest Mozilla/5.0 (Windows NT 10.0; Win64; x64) AppleWebKit/537.36 (KHTML, like Gecko) Chrome/112.0.0.0 Safari/537.36 0.171
0:0:0:0:0:0:0:1 - - [10/May/2023:16:48:13 +0500] POST /api/am/publisher/v3/apis/validate-endpoint?endpointUrl=http%3A%2F%2Fwso2cloud-custom-auth-header-sample-1-0-0.wso2apps.com%2Fcustom-auth-header%2Fvalidate-header HTTP/1.1 200 68 https://localhost:9443/publisher/apis/create/rest Mozilla/5.0 (Windows NT 10.0; Win64; x64) AppleWebKit/537.36 (KHTML, like Gecko) Chrome/112.0.0.0 Safari/537.36 0.608
0:0:0:0:0:0:0:1 - - [10/May/2023:16:48:23 +0500] POST /api/am/publisher/v3/apis/validate-endpoint?endpointUrl=https%3A%2F%2Fwso2cloud-custom-auth-header-sample-1-0-0.wso2apps.com%2Fcustom-auth-header%2Fvalidate-header HTTP/1.1 200 67 https://localhost:9443/publisher/apis/create/rest Mozilla/5.0 (Windows NT 10.0; Win64; x64) AppleWebKit/537.36 (KHTML, like Gecko) Chrome/112.0.0.0 Safari/537.36 4.137
0:0:0:0:0:0:0:1 - - [10/May/2023:16:48:28 +0500] POST /api/am/publisher/v3/apis/validate-endpoint?endpointUrl=http%3A%2F%2Fwso2cloud-custom-auth-header-sample-1-0-0.wso2apps.com%2Fcustom-auth-header%2Fvalidate-header HTTP/1.1 200 68 https://localhost:9443/publisher/apis/create/rest Mozilla/5.0 (Windows NT 10.0; Win64; x64) AppleWebKit/537.36 (KHTML, like Gecko) Chrome/112.0.0.0 Safari/537.36 0.553
0:0:0:0:0:0:0:1 - - [10/May/2023:16:48:38 +0500] GET /api/am/publisher/v3/search?limit=1&offset=0&query=name%3Atestapi HTTP/1.1 200 91 https://localhost:9443/publisher/apis/create/rest Mozilla/5.0 (Windows NT 10.0; Win64; x64) AppleWebKit/537.36 (KHTML, like Gecko) Chrome/112.0.0.0 Safari/537.36 0.039
0:0:0:0:0:0:0:1 - - [10/May/2023:16:48:44 +0500] GET /api/am/publisher/v3/search?limit=1&offset=0&query=context%3A%2Ftest HTTP/1.1 200 91 https://localhost:9443/publisher/apis/create/rest Mozilla/5.0 (Windows NT 10.0; Win64; x64) AppleWebKit/537.36 (KHTML, like Gecko) Chrome/112.0.0.0 Safari/537.36 0.035
0:0:0:0:0:0:0:1 - - [10/May/2023:16:48:47 +0500] GET /api/am/publisher/v3/search?limit=1&offset=0&query=context%3A%2Ftest%2Fv1 HTTP/1.1 200 91 https://localhost:9443/publisher/apis/create/rest Mozilla/5.0 (Windows NT 10.0; Win64; x64) AppleWebKit/537.36 (KHTML, like Gecko) Chrome/112.0.0.0 Safari/537.36 0.034
0:0:0:0:0:0:0:1 - - [10/May/2023:16:48:50 +0500] POST /api/am/publisher/v3/apis/validate-endpoint?endpointUrl=http%3A%2F%2Fwso2cloud-custom-auth-header-sample-1-0-0.wso2apps.com%2Fcustom-auth-header%2Fvalidate-header HTTP/1.1 200 68 https://localhost:9443/publisher/apis/create/rest Mozilla/5.0 (Windows NT 10.0; Win64; x64) AppleWebKit/537.36 (KHTML, like Gecko) Chrome/112.0.0.0 Safari/537.36 0.611
0:0:0:0:0:0:0:1 - - [10/May/2023:16:48:52 +0500] GET /api/am/publisher/v3/throttling-policies/subscription HTTP/1.1 200 407 https://localhost:9443/publisher/apis/create/rest Mozilla/5.0 (Windows NT 10.0; Win64; x64) AppleWebKit/537.36 (KHTML, like Gecko) Chrome/112.0.0.0 Safari/537.36 0.011
0:0:0:0:0:0:0:1 - - [10/May/2023:16:48:52 +0500] POST /api/am/publisher/v3/apis?openAPIVersion=v3 HTTP/1.1 201 1205 https://localhost:9443/publisher/apis/create/rest Mozilla/5.0 (Windows NT 10.0; Win64; x64) AppleWebKit/537.36 (KHTML, like Gecko) Chrome/112.0.0.0 Safari/537.36 0.702
0:0:0:0:0:0:0:1 - - [10/May/2023:16:48:53 +0500] GET /publisher/site/public/dist/vendors~DeferredDetails~ServiceOverviewSwaggerUI.1f47dbe9c68e243fb17e.bundle.js HTTP/1.1 200 59967 https://localhost:9443/publisher/apis/cce913a0-71ac-4cbf-9021-d4eadbd3db1b/overview Mozilla/5.0 (Windows NT 10.0; Win64; x64) AppleWebKit/537.36 (KHTML, like Gecko) Chrome/112.0.0.0 Safari/537.36 0.018
0:0:0:0:0:0:0:1 - - [10/May/2023:16:48:53 +0500] - 400 - - - 0.000
0:0:0:0:0:0:0:1 - - [10/May/2023:16:48:53 +0500] GET /publisher/site/public/dist/DeferredDetails.6f0d0b270d6a5cd40e52.bundle.js HTTP/1.1 200 270802 https://localhost:9443/publisher/apis/cce913a0-71ac-4cbf-9021-d4eadbd3db1b/overview Mozilla/5.0 (Windows NT 10.0; Win64; x64) AppleWebKit/537.36 (KHTML, like Gecko) Chrome/112.0.0.0 Safari/537.36 0.252
0:0:0:0:0:0:0:1 - - [10/May/2023:16:48:53 +0500] GET /publisher/site/public/dist/vendors~DeferredDetails.5e950ee2de9ff5d2eee1.bundle.js HTTP/1.1 200 427751 https://localhost:9443/publisher/apis/cce913a0-71ac-4cbf-9021-d4eadbd3db1b/overview Mozilla/5.0 (Windows NT 10.0; Win64; x64) AppleWebKit/537.36 (KHTML, like Gecko) Chrome/112.0.0.0 Safari/537.36 0.324
0:0:0:0:0:0:0:1 - - [10/May/2023:16:48:53 +0500] GET /publisher/site/public/dist/vendors~APIDefMonacoEditor~DeferredDetails.817d7c0f8fdfedd0ab60.bundle.js HTTP/1.1 200 600260 https://localhost:9443/publisher/apis/cce913a0-71ac-4cbf-9021-d4eadbd3db1b/overview Mozilla/5.0 (Windows NT 10.0; Win64; x64) AppleWebKit/537.36 (KHTML, like Gecko) Chrome/112.0.0.0 Safari/537.36 0.531
0:0:0:0:0:0:0:1 - - [10/May/2023:16:48:54 +0500] GET /api/am/publisher/v3/tenants?state=active HTTP/1.1 200 96 https://localhost:9443/publisher/apis/cce913a0-71ac-4cbf-9021-d4eadbd3db1b/overview Mozilla/5.0 (Windows NT 10.0; Win64; x64) AppleWebKit/537.36 (KHTML, like Gecko) Chrome/112.0.0.0 Safari/537.36 0.004
0:0:0:0:0:0:0:1 - - [10/May/2023:16:48:54 +0500] GET /api/am/publisher/v3/apis/cce913a0-71ac-4cbf-9021-d4eadbd3db1b HTTP/1.1 200 1230 https://localhost:9443/publisher/apis/cce913a0-71ac-4cbf-9021-d4eadbd3db1b/overview Mozilla/5.0 (Windows NT 10.0; Win64; x64) AppleWebKit/537.36 (KHTML, like Gecko) Chrome/112.0.0.0 Safari/537.36 0.029
0:0:0:0:0:0:0:1 - - [10/May/2023:16:48:55 +0500] GET /api/am/publisher/v3/apis/cce913a0-71ac-4cbf-9021-d4eadbd3db1b/revisions?query=deployed%3Atrue HTTP/1.1 200 21 https://localhost:9443/publisher/apis/cce913a0-71ac-4cbf-9021-d4eadbd3db1b/overview Mozilla/5.0 (Windows NT 10.0; Win64; x64) AppleWebKit/537.36 (KHTML, like Gecko) Chrome/112.0.0.0 Safari/537.36 0.008
0:0:0:0:0:0:0:1 - - [10/May/2023:16:48:55 +0500] GET /api/am/publisher/v3/apis/cce913a0-71ac-4cbf-9021-d4eadbd3db1b/revisions?query=deployed%3Atrue HTTP/1.1 200 21 https://localhost:9443/publisher/apis/cce913a0-71ac-4cbf-9021-d4eadbd3db1b/overview Mozilla/5.0 (Windows NT 10.0; Win64; x64) AppleWebKit/537.36 (KHTML, like Gecko) Chrome/112.0.0.0 Safari/537.36 0.006
0:0:0:0:0:0:0:1 - - [10/May/2023:16:48:55 +0500] GET /api/am/publisher/v3/apis/cce913a0-71ac-4cbf-9021-d4eadbd3db1b/revisions HTTP/1.1 200 21 https://localhost:9443/publisher/apis/cce913a0-71ac-4cbf-9021-d4eadbd3db1b/overview Mozilla/5.0 (Windows NT 10.0; Win64; x64) AppleWebKit/537.36 (KHTML, like Gecko) Chrome/112.0.0.0 Safari/537.36 0.009
0:0:0:0:0:0:0:1 - - [10/May/2023:16:48:55 +0500] GET /api/am/publisher/v3/apis/cce913a0-71ac-4cbf-9021-d4eadbd3db1b/swagger HTTP/1.1 200 723 https://localhost:9443/publisher/apis/cce913a0-71ac-4cbf-9021-d4eadbd3db1b/overview Mozilla/5.0 (Windows NT 10.0; Win64; x64) AppleWebKit/537.36 (KHTML, like Gecko) Chrome/112.0.0.0 Safari/537.36 0.022
0:0:0:0:0:0:0:1 - - [10/May/2023:16:48:55 +0500] GET /publisher/site/public/fonts/Open_Sans/mem5YaGs126MiZpBA-UN_r8OUuhpKKSTjw.woff2 HTTP/1.1 200 8732 https://localhost:9443/publisher/site/public/css/main.css Mozilla/5.0 (Windows NT 10.0; Win64; x64) AppleWebKit/537.36 (KHTML, like Gecko) Chrome/112.0.0.0 Safari/537.36 0.003
0:0:0:0:0:0:0:1 - - [10/May/2023:16:48:55 +0500] GET /api/am/publisher/v3/apis/cce913a0-71ac-4cbf-9021-d4eadbd3db1b/revisions?query=deployed%3Atrue HTTP/1.1 200 21 https://localhost:9443/publisher/apis/cce913a0-71ac-4cbf-9021-d4eadbd3db1b/overview Mozilla/5.0 (Windows NT 10.0; Win64; x64) AppleWebKit/537.36 (KHTML, like Gecko) Chrome/112.0.0.0 Safari/537.36 0.004
0:0:0:0:0:0:0:1 - - [10/May/2023:16:48:55 +0500] GET /api/am/publisher/v3/apis/cce913a0-71ac-4cbf-9021-d4eadbd3db1b/swagger HTTP/1.1 200 723 https://localhost:9443/publisher/apis/cce913a0-71ac-4cbf-9021-d4eadbd3db1b/overview Mozilla/5.0 (Windows NT 10.0; Win64; x64) AppleWebKit/537.36 (KHTML, like Gecko) Chrome/112.0.0.0 Safari/537.36 0.019
0:0:0:0:0:0:0:1 - - [10/May/2023:16:48:56 +0500] GET /api/am/publisher/v3/apis/cce913a0-71ac-4cbf-9021-d4eadbd3db1b/revisions?query=deployed%3Atrue HTTP/1.1 200 21 https://localhost:9443/publisher/apis/cce913a0-71ac-4cbf-9021-d4eadbd3db1b/overview Mozilla/5.0 (Windows NT 10.0; Win64; x64) AppleWebKit/537.36 (KHTML, like Gecko) Chrome/112.0.0.0 Safari/537.36 0.008
0:0:0:0:0:0:0:1 - - [10/May/2023:16:48:56 +0500] GET /api/am/publisher/v3/apis/cce913a0-71ac-4cbf-9021-d4eadbd3db1b/swagger HTTP/1.1 200 723 https://localhost:9443/publisher/apis/cce913a0-71ac-4cbf-9021-d4eadbd3db1b/overview Mozilla/5.0 (Windows NT 10.0; Win64; x64) AppleWebKit/537.36 (KHTML, like Gecko) Chrome/112.0.0.0 Safari/537.36 0.018
0:0:0:0:0:0:0:1 - - [10/May/2023:16:52:40 +0500] - 400 - - - 0.000
0:0:0:0:0:0:0:1 - - [10/May/2023:16:52:40 +0500] - 400 - - - 0.000
0:0:0:0:0:0:0:1 - - [10/May/2023:16:52:40 +0500] GET /publisher/ HTTP/1.1 200 1057 - Mozilla/5.0 (Windows NT 10.0; Win64; x64) AppleWebKit/537.36 (KHTML, like Gecko) Chrome/112.0.0.0 Safari/537.36 0.009
0:0:0:0:0:0:0:1 - - [10/May/2023:16:52:40 +0500] GET /publisher/site/public/css/main.css HTTP/1.1 200 1817 https://localhost:9443/publisher/ Mozilla/5.0 (Windows NT 10.0; Win64; x64) AppleWebKit/537.36 (KHTML, like Gecko) Chrome/112.0.0.0 Safari/537.36 0.004
0:0:0:0:0:0:0:1 - - [10/May/2023:16:52:40 +0500] GET /publisher/site/public/css/draftjs.css HTTP/1.1 200 2643 https://localhost:9443/publisher/ Mozilla/5.0 (Windows NT 10.0; Win64; x64) AppleWebKit/537.36 (KHTML, like Gecko) Chrome/112.0.0.0 Safari/537.36 0.004
0:0:0:0:0:0:0:1 - - [10/May/2023:16:52:40 +0500] - 400 - - - 0.000
0:0:0:0:0:0:0:1 - - [10/May/2023:16:52:40 +0500] GET /publisher/site/public/fonts/iconfont/MaterialIcons.js HTTP/1.1 200 6703 https://localhost:9443/publisher/ Mozilla/5.0 (Windows NT 10.0; Win64; x64) AppleWebKit/537.36 (KHTML, like Gecko) Chrome/112.0.0.0 Safari/537.36 0.006
0:0:0:0:0:0:0:1 - - [10/May/2023:16:52:40 +0500] GET /publisher/site/public/conf/userThemes.js HTTP/1.1 200 937 https://localhost:9443/publisher/ Mozilla/5.0 (Windows NT 10.0; Win64; x64) AppleWebKit/537.36 (KHTML, like Gecko) Chrome/112.0.0.0 Safari/537.36 0.002
0:0:0:0:0:0:0:1 - - [10/May/2023:16:52:40 +0500] GET /publisher/site/public/conf/portalSettings.js HTTP/1.1 200 768 https://localhost:9443/publisher/ Mozilla/5.0 (Windows NT 10.0; Win64; x64) AppleWebKit/537.36 (KHTML, like Gecko) Chrome/112.0.0.0 Safari/537.36 0.004
0:0:0:0:0:0:0:1 - - [10/May/2023:16:52:40 +0500] - 400 - - - 0.000
0:0:0:0:0:0:0:1 - - [10/May/2023:16:52:40 +0500] GET /publisher/services/settings/settings.js HTTP/1.1 200 1037 https://localhost:9443/publisher/ Mozilla/5.0 (Windows NT 10.0; Win64; x64) AppleWebKit/537.36 (KHTML, like Gecko) Chrome/112.0.0.0 Safari/537.36 0.006
0:0:0:0:0:0:0:1 - - [10/May/2023:16:52:40 +0500] GET /publisher/site/public/fonts/iconfont/material-icons.css HTTP/1.1 200 970 https://localhost:9443/publisher/ Mozilla/5.0 (Windows NT 10.0; Win64; x64) AppleWebKit/537.36 (KHTML, like Gecko) Chrome/112.0.0.0 Safari/537.36 0.002
0:0:0:0:0:0:0:1 - - [10/May/2023:16:52:40 +0500] GET /publisher/site/public/dist/index.791eaaf190e69cdbf569.bundle.js HTTP/1.1 200 185428 https://localhost:9443/publisher/ Mozilla/5.0 (Windows NT 10.0; Win64; x64) AppleWebKit/537.36 (KHTML, like Gecko) Chrome/112.0.0.0 Safari/537.36 0.079
0:0:0:0:0:0:0:1 - - [10/May/2023:16:52:41 +0500] GET /publisher/site/public/locales/en.json HTTP/1.1 200 220915 https://localhost:9443/publisher/ Mozilla/5.0 (Windows NT 10.0; Win64; x64) AppleWebKit/537.36 (KHTML, like Gecko) Chrome/112.0.0.0 Safari/537.36 0.004
0:0:0:0:0:0:0:1 - - [10/May/2023:16:52:41 +0500] - 400 - - - 0.000
