127.0.0.1 - - [23/Jun/2023:11:44:24 +0500] GET /internal/data/v1/subscription-policies HTTP/1.1 200 483 - Apache-HttpClient/4.5.13 (Java/11.0.18) 13.330
127.0.0.1 - - [23/Jun/2023:11:44:24 +0500] GET /internal/data/v1/api-logging-configs HTTP/1.1 200 11 - Apache-HttpClient/4.5.13 (Java/11.0.18) 10.028
127.0.0.1 - - [23/Jun/2023:11:44:24 +0500] GET /internal/data/v1/api-policies HTTP/1.1 200 320 - Apache-HttpClient/4.5.13 (Java/11.0.18) 13.158
127.0.0.1 - - [23/Jun/2023:11:44:24 +0500] GET /internal/data/v1/block HTTP/1.1 200 75 - Apache-HttpClient/4.5.13 (Java/11.0.18) 9.629
127.0.0.1 - - [23/Jun/2023:11:44:24 +0500] GET /internal/data/v1/revokedjwt HTTP/1.1 200 171 - Apache-HttpClient/4.5.13 (Java/11.0.18) 9.248
127.0.0.1 - - [23/Jun/2023:11:44:24 +0500] GET /internal/data/v1/subscription-policies HTTP/1.1 200 483 - Apache-HttpClient/4.5.13 (Java/11.0.18) 8.567
127.0.0.1 - - [23/Jun/2023:11:44:24 +0500] GET /internal/data/v1/ga-config HTTP/1.1 200 396 - Apache-HttpClient/4.5.13 (Java/11.0.18) 0.534
127.0.0.1 - - [23/Jun/2023:11:44:25 +0500] GET /internal/data/v1/scopes HTTP/1.1 200 39 - Apache-HttpClient/4.5.13 (Java/11.0.18) 0.478
127.0.0.1 - - [23/Jun/2023:11:44:31 +0500] GET /oauth2/token/.well-known/openid-configuration HTTP/1.1 200 2245 - Apache-HttpClient/4.5.13 (Java/11.0.18) 8.902
127.0.0.1 - - [23/Jun/2023:11:44:31 +0500] GET /internal/data/v1/application-policies HTTP/1.1 200 259 - Apache-HttpClient/4.5.13 (Java/11.0.18) 0.367
127.0.0.1 - - [23/Jun/2023:11:44:32 +0500] GET /internal/data/v1/api-policies HTTP/1.1 200 320 - Apache-HttpClient/4.5.13 (Java/11.0.18) 0.226
127.0.0.1 - - [23/Jun/2023:11:44:32 +0500] GET /internal/data/v1/keymanagers HTTP/1.1 200 921 - Apache-HttpClient/4.5.13 (Java/11.0.18) 19.383
127.0.0.1 - - [23/Jun/2023:11:44:34 +0500] GET /internal/data/v1/global-policies HTTP/1.1 200 39 - Apache-HttpClient/4.5.13 (Java/11.0.18) 0.467
127.0.0.1 - - [23/Jun/2023:11:44:40 +0500] GET /internal/data/v1/runtime-artifacts?gatewayLabel=RGVmYXVsdA&type=Synapse HTTP/1.1 200 13146 - Apache-HttpClient/4.5.13 (Java/11.0.18) 26.125
0:0:0:0:0:0:0:1 - - [23/Jun/2023:11:45:11 +0500] - 400 - - - 0.000
0:0:0:0:0:0:0:1 - - [23/Jun/2023:11:45:11 +0500] - 400 - - - 0.000
0:0:0:0:0:0:0:1 - - [23/Jun/2023:11:45:11 +0500] - 400 - - - 0.000
0:0:0:0:0:0:0:1 - - [23/Jun/2023:11:45:11 +0500] GET /publisher/apis/ HTTP/1.1 200 1068 - Mozilla/5.0 (Windows NT 10.0; Win64; x64) AppleWebKit/537.36 (KHTML, like Gecko) Chrome/114.0.0.0 Safari/537.36 0.362
0:0:0:0:0:0:0:1 - - [23/Jun/2023:11:45:11 +0500] GET /publisher/site/public/css/main.css HTTP/1.1 200 1817 https://localhost:9443/publisher/apis/ Mozilla/5.0 (Windows NT 10.0; Win64; x64) AppleWebKit/537.36 (KHTML, like Gecko) Chrome/114.0.0.0 Safari/537.36 0.040
0:0:0:0:0:0:0:1 - - [23/Jun/2023:11:45:11 +0500] GET /publisher/site/public/css/draftjs.css HTTP/1.1 200 2643 https://localhost:9443/publisher/apis/ Mozilla/5.0 (Windows NT 10.0; Win64; x64) AppleWebKit/537.36 (KHTML, like Gecko) Chrome/114.0.0.0 Safari/537.36 0.019
0:0:0:0:0:0:0:1 - - [23/Jun/2023:11:45:11 +0500] GET /publisher/site/public/fonts/iconfont/MaterialIcons.js HTTP/1.1 200 6703 https://localhost:9443/publisher/apis/ Mozilla/5.0 (Windows NT 10.0; Win64; x64) AppleWebKit/537.36 (KHTML, like Gecko) Chrome/114.0.0.0 Safari/537.36 0.030
0:0:0:0:0:0:0:1 - - [23/Jun/2023:11:45:11 +0500] GET /publisher/site/public/conf/userThemes.js HTTP/1.1 200 946 https://localhost:9443/publisher/apis/ Mozilla/5.0 (Windows NT 10.0; Win64; x64) AppleWebKit/537.36 (KHTML, like Gecko) Chrome/114.0.0.0 Safari/537.36 0.016
0:0:0:0:0:0:0:1 - - [23/Jun/2023:11:45:11 +0500] - 400 - - - 0.000
0:0:0:0:0:0:0:1 - - [23/Jun/2023:11:45:11 +0500] GET /publisher/site/public/conf/portalSettings.js HTTP/1.1 200 768 https://localhost:9443/publisher/apis/ Mozilla/5.0 (Windows NT 10.0; Win64; x64) AppleWebKit/537.36 (KHTML, like Gecko) Chrome/114.0.0.0 Safari/537.36 0.014
0:0:0:0:0:0:0:1 - - [23/Jun/2023:11:45:11 +0500] GET /publisher/services/settings/settings.js HTTP/1.1 200 1037 https://localhost:9443/publisher/apis/ Mozilla/5.0 (Windows NT 10.0; Win64; x64) AppleWebKit/537.36 (KHTML, like Gecko) Chrome/114.0.0.0 Safari/537.36 0.058
0:0:0:0:0:0:0:1 - - [23/Jun/2023:11:45:12 +0500] - 400 - - - 0.000
0:0:0:0:0:0:0:1 - - [23/Jun/2023:11:45:12 +0500] GET /publisher/site/public/fonts/iconfont/material-icons.css HTTP/1.1 200 970 https://localhost:9443/publisher/apis/ Mozilla/5.0 (Windows NT 10.0; Win64; x64) AppleWebKit/537.36 (KHTML, like Gecko) Chrome/114.0.0.0 Safari/537.36 0.024
0:0:0:0:0:0:0:1 - - [23/Jun/2023:11:45:12 +0500] GET /publisher/site/public/dist/index.791eaaf190e69cdbf569.bundle.js HTTP/1.1 200 196538 https://localhost:9443/publisher/apis/ Mozilla/5.0 (Windows NT 10.0; Win64; x64) AppleWebKit/537.36 (KHTML, like Gecko) Chrome/114.0.0.0 Safari/537.36 0.711
0:0:0:0:0:0:0:1 - - [23/Jun/2023:11:45:12 +0500] GET /publisher/site/public/locales/en.json HTTP/1.1 200 220913 https://localhost:9443/publisher/apis/ Mozilla/5.0 (Windows NT 10.0; Win64; x64) AppleWebKit/537.36 (KHTML, like Gecko) Chrome/114.0.0.0 Safari/537.36 0.043
0:0:0:0:0:0:0:1 - - [23/Jun/2023:11:45:12 +0500] - 400 - - - 0.000
0:0:0:0:0:0:0:1 - - [23/Jun/2023:11:45:12 +0500] - 400 - - - 0.000
0:0:0:0:0:0:0:1 - - [23/Jun/2023:11:45:13 +0500] GET /publisher/site/public/dist/ProtectedApps.7971e885d70b991d74fd.bundle.js HTTP/1.1 200 123487 https://localhost:9443/publisher/apis/ Mozilla/5.0 (Windows NT 10.0; Win64; x64) AppleWebKit/537.36 (KHTML, like Gecko) Chrome/114.0.0.0 Safari/537.36 0.208
0:0:0:0:0:0:0:1 - - [23/Jun/2023:11:45:13 +0500] GET /publisher/site/public/fonts/Open_Sans/mem8YaGs126MiZpBA-UFVZ0bf8pkAg.woff2 HTTP/1.1 200 8892 https://localhost:9443/publisher/site/public/css/main.css Mozilla/5.0 (Windows NT 10.0; Win64; x64) AppleWebKit/537.36 (KHTML, like Gecko) Chrome/114.0.0.0 Safari/537.36 0.007
0:0:0:0:0:0:0:1 - - [23/Jun/2023:11:45:13 +0500] GET /oidc/checksession?client_id=sDkjqOFQo4a1bfhfzMumgDi7hawa&redirect_uri=https://localhost:9443/publisher/services/auth/callback/login HTTP/1.1 200 3133 https://localhost:9443/publisher/apis/ Mozilla/5.0 (Windows NT 10.0; Win64; x64) AppleWebKit/537.36 (KHTML, like Gecko) Chrome/114.0.0.0 Safari/537.36 0.201
0:0:0:0:0:0:0:1 - - [23/Jun/2023:11:45:13 +0500] GET /publisher/site/public/dist/vendors~ProtectedApps.10ca35e6eb5e72a5c159.bundle.js HTTP/1.1 200 359501 https://localhost:9443/publisher/apis/ Mozilla/5.0 (Windows NT 10.0; Win64; x64) AppleWebKit/537.36 (KHTML, like Gecko) Chrome/114.0.0.0 Safari/537.36 0.482
0:0:0:0:0:0:0:1 - - [23/Jun/2023:11:45:14 +0500] GET /publisher/site/public/dist/DeferredAPIs.19a013db8d140b85d876.bundle.js HTTP/1.1 200 32348 https://localhost:9443/publisher/apis/ Mozilla/5.0 (Windows NT 10.0; Win64; x64) AppleWebKit/537.36 (KHTML, like Gecko) Chrome/114.0.0.0 Safari/537.36 0.017
0:0:0:0:0:0:0:1 - - [23/Jun/2023:11:45:14 +0500] GET /publisher/site/public/images/zong_logo.svg HTTP/1.1 200 5917 https://localhost:9443/publisher/apis/ Mozilla/5.0 (Windows NT 10.0; Win64; x64) AppleWebKit/537.36 (KHTML, like Gecko) Chrome/114.0.0.0 Safari/537.36 0.004
0:0:0:0:0:0:0:1 - - [23/Jun/2023:11:45:14 +0500] GET /publisher/site/public/fonts/iconfont/MaterialIcons-Regular.woff2 HTTP/1.1 200 60840 https://localhost:9443/publisher/site/public/fonts/iconfont/material-icons.css Mozilla/5.0 (Windows NT 10.0; Win64; x64) AppleWebKit/537.36 (KHTML, like Gecko) Chrome/114.0.0.0 Safari/537.36 0.011
0:0:0:0:0:0:0:1 - - [23/Jun/2023:11:45:14 +0500] GET /publisher/site/public/dist/vendors~APICreateRoutes.af1a060c415d21ca7eaa.bundle.js HTTP/1.1 200 5559 https://localhost:9443/publisher/apis/ Mozilla/5.0 (Windows NT 10.0; Win64; x64) AppleWebKit/537.36 (KHTML, like Gecko) Chrome/114.0.0.0 Safari/537.36 0.012
0:0:0:0:0:0:0:1 - - [23/Jun/2023:11:45:14 +0500] GET /publisher/site/public/dist/APICreateRoutes~DeferredDetails.244151c74d1c2f1757ae.bundle.js HTTP/1.1 200 12101 https://localhost:9443/publisher/apis/ Mozilla/5.0 (Windows NT 10.0; Win64; x64) AppleWebKit/537.36 (KHTML, like Gecko) Chrome/114.0.0.0 Safari/537.36 0.009
0:0:0:0:0:0:0:1 - - [23/Jun/2023:11:45:14 +0500] GET /publisher/site/public/dist/APICreateRoutes.579f85211cdf00564e90.bundle.js HTTP/1.1 200 15465 https://localhost:9443/publisher/apis/ Mozilla/5.0 (Windows NT 10.0; Win64; x64) AppleWebKit/537.36 (KHTML, like Gecko) Chrome/114.0.0.0 Safari/537.36 0.012
0:0:0:0:0:0:0:1 - - [23/Jun/2023:11:45:15 +0500] GET /publisher/site/public/images/Zong_logo.png HTTP/1.1 200 43161 https://localhost:9443/publisher/apis/ Mozilla/5.0 (Windows NT 10.0; Win64; x64) AppleWebKit/537.36 (KHTML, like Gecko) Chrome/114.0.0.0 Safari/537.36 0.006
0:0:0:0:0:0:0:1 - - [23/Jun/2023:11:45:15 +0500] GET /devportal/apis/a9eff00c-8aee-4ca5-8e6e-3d5df6468875/overview HTTP/1.1 200 2034 - Mozilla/5.0 (Windows NT 10.0; Win64; x64) AppleWebKit/537.36 (KHTML, like Gecko) Chrome/114.0.0.0 Safari/537.36 0.276
0:0:0:0:0:0:0:1 - - [23/Jun/2023:11:45:15 +0500] GET /devportal/site/public/css/main.css HTTP/1.1 200 1791 https://localhost:9443/devportal/apis/a9eff00c-8aee-4ca5-8e6e-3d5df6468875/overview Mozilla/5.0 (Windows NT 10.0; Win64; x64) AppleWebKit/537.36 (KHTML, like Gecko) Chrome/114.0.0.0 Safari/537.36 0.013
0:0:0:0:0:0:0:1 - - [23/Jun/2023:11:45:15 +0500] GET /devportal/site/public/theme/userTheme.js HTTP/1.1 200 951 https://localhost:9443/devportal/apis/a9eff00c-8aee-4ca5-8e6e-3d5df6468875/overview Mozilla/5.0 (Windows NT 10.0; Win64; x64) AppleWebKit/537.36 (KHTML, like Gecko) Chrome/114.0.0.0 Safari/537.36 0.013
0:0:0:0:0:0:0:1 - - [23/Jun/2023:11:45:15 +0500] GET /devportal/site/public/fonts/iconfont/material-icons.css HTTP/1.1 200 970 https://localhost:9443/devportal/apis/a9eff00c-8aee-4ca5-8e6e-3d5df6468875/overview Mozilla/5.0 (Windows NT 10.0; Win64; x64) AppleWebKit/537.36 (KHTML, like Gecko) Chrome/114.0.0.0 Safari/537.36 0.034
0:0:0:0:0:0:0:1 - - [23/Jun/2023:11:45:16 +0500] - 400 - - - 0.000
0:0:0:0:0:0:0:1 - - [23/Jun/2023:11:45:16 +0500] - 400 - - - 0.000
0:0:0:0:0:0:0:1 - - [23/Jun/2023:11:45:16 +0500] - 400 - - - 0.000
0:0:0:0:0:0:0:1 - - [23/Jun/2023:11:45:16 +0500] GET /devportal/site/public/css/overrides.css HTTP/1.1 200 - https://localhost:9443/devportal/apis/a9eff00c-8aee-4ca5-8e6e-3d5df6468875/overview Mozilla/5.0 (Windows NT 10.0; Win64; x64) AppleWebKit/537.36 (KHTML, like Gecko) Chrome/114.0.0.0 Safari/537.36 0.025
0:0:0:0:0:0:0:1 - - [23/Jun/2023:11:45:16 +0500] GET /devportal/services/settings/settings.js HTTP/1.1 200 1036 https://localhost:9443/devportal/apis/a9eff00c-8aee-4ca5-8e6e-3d5df6468875/overview Mozilla/5.0 (Windows NT 10.0; Win64; x64) AppleWebKit/537.36 (KHTML, like Gecko) Chrome/114.0.0.0 Safari/537.36 0.263
0:0:0:0:0:0:0:1 - - [23/Jun/2023:11:45:16 +0500] GET /devportal/site/public/fonts/iconfont/MaterialIcons.js HTTP/1.1 200 6703 https://localhost:9443/devportal/apis/a9eff00c-8aee-4ca5-8e6e-3d5df6468875/overview Mozilla/5.0 (Windows NT 10.0; Win64; x64) AppleWebKit/537.36 (KHTML, like Gecko) Chrome/114.0.0.0 Safari/537.36 0.013
0:0:0:0:0:0:0:1 - - [23/Jun/2023:11:45:16 +0500] GET /devportal/site/public/dist/index.bb5a154b1face8797bc3.bundle.js HTTP/1.1 200 259795 https://localhost:9443/devportal/apis/a9eff00c-8aee-4ca5-8e6e-3d5df6468875/overview Mozilla/5.0 (Windows NT 10.0; Win64; x64) AppleWebKit/537.36 (KHTML, like Gecko) Chrome/114.0.0.0 Safari/537.36 0.255
0:0:0:0:0:0:0:1 - - [23/Jun/2023:11:45:21 +0500] - 400 - - - 0.000
0:0:0:0:0:0:0:1 - - [23/Jun/2023:11:45:21 +0500] - 400 - - - 0.000
0:0:0:0:0:0:0:1 - - [23/Jun/2023:11:45:21 +0500] - 400 - - - 0.000
0:0:0:0:0:0:0:1 - - [23/Jun/2023:11:45:21 +0500] GET /devportal/site/public/locales/en.json HTTP/1.1 200 56514 https://localhost:9443/devportal/apis/a9eff00c-8aee-4ca5-8e6e-3d5df6468875/overview Mozilla/5.0 (Windows NT 10.0; Win64; x64) AppleWebKit/537.36 (KHTML, like Gecko) Chrome/114.0.0.0 Safari/537.36 0.021
0:0:0:0:0:0:0:1 - - [23/Jun/2023:11:45:21 +0500] GET /devportal/site/public/images/Zong_logo.png HTTP/1.1 200 43161 https://localhost:9443/devportal/apis/a9eff00c-8aee-4ca5-8e6e-3d5df6468875/overview Mozilla/5.0 (Windows NT 10.0; Win64; x64) AppleWebKit/537.36 (KHTML, like Gecko) Chrome/114.0.0.0 Safari/537.36 0.017
0:0:0:0:0:0:0:1 - - [23/Jun/2023:11:45:21 +0500] GET /devportal/site/public/images/Zong_logo.png HTTP/1.1 200 43161 https://localhost:9443/devportal/apis/a9eff00c-8aee-4ca5-8e6e-3d5df6468875/overview Mozilla/5.0 (Windows NT 10.0; Win64; x64) AppleWebKit/537.36 (KHTML, like Gecko) Chrome/114.0.0.0 Safari/537.36 0.006
0:0:0:0:0:0:0:1 - - [23/Jun/2023:11:45:21 +0500] GET /api/am/publisher/v3/swagger.yaml HTTP/1.1 200 43144 https://localhost:9443/publisher/apis/ Mozilla/5.0 (Windows NT 10.0; Win64; x64) AppleWebKit/537.36 (KHTML, like Gecko) Chrome/114.0.0.0 Safari/537.36 6.232
0:0:0:0:0:0:0:1 - - [23/Jun/2023:11:45:24 +0500] GET /api/am/devportal/v2/swagger.yaml HTTP/1.1 200 23493 https://localhost:9443/devportal/apis/a9eff00c-8aee-4ca5-8e6e-3d5df6468875/overview Mozilla/5.0 (Windows NT 10.0; Win64; x64) AppleWebKit/537.36 (KHTML, like Gecko) Chrome/114.0.0.0 Safari/537.36 3.815
0:0:0:0:0:0:0:1 - - [23/Jun/2023:11:45:28 +0500] GET /api/am/devportal/v2/settings HTTP/1.1 200 868 https://localhost:9443/devportal/apis/a9eff00c-8aee-4ca5-8e6e-3d5df6468875/overview Mozilla/5.0 (Windows NT 10.0; Win64; x64) AppleWebKit/537.36 (KHTML, like Gecko) Chrome/114.0.0.0 Safari/537.36 2.632
0:0:0:0:0:0:0:1 - - [23/Jun/2023:11:45:28 +0500] GET /devportal/site/public/dist/ProtectedApp.85246914c5a864cd3b25.bundle.js HTTP/1.1 200 70400 https://localhost:9443/devportal/apis/a9eff00c-8aee-4ca5-8e6e-3d5df6468875/overview Mozilla/5.0 (Windows NT 10.0; Win64; x64) AppleWebKit/537.36 (KHTML, like Gecko) Chrome/114.0.0.0 Safari/537.36 0.029
0:0:0:0:0:0:0:1 - - [23/Jun/2023:11:45:28 +0500] GET /devportal/site/public/dist/vendors~ProtectedApp.f5062f21efd7a7d46a01.bundle.js HTTP/1.1 200 179913 https://localhost:9443/devportal/apis/a9eff00c-8aee-4ca5-8e6e-3d5df6468875/overview Mozilla/5.0 (Windows NT 10.0; Win64; x64) AppleWebKit/537.36 (KHTML, like Gecko) Chrome/114.0.0.0 Safari/537.36 0.099
0:0:0:0:0:0:0:1 - - [23/Jun/2023:11:45:28 +0500] GET /devportal/site/public/theme/temporary_environments_config.json HTTP/1.1 200 - https://localhost:9443/devportal/apis/a9eff00c-8aee-4ca5-8e6e-3d5df6468875/overview Mozilla/5.0 (Windows NT 10.0; Win64; x64) AppleWebKit/537.36 (KHTML, like Gecko) Chrome/114.0.0.0 Safari/537.36 0.004
0:0:0:0:0:0:0:1 - - [23/Jun/2023:11:45:28 +0500] GET /devportal/site/public/theme/temporary_features_config.json HTTP/1.1 200 - https://localhost:9443/devportal/apis/a9eff00c-8aee-4ca5-8e6e-3d5df6468875/overview Mozilla/5.0 (Windows NT 10.0; Win64; x64) AppleWebKit/537.36 (KHTML, like Gecko) Chrome/114.0.0.0 Safari/537.36 0.004
0:0:0:0:0:0:0:1 - - [23/Jun/2023:11:45:28 +0500] GET /api/am/devportal/v2/tenants?state=active HTTP/1.1 200 96 https://localhost:9443/devportal/apis/a9eff00c-8aee-4ca5-8e6e-3d5df6468875/overview Mozilla/5.0 (Windows NT 10.0; Win64; x64) AppleWebKit/537.36 (KHTML, like Gecko) Chrome/114.0.0.0 Safari/537.36 0.169
0:0:0:0:0:0:0:1 - - [23/Jun/2023:11:45:28 +0500] GET /devportal/site/public/dist/vendors~ApiListing~Apis~ApplicationDetails.085bc8cf7979cfcae9cd.bundle.js HTTP/1.1 200 3838 https://localhost:9443/devportal/apis/a9eff00c-8aee-4ca5-8e6e-3d5df6468875/overview Mozilla/5.0 (Windows NT 10.0; Win64; x64) AppleWebKit/537.36 (KHTML, like Gecko) Chrome/114.0.0.0 Safari/537.36 0.004
0:0:0:0:0:0:0:1 - - [23/Jun/2023:11:45:28 +0500] GET /devportal/site/public/dist/vendors~Apis~Landing.3ed7aaee9d420a079083.bundle.js HTTP/1.1 200 3784 https://localhost:9443/devportal/apis/a9eff00c-8aee-4ca5-8e6e-3d5df6468875/overview Mozilla/5.0 (Windows NT 10.0; Win64; x64) AppleWebKit/537.36 (KHTML, like Gecko) Chrome/114.0.0.0 Safari/537.36 0.009
0:0:0:0:0:0:0:1 - - [23/Jun/2023:11:45:28 +0500] GET /devportal/site/public/dist/vendors~Apis.c6057c04cc4bfea77c3f.bundle.js HTTP/1.1 200 17153 https://localhost:9443/devportal/apis/a9eff00c-8aee-4ca5-8e6e-3d5df6468875/overview Mozilla/5.0 (Windows NT 10.0; Win64; x64) AppleWebKit/537.36 (KHTML, like Gecko) Chrome/114.0.0.0 Safari/537.36 0.008
0:0:0:0:0:0:0:1 - - [23/Jun/2023:11:45:28 +0500] GET /devportal/site/public/dist/vendors~Apis~ApplicationDetails.be38cbbdbc60426eae7a.bundle.js HTTP/1.1 200 71039 https://localhost:9443/devportal/apis/a9eff00c-8aee-4ca5-8e6e-3d5df6468875/overview Mozilla/5.0 (Windows NT 10.0; Win64; x64) AppleWebKit/537.36 (KHTML, like Gecko) Chrome/114.0.0.0 Safari/537.36 0.040
0:0:0:0:0:0:0:1 - - [23/Jun/2023:11:45:28 +0500] GET /devportal/site/public/dist/Apis.fdf1eccb253de572570e.bundle.js HTTP/1.1 200 30555 https://localhost:9443/devportal/apis/a9eff00c-8aee-4ca5-8e6e-3d5df6468875/overview Mozilla/5.0 (Windows NT 10.0; Win64; x64) AppleWebKit/537.36 (KHTML, like Gecko) Chrome/114.0.0.0 Safari/537.36 0.027
0:0:0:0:0:0:0:1 - - [23/Jun/2023:11:45:28 +0500] GET /oidc/checksession?client_id=1gMVqRyMGgEkZ3coeBEcN12K_zca&redirect_uri=https://localhost:9443/devportal/services/auth/callback/login HTTP/1.1 200 3133 https://localhost:9443/devportal/apis/a9eff00c-8aee-4ca5-8e6e-3d5df6468875/overview Mozilla/5.0 (Windows NT 10.0; Win64; x64) AppleWebKit/537.36 (KHTML, like Gecko) Chrome/114.0.0.0 Safari/537.36 0.010
0:0:0:0:0:0:0:1 - - [23/Jun/2023:11:45:28 +0500] GET /devportal/site/public/images/zong_logo.svg HTTP/1.1 200 5917 https://localhost:9443/devportal/apis/a9eff00c-8aee-4ca5-8e6e-3d5df6468875/overview Mozilla/5.0 (Windows NT 10.0; Win64; x64) AppleWebKit/537.36 (KHTML, like Gecko) Chrome/114.0.0.0 Safari/537.36 0.014
0:0:0:0:0:0:0:1 - - [23/Jun/2023:11:45:28 +0500] GET /devportal HTTP/1.1 302 - https://localhost:9443/devportal/apis/a9eff00c-8aee-4ca5-8e6e-3d5df6468875/overview Mozilla/5.0 (Windows NT 10.0; Win64; x64) AppleWebKit/537.36 (KHTML, like Gecko) Chrome/114.0.0.0 Safari/537.36 0.000
0:0:0:0:0:0:0:1 - - [23/Jun/2023:11:45:28 +0500] GET /devportal/site/public/images/appbarBack.png HTTP/1.1 200 1964 https://localhost:9443/devportal/apis/a9eff00c-8aee-4ca5-8e6e-3d5df6468875/overview Mozilla/5.0 (Windows NT 10.0; Win64; x64) AppleWebKit/537.36 (KHTML, like Gecko) Chrome/114.0.0.0 Safari/537.36 0.012
0:0:0:0:0:0:0:1 - - [23/Jun/2023:11:45:29 +0500] GET /devportal/site/public/fonts/Open_Sans/mem8YaGs126MiZpBA-UFVZ0bf8pkAg.woff2 HTTP/1.1 200 8892 https://localhost:9443/devportal/site/public/css/main.css Mozilla/5.0 (Windows NT 10.0; Win64; x64) AppleWebKit/537.36 (KHTML, like Gecko) Chrome/114.0.0.0 Safari/537.36 0.004
0:0:0:0:0:0:0:1 - - [23/Jun/2023:11:45:29 +0500] GET /devportal/site/public/fonts/iconfont/MaterialIcons-Regular.woff2 HTTP/1.1 200 60840 https://localhost:9443/devportal/site/public/fonts/iconfont/material-icons.css Mozilla/5.0 (Windows NT 10.0; Win64; x64) AppleWebKit/537.36 (KHTML, like Gecko) Chrome/114.0.0.0 Safari/537.36 0.014
0:0:0:0:0:0:0:1 - - [23/Jun/2023:11:45:29 +0500] GET /devportal/site/public/fonts/Open_Sans/mem5YaGs126MiZpBA-UN7rgOUuhpKKSTjw.woff2 HTTP/1.1 200 8800 https://localhost:9443/devportal/site/public/css/main.css Mozilla/5.0 (Windows NT 10.0; Win64; x64) AppleWebKit/537.36 (KHTML, like Gecko) Chrome/114.0.0.0 Safari/537.36 0.027
0:0:0:0:0:0:0:1 - - [23/Jun/2023:11:45:29 +0500] GET /devportal/ HTTP/1.1 200 2034 https://localhost:9443/devportal/apis/a9eff00c-8aee-4ca5-8e6e-3d5df6468875/overview Mozilla/5.0 (Windows NT 10.0; Win64; x64) AppleWebKit/537.36 (KHTML, like Gecko) Chrome/114.0.0.0 Safari/537.36 0.075
0:0:0:0:0:0:0:1 - - [23/Jun/2023:11:45:29 +0500] - 400 - - - 0.000
0:0:0:0:0:0:0:1 - - [23/Jun/2023:11:45:29 +0500] - 400 - - - 0.000
0:0:0:0:0:0:0:1 - - [23/Jun/2023:11:45:30 +0500] - 400 - - - 0.000
0:0:0:0:0:0:0:1 - - [23/Jun/2023:11:45:33 +0500] GET /api/am/devportal/v2/apis/a9eff00c-8aee-4ca5-8e6e-3d5df6468875 HTTP/1.1 200 1171 https://localhost:9443/devportal/apis/a9eff00c-8aee-4ca5-8e6e-3d5df6468875/overview Mozilla/5.0 (Windows NT 10.0; Win64; x64) AppleWebKit/537.36 (KHTML, like Gecko) Chrome/114.0.0.0 Safari/537.36 3.449
0:0:0:0:0:0:0:1 - - [23/Jun/2023:11:45:34 +0500] - 400 - - - 0.000
0:0:0:0:0:0:0:1 - - [23/Jun/2023:11:45:34 +0500] - 400 - - - 0.000
0:0:0:0:0:0:0:1 - - [23/Jun/2023:11:45:34 +0500] - 400 - - - 0.000
0:0:0:0:0:0:0:1 - - [23/Jun/2023:11:45:34 +0500] GET /devportal/site/public/images/leftMenuBack.png HTTP/1.1 200 5308 https://localhost:9443/devportal/apis/a9eff00c-8aee-4ca5-8e6e-3d5df6468875/overview Mozilla/5.0 (Windows NT 10.0; Win64; x64) AppleWebKit/537.36 (KHTML, like Gecko) Chrome/114.0.0.0 Safari/537.36 0.004
0:0:0:0:0:0:0:1 - - [23/Jun/2023:11:45:34 +0500] GET /devportal/site/public/dist/vendors~APIComments~APIOverview~ApplicationDetails.87a2f2161f16e1ebc95c.bundle.js HTTP/1.1 200 5400 https://localhost:9443/devportal/apis/a9eff00c-8aee-4ca5-8e6e-3d5df6468875/overview Mozilla/5.0 (Windows NT 10.0; Win64; x64) AppleWebKit/537.36 (KHTML, like Gecko) Chrome/114.0.0.0 Safari/537.36 0.014
0:0:0:0:0:0:0:1 - - [23/Jun/2023:11:45:34 +0500] GET /devportal/site/public/dist/vendors~APIDocuments~APIOverview.6e9016b2541da23523a5.bundle.js HTTP/1.1 200 86891 https://localhost:9443/devportal/apis/a9eff00c-8aee-4ca5-8e6e-3d5df6468875/overview Mozilla/5.0 (Windows NT 10.0; Win64; x64) AppleWebKit/537.36 (KHTML, like Gecko) Chrome/114.0.0.0 Safari/537.36 0.072
0:0:0:0:0:0:0:1 - - [23/Jun/2023:11:45:34 +0500] GET /devportal/site/public/dist/APIOverview.f8126125ca0837b4fd59.bundle.js HTTP/1.1 200 11676 https://localhost:9443/devportal/apis/a9eff00c-8aee-4ca5-8e6e-3d5df6468875/overview Mozilla/5.0 (Windows NT 10.0; Win64; x64) AppleWebKit/537.36 (KHTML, like Gecko) Chrome/114.0.0.0 Safari/537.36 0.011
0:0:0:0:0:0:0:1 - - [23/Jun/2023:11:45:34 +0500] GET /devportal/site/public/dist/APIComments.556f8b209379e7d93f7a.bundle.js HTTP/1.1 200 8382 https://localhost:9443/devportal/apis/a9eff00c-8aee-4ca5-8e6e-3d5df6468875/overview Mozilla/5.0 (Windows NT 10.0; Win64; x64) AppleWebKit/537.36 (KHTML, like Gecko) Chrome/114.0.0.0 Safari/537.36 0.015
0:0:0:0:0:0:0:1 - - [23/Jun/2023:11:45:35 +0500] GET /api/am/devportal/v2/apis/a9eff00c-8aee-4ca5-8e6e-3d5df6468875/documents HTTP/1.1 200 92 https://localhost:9443/devportal/apis/a9eff00c-8aee-4ca5-8e6e-3d5df6468875/overview Mozilla/5.0 (Windows NT 10.0; Win64; x64) AppleWebKit/537.36 (KHTML, like Gecko) Chrome/114.0.0.0 Safari/537.36 0.309
0:0:0:0:0:0:0:1 - - [23/Jun/2023:11:45:35 +0500] GET /api/am/devportal/v2/throttling-policies/subscription HTTP/1.1 200 634 https://localhost:9443/devportal/apis/a9eff00c-8aee-4ca5-8e6e-3d5df6468875/overview Mozilla/5.0 (Windows NT 10.0; Win64; x64) AppleWebKit/537.36 (KHTML, like Gecko) Chrome/114.0.0.0 Safari/537.36 0.262
0:0:0:0:0:0:0:1 - - [23/Jun/2023:11:45:35 +0500] GET /api/am/devportal/v2/apis/a9eff00c-8aee-4ca5-8e6e-3d5df6468875/documents HTTP/1.1 200 92 https://localhost:9443/devportal/apis/a9eff00c-8aee-4ca5-8e6e-3d5df6468875/overview Mozilla/5.0 (Windows NT 10.0; Win64; x64) AppleWebKit/537.36 (KHTML, like Gecko) Chrome/114.0.0.0 Safari/537.36 0.036
0:0:0:0:0:0:0:1 - - [23/Jun/2023:11:45:35 +0500] GET /api/am/devportal/v2/throttling-policies/subscription HTTP/1.1 200 634 https://localhost:9443/devportal/apis/a9eff00c-8aee-4ca5-8e6e-3d5df6468875/overview Mozilla/5.0 (Windows NT 10.0; Win64; x64) AppleWebKit/537.36 (KHTML, like Gecko) Chrome/114.0.0.0 Safari/537.36 0.029
0:0:0:0:0:0:0:1 - - [23/Jun/2023:11:45:35 +0500] GET /api/am/devportal/v2/apis/a9eff00c-8aee-4ca5-8e6e-3d5df6468875/thumbnail HTTP/1.1 204 - https://localhost:9443/devportal/apis/a9eff00c-8aee-4ca5-8e6e-3d5df6468875/overview Mozilla/5.0 (Windows NT 10.0; Win64; x64) AppleWebKit/537.36 (KHTML, like Gecko) Chrome/114.0.0.0 Safari/537.36 0.051
0:0:0:0:0:0:0:1 - - [23/Jun/2023:11:45:35 +0500] GET /api/am/devportal/v2/apis/a9eff00c-8aee-4ca5-8e6e-3d5df6468875/ratings HTTP/1.1 200 125 https://localhost:9443/devportal/apis/a9eff00c-8aee-4ca5-8e6e-3d5df6468875/overview Mozilla/5.0 (Windows NT 10.0; Win64; x64) AppleWebKit/537.36 (KHTML, like Gecko) Chrome/114.0.0.0 Safari/537.36 0.085
0:0:0:0:0:0:0:1 - - [23/Jun/2023:11:45:35 +0500] GET /api/am/devportal/v2/apis/a9eff00c-8aee-4ca5-8e6e-3d5df6468875/comments?limit=5&offset=0 HTTP/1.1 200 101 https://localhost:9443/devportal/apis/a9eff00c-8aee-4ca5-8e6e-3d5df6468875/overview Mozilla/5.0 (Windows NT 10.0; Win64; x64) AppleWebKit/537.36 (KHTML, like Gecko) Chrome/114.0.0.0 Safari/537.36 0.227
127.0.0.1 - - [23/Jun/2023:11:45:36 +0500] GET /keymanager-operations/dcr/register/UW1XanBNbUZfYnJYZ2Y5YjQ2eVFUaklubkRnYQ%3D%3D HTTP/1.1 200 515 - Apache-HttpClient/4.5.13 (Java/11.0.18) 2.416
127.0.0.1 - - [23/Jun/2023:11:45:36 +0500] GET /keymanager-operations/dcr/register/UW1XanBNbUZfYnJYZ2Y5YjQ2eVFUaklubkRnYQ%3D%3D HTTP/1.1 200 515 - Apache-HttpClient/4.5.13 (Java/11.0.18) 2.477
0:0:0:0:0:0:0:1 - - [23/Jun/2023:11:45:36 +0500] GET /api/am/devportal/v2/subscriptions?apiId=a9eff00c-8aee-4ca5-8e6e-3d5df6468875&limit=5000 HTTP/1.1 200 656 https://localhost:9443/devportal/apis/a9eff00c-8aee-4ca5-8e6e-3d5df6468875/overview Mozilla/5.0 (Windows NT 10.0; Win64; x64) AppleWebKit/537.36 (KHTML, like Gecko) Chrome/114.0.0.0 Safari/537.36 5.587
0:0:0:0:0:0:0:1 - - [23/Jun/2023:11:45:36 +0500] GET /api/am/devportal/v2/subscriptions?apiId=a9eff00c-8aee-4ca5-8e6e-3d5df6468875&limit=25 HTTP/1.1 200 656 https://localhost:9443/devportal/apis/a9eff00c-8aee-4ca5-8e6e-3d5df6468875/overview Mozilla/5.0 (Windows NT 10.0; Win64; x64) AppleWebKit/537.36 (KHTML, like Gecko) Chrome/114.0.0.0 Safari/537.36 5.858
0:0:0:0:0:0:0:1 - - [23/Jun/2023:11:45:36 +0500] GET /api/am/publisher/v3/apis?limit=10&offset=0 HTTP/1.1 200 695 https://localhost:9443/publisher/apis/ Mozilla/5.0 (Windows NT 10.0; Win64; x64) AppleWebKit/537.36 (KHTML, like Gecko) Chrome/114.0.0.0 Safari/537.36 7.731
0:0:0:0:0:0:0:1 - - [23/Jun/2023:11:45:36 +0500] GET /publisher/site/public/fonts/Open_Sans/mem5YaGs126MiZpBA-UNirkOUuhpKKSTjw.woff2 HTTP/1.1 200 8916 https://localhost:9443/publisher/site/public/css/main.css Mozilla/5.0 (Windows NT 10.0; Win64; x64) AppleWebKit/537.36 (KHTML, like Gecko) Chrome/114.0.0.0 Safari/537.36 0.004
0:0:0:0:0:0:0:1 - - [23/Jun/2023:11:45:38 +0500] - 400 - - - 0.000
0:0:0:0:0:0:0:1 - - [23/Jun/2023:11:45:38 +0500] - 400 - - - 0.000
0:0:0:0:0:0:0:1 - - [23/Jun/2023:11:45:38 +0500] GET /devportal/site/public/dist/3.5fb775e73b1459555d1d.bundle.js HTTP/1.1 200 5285 https://localhost:9443/devportal/apis/a9eff00c-8aee-4ca5-8e6e-3d5df6468875/test Mozilla/5.0 (Windows NT 10.0; Win64; x64) AppleWebKit/537.36 (KHTML, like Gecko) Chrome/114.0.0.0 Safari/537.36 0.034
0:0:0:0:0:0:0:1 - - [23/Jun/2023:11:45:38 +0500] GET /devportal/site/public/dist/APIConsole.e692d99b83731b72dbe6.bundle.js HTTP/1.1 200 4237 https://localhost:9443/devportal/apis/a9eff00c-8aee-4ca5-8e6e-3d5df6468875/test Mozilla/5.0 (Windows NT 10.0; Win64; x64) AppleWebKit/537.36 (KHTML, like Gecko) Chrome/114.0.0.0 Safari/537.36 0.032
0:0:0:0:0:0:0:1 - - [23/Jun/2023:11:45:38 +0500] GET /devportal/site/public/dist/9.19a62cd6a9c3410d8be6.bundle.js HTTP/1.1 200 89623 https://localhost:9443/devportal/apis/a9eff00c-8aee-4ca5-8e6e-3d5df6468875/test Mozilla/5.0 (Windows NT 10.0; Win64; x64) AppleWebKit/537.36 (KHTML, like Gecko) Chrome/114.0.0.0 Safari/537.36 0.099
0:0:0:0:0:0:0:1 - - [23/Jun/2023:11:45:39 +0500] GET /devportal/site/public/dist/vendors~APIConsole~GraphQLConsole.c00ffdb9a4bac0f7794e.bundle.js HTTP/1.1 200 364418 https://localhost:9443/devportal/apis/a9eff00c-8aee-4ca5-8e6e-3d5df6468875/test Mozilla/5.0 (Windows NT 10.0; Win64; x64) AppleWebKit/537.36 (KHTML, like Gecko) Chrome/114.0.0.0 Safari/537.36 0.271
0:0:0:0:0:0:0:1 - - [23/Jun/2023:11:45:39 +0500] GET /devportal/site/public/dist/vendors~APIConsole.b84bc27def35d6c9dee0.bundle.js HTTP/1.1 200 1577542 https://localhost:9443/devportal/apis/a9eff00c-8aee-4ca5-8e6e-3d5df6468875/test Mozilla/5.0 (Windows NT 10.0; Win64; x64) AppleWebKit/537.36 (KHTML, like Gecko) Chrome/114.0.0.0 Safari/537.36 0.901
0:0:0:0:0:0:0:1 - - [23/Jun/2023:11:45:41 +0500] GET /api/am/devportal/v2/apis/a9eff00c-8aee-4ca5-8e6e-3d5df6468875 HTTP/1.1 200 1171 https://localhost:9443/devportal/apis/a9eff00c-8aee-4ca5-8e6e-3d5df6468875/test Mozilla/5.0 (Windows NT 10.0; Win64; x64) AppleWebKit/537.36 (KHTML, like Gecko) Chrome/114.0.0.0 Safari/537.36 0.050
0:0:0:0:0:0:0:1 - - [23/Jun/2023:11:45:42 +0500] GET /api/am/devportal/v2/apis/a9eff00c-8aee-4ca5-8e6e-3d5df6468875/swagger?environmentName=Default HTTP/1.1 200 489 https://localhost:9443/devportal/apis/a9eff00c-8aee-4ca5-8e6e-3d5df6468875/test Mozilla/5.0 (Windows NT 10.0; Win64; x64) AppleWebKit/537.36 (KHTML, like Gecko) Chrome/114.0.0.0 Safari/537.36 0.252
0:0:0:0:0:0:0:1 - - [23/Jun/2023:11:45:42 +0500] GET /api/am/devportal/v2/swagger.yaml HTTP/1.1 200 23493 https://localhost:9443/devportal/apis/a9eff00c-8aee-4ca5-8e6e-3d5df6468875/test Mozilla/5.0 (Windows NT 10.0; Win64; x64) AppleWebKit/537.36 (KHTML, like Gecko) Chrome/114.0.0.0 Safari/537.36 0.022
0:0:0:0:0:0:0:1 - - [23/Jun/2023:11:45:42 +0500] GET /api/am/devportal/v2/subscriptions?apiId=a9eff00c-8aee-4ca5-8e6e-3d5df6468875&limit=25 HTTP/1.1 200 656 https://localhost:9443/devportal/apis/a9eff00c-8aee-4ca5-8e6e-3d5df6468875/test Mozilla/5.0 (Windows NT 10.0; Win64; x64) AppleWebKit/537.36 (KHTML, like Gecko) Chrome/114.0.0.0 Safari/537.36 0.235
127.0.0.1 - - [23/Jun/2023:11:45:42 +0500] GET /keymanager-operations/dcr/register/UW1XanBNbUZfYnJYZ2Y5YjQ2eVFUaklubkRnYQ%3D%3D HTTP/1.1 200 515 - Apache-HttpClient/4.5.13 (Java/11.0.18) 0.098
127.0.0.1 - - [23/Jun/2023:11:45:42 +0500] GET /oauth2/token/.well-known/openid-configuration HTTP/1.1 200 2245 - Apache-HttpClient/4.5.13 (Java/11.0.18) 0.069
0:0:0:0:0:0:0:1 - - [23/Jun/2023:11:45:42 +0500] GET /api/am/devportal/v2/key-managers HTTP/1.1 200 755 https://localhost:9443/devportal/apis/a9eff00c-8aee-4ca5-8e6e-3d5df6468875/test Mozilla/5.0 (Windows NT 10.0; Win64; x64) AppleWebKit/537.36 (KHTML, like Gecko) Chrome/114.0.0.0 Safari/537.36 0.315
127.0.0.1 - - [23/Jun/2023:11:45:43 +0500] GET /keymanager-operations/dcr/register/UW1XanBNbUZfYnJYZ2Y5YjQ2eVFUaklubkRnYQ%3D%3D HTTP/1.1 200 515 - Apache-HttpClient/4.5.13 (Java/11.0.18) 0.013
0:0:0:0:0:0:0:1 - - [23/Jun/2023:11:45:43 +0500] GET /api/am/devportal/v2/subscriptions?apiId=a9eff00c-8aee-4ca5-8e6e-3d5df6468875&limit=25 HTTP/1.1 200 656 https://localhost:9443/devportal/apis/a9eff00c-8aee-4ca5-8e6e-3d5df6468875/test Mozilla/5.0 (Windows NT 10.0; Win64; x64) AppleWebKit/537.36 (KHTML, like Gecko) Chrome/114.0.0.0 Safari/537.36 0.068
0:0:0:0:0:0:0:1 - - [23/Jun/2023:11:45:43 +0500] GET /api/am/devportal/v2/swagger.yaml HTTP/1.1 200 23493 https://localhost:9443/devportal/apis/a9eff00c-8aee-4ca5-8e6e-3d5df6468875/test Mozilla/5.0 (Windows NT 10.0; Win64; x64) AppleWebKit/537.36 (KHTML, like Gecko) Chrome/114.0.0.0 Safari/537.36 0.012
0:0:0:0:0:0:0:1 - - [23/Jun/2023:11:45:43 +0500] GET /api/am/devportal/v2/applications/ HTTP/1.1 200 979 https://localhost:9443/devportal/apis/a9eff00c-8aee-4ca5-8e6e-3d5df6468875/test Mozilla/5.0 (Windows NT 10.0; Win64; x64) AppleWebKit/537.36 (KHTML, like Gecko) Chrome/114.0.0.0 Safari/537.36 0.128
127.0.0.1 - - [23/Jun/2023:11:45:44 +0500] GET /keymanager-operations/dcr/register/UW1XanBNbUZfYnJYZ2Y5YjQ2eVFUaklubkRnYQ%3D%3D HTTP/1.1 200 515 - Apache-HttpClient/4.5.13 (Java/11.0.18) 0.005
0:0:0:0:0:0:0:1 - - [23/Jun/2023:11:45:44 +0500] GET /api/am/devportal/v2/applications/42c4aa1a-258d-44a0-a858-5c2ed1cd2856 HTTP/1.1 200 288 https://localhost:9443/devportal/apis/a9eff00c-8aee-4ca5-8e6e-3d5df6468875/test Mozilla/5.0 (Windows NT 10.0; Win64; x64) AppleWebKit/537.36 (KHTML, like Gecko) Chrome/114.0.0.0 Safari/537.36 0.102
127.0.0.1 - - [23/Jun/2023:11:45:44 +0500] GET /keymanager-operations/dcr/register/UW1XanBNbUZfYnJYZ2Y5YjQ2eVFUaklubkRnYQ%3D%3D HTTP/1.1 200 515 - Apache-HttpClient/4.5.13 (Java/11.0.18) 0.012
0:0:0:0:0:0:0:1 - - [23/Jun/2023:11:45:44 +0500] GET /api/am/devportal/v2/applications/42c4aa1a-258d-44a0-a858-5c2ed1cd2856/oauth-keys HTTP/1.1 200 663 https://localhost:9443/devportal/apis/a9eff00c-8aee-4ca5-8e6e-3d5df6468875/test Mozilla/5.0 (Windows NT 10.0; Win64; x64) AppleWebKit/537.36 (KHTML, like Gecko) Chrome/114.0.0.0 Safari/537.36 0.043
0:0:0:0:0:0:0:1 - - [23/Jun/2023:11:45:44 +0500] GET /api/am/devportal/v2/swagger.yaml HTTP/1.1 200 23493 https://localhost:9443/devportal/apis/a9eff00c-8aee-4ca5-8e6e-3d5df6468875/test Mozilla/5.0 (Windows NT 10.0; Win64; x64) AppleWebKit/537.36 (KHTML, like Gecko) Chrome/114.0.0.0 Safari/537.36 0.014
0:0:0:0:0:0:0:1 - - [23/Jun/2023:11:45:44 +0500] GET /api/am/devportal/v2/swagger.yaml HTTP/1.1 200 23493 https://localhost:9443/devportal/apis/a9eff00c-8aee-4ca5-8e6e-3d5df6468875/test Mozilla/5.0 (Windows NT 10.0; Win64; x64) AppleWebKit/537.36 (KHTML, like Gecko) Chrome/114.0.0.0 Safari/537.36 0.022
127.0.0.1 - - [23/Jun/2023:11:45:44 +0500] GET /keymanager-operations/dcr/register/UW1XanBNbUZfYnJYZ2Y5YjQ2eVFUaklubkRnYQ%3D%3D HTTP/1.1 200 515 - Apache-HttpClient/4.5.13 (Java/11.0.18) 0.016
0:0:0:0:0:0:0:1 - - [23/Jun/2023:11:45:44 +0500] GET /api/am/devportal/v2/applications/42c4aa1a-258d-44a0-a858-5c2ed1cd2856 HTTP/1.1 200 288 https://localhost:9443/devportal/apis/a9eff00c-8aee-4ca5-8e6e-3d5df6468875/test Mozilla/5.0 (Windows NT 10.0; Win64; x64) AppleWebKit/537.36 (KHTML, like Gecko) Chrome/114.0.0.0 Safari/537.36 0.051
127.0.0.1 - - [23/Jun/2023:11:45:45 +0500] GET /keymanager-operations/dcr/register/UW1XanBNbUZfYnJYZ2Y5YjQ2eVFUaklubkRnYQ%3D%3D HTTP/1.1 200 515 - Apache-HttpClient/4.5.13 (Java/11.0.18) 0.011
0:0:0:0:0:0:0:1 - - [23/Jun/2023:11:45:45 +0500] GET /api/am/devportal/v2/applications/42c4aa1a-258d-44a0-a858-5c2ed1cd2856 HTTP/1.1 200 288 https://localhost:9443/devportal/apis/a9eff00c-8aee-4ca5-8e6e-3d5df6468875/test Mozilla/5.0 (Windows NT 10.0; Win64; x64) AppleWebKit/537.36 (KHTML, like Gecko) Chrome/114.0.0.0 Safari/537.36 0.031
127.0.0.1 - - [23/Jun/2023:11:45:45 +0500] GET /keymanager-operations/dcr/register/UW1XanBNbUZfYnJYZ2Y5YjQ2eVFUaklubkRnYQ%3D%3D HTTP/1.1 200 515 - Apache-HttpClient/4.5.13 (Java/11.0.18) 0.012
0:0:0:0:0:0:0:1 - - [23/Jun/2023:11:45:45 +0500] GET /api/am/devportal/v2/applications/42c4aa1a-258d-44a0-a858-5c2ed1cd2856/oauth-keys HTTP/1.1 200 663 https://localhost:9443/devportal/apis/a9eff00c-8aee-4ca5-8e6e-3d5df6468875/test Mozilla/5.0 (Windows NT 10.0; Win64; x64) AppleWebKit/537.36 (KHTML, like Gecko) Chrome/114.0.0.0 Safari/537.36 0.028
127.0.0.1 - - [23/Jun/2023:11:45:45 +0500] GET /keymanager-operations/dcr/register/UW1XanBNbUZfYnJYZ2Y5YjQ2eVFUaklubkRnYQ%3D%3D HTTP/1.1 200 515 - Apache-HttpClient/4.5.13 (Java/11.0.18) 0.007
0:0:0:0:0:0:0:1 - - [23/Jun/2023:11:45:45 +0500] GET /api/am/devportal/v2/applications/42c4aa1a-258d-44a0-a858-5c2ed1cd2856/oauth-keys HTTP/1.1 200 663 https://localhost:9443/devportal/apis/a9eff00c-8aee-4ca5-8e6e-3d5df6468875/test Mozilla/5.0 (Windows NT 10.0; Win64; x64) AppleWebKit/537.36 (KHTML, like Gecko) Chrome/114.0.0.0 Safari/537.36 0.021
0:0:0:0:0:0:0:1 - - [23/Jun/2023:11:45:47 +0500] GET /api/am/devportal/v2/swagger.yaml HTTP/1.1 200 23493 https://localhost:9443/devportal/apis/a9eff00c-8aee-4ca5-8e6e-3d5df6468875/test Mozilla/5.0 (Windows NT 10.0; Win64; x64) AppleWebKit/537.36 (KHTML, like Gecko) Chrome/114.0.0.0 Safari/537.36 0.026
127.0.0.1 - - [23/Jun/2023:11:45:48 +0500] GET /keymanager-operations/dcr/register/UW1XanBNbUZfYnJYZ2Y5YjQ2eVFUaklubkRnYQ%3D%3D HTTP/1.1 200 515 - Apache-HttpClient/4.5.13 (Java/11.0.18) 0.014
0:0:0:0:0:0:0:1 - - [23/Jun/2023:11:45:48 +0500] GET /api/am/devportal/v2/applications/42c4aa1a-258d-44a0-a858-5c2ed1cd2856 HTTP/1.1 200 288 https://localhost:9443/devportal/apis/a9eff00c-8aee-4ca5-8e6e-3d5df6468875/test Mozilla/5.0 (Windows NT 10.0; Win64; x64) AppleWebKit/537.36 (KHTML, like Gecko) Chrome/114.0.0.0 Safari/537.36 0.056
127.0.0.1 - - [23/Jun/2023:11:45:48 +0500] GET /keymanager-operations/dcr/register/UW1XanBNbUZfYnJYZ2Y5YjQ2eVFUaklubkRnYQ%3D%3D HTTP/1.1 200 515 - Apache-HttpClient/4.5.13 (Java/11.0.18) 0.017
0:0:0:0:0:0:0:1 - - [23/Jun/2023:11:45:48 +0500] GET /api/am/devportal/v2/applications/42c4aa1a-258d-44a0-a858-5c2ed1cd2856/oauth-keys HTTP/1.1 200 663 https://localhost:9443/devportal/apis/a9eff00c-8aee-4ca5-8e6e-3d5df6468875/test Mozilla/5.0 (Windows NT 10.0; Win64; x64) AppleWebKit/537.36 (KHTML, like Gecko) Chrome/114.0.0.0 Safari/537.36 0.041
127.0.0.1 - - [23/Jun/2023:11:45:48 +0500] GET /keymanager-operations/dcr/register/UW1XanBNbUZfYnJYZ2Y5YjQ2eVFUaklubkRnYQ%3D%3D HTTP/1.1 200 515 - Apache-HttpClient/4.5.13 (Java/11.0.18) 0.032
127.0.0.1 - - [23/Jun/2023:11:45:48 +0500] GET /keymanager-operations/dcr/register/UW1XanBNbUZfYnJYZ2Y5YjQ2eVFUaklubkRnYQ%3D%3D HTTP/1.1 200 515 - Apache-HttpClient/4.5.13 (Java/11.0.18) 0.016
127.0.0.1 - - [23/Jun/2023:11:45:49 +0500] POST /oauth2/token HTTP/1.1 200 1022 - Apache-HttpClient/4.5.13 (Java/11.0.18) 0.734
0:0:0:0:0:0:0:1 - - [23/Jun/2023:11:45:49 +0500] POST /api/am/devportal/v2/applications/42c4aa1a-258d-44a0-a858-5c2ed1cd2856/oauth-keys/25276c26-d463-4cde-b264-6ee604b9a049/generate-token HTTP/1.1 200 1009 https://localhost:9443/devportal/apis/a9eff00c-8aee-4ca5-8e6e-3d5df6468875/test Mozilla/5.0 (Windows NT 10.0; Win64; x64) AppleWebKit/537.36 (KHTML, like Gecko) Chrome/114.0.0.0 Safari/537.36 1.392
127.0.0.1 - - [23/Jun/2023:11:45:49 +0500] POST /internal/data/v1/notify HTTP/1.1 200 - - Apache-HttpClient/4.5.13 (Java/11.0.18) 0.358
127.0.0.1 - - [23/Jun/2023:11:46:23 +0500] GET /oauth2/jwks HTTP/1.1 200 511 - Apache-HttpClient/4.5.13 (Java/11.0.18) 0.112
0:0:0:0:0:0:0:1 - - [23/Jun/2023:11:54:01 +0500] - 400 - - - 0.000
0:0:0:0:0:0:0:1 - - [23/Jun/2023:11:54:01 +0500] - 400 - - - 0.000
0:0:0:0:0:0:0:1 - - [23/Jun/2023:11:54:01 +0500] - 400 - - - 0.000
0:0:0:0:0:0:0:1 - - [23/Jun/2023:11:54:01 +0500] GET /api/am/devportal/v2/api-categories HTTP/1.1 200 21 https://localhost:9443/devportal/apis Mozilla/5.0 (Windows NT 10.0; Win64; x64) AppleWebKit/537.36 (KHTML, like Gecko) Chrome/114.0.0.0 Safari/537.36 0.505
0:0:0:0:0:0:0:1 - - [23/Jun/2023:11:54:02 +0500] GET /api/am/devportal/v2/apis?limit=10&offset=0 HTTP/1.1 200 698 https://localhost:9443/devportal/apis Mozilla/5.0 (Windows NT 10.0; Win64; x64) AppleWebKit/537.36 (KHTML, like Gecko) Chrome/114.0.0.0 Safari/537.36 1.202
0:0:0:0:0:0:0:1 - - [23/Jun/2023:11:54:02 +0500] GET /api/am/devportal/v2/tags HTTP/1.1 200 119 https://localhost:9443/devportal/apis Mozilla/5.0 (Windows NT 10.0; Win64; x64) AppleWebKit/537.36 (KHTML, like Gecko) Chrome/114.0.0.0 Safari/537.36 1.192
0:0:0:0:0:0:0:1 - - [23/Jun/2023:11:54:02 +0500] GET /api/am/devportal/v2/apis/a9eff00c-8aee-4ca5-8e6e-3d5df6468875/ratings HTTP/1.1 200 125 https://localhost:9443/devportal/apis Mozilla/5.0 (Windows NT 10.0; Win64; x64) AppleWebKit/537.36 (KHTML, like Gecko) Chrome/114.0.0.0 Safari/537.36 0.025
0:0:0:0:0:0:0:1 - - [23/Jun/2023:11:54:03 +0500] GET /api/am/devportal/v2/apis/f166cc64-02b1-488c-b6e7-2e00befe5d92/ratings HTTP/1.1 200 125 https://localhost:9443/devportal/apis Mozilla/5.0 (Windows NT 10.0; Win64; x64) AppleWebKit/537.36 (KHTML, like Gecko) Chrome/114.0.0.0 Safari/537.36 0.674
0:0:0:0:0:0:0:1 - - [23/Jun/2023:11:54:03 +0500] GET /api/am/devportal/v2/apis/a9eff00c-8aee-4ca5-8e6e-3d5df6468875/thumbnail HTTP/1.1 204 - https://localhost:9443/devportal/apis Mozilla/5.0 (Windows NT 10.0; Win64; x64) AppleWebKit/537.36 (KHTML, like Gecko) Chrome/114.0.0.0 Safari/537.36 0.683
0:0:0:0:0:0:0:1 - - [23/Jun/2023:11:54:03 +0500] - 400 - - - 0.000
0:0:0:0:0:0:0:1 - - [23/Jun/2023:11:54:03 +0500] - 400 - - - 0.000
0:0:0:0:0:0:0:1 - - [23/Jun/2023:11:54:03 +0500] - 400 - - - 0.000
0:0:0:0:0:0:0:1 - - [23/Jun/2023:11:54:03 +0500] GET /api/am/devportal/v2/apis/f166cc64-02b1-488c-b6e7-2e00befe5d92/thumbnail HTTP/1.1 204 - https://localhost:9443/devportal/apis Mozilla/5.0 (Windows NT 10.0; Win64; x64) AppleWebKit/537.36 (KHTML, like Gecko) Chrome/114.0.0.0 Safari/537.36 0.121
0:0:0:0:0:0:0:1 - - [23/Jun/2023:11:54:03 +0500] - 400 - - - 0.000
0:0:0:0:0:0:0:1 - - [23/Jun/2023:11:54:03 +0500] GET /api/am/devportal/v2/apis/a7a6f198-2961-422a-9ba4-7dd81d27f2dc/ratings HTTP/1.1 200 125 https://localhost:9443/devportal/apis Mozilla/5.0 (Windows NT 10.0; Win64; x64) AppleWebKit/537.36 (KHTML, like Gecko) Chrome/114.0.0.0 Safari/537.36 0.031
0:0:0:0:0:0:0:1 - - [23/Jun/2023:11:54:03 +0500] GET /api/am/devportal/v2/apis/a7a6f198-2961-422a-9ba4-7dd81d27f2dc/thumbnail HTTP/1.1 204 - https://localhost:9443/devportal/apis Mozilla/5.0 (Windows NT 10.0; Win64; x64) AppleWebKit/537.36 (KHTML, like Gecko) Chrome/114.0.0.0 Safari/537.36 0.035
0:0:0:0:0:0:0:1 - - [23/Jun/2023:11:54:03 +0500] GET /api/am/devportal/v2/apis/2d15ab04-b0b2-4820-8b7c-052e4997dcce/ratings HTTP/1.1 200 125 https://localhost:9443/devportal/apis Mozilla/5.0 (Windows NT 10.0; Win64; x64) AppleWebKit/537.36 (KHTML, like Gecko) Chrome/114.0.0.0 Safari/537.36 0.026
0:0:0:0:0:0:0:1 - - [23/Jun/2023:11:54:03 +0500] GET /api/am/devportal/v2/apis/2d15ab04-b0b2-4820-8b7c-052e4997dcce/thumbnail HTTP/1.1 204 - https://localhost:9443/devportal/apis Mozilla/5.0 (Windows NT 10.0; Win64; x64) AppleWebKit/537.36 (KHTML, like Gecko) Chrome/114.0.0.0 Safari/537.36 0.031
0:0:0:0:0:0:0:1 - - [23/Jun/2023:11:54:04 +0500] GET /api/am/devportal/v2/apis/f166cc64-02b1-488c-b6e7-2e00befe5d92 HTTP/1.1 200 1521 https://localhost:9443/devportal/apis/f166cc64-02b1-488c-b6e7-2e00befe5d92 Mozilla/5.0 (Windows NT 10.0; Win64; x64) AppleWebKit/537.36 (KHTML, like Gecko) Chrome/114.0.0.0 Safari/537.36 0.106
0:0:0:0:0:0:0:1 - - [23/Jun/2023:11:54:04 +0500] GET /api/am/devportal/v2/applications?limit=5000 HTTP/1.1 200 981 https://localhost:9443/devportal/apis/f166cc64-02b1-488c-b6e7-2e00befe5d92 Mozilla/5.0 (Windows NT 10.0; Win64; x64) AppleWebKit/537.36 (KHTML, like Gecko) Chrome/114.0.0.0 Safari/537.36 0.059
127.0.0.1 - - [23/Jun/2023:11:54:05 +0500] GET /keymanager-operations/dcr/register/UW1XanBNbUZfYnJYZ2Y5YjQ2eVFUaklubkRnYQ%3D%3D HTTP/1.1 200 515 - Apache-HttpClient/4.5.13 (Java/11.0.18) 0.038
127.0.0.1 - - [23/Jun/2023:11:54:05 +0500] GET /keymanager-operations/dcr/register/UW1XanBNbUZfYnJYZ2Y5YjQ2eVFUaklubkRnYQ%3D%3D HTTP/1.1 200 515 - Apache-HttpClient/4.5.13 (Java/11.0.18) 0.023
0:0:0:0:0:0:0:1 - - [23/Jun/2023:11:54:05 +0500] GET /api/am/devportal/v2/subscriptions?apiId=f166cc64-02b1-488c-b6e7-2e00befe5d92&limit=25 HTTP/1.1 200 663 https://localhost:9443/devportal/apis/f166cc64-02b1-488c-b6e7-2e00befe5d92 Mozilla/5.0 (Windows NT 10.0; Win64; x64) AppleWebKit/537.36 (KHTML, like Gecko) Chrome/114.0.0.0 Safari/537.36 0.256
0:0:0:0:0:0:0:1 - - [23/Jun/2023:11:54:05 +0500] GET /api/am/devportal/v2/subscriptions?apiId=f166cc64-02b1-488c-b6e7-2e00befe5d92&limit=5000 HTTP/1.1 200 664 https://localhost:9443/devportal/apis/f166cc64-02b1-488c-b6e7-2e00befe5d92 Mozilla/5.0 (Windows NT 10.0; Win64; x64) AppleWebKit/537.36 (KHTML, like Gecko) Chrome/114.0.0.0 Safari/537.36 0.222
0:0:0:0:0:0:0:1 - - [23/Jun/2023:11:54:05 +0500] GET /api/am/devportal/v2/throttling-policies/subscription HTTP/1.1 200 634 https://localhost:9443/devportal/apis/f166cc64-02b1-488c-b6e7-2e00befe5d92/overview Mozilla/5.0 (Windows NT 10.0; Win64; x64) AppleWebKit/537.36 (KHTML, like Gecko) Chrome/114.0.0.0 Safari/537.36 0.013
0:0:0:0:0:0:0:1 - - [23/Jun/2023:11:54:05 +0500] GET /api/am/devportal/v2/apis/f166cc64-02b1-488c-b6e7-2e00befe5d92/documents HTTP/1.1 200 92 https://localhost:9443/devportal/apis/f166cc64-02b1-488c-b6e7-2e00befe5d92/overview Mozilla/5.0 (Windows NT 10.0; Win64; x64) AppleWebKit/537.36 (KHTML, like Gecko) Chrome/114.0.0.0 Safari/537.36 0.036
0:0:0:0:0:0:0:1 - - [23/Jun/2023:11:54:05 +0500] GET /api/am/devportal/v2/throttling-policies/subscription HTTP/1.1 200 634 https://localhost:9443/devportal/apis/f166cc64-02b1-488c-b6e7-2e00befe5d92/overview Mozilla/5.0 (Windows NT 10.0; Win64; x64) AppleWebKit/537.36 (KHTML, like Gecko) Chrome/114.0.0.0 Safari/537.36 0.010
0:0:0:0:0:0:0:1 - - [23/Jun/2023:11:54:05 +0500] GET /api/am/devportal/v2/apis/f166cc64-02b1-488c-b6e7-2e00befe5d92/documents HTTP/1.1 200 92 https://localhost:9443/devportal/apis/f166cc64-02b1-488c-b6e7-2e00befe5d92/overview Mozilla/5.0 (Windows NT 10.0; Win64; x64) AppleWebKit/537.36 (KHTML, like Gecko) Chrome/114.0.0.0 Safari/537.36 0.034
0:0:0:0:0:0:0:1 - - [23/Jun/2023:11:54:05 +0500] GET /api/am/devportal/v2/apis/f166cc64-02b1-488c-b6e7-2e00befe5d92/thumbnail HTTP/1.1 204 - https://localhost:9443/devportal/apis/f166cc64-02b1-488c-b6e7-2e00befe5d92/overview Mozilla/5.0 (Windows NT 10.0; Win64; x64) AppleWebKit/537.36 (KHTML, like Gecko) Chrome/114.0.0.0 Safari/537.36 0.030
0:0:0:0:0:0:0:1 - - [23/Jun/2023:11:54:05 +0500] GET /api/am/devportal/v2/apis/f166cc64-02b1-488c-b6e7-2e00befe5d92/comments?limit=5&offset=0 HTTP/1.1 200 101 https://localhost:9443/devportal/apis/f166cc64-02b1-488c-b6e7-2e00befe5d92/overview Mozilla/5.0 (Windows NT 10.0; Win64; x64) AppleWebKit/537.36 (KHTML, like Gecko) Chrome/114.0.0.0 Safari/537.36 0.033
0:0:0:0:0:0:0:1 - - [23/Jun/2023:11:54:05 +0500] GET /api/am/devportal/v2/apis/f166cc64-02b1-488c-b6e7-2e00befe5d92/ratings HTTP/1.1 200 125 https://localhost:9443/devportal/apis/f166cc64-02b1-488c-b6e7-2e00befe5d92/overview Mozilla/5.0 (Windows NT 10.0; Win64; x64) AppleWebKit/537.36 (KHTML, like Gecko) Chrome/114.0.0.0 Safari/537.36 0.023
0:0:0:0:0:0:0:1 - - [23/Jun/2023:11:54:07 +0500] GET /api/am/devportal/v2/apis/f166cc64-02b1-488c-b6e7-2e00befe5d92 HTTP/1.1 200 1521 https://localhost:9443/devportal/apis/f166cc64-02b1-488c-b6e7-2e00befe5d92/test Mozilla/5.0 (Windows NT 10.0; Win64; x64) AppleWebKit/537.36 (KHTML, like Gecko) Chrome/114.0.0.0 Safari/537.36 0.026
0:0:0:0:0:0:0:1 - - [23/Jun/2023:11:54:07 +0500] GET /api/am/devportal/v2/apis/f166cc64-02b1-488c-b6e7-2e00befe5d92/swagger?environmentName=Default HTTP/1.1 200 852 https://localhost:9443/devportal/apis/f166cc64-02b1-488c-b6e7-2e00befe5d92/test Mozilla/5.0 (Windows NT 10.0; Win64; x64) AppleWebKit/537.36 (KHTML, like Gecko) Chrome/114.0.0.0 Safari/537.36 0.076
0:0:0:0:0:0:0:1 - - [23/Jun/2023:11:54:07 +0500] GET /api/am/devportal/v2/swagger.yaml HTTP/1.1 200 23493 https://localhost:9443/devportal/apis/f166cc64-02b1-488c-b6e7-2e00befe5d92/test Mozilla/5.0 (Windows NT 10.0; Win64; x64) AppleWebKit/537.36 (KHTML, like Gecko) Chrome/114.0.0.0 Safari/537.36 0.017
127.0.0.1 - - [23/Jun/2023:11:54:07 +0500] GET /oauth2/token/.well-known/openid-configuration HTTP/1.1 200 2245 - Apache-HttpClient/4.5.13 (Java/11.0.18) 0.005
0:0:0:0:0:0:0:1 - - [23/Jun/2023:11:54:07 +0500] GET /api/am/devportal/v2/key-managers HTTP/1.1 200 755 https://localhost:9443/devportal/apis/f166cc64-02b1-488c-b6e7-2e00befe5d92/test Mozilla/5.0 (Windows NT 10.0; Win64; x64) AppleWebKit/537.36 (KHTML, like Gecko) Chrome/114.0.0.0 Safari/537.36 0.103
127.0.0.1 - - [23/Jun/2023:11:54:07 +0500] GET /keymanager-operations/dcr/register/UW1XanBNbUZfYnJYZ2Y5YjQ2eVFUaklubkRnYQ%3D%3D HTTP/1.1 200 515 - Apache-HttpClient/4.5.13 (Java/11.0.18) 0.046
0:0:0:0:0:0:0:1 - - [23/Jun/2023:11:54:07 +0500] GET /api/am/devportal/v2/subscriptions?apiId=f166cc64-02b1-488c-b6e7-2e00befe5d92&limit=25 HTTP/1.1 200 663 https://localhost:9443/devportal/apis/f166cc64-02b1-488c-b6e7-2e00befe5d92/test Mozilla/5.0 (Windows NT 10.0; Win64; x64) AppleWebKit/537.36 (KHTML, like Gecko) Chrome/114.0.0.0 Safari/537.36 0.136
127.0.0.1 - - [23/Jun/2023:11:54:07 +0500] GET /keymanager-operations/dcr/register/UW1XanBNbUZfYnJYZ2Y5YjQ2eVFUaklubkRnYQ%3D%3D HTTP/1.1 200 515 - Apache-HttpClient/4.5.13 (Java/11.0.18) 0.008
0:0:0:0:0:0:0:1 - - [23/Jun/2023:11:54:07 +0500] GET /api/am/devportal/v2/subscriptions?apiId=f166cc64-02b1-488c-b6e7-2e00befe5d92&limit=25 HTTP/1.1 200 663 https://localhost:9443/devportal/apis/f166cc64-02b1-488c-b6e7-2e00befe5d92/test Mozilla/5.0 (Windows NT 10.0; Win64; x64) AppleWebKit/537.36 (KHTML, like Gecko) Chrome/114.0.0.0 Safari/537.36 0.061
0:0:0:0:0:0:0:1 - - [23/Jun/2023:11:54:08 +0500] GET /api/am/devportal/v2/applications/ HTTP/1.1 200 979 https://localhost:9443/devportal/apis/f166cc64-02b1-488c-b6e7-2e00befe5d92/test Mozilla/5.0 (Windows NT 10.0; Win64; x64) AppleWebKit/537.36 (KHTML, like Gecko) Chrome/114.0.0.0 Safari/537.36 0.042
0:0:0:0:0:0:0:1 - - [23/Jun/2023:11:54:08 +0500] GET /api/am/devportal/v2/swagger.yaml HTTP/1.1 200 23493 https://localhost:9443/devportal/apis/f166cc64-02b1-488c-b6e7-2e00befe5d92/test Mozilla/5.0 (Windows NT 10.0; Win64; x64) AppleWebKit/537.36 (KHTML, like Gecko) Chrome/114.0.0.0 Safari/537.36 0.014
127.0.0.1 - - [23/Jun/2023:11:54:08 +0500] GET /keymanager-operations/dcr/register/UW1XanBNbUZfYnJYZ2Y5YjQ2eVFUaklubkRnYQ%3D%3D HTTP/1.1 200 515 - Apache-HttpClient/4.5.13 (Java/11.0.18) 0.006
0:0:0:0:0:0:0:1 - - [23/Jun/2023:11:54:08 +0500] GET /api/am/devportal/v2/applications/42c4aa1a-258d-44a0-a858-5c2ed1cd2856 HTTP/1.1 200 288 https://localhost:9443/devportal/apis/f166cc64-02b1-488c-b6e7-2e00befe5d92/test Mozilla/5.0 (Windows NT 10.0; Win64; x64) AppleWebKit/537.36 (KHTML, like Gecko) Chrome/114.0.0.0 Safari/537.36 0.019
127.0.0.1 - - [23/Jun/2023:11:54:08 +0500] GET /keymanager-operations/dcr/register/UW1XanBNbUZfYnJYZ2Y5YjQ2eVFUaklubkRnYQ%3D%3D HTTP/1.1 200 515 - Apache-HttpClient/4.5.13 (Java/11.0.18) 0.011
0:0:0:0:0:0:0:1 - - [23/Jun/2023:11:54:08 +0500] GET /api/am/devportal/v2/applications/42c4aa1a-258d-44a0-a858-5c2ed1cd2856/oauth-keys HTTP/1.1 200 663 https://localhost:9443/devportal/apis/f166cc64-02b1-488c-b6e7-2e00befe5d92/test Mozilla/5.0 (Windows NT 10.0; Win64; x64) AppleWebKit/537.36 (KHTML, like Gecko) Chrome/114.0.0.0 Safari/537.36 0.020
0:0:0:0:0:0:0:1 - - [23/Jun/2023:11:54:08 +0500] GET /api/am/devportal/v2/swagger.yaml HTTP/1.1 200 23493 https://localhost:9443/devportal/apis/f166cc64-02b1-488c-b6e7-2e00befe5d92/test Mozilla/5.0 (Windows NT 10.0; Win64; x64) AppleWebKit/537.36 (KHTML, like Gecko) Chrome/114.0.0.0 Safari/537.36 0.011
0:0:0:0:0:0:0:1 - - [23/Jun/2023:11:54:08 +0500] GET /api/am/devportal/v2/swagger.yaml HTTP/1.1 200 23493 https://localhost:9443/devportal/apis/f166cc64-02b1-488c-b6e7-2e00befe5d92/test Mozilla/5.0 (Windows NT 10.0; Win64; x64) AppleWebKit/537.36 (KHTML, like Gecko) Chrome/114.0.0.0 Safari/537.36 0.014
