0:0:0:0:0:0:0:1 - - [17/Jul/2023:12:32:00 +0500] GET /api/am/devportal/v2/apis/d4d2a437-1178-48e0-a084-179ea918780a/thumbnail HTTP/1.1 204 - https://localhost:9443/devportal/apis/d4d2a437-1178-48e0-a084-179ea918780a/overview Mozilla/5.0 (Windows NT 10.0; Win64; x64) AppleWebKit/537.36 (KHTML, like Gecko) Chrome/114.0.0.0 Safari/537.36 0.043
0:0:0:0:0:0:0:1 - - [17/Jul/2023:12:32:00 +0500] GET /api/am/devportal/v2/apis/d4d2a437-1178-48e0-a084-179ea918780a/ratings HTTP/1.1 200 125 https://localhost:9443/devportal/apis/d4d2a437-1178-48e0-a084-179ea918780a/overview Mozilla/5.0 (Windows NT 10.0; Win64; x64) AppleWebKit/537.36 (KHTML, like Gecko) Chrome/114.0.0.0 Safari/537.36 0.032
0:0:0:0:0:0:0:1 - - [17/Jul/2023:12:32:00 +0500] GET /api/am/devportal/v2/apis/d4d2a437-1178-48e0-a084-179ea918780a/comments?limit=5&offset=0 HTTP/1.1 200 101 https://localhost:9443/devportal/apis/d4d2a437-1178-48e0-a084-179ea918780a/overview Mozilla/5.0 (Windows NT 10.0; Win64; x64) AppleWebKit/537.36 (KHTML, like Gecko) Chrome/114.0.0.0 Safari/537.36 0.217
0:0:0:0:0:0:0:1 - - [17/Jul/2023:12:32:02 +0500] - 400 - - - 0.000
0:0:0:0:0:0:0:1 - - [17/Jul/2023:12:32:02 +0500] GET /devportal/site/public/dist/APIConsole.e692d99b83731b72dbe6.bundle.js HTTP/1.1 200 4237 https://localhost:9443/devportal/apis/d4d2a437-1178-48e0-a084-179ea918780a/test Mozilla/5.0 (Windows NT 10.0; Win64; x64) AppleWebKit/537.36 (KHTML, like Gecko) Chrome/114.0.0.0 Safari/537.36 0.031
0:0:0:0:0:0:0:1 - - [17/Jul/2023:12:32:02 +0500] GET /devportal/site/public/dist/3.5fb775e73b1459555d1d.bundle.js HTTP/1.1 200 5288 https://localhost:9443/devportal/apis/d4d2a437-1178-48e0-a084-179ea918780a/test Mozilla/5.0 (Windows NT 10.0; Win64; x64) AppleWebKit/537.36 (KHTML, like Gecko) Chrome/114.0.0.0 Safari/537.36 0.044
0:0:0:0:0:0:0:1 - - [17/Jul/2023:12:32:02 +0500] GET /devportal/site/public/dist/9.19a62cd6a9c3410d8be6.bundle.js HTTP/1.1 200 89623 https://localhost:9443/devportal/apis/d4d2a437-1178-48e0-a084-179ea918780a/test Mozilla/5.0 (Windows NT 10.0; Win64; x64) AppleWebKit/537.36 (KHTML, like Gecko) Chrome/114.0.0.0 Safari/537.36 0.135
0:0:0:0:0:0:0:1 - - [17/Jul/2023:12:32:03 +0500] GET /api/am/devportal/v2/applications?limit=5000 HTTP/1.1 200 440 https://localhost:9443/devportal/apis/d4d2a437-1178-48e0-a084-179ea918780a/test Mozilla/5.0 (Windows NT 10.0; Win64; x64) AppleWebKit/537.36 (KHTML, like Gecko) Chrome/114.0.0.0 Safari/537.36 0.078
127.0.0.1 - - [17/Jul/2023:12:32:03 +0500] GET /keymanager-operations/dcr/register/UW1XanBNbUZfYnJYZ2Y5YjQ2eVFUaklubkRnYQ%3D%3D HTTP/1.1 200 515 - Apache-HttpClient/4.5.13 (Java/11.0.18) 0.038
127.0.0.1 - - [17/Jul/2023:12:32:03 +0500] GET /keymanager-operations/dcr/register/UW1XanBNbUZfYnJYZ2Y5YjQ2eVFUaklubkRnYQ%3D%3D HTTP/1.1 200 515 - Apache-HttpClient/4.5.13 (Java/11.0.18) 0.005
0:0:0:0:0:0:0:1 - - [17/Jul/2023:12:32:03 +0500] GET /api/am/devportal/v2/subscriptions?apiId=d4d2a437-1178-48e0-a084-179ea918780a&limit=25 HTTP/1.1 200 670 https://localhost:9443/devportal/apis/d4d2a437-1178-48e0-a084-179ea918780a/test Mozilla/5.0 (Windows NT 10.0; Win64; x64) AppleWebKit/537.36 (KHTML, like Gecko) Chrome/114.0.0.0 Safari/537.36 0.257
0:0:0:0:0:0:0:1 - - [17/Jul/2023:12:32:03 +0500] GET /api/am/devportal/v2/subscriptions?apiId=d4d2a437-1178-48e0-a084-179ea918780a&limit=5000 HTTP/1.1 200 672 https://localhost:9443/devportal/apis/d4d2a437-1178-48e0-a084-179ea918780a/test Mozilla/5.0 (Windows NT 10.0; Win64; x64) AppleWebKit/537.36 (KHTML, like Gecko) Chrome/114.0.0.0 Safari/537.36 0.222
0:0:0:0:0:0:0:1 - - [17/Jul/2023:12:32:03 +0500] GET /api/am/devportal/v2/apis/d4d2a437-1178-48e0-a084-179ea918780a HTTP/1.1 200 79421 https://localhost:9443/devportal/apis/d4d2a437-1178-48e0-a084-179ea918780a/test Mozilla/5.0 (Windows NT 10.0; Win64; x64) AppleWebKit/537.36 (KHTML, like Gecko) Chrome/114.0.0.0 Safari/537.36 0.413
0:0:0:0:0:0:0:1 - - [17/Jul/2023:12:32:03 +0500] GET /devportal/site/public/dist/vendors~APIConsole~GraphQLConsole.c00ffdb9a4bac0f7794e.bundle.js HTTP/1.1 200 364418 https://localhost:9443/devportal/apis/d4d2a437-1178-48e0-a084-179ea918780a/test Mozilla/5.0 (Windows NT 10.0; Win64; x64) AppleWebKit/537.36 (KHTML, like Gecko) Chrome/114.0.0.0 Safari/537.36 0.494
0:0:0:0:0:0:0:1 - - [17/Jul/2023:12:32:03 +0500] GET /devportal/site/public/dist/vendors~APIConsole.b84bc27def35d6c9dee0.bundle.js HTTP/1.1 200 1577542 https://localhost:9443/devportal/apis/d4d2a437-1178-48e0-a084-179ea918780a/test Mozilla/5.0 (Windows NT 10.0; Win64; x64) AppleWebKit/537.36 (KHTML, like Gecko) Chrome/114.0.0.0 Safari/537.36 0.855
0:0:0:0:0:0:0:1 - - [17/Jul/2023:12:32:04 +0500] GET /api/am/devportal/v2/apis/d4d2a437-1178-48e0-a084-179ea918780a HTTP/1.1 200 79421 https://localhost:9443/devportal/apis/d4d2a437-1178-48e0-a084-179ea918780a/test Mozilla/5.0 (Windows NT 10.0; Win64; x64) AppleWebKit/537.36 (KHTML, like Gecko) Chrome/114.0.0.0 Safari/537.36 0.164
0:0:0:0:0:0:0:1 - - [17/Jul/2023:12:32:05 +0500] GET /api/am/devportal/v2/apis/d4d2a437-1178-48e0-a084-179ea918780a/swagger?environmentName=Default HTTP/1.1 200 76375 https://localhost:9443/devportal/apis/d4d2a437-1178-48e0-a084-179ea918780a/test Mozilla/5.0 (Windows NT 10.0; Win64; x64) AppleWebKit/537.36 (KHTML, like Gecko) Chrome/114.0.0.0 Safari/537.36 0.454
0:0:0:0:0:0:0:1 - - [17/Jul/2023:12:32:06 +0500] GET /api/am/devportal/v2/swagger.yaml HTTP/1.1 200 23493 https://localhost:9443/devportal/apis/d4d2a437-1178-48e0-a084-179ea918780a/test Mozilla/5.0 (Windows NT 10.0; Win64; x64) AppleWebKit/537.36 (KHTML, like Gecko) Chrome/114.0.0.0 Safari/537.36 0.014
127.0.0.1 - - [17/Jul/2023:12:32:06 +0500] GET /oauth2/token/.well-known/openid-configuration HTTP/1.1 200 2245 - Apache-HttpClient/4.5.13 (Java/11.0.18) 0.020
127.0.0.1 - - [17/Jul/2023:12:32:06 +0500] GET /keymanager-operations/dcr/register/UW1XanBNbUZfYnJYZ2Y5YjQ2eVFUaklubkRnYQ%3D%3D HTTP/1.1 200 515 - Apache-HttpClient/4.5.13 (Java/11.0.18) 0.024
0:0:0:0:0:0:0:1 - - [17/Jul/2023:12:32:06 +0500] GET /api/am/devportal/v2/key-managers HTTP/1.1 200 755 https://localhost:9443/devportal/apis/d4d2a437-1178-48e0-a084-179ea918780a/test Mozilla/5.0 (Windows NT 10.0; Win64; x64) AppleWebKit/537.36 (KHTML, like Gecko) Chrome/114.0.0.0 Safari/537.36 0.124
0:0:0:0:0:0:0:1 - - [17/Jul/2023:12:32:06 +0500] GET /api/am/devportal/v2/subscriptions?apiId=d4d2a437-1178-48e0-a084-179ea918780a&limit=25 HTTP/1.1 200 670 https://localhost:9443/devportal/apis/d4d2a437-1178-48e0-a084-179ea918780a/test Mozilla/5.0 (Windows NT 10.0; Win64; x64) AppleWebKit/537.36 (KHTML, like Gecko) Chrome/114.0.0.0 Safari/537.36 0.195
127.0.0.1 - - [17/Jul/2023:12:32:06 +0500] GET /keymanager-operations/dcr/register/UW1XanBNbUZfYnJYZ2Y5YjQ2eVFUaklubkRnYQ%3D%3D HTTP/1.1 200 515 - Apache-HttpClient/4.5.13 (Java/11.0.18) 0.011
0:0:0:0:0:0:0:1 - - [17/Jul/2023:12:32:06 +0500] GET /api/am/devportal/v2/subscriptions?apiId=d4d2a437-1178-48e0-a084-179ea918780a&limit=25 HTTP/1.1 200 670 https://localhost:9443/devportal/apis/d4d2a437-1178-48e0-a084-179ea918780a/test Mozilla/5.0 (Windows NT 10.0; Win64; x64) AppleWebKit/537.36 (KHTML, like Gecko) Chrome/114.0.0.0 Safari/537.36 0.403
0:0:0:0:0:0:0:1 - - [17/Jul/2023:12:32:07 +0500] GET /api/am/devportal/v2/applications/ HTTP/1.1 200 438 https://localhost:9443/devportal/apis/d4d2a437-1178-48e0-a084-179ea918780a/test Mozilla/5.0 (Windows NT 10.0; Win64; x64) AppleWebKit/537.36 (KHTML, like Gecko) Chrome/114.0.0.0 Safari/537.36 0.024
0:0:0:0:0:0:0:1 - - [17/Jul/2023:12:32:07 +0500] GET /api/am/devportal/v2/swagger.yaml HTTP/1.1 200 23493 https://localhost:9443/devportal/apis/d4d2a437-1178-48e0-a084-179ea918780a/test Mozilla/5.0 (Windows NT 10.0; Win64; x64) AppleWebKit/537.36 (KHTML, like Gecko) Chrome/114.0.0.0 Safari/537.36 0.023
127.0.0.1 - - [17/Jul/2023:12:32:07 +0500] GET /keymanager-operations/dcr/register/UW1XanBNbUZfYnJYZ2Y5YjQ2eVFUaklubkRnYQ%3D%3D HTTP/1.1 200 515 - Apache-HttpClient/4.5.13 (Java/11.0.18) 0.005
0:0:0:0:0:0:0:1 - - [17/Jul/2023:12:32:07 +0500] GET /api/am/devportal/v2/applications/42c4aa1a-258d-44a0-a858-5c2ed1cd2856 HTTP/1.1 200 288 https://localhost:9443/devportal/apis/d4d2a437-1178-48e0-a084-179ea918780a/test Mozilla/5.0 (Windows NT 10.0; Win64; x64) AppleWebKit/537.36 (KHTML, like Gecko) Chrome/114.0.0.0 Safari/537.36 0.049
127.0.0.1 - - [17/Jul/2023:12:32:07 +0500] GET /keymanager-operations/dcr/register/UW1XanBNbUZfYnJYZ2Y5YjQ2eVFUaklubkRnYQ%3D%3D HTTP/1.1 200 515 - Apache-HttpClient/4.5.13 (Java/11.0.18) 0.006
0:0:0:0:0:0:0:1 - - [17/Jul/2023:12:32:07 +0500] GET /api/am/devportal/v2/applications/42c4aa1a-258d-44a0-a858-5c2ed1cd2856/oauth-keys HTTP/1.1 200 663 https://localhost:9443/devportal/apis/d4d2a437-1178-48e0-a084-179ea918780a/test Mozilla/5.0 (Windows NT 10.0; Win64; x64) AppleWebKit/537.36 (KHTML, like Gecko) Chrome/114.0.0.0 Safari/537.36 0.025
0:0:0:0:0:0:0:1 - - [17/Jul/2023:12:32:07 +0500] GET /api/am/devportal/v2/swagger.yaml HTTP/1.1 200 23493 https://localhost:9443/devportal/apis/d4d2a437-1178-48e0-a084-179ea918780a/test Mozilla/5.0 (Windows NT 10.0; Win64; x64) AppleWebKit/537.36 (KHTML, like Gecko) Chrome/114.0.0.0 Safari/537.36 0.022
0:0:0:0:0:0:0:1 - - [17/Jul/2023:12:32:07 +0500] GET /api/am/devportal/v2/swagger.yaml HTTP/1.1 200 23493 https://localhost:9443/devportal/apis/d4d2a437-1178-48e0-a084-179ea918780a/test Mozilla/5.0 (Windows NT 10.0; Win64; x64) AppleWebKit/537.36 (KHTML, like Gecko) Chrome/114.0.0.0 Safari/537.36 0.019
127.0.0.1 - - [17/Jul/2023:12:32:08 +0500] GET /keymanager-operations/dcr/register/UW1XanBNbUZfYnJYZ2Y5YjQ2eVFUaklubkRnYQ%3D%3D HTTP/1.1 200 515 - Apache-HttpClient/4.5.13 (Java/11.0.18) 0.018
0:0:0:0:0:0:0:1 - - [17/Jul/2023:12:32:08 +0500] GET /api/am/devportal/v2/applications/42c4aa1a-258d-44a0-a858-5c2ed1cd2856 HTTP/1.1 200 288 https://localhost:9443/devportal/apis/d4d2a437-1178-48e0-a084-179ea918780a/test Mozilla/5.0 (Windows NT 10.0; Win64; x64) AppleWebKit/537.36 (KHTML, like Gecko) Chrome/114.0.0.0 Safari/537.36 0.040
127.0.0.1 - - [17/Jul/2023:12:32:08 +0500] GET /keymanager-operations/dcr/register/UW1XanBNbUZfYnJYZ2Y5YjQ2eVFUaklubkRnYQ%3D%3D HTTP/1.1 200 515 - Apache-HttpClient/4.5.13 (Java/11.0.18) 0.009
0:0:0:0:0:0:0:1 - - [17/Jul/2023:12:32:08 +0500] GET /api/am/devportal/v2/applications/42c4aa1a-258d-44a0-a858-5c2ed1cd2856 HTTP/1.1 200 288 https://localhost:9443/devportal/apis/d4d2a437-1178-48e0-a084-179ea918780a/test Mozilla/5.0 (Windows NT 10.0; Win64; x64) AppleWebKit/537.36 (KHTML, like Gecko) Chrome/114.0.0.0 Safari/537.36 0.023
127.0.0.1 - - [17/Jul/2023:12:32:08 +0500] GET /keymanager-operations/dcr/register/UW1XanBNbUZfYnJYZ2Y5YjQ2eVFUaklubkRnYQ%3D%3D HTTP/1.1 200 515 - Apache-HttpClient/4.5.13 (Java/11.0.18) 0.011
0:0:0:0:0:0:0:1 - - [17/Jul/2023:12:32:08 +0500] GET /api/am/devportal/v2/applications/42c4aa1a-258d-44a0-a858-5c2ed1cd2856/oauth-keys HTTP/1.1 200 663 https://localhost:9443/devportal/apis/d4d2a437-1178-48e0-a084-179ea918780a/test Mozilla/5.0 (Windows NT 10.0; Win64; x64) AppleWebKit/537.36 (KHTML, like Gecko) Chrome/114.0.0.0 Safari/537.36 0.025
127.0.0.1 - - [17/Jul/2023:12:32:08 +0500] GET /keymanager-operations/dcr/register/UW1XanBNbUZfYnJYZ2Y5YjQ2eVFUaklubkRnYQ%3D%3D HTTP/1.1 200 515 - Apache-HttpClient/4.5.13 (Java/11.0.18) 0.008
0:0:0:0:0:0:0:1 - - [17/Jul/2023:12:32:08 +0500] GET /api/am/devportal/v2/applications/42c4aa1a-258d-44a0-a858-5c2ed1cd2856/oauth-keys HTTP/1.1 200 663 https://localhost:9443/devportal/apis/d4d2a437-1178-48e0-a084-179ea918780a/test Mozilla/5.0 (Windows NT 10.0; Win64; x64) AppleWebKit/537.36 (KHTML, like Gecko) Chrome/114.0.0.0 Safari/537.36 0.018
0:0:0:0:0:0:0:1 - - [17/Jul/2023:12:32:10 +0500] GET /api/am/devportal/v2/swagger.yaml HTTP/1.1 200 23493 https://localhost:9443/devportal/apis/d4d2a437-1178-48e0-a084-179ea918780a/test Mozilla/5.0 (Windows NT 10.0; Win64; x64) AppleWebKit/537.36 (KHTML, like Gecko) Chrome/114.0.0.0 Safari/537.36 0.011
127.0.0.1 - - [17/Jul/2023:12:32:10 +0500] GET /keymanager-operations/dcr/register/UW1XanBNbUZfYnJYZ2Y5YjQ2eVFUaklubkRnYQ%3D%3D HTTP/1.1 200 515 - Apache-HttpClient/4.5.13 (Java/11.0.18) 0.015
0:0:0:0:0:0:0:1 - - [17/Jul/2023:12:32:10 +0500] GET /api/am/devportal/v2/applications/42c4aa1a-258d-44a0-a858-5c2ed1cd2856 HTTP/1.1 200 288 https://localhost:9443/devportal/apis/d4d2a437-1178-48e0-a084-179ea918780a/test Mozilla/5.0 (Windows NT 10.0; Win64; x64) AppleWebKit/537.36 (KHTML, like Gecko) Chrome/114.0.0.0 Safari/537.36 0.033
127.0.0.1 - - [17/Jul/2023:12:32:10 +0500] GET /keymanager-operations/dcr/register/UW1XanBNbUZfYnJYZ2Y5YjQ2eVFUaklubkRnYQ%3D%3D HTTP/1.1 200 515 - Apache-HttpClient/4.5.13 (Java/11.0.18) 0.007
0:0:0:0:0:0:0:1 - - [17/Jul/2023:12:32:10 +0500] GET /api/am/devportal/v2/applications/42c4aa1a-258d-44a0-a858-5c2ed1cd2856/oauth-keys HTTP/1.1 200 663 https://localhost:9443/devportal/apis/d4d2a437-1178-48e0-a084-179ea918780a/test Mozilla/5.0 (Windows NT 10.0; Win64; x64) AppleWebKit/537.36 (KHTML, like Gecko) Chrome/114.0.0.0 Safari/537.36 0.017
127.0.0.1 - - [17/Jul/2023:12:32:10 +0500] GET /keymanager-operations/dcr/register/UW1XanBNbUZfYnJYZ2Y5YjQ2eVFUaklubkRnYQ%3D%3D HTTP/1.1 200 515 - Apache-HttpClient/4.5.13 (Java/11.0.18) 0.018
127.0.0.1 - - [17/Jul/2023:12:32:10 +0500] GET /keymanager-operations/dcr/register/UW1XanBNbUZfYnJYZ2Y5YjQ2eVFUaklubkRnYQ%3D%3D HTTP/1.1 200 515 - Apache-HttpClient/4.5.13 (Java/11.0.18) 0.011
0:0:0:0:0:0:0:1 - - [17/Jul/2023:12:32:11 +0500] POST /api/am/devportal/v2/applications/42c4aa1a-258d-44a0-a858-5c2ed1cd2856/oauth-keys/25276c26-d463-4cde-b264-6ee604b9a049/generate-token HTTP/1.1 200 1009 https://localhost:9443/devportal/apis/d4d2a437-1178-48e0-a084-179ea918780a/test Mozilla/5.0 (Windows NT 10.0; Win64; x64) AppleWebKit/537.36 (KHTML, like Gecko) Chrome/114.0.0.0 Safari/537.36 0.379
127.0.0.1 - - [17/Jul/2023:12:32:11 +0500] POST /oauth2/token HTTP/1.1 200 1022 - Apache-HttpClient/4.5.13 (Java/11.0.18) 0.123
127.0.0.1 - - [17/Jul/2023:12:32:11 +0500] POST /internal/data/v1/notify HTTP/1.1 200 - - Apache-HttpClient/4.5.13 (Java/11.0.18) 0.172
127.0.0.1 - - [17/Jul/2023:12:32:34 +0500] GET /oauth2/jwks HTTP/1.1 200 511 - Apache-HttpClient/4.5.13 (Java/11.0.18) 0.066
0:0:0:0:0:0:0:1 - - [17/Jul/2023:12:35:30 +0500] - 400 - - - 0.000
0:0:0:0:0:0:0:1 - - [17/Jul/2023:12:35:30 +0500] - 400 - - - 0.000
0:0:0:0:0:0:0:1 - - [17/Jul/2023:12:35:30 +0500] - 400 - - - 0.000
0:0:0:0:0:0:0:1 - - [17/Jul/2023:12:35:30 +0500] GET /api/am/devportal/v2/tags HTTP/1.1 200 119 https://localhost:9443/devportal/apis Mozilla/5.0 (Windows NT 10.0; Win64; x64) AppleWebKit/537.36 (KHTML, like Gecko) Chrome/114.0.0.0 Safari/537.36 0.050
0:0:0:0:0:0:0:1 - - [17/Jul/2023:12:35:31 +0500] GET /api/am/devportal/v2/api-categories HTTP/1.1 200 21 https://localhost:9443/devportal/apis Mozilla/5.0 (Windows NT 10.0; Win64; x64) AppleWebKit/537.36 (KHTML, like Gecko) Chrome/114.0.0.0 Safari/537.36 0.787
0:0:0:0:0:0:0:1 - - [17/Jul/2023:12:35:31 +0500] GET /api/am/devportal/v2/apis?limit=10&offset=0 HTTP/1.1 200 815 https://localhost:9443/devportal/apis Mozilla/5.0 (Windows NT 10.0; Win64; x64) AppleWebKit/537.36 (KHTML, like Gecko) Chrome/114.0.0.0 Safari/537.36 0.829
0:0:0:0:0:0:0:1 - - [17/Jul/2023:12:35:31 +0500] GET /api/am/devportal/v2/apis/d4d2a437-1178-48e0-a084-179ea918780a/thumbnail HTTP/1.1 204 - https://localhost:9443/devportal/apis Mozilla/5.0 (Windows NT 10.0; Win64; x64) AppleWebKit/537.36 (KHTML, like Gecko) Chrome/114.0.0.0 Safari/537.36 0.085
0:0:0:0:0:0:0:1 - - [17/Jul/2023:12:35:31 +0500] GET /api/am/devportal/v2/apis/d4d2a437-1178-48e0-a084-179ea918780a/ratings HTTP/1.1 200 125 https://localhost:9443/devportal/apis Mozilla/5.0 (Windows NT 10.0; Win64; x64) AppleWebKit/537.36 (KHTML, like Gecko) Chrome/114.0.0.0 Safari/537.36 0.319
0:0:0:0:0:0:0:1 - - [17/Jul/2023:12:35:31 +0500] GET /api/am/devportal/v2/apis/a9eff00c-8aee-4ca5-8e6e-3d5df6468875/ratings HTTP/1.1 200 125 https://localhost:9443/devportal/apis Mozilla/5.0 (Windows NT 10.0; Win64; x64) AppleWebKit/537.36 (KHTML, like Gecko) Chrome/114.0.0.0 Safari/537.36 0.285
0:0:0:0:0:0:0:1 - - [17/Jul/2023:12:35:31 +0500] GET /api/am/devportal/v2/apis/a9eff00c-8aee-4ca5-8e6e-3d5df6468875/thumbnail HTTP/1.1 204 - https://localhost:9443/devportal/apis Mozilla/5.0 (Windows NT 10.0; Win64; x64) AppleWebKit/537.36 (KHTML, like Gecko) Chrome/114.0.0.0 Safari/537.36 0.050
0:0:0:0:0:0:0:1 - - [17/Jul/2023:12:35:31 +0500] GET /api/am/devportal/v2/apis/f166cc64-02b1-488c-b6e7-2e00befe5d92/ratings HTTP/1.1 200 125 https://localhost:9443/devportal/apis Mozilla/5.0 (Windows NT 10.0; Win64; x64) AppleWebKit/537.36 (KHTML, like Gecko) Chrome/114.0.0.0 Safari/537.36 0.049
0:0:0:0:0:0:0:1 - - [17/Jul/2023:12:35:31 +0500] GET /api/am/devportal/v2/apis/f166cc64-02b1-488c-b6e7-2e00befe5d92/thumbnail HTTP/1.1 204 - https://localhost:9443/devportal/apis Mozilla/5.0 (Windows NT 10.0; Win64; x64) AppleWebKit/537.36 (KHTML, like Gecko) Chrome/114.0.0.0 Safari/537.36 0.047
0:0:0:0:0:0:0:1 - - [17/Jul/2023:12:35:31 +0500] GET /api/am/devportal/v2/apis/d440f6b9-22c1-4326-8625-16eff1a0354e/thumbnail HTTP/1.1 204 - https://localhost:9443/devportal/apis Mozilla/5.0 (Windows NT 10.0; Win64; x64) AppleWebKit/537.36 (KHTML, like Gecko) Chrome/114.0.0.0 Safari/537.36 0.042
0:0:0:0:0:0:0:1 - - [17/Jul/2023:12:35:31 +0500] GET /api/am/devportal/v2/apis/a7a6f198-2961-422a-9ba4-7dd81d27f2dc/thumbnail HTTP/1.1 204 - https://localhost:9443/devportal/apis Mozilla/5.0 (Windows NT 10.0; Win64; x64) AppleWebKit/537.36 (KHTML, like Gecko) Chrome/114.0.0.0 Safari/537.36 0.082
0:0:0:0:0:0:0:1 - - [17/Jul/2023:12:35:31 +0500] GET /api/am/devportal/v2/apis/2d15ab04-b0b2-4820-8b7c-052e4997dcce/thumbnail HTTP/1.1 204 - https://localhost:9443/devportal/apis Mozilla/5.0 (Windows NT 10.0; Win64; x64) AppleWebKit/537.36 (KHTML, like Gecko) Chrome/114.0.0.0 Safari/537.36 0.039
0:0:0:0:0:0:0:1 - - [17/Jul/2023:12:35:31 +0500] GET /api/am/devportal/v2/apis/2d15ab04-b0b2-4820-8b7c-052e4997dcce/ratings HTTP/1.1 200 125 https://localhost:9443/devportal/apis Mozilla/5.0 (Windows NT 10.0; Win64; x64) AppleWebKit/537.36 (KHTML, like Gecko) Chrome/114.0.0.0 Safari/537.36 0.128
0:0:0:0:0:0:0:1 - - [17/Jul/2023:12:35:31 +0500] - 400 - - - 0.000
0:0:0:0:0:0:0:1 - - [17/Jul/2023:12:35:32 +0500] GET /api/am/devportal/v2/apis/d440f6b9-22c1-4326-8625-16eff1a0354e/ratings HTTP/1.1 200 125 https://localhost:9443/devportal/apis Mozilla/5.0 (Windows NT 10.0; Win64; x64) AppleWebKit/537.36 (KHTML, like Gecko) Chrome/114.0.0.0 Safari/537.36 0.063
0:0:0:0:0:0:0:1 - - [17/Jul/2023:12:35:32 +0500] - 400 - - - 0.000
0:0:0:0:0:0:0:1 - - [17/Jul/2023:12:35:31 +0500] - 400 - - - 0.000
0:0:0:0:0:0:0:1 - - [17/Jul/2023:12:35:32 +0500] - 400 - - - 0.000
0:0:0:0:0:0:0:1 - - [17/Jul/2023:12:35:32 +0500] - 400 - - - 0.000
0:0:0:0:0:0:0:1 - - [17/Jul/2023:12:35:32 +0500] GET /api/am/devportal/v2/apis/a7a6f198-2961-422a-9ba4-7dd81d27f2dc/ratings HTTP/1.1 200 125 https://localhost:9443/devportal/apis Mozilla/5.0 (Windows NT 10.0; Win64; x64) AppleWebKit/537.36 (KHTML, like Gecko) Chrome/114.0.0.0 Safari/537.36 0.034
0:0:0:0:0:0:0:1 - - [17/Jul/2023:12:35:38 +0500] GET /api/am/devportal/v2/applications?limit=5000 HTTP/1.1 200 440 https://localhost:9443/devportal/apis/d4d2a437-1178-48e0-a084-179ea918780a Mozilla/5.0 (Windows NT 10.0; Win64; x64) AppleWebKit/537.36 (KHTML, like Gecko) Chrome/114.0.0.0 Safari/537.36 0.019
127.0.0.1 - - [17/Jul/2023:12:35:38 +0500] GET /keymanager-operations/dcr/register/UW1XanBNbUZfYnJYZ2Y5YjQ2eVFUaklubkRnYQ%3D%3D HTTP/1.1 200 515 - Apache-HttpClient/4.5.13 (Java/11.0.18) 0.024
127.0.0.1 - - [17/Jul/2023:12:35:38 +0500] GET /keymanager-operations/dcr/register/UW1XanBNbUZfYnJYZ2Y5YjQ2eVFUaklubkRnYQ%3D%3D HTTP/1.1 200 515 - Apache-HttpClient/4.5.13 (Java/11.0.18) 0.061
0:0:0:0:0:0:0:1 - - [17/Jul/2023:12:35:38 +0500] GET /api/am/devportal/v2/apis/d4d2a437-1178-48e0-a084-179ea918780a HTTP/1.1 200 79421 https://localhost:9443/devportal/apis/d4d2a437-1178-48e0-a084-179ea918780a Mozilla/5.0 (Windows NT 10.0; Win64; x64) AppleWebKit/537.36 (KHTML, like Gecko) Chrome/114.0.0.0 Safari/537.36 0.391
0:0:0:0:0:0:0:1 - - [17/Jul/2023:12:35:39 +0500] GET /api/am/devportal/v2/subscriptions?apiId=d4d2a437-1178-48e0-a084-179ea918780a&limit=25 HTTP/1.1 200 670 https://localhost:9443/devportal/apis/d4d2a437-1178-48e0-a084-179ea918780a Mozilla/5.0 (Windows NT 10.0; Win64; x64) AppleWebKit/537.36 (KHTML, like Gecko) Chrome/114.0.0.0 Safari/537.36 0.521
0:0:0:0:0:0:0:1 - - [17/Jul/2023:12:35:39 +0500] GET /api/am/devportal/v2/subscriptions?apiId=d4d2a437-1178-48e0-a084-179ea918780a&limit=5000 HTTP/1.1 200 672 https://localhost:9443/devportal/apis/d4d2a437-1178-48e0-a084-179ea918780a Mozilla/5.0 (Windows NT 10.0; Win64; x64) AppleWebKit/537.36 (KHTML, like Gecko) Chrome/114.0.0.0 Safari/537.36 0.477
0:0:0:0:0:0:0:1 - - [17/Jul/2023:12:35:39 +0500] GET /api/am/devportal/v2/throttling-policies/subscription HTTP/1.1 200 634 https://localhost:9443/devportal/apis/d4d2a437-1178-48e0-a084-179ea918780a/overview Mozilla/5.0 (Windows NT 10.0; Win64; x64) AppleWebKit/537.36 (KHTML, like Gecko) Chrome/114.0.0.0 Safari/537.36 0.027
0:0:0:0:0:0:0:1 - - [17/Jul/2023:12:35:39 +0500] GET /api/am/devportal/v2/apis/d4d2a437-1178-48e0-a084-179ea918780a/documents HTTP/1.1 200 92 https://localhost:9443/devportal/apis/d4d2a437-1178-48e0-a084-179ea918780a/overview Mozilla/5.0 (Windows NT 10.0; Win64; x64) AppleWebKit/537.36 (KHTML, like Gecko) Chrome/114.0.0.0 Safari/537.36 0.040
0:0:0:0:0:0:0:1 - - [17/Jul/2023:12:35:39 +0500] GET /api/am/devportal/v2/throttling-policies/subscription HTTP/1.1 200 634 https://localhost:9443/devportal/apis/d4d2a437-1178-48e0-a084-179ea918780a/overview Mozilla/5.0 (Windows NT 10.0; Win64; x64) AppleWebKit/537.36 (KHTML, like Gecko) Chrome/114.0.0.0 Safari/537.36 0.017
0:0:0:0:0:0:0:1 - - [17/Jul/2023:12:35:39 +0500] GET /api/am/devportal/v2/apis/d4d2a437-1178-48e0-a084-179ea918780a/documents HTTP/1.1 200 92 https://localhost:9443/devportal/apis/d4d2a437-1178-48e0-a084-179ea918780a/overview Mozilla/5.0 (Windows NT 10.0; Win64; x64) AppleWebKit/537.36 (KHTML, like Gecko) Chrome/114.0.0.0 Safari/537.36 0.025
0:0:0:0:0:0:0:1 - - [17/Jul/2023:12:35:39 +0500] GET /api/am/devportal/v2/apis/d4d2a437-1178-48e0-a084-179ea918780a/thumbnail HTTP/1.1 204 - https://localhost:9443/devportal/apis/d4d2a437-1178-48e0-a084-179ea918780a/overview Mozilla/5.0 (Windows NT 10.0; Win64; x64) AppleWebKit/537.36 (KHTML, like Gecko) Chrome/114.0.0.0 Safari/537.36 0.032
0:0:0:0:0:0:0:1 - - [17/Jul/2023:12:35:39 +0500] GET /api/am/devportal/v2/apis/d4d2a437-1178-48e0-a084-179ea918780a/ratings HTTP/1.1 200 125 https://localhost:9443/devportal/apis/d4d2a437-1178-48e0-a084-179ea918780a/overview Mozilla/5.0 (Windows NT 10.0; Win64; x64) AppleWebKit/537.36 (KHTML, like Gecko) Chrome/114.0.0.0 Safari/537.36 0.023
0:0:0:0:0:0:0:1 - - [17/Jul/2023:12:35:39 +0500] GET /api/am/devportal/v2/apis/d4d2a437-1178-48e0-a084-179ea918780a/comments?limit=5&offset=0 HTTP/1.1 200 101 https://localhost:9443/devportal/apis/d4d2a437-1178-48e0-a084-179ea918780a/overview Mozilla/5.0 (Windows NT 10.0; Win64; x64) AppleWebKit/537.36 (KHTML, like Gecko) Chrome/114.0.0.0 Safari/537.36 0.133
0:0:0:0:0:0:0:1 - - [17/Jul/2023:12:35:46 +0500] DELETE /api/am/devportal/v2/subscriptions/7e1299d2-1ec9-4dc6-be6f-a28568db1a2f HTTP/1.1 200 - https://localhost:9443/devportal/apis/d4d2a437-1178-48e0-a084-179ea918780a/credentials Mozilla/5.0 (Windows NT 10.0; Win64; x64) AppleWebKit/537.36 (KHTML, like Gecko) Chrome/114.0.0.0 Safari/537.36 0.072
0:0:0:0:0:0:0:1 - - [17/Jul/2023:12:35:46 +0500] GET /api/am/devportal/v2/applications?limit=5000 HTTP/1.1 200 440 https://localhost:9443/devportal/apis/d4d2a437-1178-48e0-a084-179ea918780a/credentials Mozilla/5.0 (Windows NT 10.0; Win64; x64) AppleWebKit/537.36 (KHTML, like Gecko) Chrome/114.0.0.0 Safari/537.36 0.012
0:0:0:0:0:0:0:1 - - [17/Jul/2023:12:35:46 +0500] GET /api/am/devportal/v2/subscriptions?apiId=d4d2a437-1178-48e0-a084-179ea918780a&limit=25 HTTP/1.1 200 92 https://localhost:9443/devportal/apis/d4d2a437-1178-48e0-a084-179ea918780a/credentials Mozilla/5.0 (Windows NT 10.0; Win64; x64) AppleWebKit/537.36 (KHTML, like Gecko) Chrome/114.0.0.0 Safari/537.36 0.090
0:0:0:0:0:0:0:1 - - [17/Jul/2023:12:35:46 +0500] GET /api/am/devportal/v2/subscriptions?apiId=d4d2a437-1178-48e0-a084-179ea918780a&limit=5000 HTTP/1.1 200 94 https://localhost:9443/devportal/apis/d4d2a437-1178-48e0-a084-179ea918780a/credentials Mozilla/5.0 (Windows NT 10.0; Win64; x64) AppleWebKit/537.36 (KHTML, like Gecko) Chrome/114.0.0.0 Safari/537.36 0.097
0:0:0:0:0:0:0:1 - - [17/Jul/2023:12:35:46 +0500] GET /api/am/devportal/v2/apis/d4d2a437-1178-48e0-a084-179ea918780a HTTP/1.1 200 79421 https://localhost:9443/devportal/apis/d4d2a437-1178-48e0-a084-179ea918780a/credentials Mozilla/5.0 (Windows NT 10.0; Win64; x64) AppleWebKit/537.36 (KHTML, like Gecko) Chrome/114.0.0.0 Safari/537.36 0.185
0:0:0:0:0:0:0:1 - - [17/Jul/2023:12:35:49 +0500] GET /api/am/devportal/v2/throttling-policies/subscription HTTP/1.1 200 634 https://localhost:9443/devportal/apis/d4d2a437-1178-48e0-a084-179ea918780a/overview Mozilla/5.0 (Windows NT 10.0; Win64; x64) AppleWebKit/537.36 (KHTML, like Gecko) Chrome/114.0.0.0 Safari/537.36 0.009
0:0:0:0:0:0:0:1 - - [17/Jul/2023:12:35:49 +0500] GET /api/am/devportal/v2/throttling-policies/subscription HTTP/1.1 200 634 https://localhost:9443/devportal/apis/d4d2a437-1178-48e0-a084-179ea918780a/overview Mozilla/5.0 (Windows NT 10.0; Win64; x64) AppleWebKit/537.36 (KHTML, like Gecko) Chrome/114.0.0.0 Safari/537.36 0.009
0:0:0:0:0:0:0:1 - - [17/Jul/2023:12:35:49 +0500] GET /api/am/devportal/v2/apis/d4d2a437-1178-48e0-a084-179ea918780a/documents HTTP/1.1 200 92 https://localhost:9443/devportal/apis/d4d2a437-1178-48e0-a084-179ea918780a/overview Mozilla/5.0 (Windows NT 10.0; Win64; x64) AppleWebKit/537.36 (KHTML, like Gecko) Chrome/114.0.0.0 Safari/537.36 0.027
0:0:0:0:0:0:0:1 - - [17/Jul/2023:12:35:49 +0500] GET /api/am/devportal/v2/apis/d4d2a437-1178-48e0-a084-179ea918780a/documents HTTP/1.1 200 92 https://localhost:9443/devportal/apis/d4d2a437-1178-48e0-a084-179ea918780a/overview Mozilla/5.0 (Windows NT 10.0; Win64; x64) AppleWebKit/537.36 (KHTML, like Gecko) Chrome/114.0.0.0 Safari/537.36 0.025
0:0:0:0:0:0:0:1 - - [17/Jul/2023:12:35:49 +0500] GET /api/am/devportal/v2/apis/d4d2a437-1178-48e0-a084-179ea918780a/thumbnail HTTP/1.1 204 - https://localhost:9443/devportal/apis/d4d2a437-1178-48e0-a084-179ea918780a/overview Mozilla/5.0 (Windows NT 10.0; Win64; x64) AppleWebKit/537.36 (KHTML, like Gecko) Chrome/114.0.0.0 Safari/537.36 0.018
0:0:0:0:0:0:0:1 - - [17/Jul/2023:12:35:49 +0500] GET /api/am/devportal/v2/apis/d4d2a437-1178-48e0-a084-179ea918780a/ratings HTTP/1.1 200 125 https://localhost:9443/devportal/apis/d4d2a437-1178-48e0-a084-179ea918780a/overview Mozilla/5.0 (Windows NT 10.0; Win64; x64) AppleWebKit/537.36 (KHTML, like Gecko) Chrome/114.0.0.0 Safari/537.36 0.034
0:0:0:0:0:0:0:1 - - [17/Jul/2023:12:35:49 +0500] GET /api/am/devportal/v2/apis/d4d2a437-1178-48e0-a084-179ea918780a/comments?limit=5&offset=0 HTTP/1.1 200 101 https://localhost:9443/devportal/apis/d4d2a437-1178-48e0-a084-179ea918780a/overview Mozilla/5.0 (Windows NT 10.0; Win64; x64) AppleWebKit/537.36 (KHTML, like Gecko) Chrome/114.0.0.0 Safari/537.36 0.087
0:0:0:0:0:0:0:1 - - [17/Jul/2023:12:36:32 +0500] DELETE /api/am/publisher/v3/apis/d4d2a437-1178-48e0-a084-179ea918780a HTTP/1.1 200 - https://localhost:9443/publisher/apis Mozilla/5.0 (Windows NT 10.0; Win64; x64) AppleWebKit/537.36 (KHTML, like Gecko) Chrome/114.0.0.0 Safari/537.36 0.982
0:0:0:0:0:0:0:1 - - [17/Jul/2023:12:36:32 +0500] GET /api/am/publisher/v3/apis?limit=10&offset=0 HTTP/1.1 200 752 https://localhost:9443/publisher/apis Mozilla/5.0 (Windows NT 10.0; Win64; x64) AppleWebKit/537.36 (KHTML, like Gecko) Chrome/114.0.0.0 Safari/537.36 0.196
0:0:0:0:0:0:0:1 - - [17/Jul/2023:12:36:35 +0500] GET /api/am/publisher/v3/search?limit=1&offset=0&query=name%3APizzaShackAPI%20version%3A1.0%20context%3Apizzashack HTTP/1.1 200 443 https://localhost:9443/publisher/apis Mozilla/5.0 (Windows NT 10.0; Win64; x64) AppleWebKit/537.36 (KHTML, like Gecko) Chrome/114.0.0.0 Safari/537.36 0.160
0:0:0:0:0:0:0:1 - - [17/Jul/2023:12:36:36 +0500] GET /publisher/site/public/dist/vendors~APICreateRoutes.af1a060c415d21ca7eaa.bundle.js HTTP/1.1 200 5559 https://localhost:9443/publisher/apis/create/wsdl Mozilla/5.0 (Windows NT 10.0; Win64; x64) AppleWebKit/537.36 (KHTML, like Gecko) Chrome/114.0.0.0 Safari/537.36 0.004
0:0:0:0:0:0:0:1 - - [17/Jul/2023:12:36:36 +0500] GET /publisher/site/public/dist/APICreateRoutes~DeferredDetails.244151c74d1c2f1757ae.bundle.js HTTP/1.1 200 12101 https://localhost:9443/publisher/apis/create/wsdl Mozilla/5.0 (Windows NT 10.0; Win64; x64) AppleWebKit/537.36 (KHTML, like Gecko) Chrome/114.0.0.0 Safari/537.36 0.005
0:0:0:0:0:0:0:1 - - [17/Jul/2023:12:36:36 +0500] GET /publisher/site/public/dist/APICreateRoutes.579f85211cdf00564e90.bundle.js HTTP/1.1 200 15465 https://localhost:9443/publisher/apis/create/wsdl Mozilla/5.0 (Windows NT 10.0; Win64; x64) AppleWebKit/537.36 (KHTML, like Gecko) Chrome/114.0.0.0 Safari/537.36 0.006
0:0:0:0:0:0:0:1 - - [17/Jul/2023:12:36:36 +0500] GET /api/am/publisher/v3/throttling-policies/subscription HTTP/1.1 200 407 https://localhost:9443/publisher/apis/create/wsdl Mozilla/5.0 (Windows NT 10.0; Win64; x64) AppleWebKit/537.36 (KHTML, like Gecko) Chrome/114.0.0.0 Safari/537.36 0.013
0:0:0:0:0:0:0:1 - - [17/Jul/2023:12:36:41 +0500] POST /api/am/publisher/v3/apis/validate-wsdl HTTP/1.1 200 148 https://localhost:9443/publisher/apis/create/wsdl Mozilla/5.0 (Windows NT 10.0; Win64; x64) AppleWebKit/537.36 (KHTML, like Gecko) Chrome/114.0.0.0 Safari/537.36 1.056
0:0:0:0:0:0:0:1 - - [17/Jul/2023:12:37:01 +0500] POST /api/am/publisher/v3/apis/validate-wsdl HTTP/1.1 200 1016 https://localhost:9443/publisher/apis/create/wsdl Mozilla/5.0 (Windows NT 10.0; Win64; x64) AppleWebKit/537.36 (KHTML, like Gecko) Chrome/114.0.0.0 Safari/537.36 2.702
0:0:0:0:0:0:0:1 - - [17/Jul/2023:12:37:07 +0500] GET /api/am/publisher/v3/apis?limit=10&offset=0 HTTP/1.1 200 752 https://localhost:9443/publisher/apis Mozilla/5.0 (Windows NT 10.0; Win64; x64) AppleWebKit/537.36 (KHTML, like Gecko) Chrome/114.0.0.0 Safari/537.36 0.063
0:0:0:0:0:0:0:1 - - [17/Jul/2023:12:37:08 +0500] GET /api/am/publisher/v3/search?limit=1&offset=0&query=name%3APizzaShackAPI%20version%3A1.0%20context%3Apizzashack HTTP/1.1 200 443 https://localhost:9443/publisher/apis Mozilla/5.0 (Windows NT 10.0; Win64; x64) AppleWebKit/537.36 (KHTML, like Gecko) Chrome/114.0.0.0 Safari/537.36 0.073
0:0:0:0:0:0:0:1 - - [17/Jul/2023:12:37:10 +0500] GET /api/am/publisher/v3/throttling-policies/subscription HTTP/1.1 200 407 https://localhost:9443/publisher/apis/create/wsdl Mozilla/5.0 (Windows NT 10.0; Win64; x64) AppleWebKit/537.36 (KHTML, like Gecko) Chrome/114.0.0.0 Safari/537.36 0.045
0:0:0:0:0:0:0:1 - - [17/Jul/2023:12:37:21 +0500] POST /api/am/publisher/v3/apis/validate-wsdl HTTP/1.1 200 163 https://localhost:9443/publisher/apis/create/wsdl Mozilla/5.0 (Windows NT 10.0; Win64; x64) AppleWebKit/537.36 (KHTML, like Gecko) Chrome/114.0.0.0 Safari/537.36 0.368
0:0:0:0:0:0:0:1 - - [17/Jul/2023:12:37:34 +0500] GET /api/am/publisher/v3/search?limit=1&offset=0&query=name%3Acustomer_wrapped HTTP/1.1 200 91 https://localhost:9443/publisher/apis/create/wsdl Mozilla/5.0 (Windows NT 10.0; Win64; x64) AppleWebKit/537.36 (KHTML, like Gecko) Chrome/114.0.0.0 Safari/537.36 0.039
0:0:0:0:0:0:0:1 - - [17/Jul/2023:12:37:38 +0500] GET /api/am/publisher/v3/search?limit=1&offset=0&query=context%3A%2Fregistration HTTP/1.1 200 91 https://localhost:9443/publisher/apis/create/wsdl Mozilla/5.0 (Windows NT 10.0; Win64; x64) AppleWebKit/537.36 (KHTML, like Gecko) Chrome/114.0.0.0 Safari/537.36 0.045
0:0:0:0:0:0:0:1 - - [17/Jul/2023:12:37:41 +0500] GET /api/am/publisher/v3/search?limit=1&offset=0&query=context%3A%2Fregistration%2Fv1 HTTP/1.1 200 91 https://localhost:9443/publisher/apis/create/wsdl Mozilla/5.0 (Windows NT 10.0; Win64; x64) AppleWebKit/537.36 (KHTML, like Gecko) Chrome/114.0.0.0 Safari/537.36 0.054
0:0:0:0:0:0:0:1 - - [17/Jul/2023:12:38:00 +0500] POST /api/am/publisher/v3/apis/validate-endpoint?endpointUrl=http%3A%2F%2F172.24.4.43%3A8084%2Fmobiliser%2Fbvsmw HTTP/1.1 200 62 https://localhost:9443/publisher/apis/create/wsdl Mozilla/5.0 (Windows NT 10.0; Win64; x64) AppleWebKit/537.36 (KHTML, like Gecko) Chrome/114.0.0.0 Safari/537.36 0.163
0:0:0:0:0:0:0:1 - - [17/Jul/2023:12:38:10 +0500] POST /api/am/publisher/v3/apis/import-wsdl HTTP/1.1 201 1240 https://localhost:9443/publisher/apis/create/wsdl Mozilla/5.0 (Windows NT 10.0; Win64; x64) AppleWebKit/537.36 (KHTML, like Gecko) Chrome/114.0.0.0 Safari/537.36 2.054
0:0:0:0:0:0:0:1 - - [17/Jul/2023:12:38:10 +0500] - 400 - - - 0.000
0:0:0:0:0:0:0:1 - - [17/Jul/2023:12:38:10 +0500] GET /publisher/site/public/dist/vendors~DeferredDetails~ServiceOverviewSwaggerUI.1f47dbe9c68e243fb17e.bundle.js HTTP/1.1 200 59967 https://localhost:9443/publisher/apis/9db3e05d-9e9d-4ec1-96f5-71ff9cd451e7/overview Mozilla/5.0 (Windows NT 10.0; Win64; x64) AppleWebKit/537.36 (KHTML, like Gecko) Chrome/114.0.0.0 Safari/537.36 0.047
0:0:0:0:0:0:0:1 - - [17/Jul/2023:12:38:10 +0500] - 400 - - - 0.000
0:0:0:0:0:0:0:1 - - [17/Jul/2023:12:38:11 +0500] - 400 - - - 0.000
0:0:0:0:0:0:0:1 - - [17/Jul/2023:12:38:11 +0500] GET /publisher/site/public/dist/DeferredDetails.6f0d0b270d6a5cd40e52.bundle.js HTTP/1.1 200 270802 https://localhost:9443/publisher/apis/9db3e05d-9e9d-4ec1-96f5-71ff9cd451e7/overview Mozilla/5.0 (Windows NT 10.0; Win64; x64) AppleWebKit/537.36 (KHTML, like Gecko) Chrome/114.0.0.0 Safari/537.36 0.339
0:0:0:0:0:0:0:1 - - [17/Jul/2023:12:38:11 +0500] GET /publisher/site/public/dist/vendors~DeferredDetails.5e950ee2de9ff5d2eee1.bundle.js HTTP/1.1 200 427751 https://localhost:9443/publisher/apis/9db3e05d-9e9d-4ec1-96f5-71ff9cd451e7/overview Mozilla/5.0 (Windows NT 10.0; Win64; x64) AppleWebKit/537.36 (KHTML, like Gecko) Chrome/114.0.0.0 Safari/537.36 0.457
0:0:0:0:0:0:0:1 - - [17/Jul/2023:12:38:11 +0500] GET /publisher/site/public/dist/vendors~APIDefMonacoEditor~DeferredDetails.817d7c0f8fdfedd0ab60.bundle.js HTTP/1.1 200 600260 https://localhost:9443/publisher/apis/9db3e05d-9e9d-4ec1-96f5-71ff9cd451e7/overview Mozilla/5.0 (Windows NT 10.0; Win64; x64) AppleWebKit/537.36 (KHTML, like Gecko) Chrome/114.0.0.0 Safari/537.36 0.776
0:0:0:0:0:0:0:1 - - [17/Jul/2023:12:38:12 +0500] GET /api/am/publisher/v3/tenants?state=active HTTP/1.1 200 96 https://localhost:9443/publisher/apis/9db3e05d-9e9d-4ec1-96f5-71ff9cd451e7/overview Mozilla/5.0 (Windows NT 10.0; Win64; x64) AppleWebKit/537.36 (KHTML, like Gecko) Chrome/114.0.0.0 Safari/537.36 0.009
0:0:0:0:0:0:0:1 - - [17/Jul/2023:12:38:12 +0500] GET /api/am/publisher/v3/apis/9db3e05d-9e9d-4ec1-96f5-71ff9cd451e7 HTTP/1.1 200 1240 https://localhost:9443/publisher/apis/9db3e05d-9e9d-4ec1-96f5-71ff9cd451e7/overview Mozilla/5.0 (Windows NT 10.0; Win64; x64) AppleWebKit/537.36 (KHTML, like Gecko) Chrome/114.0.0.0 Safari/537.36 0.045
0:0:0:0:0:0:0:1 - - [17/Jul/2023:12:38:12 +0500] GET /api/am/publisher/v3/settings HTTP/1.1 200 665 https://localhost:9443/publisher/apis/9db3e05d-9e9d-4ec1-96f5-71ff9cd451e7/overview Mozilla/5.0 (Windows NT 10.0; Win64; x64) AppleWebKit/537.36 (KHTML, like Gecko) Chrome/114.0.0.0 Safari/537.36 0.211
0:0:0:0:0:0:0:1 - - [17/Jul/2023:12:38:13 +0500] GET /api/am/publisher/v3/apis/9db3e05d-9e9d-4ec1-96f5-71ff9cd451e7/revisions HTTP/1.1 200 21 https://localhost:9443/publisher/apis/9db3e05d-9e9d-4ec1-96f5-71ff9cd451e7/overview Mozilla/5.0 (Windows NT 10.0; Win64; x64) AppleWebKit/537.36 (KHTML, like Gecko) Chrome/114.0.0.0 Safari/537.36 0.022
0:0:0:0:0:0:0:1 - - [17/Jul/2023:12:38:13 +0500] GET /api/am/publisher/v3/apis/9db3e05d-9e9d-4ec1-96f5-71ff9cd451e7/revisions?query=deployed%3Atrue HTTP/1.1 200 21 https://localhost:9443/publisher/apis/9db3e05d-9e9d-4ec1-96f5-71ff9cd451e7/overview Mozilla/5.0 (Windows NT 10.0; Win64; x64) AppleWebKit/537.36 (KHTML, like Gecko) Chrome/114.0.0.0 Safari/537.36 0.014
0:0:0:0:0:0:0:1 - - [17/Jul/2023:12:38:13 +0500] GET /api/am/publisher/v3/apis/9db3e05d-9e9d-4ec1-96f5-71ff9cd451e7/revisions?query=deployed%3Atrue HTTP/1.1 200 21 https://localhost:9443/publisher/apis/9db3e05d-9e9d-4ec1-96f5-71ff9cd451e7/overview Mozilla/5.0 (Windows NT 10.0; Win64; x64) AppleWebKit/537.36 (KHTML, like Gecko) Chrome/114.0.0.0 Safari/537.36 0.020
0:0:0:0:0:0:0:1 - - [17/Jul/2023:12:38:13 +0500] GET /api/am/publisher/v3/apis/9db3e05d-9e9d-4ec1-96f5-71ff9cd451e7/swagger HTTP/1.1 200 773 https://localhost:9443/publisher/apis/9db3e05d-9e9d-4ec1-96f5-71ff9cd451e7/overview Mozilla/5.0 (Windows NT 10.0; Win64; x64) AppleWebKit/537.36 (KHTML, like Gecko) Chrome/114.0.0.0 Safari/537.36 0.103
0:0:0:0:0:0:0:1 - - [17/Jul/2023:12:38:14 +0500] GET /api/am/publisher/v3/apis/9db3e05d-9e9d-4ec1-96f5-71ff9cd451e7/swagger HTTP/1.1 200 773 https://localhost:9443/publisher/apis/9db3e05d-9e9d-4ec1-96f5-71ff9cd451e7/overview Mozilla/5.0 (Windows NT 10.0; Win64; x64) AppleWebKit/537.36 (KHTML, like Gecko) Chrome/114.0.0.0 Safari/537.36 0.053
0:0:0:0:0:0:0:1 - - [17/Jul/2023:12:38:14 +0500] GET /api/am/publisher/v3/apis/9db3e05d-9e9d-4ec1-96f5-71ff9cd451e7/revisions?query=deployed%3Atrue HTTP/1.1 200 21 https://localhost:9443/publisher/apis/9db3e05d-9e9d-4ec1-96f5-71ff9cd451e7/overview Mozilla/5.0 (Windows NT 10.0; Win64; x64) AppleWebKit/537.36 (KHTML, like Gecko) Chrome/114.0.0.0 Safari/537.36 0.023
0:0:0:0:0:0:0:1 - - [17/Jul/2023:12:38:14 +0500] GET /api/am/publisher/v3/apis/9db3e05d-9e9d-4ec1-96f5-71ff9cd451e7/revisions?query=deployed%3Atrue HTTP/1.1 200 21 https://localhost:9443/publisher/apis/9db3e05d-9e9d-4ec1-96f5-71ff9cd451e7/overview Mozilla/5.0 (Windows NT 10.0; Win64; x64) AppleWebKit/537.36 (KHTML, like Gecko) Chrome/114.0.0.0 Safari/537.36 0.007
0:0:0:0:0:0:0:1 - - [17/Jul/2023:12:38:14 +0500] GET /api/am/publisher/v3/apis/9db3e05d-9e9d-4ec1-96f5-71ff9cd451e7/swagger HTTP/1.1 200 773 https://localhost:9443/publisher/apis/9db3e05d-9e9d-4ec1-96f5-71ff9cd451e7/overview Mozilla/5.0 (Windows NT 10.0; Win64; x64) AppleWebKit/537.36 (KHTML, like Gecko) Chrome/114.0.0.0 Safari/537.36 0.072
0:0:0:0:0:0:0:1 - - [17/Jul/2023:12:38:20 +0500] GET /api/am/publisher/v3/scopes HTTP/1.1 200 92 https://localhost:9443/publisher/apis/9db3e05d-9e9d-4ec1-96f5-71ff9cd451e7/resources Mozilla/5.0 (Windows NT 10.0; Win64; x64) AppleWebKit/537.36 (KHTML, like Gecko) Chrome/114.0.0.0 Safari/537.36 0.013
0:0:0:0:0:0:0:1 - - [17/Jul/2023:12:38:20 +0500] GET /api/am/publisher/v3/apis/9db3e05d-9e9d-4ec1-96f5-71ff9cd451e7/amznResourceNames HTTP/1.1 204 - https://localhost:9443/publisher/apis/9db3e05d-9e9d-4ec1-96f5-71ff9cd451e7/resources Mozilla/5.0 (Windows NT 10.0; Win64; x64) AppleWebKit/537.36 (KHTML, like Gecko) Chrome/114.0.0.0 Safari/537.36 0.019
0:0:0:0:0:0:0:1 - - [17/Jul/2023:12:38:20 +0500] GET /api/am/publisher/v3/throttling-policies/api?limit=80 HTTP/1.1 200 395 https://localhost:9443/publisher/apis/9db3e05d-9e9d-4ec1-96f5-71ff9cd451e7/resources Mozilla/5.0 (Windows NT 10.0; Win64; x64) AppleWebKit/537.36 (KHTML, like Gecko) Chrome/114.0.0.0 Safari/537.36 0.006
0:0:0:0:0:0:0:1 - - [17/Jul/2023:12:38:20 +0500] GET /api/am/publisher/v3/apis/9db3e05d-9e9d-4ec1-96f5-71ff9cd451e7/swagger HTTP/1.1 200 773 https://localhost:9443/publisher/apis/9db3e05d-9e9d-4ec1-96f5-71ff9cd451e7/resources Mozilla/5.0 (Windows NT 10.0; Win64; x64) AppleWebKit/537.36 (KHTML, like Gecko) Chrome/114.0.0.0 Safari/537.36 0.082
0:0:0:0:0:0:0:1 - - [17/Jul/2023:12:38:33 +0500] GET /api/am/publisher/v3/apis/9db3e05d-9e9d-4ec1-96f5-71ff9cd451e7/asyncapi HTTP/1.1 200 - https://localhost:9443/publisher/apis/9db3e05d-9e9d-4ec1-96f5-71ff9cd451e7/deployments Mozilla/5.0 (Windows NT 10.0; Win64; x64) AppleWebKit/537.36 (KHTML, like Gecko) Chrome/114.0.0.0 Safari/537.36 0.031
0:0:0:0:0:0:0:1 - - [17/Jul/2023:12:38:35 +0500] POST /api/am/publisher/v3/apis/9db3e05d-9e9d-4ec1-96f5-71ff9cd451e7/revisions HTTP/1.1 201 193 https://localhost:9443/publisher/apis/9db3e05d-9e9d-4ec1-96f5-71ff9cd451e7/deployments Mozilla/5.0 (Windows NT 10.0; Win64; x64) AppleWebKit/537.36 (KHTML, like Gecko) Chrome/114.0.0.0 Safari/537.36 0.155
0:0:0:0:0:0:0:1 - - [17/Jul/2023:12:38:35 +0500] POST /api/am/publisher/v3/apis/9db3e05d-9e9d-4ec1-96f5-71ff9cd451e7/deploy-revision?revisionId=ed05a6da-112f-4ec5-be34-91d40c5af244 HTTP/1.1 201 176 https://localhost:9443/publisher/apis/9db3e05d-9e9d-4ec1-96f5-71ff9cd451e7/deployments Mozilla/5.0 (Windows NT 10.0; Win64; x64) AppleWebKit/537.36 (KHTML, like Gecko) Chrome/114.0.0.0 Safari/537.36 0.036
0:0:0:0:0:0:0:1 - - [17/Jul/2023:12:38:35 +0500] GET /api/am/publisher/v3/apis/9db3e05d-9e9d-4ec1-96f5-71ff9cd451e7/revisions HTTP/1.1 200 388 https://localhost:9443/publisher/apis/9db3e05d-9e9d-4ec1-96f5-71ff9cd451e7/deployments Mozilla/5.0 (Windows NT 10.0; Win64; x64) AppleWebKit/537.36 (KHTML, like Gecko) Chrome/114.0.0.0 Safari/537.36 0.013
0:0:0:0:0:0:0:1 - - [17/Jul/2023:12:38:35 +0500] GET /api/am/publisher/v3/apis/9db3e05d-9e9d-4ec1-96f5-71ff9cd451e7/revisions?query=deployed%3Atrue HTTP/1.1 200 388 https://localhost:9443/publisher/apis/9db3e05d-9e9d-4ec1-96f5-71ff9cd451e7/deployments Mozilla/5.0 (Windows NT 10.0; Win64; x64) AppleWebKit/537.36 (KHTML, like Gecko) Chrome/114.0.0.0 Safari/537.36 0.008
0:0:0:0:0:0:0:1 - - [17/Jul/2023:12:38:35 +0500] GET /api/am/publisher/v3/apis/9db3e05d-9e9d-4ec1-96f5-71ff9cd451e7/asyncapi HTTP/1.1 200 - https://localhost:9443/publisher/apis/9db3e05d-9e9d-4ec1-96f5-71ff9cd451e7/deployments Mozilla/5.0 (Windows NT 10.0; Win64; x64) AppleWebKit/537.36 (KHTML, like Gecko) Chrome/114.0.0.0 Safari/537.36 0.038
0:0:0:0:0:0:0:1 - - [17/Jul/2023:12:38:36 +0500] GET /api/am/publisher/v3/apis/9db3e05d-9e9d-4ec1-96f5-71ff9cd451e7/asyncapi HTTP/1.1 200 - https://localhost:9443/publisher/apis/9db3e05d-9e9d-4ec1-96f5-71ff9cd451e7/deployments Mozilla/5.0 (Windows NT 10.0; Win64; x64) AppleWebKit/537.36 (KHTML, like Gecko) Chrome/114.0.0.0 Safari/537.36 0.030
0:0:0:0:0:0:0:1 - - [17/Jul/2023:12:38:37 +0500] GET /api/am/publisher/v3/apis/9db3e05d-9e9d-4ec1-96f5-71ff9cd451e7/asyncapi HTTP/1.1 200 - https://localhost:9443/publisher/apis/9db3e05d-9e9d-4ec1-96f5-71ff9cd451e7/deployments Mozilla/5.0 (Windows NT 10.0; Win64; x64) AppleWebKit/537.36 (KHTML, like Gecko) Chrome/114.0.0.0 Safari/537.36 0.031
0:0:0:0:0:0:0:1 - - [17/Jul/2023:12:38:40 +0500] GET /api/am/publisher/v3/apis?limit=10&offset=0 HTTP/1.1 200 832 https://localhost:9443/publisher/apis/ Mozilla/5.0 (Windows NT 10.0; Win64; x64) AppleWebKit/537.36 (KHTML, like Gecko) Chrome/114.0.0.0 Safari/537.36 0.108
0:0:0:0:0:0:0:1 - - [17/Jul/2023:12:38:44 +0500] GET /api/am/publisher/v3/apis/9db3e05d-9e9d-4ec1-96f5-71ff9cd451e7 HTTP/1.1 200 1240 https://localhost:9443/publisher/apis/9db3e05d-9e9d-4ec1-96f5-71ff9cd451e7/overview Mozilla/5.0 (Windows NT 10.0; Win64; x64) AppleWebKit/537.36 (KHTML, like Gecko) Chrome/114.0.0.0 Safari/537.36 0.029
0:0:0:0:0:0:0:1 - - [17/Jul/2023:12:38:44 +0500] GET /api/am/publisher/v3/tenants?state=active HTTP/1.1 200 96 https://localhost:9443/publisher/apis/9db3e05d-9e9d-4ec1-96f5-71ff9cd451e7/overview Mozilla/5.0 (Windows NT 10.0; Win64; x64) AppleWebKit/537.36 (KHTML, like Gecko) Chrome/114.0.0.0 Safari/537.36 0.010
0:0:0:0:0:0:0:1 - - [17/Jul/2023:12:38:45 +0500] GET /api/am/publisher/v3/apis/9db3e05d-9e9d-4ec1-96f5-71ff9cd451e7/revisions HTTP/1.1 200 388 https://localhost:9443/publisher/apis/9db3e05d-9e9d-4ec1-96f5-71ff9cd451e7/overview Mozilla/5.0 (Windows NT 10.0; Win64; x64) AppleWebKit/537.36 (KHTML, like Gecko) Chrome/114.0.0.0 Safari/537.36 0.010
0:0:0:0:0:0:0:1 - - [17/Jul/2023:12:38:45 +0500] GET /api/am/publisher/v3/apis/9db3e05d-9e9d-4ec1-96f5-71ff9cd451e7/revisions?query=deployed%3Atrue HTTP/1.1 200 388 https://localhost:9443/publisher/apis/9db3e05d-9e9d-4ec1-96f5-71ff9cd451e7/overview Mozilla/5.0 (Windows NT 10.0; Win64; x64) AppleWebKit/537.36 (KHTML, like Gecko) Chrome/114.0.0.0 Safari/537.36 0.016
0:0:0:0:0:0:0:1 - - [17/Jul/2023:12:38:45 +0500] GET /api/am/publisher/v3/apis/9db3e05d-9e9d-4ec1-96f5-71ff9cd451e7/revisions?query=deployed%3Atrue HTTP/1.1 200 388 https://localhost:9443/publisher/apis/9db3e05d-9e9d-4ec1-96f5-71ff9cd451e7/overview Mozilla/5.0 (Windows NT 10.0; Win64; x64) AppleWebKit/537.36 (KHTML, like Gecko) Chrome/114.0.0.0 Safari/537.36 0.012
0:0:0:0:0:0:0:1 - - [17/Jul/2023:12:38:45 +0500] GET /api/am/publisher/v3/apis/9db3e05d-9e9d-4ec1-96f5-71ff9cd451e7/swagger HTTP/1.1 200 773 https://localhost:9443/publisher/apis/9db3e05d-9e9d-4ec1-96f5-71ff9cd451e7/overview Mozilla/5.0 (Windows NT 10.0; Win64; x64) AppleWebKit/537.36 (KHTML, like Gecko) Chrome/114.0.0.0 Safari/537.36 0.058
0:0:0:0:0:0:0:1 - - [17/Jul/2023:12:38:45 +0500] GET /api/am/publisher/v3/apis/9db3e05d-9e9d-4ec1-96f5-71ff9cd451e7/revisions?query=deployed%3Atrue HTTP/1.1 200 388 https://localhost:9443/publisher/apis/9db3e05d-9e9d-4ec1-96f5-71ff9cd451e7/overview Mozilla/5.0 (Windows NT 10.0; Win64; x64) AppleWebKit/537.36 (KHTML, like Gecko) Chrome/114.0.0.0 Safari/537.36 0.012
0:0:0:0:0:0:0:1 - - [17/Jul/2023:12:38:45 +0500] GET /api/am/publisher/v3/apis/9db3e05d-9e9d-4ec1-96f5-71ff9cd451e7/swagger HTTP/1.1 200 773 https://localhost:9443/publisher/apis/9db3e05d-9e9d-4ec1-96f5-71ff9cd451e7/overview Mozilla/5.0 (Windows NT 10.0; Win64; x64) AppleWebKit/537.36 (KHTML, like Gecko) Chrome/114.0.0.0 Safari/537.36 0.057
0:0:0:0:0:0:0:1 - - [17/Jul/2023:12:38:46 +0500] GET /api/am/publisher/v3/apis/9db3e05d-9e9d-4ec1-96f5-71ff9cd451e7/revisions?query=deployed%3Atrue HTTP/1.1 200 388 https://localhost:9443/publisher/apis/9db3e05d-9e9d-4ec1-96f5-71ff9cd451e7/overview Mozilla/5.0 (Windows NT 10.0; Win64; x64) AppleWebKit/537.36 (KHTML, like Gecko) Chrome/114.0.0.0 Safari/537.36 0.007
0:0:0:0:0:0:0:1 - - [17/Jul/2023:12:38:46 +0500] GET /api/am/publisher/v3/apis/9db3e05d-9e9d-4ec1-96f5-71ff9cd451e7/swagger HTTP/1.1 200 773 https://localhost:9443/publisher/apis/9db3e05d-9e9d-4ec1-96f5-71ff9cd451e7/overview Mozilla/5.0 (Windows NT 10.0; Win64; x64) AppleWebKit/537.36 (KHTML, like Gecko) Chrome/114.0.0.0 Safari/537.36 0.050
0:0:0:0:0:0:0:1 - - [17/Jul/2023:12:38:46 +0500] GET /api/am/publisher/v3/apis/9db3e05d-9e9d-4ec1-96f5-71ff9cd451e7/revisions?query=deployed%3Atrue HTTP/1.1 200 388 https://localhost:9443/publisher/apis/9db3e05d-9e9d-4ec1-96f5-71ff9cd451e7/overview Mozilla/5.0 (Windows NT 10.0; Win64; x64) AppleWebKit/537.36 (KHTML, like Gecko) Chrome/114.0.0.0 Safari/537.36 0.023
0:0:0:0:0:0:0:1 - - [17/Jul/2023:12:38:46 +0500] GET /api/am/publisher/v3/apis/9db3e05d-9e9d-4ec1-96f5-71ff9cd451e7/swagger HTTP/1.1 200 773 https://localhost:9443/publisher/apis/9db3e05d-9e9d-4ec1-96f5-71ff9cd451e7/overview Mozilla/5.0 (Windows NT 10.0; Win64; x64) AppleWebKit/537.36 (KHTML, like Gecko) Chrome/114.0.0.0 Safari/537.36 0.062
0:0:0:0:0:0:0:1 - - [17/Jul/2023:12:38:48 +0500] GET /api/am/publisher/v3/apis/9db3e05d-9e9d-4ec1-96f5-71ff9cd451e7/client-certificates HTTP/1.1 200 104 https://localhost:9443/publisher/apis/9db3e05d-9e9d-4ec1-96f5-71ff9cd451e7/lifecycle Mozilla/5.0 (Windows NT 10.0; Win64; x64) AppleWebKit/537.36 (KHTML, like Gecko) Chrome/114.0.0.0 Safari/537.36 0.014
0:0:0:0:0:0:0:1 - - [17/Jul/2023:12:38:48 +0500] GET /api/am/publisher/v3/apis/9db3e05d-9e9d-4ec1-96f5-71ff9cd451e7/lifecycle-state HTTP/1.1 200 148 https://localhost:9443/publisher/apis/9db3e05d-9e9d-4ec1-96f5-71ff9cd451e7/lifecycle Mozilla/5.0 (Windows NT 10.0; Win64; x64) AppleWebKit/537.36 (KHTML, like Gecko) Chrome/114.0.0.0 Safari/537.36 0.022
0:0:0:0:0:0:0:1 - - [17/Jul/2023:12:38:48 +0500] GET /api/am/publisher/v3/apis/9db3e05d-9e9d-4ec1-96f5-71ff9cd451e7/lifecycle-history HTTP/1.1 200 126 https://localhost:9443/publisher/apis/9db3e05d-9e9d-4ec1-96f5-71ff9cd451e7/lifecycle Mozilla/5.0 (Windows NT 10.0; Win64; x64) AppleWebKit/537.36 (KHTML, like Gecko) Chrome/114.0.0.0 Safari/537.36 0.022
0:0:0:0:0:0:0:1 - - [17/Jul/2023:12:38:48 +0500] GET /api/am/publisher/v3/apis/9db3e05d-9e9d-4ec1-96f5-71ff9cd451e7 HTTP/1.1 200 1240 https://localhost:9443/publisher/apis/9db3e05d-9e9d-4ec1-96f5-71ff9cd451e7/lifecycle Mozilla/5.0 (Windows NT 10.0; Win64; x64) AppleWebKit/537.36 (KHTML, like Gecko) Chrome/114.0.0.0 Safari/537.36 0.024
0:0:0:0:0:0:0:1 - - [17/Jul/2023:12:38:48 +0500] GET /api/am/publisher/v3/apis/9db3e05d-9e9d-4ec1-96f5-71ff9cd451e7/revisions?query=deployed%3Atrue HTTP/1.1 200 388 https://localhost:9443/publisher/apis/9db3e05d-9e9d-4ec1-96f5-71ff9cd451e7/lifecycle Mozilla/5.0 (Windows NT 10.0; Win64; x64) AppleWebKit/537.36 (KHTML, like Gecko) Chrome/114.0.0.0 Safari/537.36 0.020
0:0:0:0:0:0:0:1 - - [17/Jul/2023:12:38:50 +0500] POST /api/am/publisher/v3/apis/change-lifecycle?action=Publish&apiId=9db3e05d-9e9d-4ec1-96f5-71ff9cd451e7 HTTP/1.1 200 300 https://localhost:9443/publisher/apis/9db3e05d-9e9d-4ec1-96f5-71ff9cd451e7/lifecycle Mozilla/5.0 (Windows NT 10.0; Win64; x64) AppleWebKit/537.36 (KHTML, like Gecko) Chrome/114.0.0.0 Safari/537.36 0.416
0:0:0:0:0:0:0:1 - - [17/Jul/2023:12:38:50 +0500] GET /api/am/publisher/v3/apis/9db3e05d-9e9d-4ec1-96f5-71ff9cd451e7 HTTP/1.1 200 1239 https://localhost:9443/publisher/apis/9db3e05d-9e9d-4ec1-96f5-71ff9cd451e7/lifecycle Mozilla/5.0 (Windows NT 10.0; Win64; x64) AppleWebKit/537.36 (KHTML, like Gecko) Chrome/114.0.0.0 Safari/537.36 0.030
0:0:0:0:0:0:0:1 - - [17/Jul/2023:12:38:51 +0500] GET /api/am/publisher/v3/apis/9db3e05d-9e9d-4ec1-96f5-71ff9cd451e7/client-certificates HTTP/1.1 200 104 https://localhost:9443/publisher/apis/9db3e05d-9e9d-4ec1-96f5-71ff9cd451e7/lifecycle Mozilla/5.0 (Windows NT 10.0; Win64; x64) AppleWebKit/537.36 (KHTML, like Gecko) Chrome/114.0.0.0 Safari/537.36 0.012
0:0:0:0:0:0:0:1 - - [17/Jul/2023:12:38:51 +0500] GET /api/am/publisher/v3/apis/9db3e05d-9e9d-4ec1-96f5-71ff9cd451e7/lifecycle-state HTTP/1.1 200 234 https://localhost:9443/publisher/apis/9db3e05d-9e9d-4ec1-96f5-71ff9cd451e7/lifecycle Mozilla/5.0 (Windows NT 10.0; Win64; x64) AppleWebKit/537.36 (KHTML, like Gecko) Chrome/114.0.0.0 Safari/537.36 0.017
