0:0:0:0:0:0:0:1 - - [31/May/2023:00:32:25 -0700] GET /api/am/devportal/v2/apis/a7a6f198-2961-422a-9ba4-7dd81d27f2dc/documents HTTP/1.1 200 92 https://localhost:9443/devportal/apis/a7a6f198-2961-422a-9ba4-7dd81d27f2dc/overview Mozilla/5.0 (Windows NT 10.0; Win64; x64) AppleWebKit/537.36 (KHTML, like Gecko) Chrome/113.0.0.0 Safari/537.36 0.019
0:0:0:0:0:0:0:1 - - [31/May/2023:00:32:25 -0700] GET /api/am/devportal/v2/apis/a7a6f198-2961-422a-9ba4-7dd81d27f2dc/ratings HTTP/1.1 200 125 https://localhost:9443/devportal/apis/a7a6f198-2961-422a-9ba4-7dd81d27f2dc/overview Mozilla/5.0 (Windows NT 10.0; Win64; x64) AppleWebKit/537.36 (KHTML, like Gecko) Chrome/113.0.0.0 Safari/537.36 0.013
0:0:0:0:0:0:0:1 - - [31/May/2023:00:32:25 -0700] GET /api/am/devportal/v2/apis/a7a6f198-2961-422a-9ba4-7dd81d27f2dc/thumbnail HTTP/1.1 204 - https://localhost:9443/devportal/apis/a7a6f198-2961-422a-9ba4-7dd81d27f2dc/overview Mozilla/5.0 (Windows NT 10.0; Win64; x64) AppleWebKit/537.36 (KHTML, like Gecko) Chrome/113.0.0.0 Safari/537.36 0.020
0:0:0:0:0:0:0:1 - - [31/May/2023:00:32:25 -0700] GET /api/am/devportal/v2/apis/a7a6f198-2961-422a-9ba4-7dd81d27f2dc/comments?limit=5&offset=0 HTTP/1.1 200 101 https://localhost:9443/devportal/apis/a7a6f198-2961-422a-9ba4-7dd81d27f2dc/overview Mozilla/5.0 (Windows NT 10.0; Win64; x64) AppleWebKit/537.36 (KHTML, like Gecko) Chrome/113.0.0.0 Safari/537.36 0.038
0:0:0:0:0:0:0:1 - - [31/May/2023:00:32:28 -0700] GET /devportal/site/public/dist/3.5fb775e73b1459555d1d.bundle.js HTTP/1.1 200 5285 https://localhost:9443/devportal/apis/a7a6f198-2961-422a-9ba4-7dd81d27f2dc/test Mozilla/5.0 (Windows NT 10.0; Win64; x64) AppleWebKit/537.36 (KHTML, like Gecko) Chrome/113.0.0.0 Safari/537.36 0.009
0:0:0:0:0:0:0:1 - - [31/May/2023:00:32:28 -0700] GET /devportal/site/public/dist/APIConsole.e692d99b83731b72dbe6.bundle.js HTTP/1.1 200 4237 https://localhost:9443/devportal/apis/a7a6f198-2961-422a-9ba4-7dd81d27f2dc/test Mozilla/5.0 (Windows NT 10.0; Win64; x64) AppleWebKit/537.36 (KHTML, like Gecko) Chrome/113.0.0.0 Safari/537.36 0.007
0:0:0:0:0:0:0:1 - - [31/May/2023:00:32:28 -0700] GET /devportal/site/public/dist/9.19a62cd6a9c3410d8be6.bundle.js HTTP/1.1 200 89623 https://localhost:9443/devportal/apis/a7a6f198-2961-422a-9ba4-7dd81d27f2dc/test Mozilla/5.0 (Windows NT 10.0; Win64; x64) AppleWebKit/537.36 (KHTML, like Gecko) Chrome/113.0.0.0 Safari/537.36 0.026
0:0:0:0:0:0:0:1 - - [31/May/2023:00:32:29 -0700] - 400 - - - 0.000
0:0:0:0:0:0:0:1 - - [31/May/2023:00:32:29 -0700] GET /devportal/site/public/dist/vendors~APIConsole~GraphQLConsole.c00ffdb9a4bac0f7794e.bundle.js HTTP/1.1 200 364418 https://localhost:9443/devportal/apis/a7a6f198-2961-422a-9ba4-7dd81d27f2dc/test Mozilla/5.0 (Windows NT 10.0; Win64; x64) AppleWebKit/537.36 (KHTML, like Gecko) Chrome/113.0.0.0 Safari/537.36 0.127
0:0:0:0:0:0:0:1 - - [31/May/2023:00:32:29 -0700] GET /devportal/site/public/dist/vendors~APIConsole.b84bc27def35d6c9dee0.bundle.js HTTP/1.1 200 1577542 https://localhost:9443/devportal/apis/a7a6f198-2961-422a-9ba4-7dd81d27f2dc/test Mozilla/5.0 (Windows NT 10.0; Win64; x64) AppleWebKit/537.36 (KHTML, like Gecko) Chrome/113.0.0.0 Safari/537.36 0.529
0:0:0:0:0:0:0:1 - - [31/May/2023:00:32:30 -0700] GET /api/am/devportal/v2/apis/a7a6f198-2961-422a-9ba4-7dd81d27f2dc HTTP/1.1 200 2493 https://localhost:9443/devportal/apis/a7a6f198-2961-422a-9ba4-7dd81d27f2dc/test Mozilla/5.0 (Windows NT 10.0; Win64; x64) AppleWebKit/537.36 (KHTML, like Gecko) Chrome/113.0.0.0 Safari/537.36 0.024
0:0:0:0:0:0:0:1 - - [31/May/2023:00:32:30 -0700] GET /api/am/devportal/v2/apis/a7a6f198-2961-422a-9ba4-7dd81d27f2dc/swagger?environmentName=Default HTTP/1.1 200 1774 https://localhost:9443/devportal/apis/a7a6f198-2961-422a-9ba4-7dd81d27f2dc/test Mozilla/5.0 (Windows NT 10.0; Win64; x64) AppleWebKit/537.36 (KHTML, like Gecko) Chrome/113.0.0.0 Safari/537.36 0.032
0:0:0:0:0:0:0:1 - - [31/May/2023:00:32:30 -0700] GET /api/am/devportal/v2/swagger.yaml HTTP/1.1 200 23486 https://localhost:9443/devportal/apis/a7a6f198-2961-422a-9ba4-7dd81d27f2dc/test Mozilla/5.0 (Windows NT 10.0; Win64; x64) AppleWebKit/537.36 (KHTML, like Gecko) Chrome/113.0.0.0 Safari/537.36 0.013
127.0.0.1 - - [31/May/2023:00:32:30 -0700] GET /keymanager-operations/dcr/register/NU1taEFTeEo5NEVmYjdxM3V4U0FQTDJpSG84YQ%3D%3D HTTP/1.1 200 515 - Apache-HttpClient/4.5.13 (Java/11.0.18) 0.006
0:0:0:0:0:0:0:1 - - [31/May/2023:00:32:30 -0700] GET /api/am/devportal/v2/subscriptions?apiId=a7a6f198-2961-422a-9ba4-7dd81d27f2dc&limit=25 HTTP/1.1 200 735 https://localhost:9443/devportal/apis/a7a6f198-2961-422a-9ba4-7dd81d27f2dc/test Mozilla/5.0 (Windows NT 10.0; Win64; x64) AppleWebKit/537.36 (KHTML, like Gecko) Chrome/113.0.0.0 Safari/537.36 0.043
127.0.0.1 - - [31/May/2023:00:32:30 -0700] GET /keymanager-operations/dcr/register/NU1taEFTeEo5NEVmYjdxM3V4U0FQTDJpSG84YQ%3D%3D HTTP/1.1 200 515 - Apache-HttpClient/4.5.13 (Java/11.0.18) 0.009
0:0:0:0:0:0:0:1 - - [31/May/2023:00:32:30 -0700] GET /api/am/devportal/v2/subscriptions?apiId=a7a6f198-2961-422a-9ba4-7dd81d27f2dc&limit=25 HTTP/1.1 200 735 https://localhost:9443/devportal/apis/a7a6f198-2961-422a-9ba4-7dd81d27f2dc/test Mozilla/5.0 (Windows NT 10.0; Win64; x64) AppleWebKit/537.36 (KHTML, like Gecko) Chrome/113.0.0.0 Safari/537.36 0.051
127.0.0.1 - - [31/May/2023:00:32:30 -0700] GET /oauth2/token/.well-known/openid-configuration HTTP/1.1 200 2245 - Apache-HttpClient/4.5.13 (Java/11.0.18) 0.003
0:0:0:0:0:0:0:1 - - [31/May/2023:00:32:30 -0700] GET /api/am/devportal/v2/key-managers HTTP/1.1 200 755 https://localhost:9443/devportal/apis/a7a6f198-2961-422a-9ba4-7dd81d27f2dc/test Mozilla/5.0 (Windows NT 10.0; Win64; x64) AppleWebKit/537.36 (KHTML, like Gecko) Chrome/113.0.0.0 Safari/537.36 0.197
0:0:0:0:0:0:0:1 - - [31/May/2023:00:32:30 -0700] GET /api/am/devportal/v2/applications/ HTTP/1.1 200 551 https://localhost:9443/devportal/apis/a7a6f198-2961-422a-9ba4-7dd81d27f2dc/test Mozilla/5.0 (Windows NT 10.0; Win64; x64) AppleWebKit/537.36 (KHTML, like Gecko) Chrome/113.0.0.0 Safari/537.36 0.009
0:0:0:0:0:0:0:1 - - [31/May/2023:00:32:30 -0700] GET /api/am/devportal/v2/swagger.yaml HTTP/1.1 200 23486 https://localhost:9443/devportal/apis/a7a6f198-2961-422a-9ba4-7dd81d27f2dc/test Mozilla/5.0 (Windows NT 10.0; Win64; x64) AppleWebKit/537.36 (KHTML, like Gecko) Chrome/113.0.0.0 Safari/537.36 0.010
127.0.0.1 - - [31/May/2023:00:32:30 -0700] GET /keymanager-operations/dcr/register/NU1taEFTeEo5NEVmYjdxM3V4U0FQTDJpSG84YQ%3D%3D HTTP/1.1 200 515 - Apache-HttpClient/4.5.13 (Java/11.0.18) 0.009
0:0:0:0:0:0:0:1 - - [31/May/2023:00:32:31 -0700] GET /api/am/devportal/v2/applications/aa31ee01-3d38-48ed-b044-11c78bfc8bd8 HTTP/1.1 200 281 https://localhost:9443/devportal/apis/a7a6f198-2961-422a-9ba4-7dd81d27f2dc/test Mozilla/5.0 (Windows NT 10.0; Win64; x64) AppleWebKit/537.36 (KHTML, like Gecko) Chrome/113.0.0.0 Safari/537.36 0.081
127.0.0.1 - - [31/May/2023:00:32:31 -0700] GET /keymanager-operations/dcr/register/NU1taEFTeEo5NEVmYjdxM3V4U0FQTDJpSG84YQ%3D%3D HTTP/1.1 200 515 - Apache-HttpClient/4.5.13 (Java/11.0.18) 0.005
0:0:0:0:0:0:0:1 - - [31/May/2023:00:32:31 -0700] GET /api/am/devportal/v2/applications/aa31ee01-3d38-48ed-b044-11c78bfc8bd8/oauth-keys HTTP/1.1 200 663 https://localhost:9443/devportal/apis/a7a6f198-2961-422a-9ba4-7dd81d27f2dc/test Mozilla/5.0 (Windows NT 10.0; Win64; x64) AppleWebKit/537.36 (KHTML, like Gecko) Chrome/113.0.0.0 Safari/537.36 0.050
0:0:0:0:0:0:0:1 - - [31/May/2023:00:32:31 -0700] GET /api/am/devportal/v2/swagger.yaml HTTP/1.1 200 23486 https://localhost:9443/devportal/apis/a7a6f198-2961-422a-9ba4-7dd81d27f2dc/test Mozilla/5.0 (Windows NT 10.0; Win64; x64) AppleWebKit/537.36 (KHTML, like Gecko) Chrome/113.0.0.0 Safari/537.36 0.012
0:0:0:0:0:0:0:1 - - [31/May/2023:00:32:31 -0700] GET /api/am/devportal/v2/swagger.yaml HTTP/1.1 200 23486 https://localhost:9443/devportal/apis/a7a6f198-2961-422a-9ba4-7dd81d27f2dc/test Mozilla/5.0 (Windows NT 10.0; Win64; x64) AppleWebKit/537.36 (KHTML, like Gecko) Chrome/113.0.0.0 Safari/537.36 0.009
127.0.0.1 - - [31/May/2023:00:32:31 -0700] GET /keymanager-operations/dcr/register/NU1taEFTeEo5NEVmYjdxM3V4U0FQTDJpSG84YQ%3D%3D HTTP/1.1 200 515 - Apache-HttpClient/4.5.13 (Java/11.0.18) 0.005
0:0:0:0:0:0:0:1 - - [31/May/2023:00:32:31 -0700] GET /api/am/devportal/v2/applications/aa31ee01-3d38-48ed-b044-11c78bfc8bd8 HTTP/1.1 200 281 https://localhost:9443/devportal/apis/a7a6f198-2961-422a-9ba4-7dd81d27f2dc/test Mozilla/5.0 (Windows NT 10.0; Win64; x64) AppleWebKit/537.36 (KHTML, like Gecko) Chrome/113.0.0.0 Safari/537.36 0.013
127.0.0.1 - - [31/May/2023:00:32:31 -0700] GET /keymanager-operations/dcr/register/NU1taEFTeEo5NEVmYjdxM3V4U0FQTDJpSG84YQ%3D%3D HTTP/1.1 200 515 - Apache-HttpClient/4.5.13 (Java/11.0.18) 0.006
0:0:0:0:0:0:0:1 - - [31/May/2023:00:32:31 -0700] GET /api/am/devportal/v2/applications/aa31ee01-3d38-48ed-b044-11c78bfc8bd8 HTTP/1.1 200 281 https://localhost:9443/devportal/apis/a7a6f198-2961-422a-9ba4-7dd81d27f2dc/test Mozilla/5.0 (Windows NT 10.0; Win64; x64) AppleWebKit/537.36 (KHTML, like Gecko) Chrome/113.0.0.0 Safari/537.36 0.016
127.0.0.1 - - [31/May/2023:00:32:31 -0700] GET /keymanager-operations/dcr/register/NU1taEFTeEo5NEVmYjdxM3V4U0FQTDJpSG84YQ%3D%3D HTTP/1.1 200 515 - Apache-HttpClient/4.5.13 (Java/11.0.18) 0.007
0:0:0:0:0:0:0:1 - - [31/May/2023:00:32:31 -0700] GET /api/am/devportal/v2/applications/aa31ee01-3d38-48ed-b044-11c78bfc8bd8/oauth-keys HTTP/1.1 200 663 https://localhost:9443/devportal/apis/a7a6f198-2961-422a-9ba4-7dd81d27f2dc/test Mozilla/5.0 (Windows NT 10.0; Win64; x64) AppleWebKit/537.36 (KHTML, like Gecko) Chrome/113.0.0.0 Safari/537.36 0.022
127.0.0.1 - - [31/May/2023:00:32:31 -0700] GET /keymanager-operations/dcr/register/NU1taEFTeEo5NEVmYjdxM3V4U0FQTDJpSG84YQ%3D%3D HTTP/1.1 200 515 - Apache-HttpClient/4.5.13 (Java/11.0.18) 0.007
0:0:0:0:0:0:0:1 - - [31/May/2023:00:32:31 -0700] GET /api/am/devportal/v2/applications/aa31ee01-3d38-48ed-b044-11c78bfc8bd8/oauth-keys HTTP/1.1 200 663 https://localhost:9443/devportal/apis/a7a6f198-2961-422a-9ba4-7dd81d27f2dc/test Mozilla/5.0 (Windows NT 10.0; Win64; x64) AppleWebKit/537.36 (KHTML, like Gecko) Chrome/113.0.0.0 Safari/537.36 0.015
0:0:0:0:0:0:0:1 - - [31/May/2023:00:32:31 -0700] GET /api/am/devportal/v2/throttling-policies/subscription HTTP/1.1 200 634 https://localhost:9443/devportal/apis/a7a6f198-2961-422a-9ba4-7dd81d27f2dc/overview Mozilla/5.0 (Windows NT 10.0; Win64; x64) AppleWebKit/537.36 (KHTML, like Gecko) Chrome/113.0.0.0 Safari/537.36 0.011
0:0:0:0:0:0:0:1 - - [31/May/2023:00:32:31 -0700] GET /api/am/devportal/v2/apis/a7a6f198-2961-422a-9ba4-7dd81d27f2dc/documents HTTP/1.1 200 92 https://localhost:9443/devportal/apis/a7a6f198-2961-422a-9ba4-7dd81d27f2dc/overview Mozilla/5.0 (Windows NT 10.0; Win64; x64) AppleWebKit/537.36 (KHTML, like Gecko) Chrome/113.0.0.0 Safari/537.36 0.028
0:0:0:0:0:0:0:1 - - [31/May/2023:00:32:31 -0700] GET /api/am/devportal/v2/throttling-policies/subscription HTTP/1.1 200 634 https://localhost:9443/devportal/apis/a7a6f198-2961-422a-9ba4-7dd81d27f2dc/overview Mozilla/5.0 (Windows NT 10.0; Win64; x64) AppleWebKit/537.36 (KHTML, like Gecko) Chrome/113.0.0.0 Safari/537.36 0.009
0:0:0:0:0:0:0:1 - - [31/May/2023:00:32:31 -0700] GET /api/am/devportal/v2/apis/a7a6f198-2961-422a-9ba4-7dd81d27f2dc/documents HTTP/1.1 200 92 https://localhost:9443/devportal/apis/a7a6f198-2961-422a-9ba4-7dd81d27f2dc/overview Mozilla/5.0 (Windows NT 10.0; Win64; x64) AppleWebKit/537.36 (KHTML, like Gecko) Chrome/113.0.0.0 Safari/537.36 0.017
0:0:0:0:0:0:0:1 - - [31/May/2023:00:32:32 -0700] GET /api/am/devportal/v2/apis/a7a6f198-2961-422a-9ba4-7dd81d27f2dc/thumbnail HTTP/1.1 204 - https://localhost:9443/devportal/apis/a7a6f198-2961-422a-9ba4-7dd81d27f2dc/overview Mozilla/5.0 (Windows NT 10.0; Win64; x64) AppleWebKit/537.36 (KHTML, like Gecko) Chrome/113.0.0.0 Safari/537.36 0.021
0:0:0:0:0:0:0:1 - - [31/May/2023:00:32:32 -0700] GET /api/am/devportal/v2/apis/a7a6f198-2961-422a-9ba4-7dd81d27f2dc/ratings HTTP/1.1 200 125 https://localhost:9443/devportal/apis/a7a6f198-2961-422a-9ba4-7dd81d27f2dc/overview Mozilla/5.0 (Windows NT 10.0; Win64; x64) AppleWebKit/537.36 (KHTML, like Gecko) Chrome/113.0.0.0 Safari/537.36 0.021
0:0:0:0:0:0:0:1 - - [31/May/2023:00:32:32 -0700] GET /api/am/devportal/v2/apis/a7a6f198-2961-422a-9ba4-7dd81d27f2dc/comments?limit=5&offset=0 HTTP/1.1 200 101 https://localhost:9443/devportal/apis/a7a6f198-2961-422a-9ba4-7dd81d27f2dc/overview Mozilla/5.0 (Windows NT 10.0; Win64; x64) AppleWebKit/537.36 (KHTML, like Gecko) Chrome/113.0.0.0 Safari/537.36 0.034
0:0:0:0:0:0:0:1 - - [31/May/2023:00:32:43 -0700] GET /api/am/devportal/v2/apis/a7a6f198-2961-422a-9ba4-7dd81d27f2dc HTTP/1.1 200 2493 https://localhost:9443/devportal/apis/a7a6f198-2961-422a-9ba4-7dd81d27f2dc/test Mozilla/5.0 (Windows NT 10.0; Win64; x64) AppleWebKit/537.36 (KHTML, like Gecko) Chrome/113.0.0.0 Safari/537.36 0.036
0:0:0:0:0:0:0:1 - - [31/May/2023:00:32:43 -0700] GET /api/am/devportal/v2/apis/a7a6f198-2961-422a-9ba4-7dd81d27f2dc/swagger?environmentName=Default HTTP/1.1 200 1774 https://localhost:9443/devportal/apis/a7a6f198-2961-422a-9ba4-7dd81d27f2dc/test Mozilla/5.0 (Windows NT 10.0; Win64; x64) AppleWebKit/537.36 (KHTML, like Gecko) Chrome/113.0.0.0 Safari/537.36 0.046
0:0:0:0:0:0:0:1 - - [31/May/2023:00:32:43 -0700] GET /api/am/devportal/v2/swagger.yaml HTTP/1.1 200 23486 https://localhost:9443/devportal/apis/a7a6f198-2961-422a-9ba4-7dd81d27f2dc/test Mozilla/5.0 (Windows NT 10.0; Win64; x64) AppleWebKit/537.36 (KHTML, like Gecko) Chrome/113.0.0.0 Safari/537.36 0.030
127.0.0.1 - - [31/May/2023:00:32:43 -0700] GET /keymanager-operations/dcr/register/NU1taEFTeEo5NEVmYjdxM3V4U0FQTDJpSG84YQ%3D%3D HTTP/1.1 200 515 - Apache-HttpClient/4.5.13 (Java/11.0.18) 0.027
127.0.0.1 - - [31/May/2023:00:32:43 -0700] GET /oauth2/token/.well-known/openid-configuration HTTP/1.1 200 2245 - Apache-HttpClient/4.5.13 (Java/11.0.18) 0.006
0:0:0:0:0:0:0:1 - - [31/May/2023:00:32:43 -0700] GET /api/am/devportal/v2/key-managers HTTP/1.1 200 755 https://localhost:9443/devportal/apis/a7a6f198-2961-422a-9ba4-7dd81d27f2dc/test Mozilla/5.0 (Windows NT 10.0; Win64; x64) AppleWebKit/537.36 (KHTML, like Gecko) Chrome/113.0.0.0 Safari/537.36 0.070
0:0:0:0:0:0:0:1 - - [31/May/2023:00:32:43 -0700] GET /api/am/devportal/v2/subscriptions?apiId=a7a6f198-2961-422a-9ba4-7dd81d27f2dc&limit=25 HTTP/1.1 200 735 https://localhost:9443/devportal/apis/a7a6f198-2961-422a-9ba4-7dd81d27f2dc/test Mozilla/5.0 (Windows NT 10.0; Win64; x64) AppleWebKit/537.36 (KHTML, like Gecko) Chrome/113.0.0.0 Safari/537.36 0.086
127.0.0.1 - - [31/May/2023:00:32:43 -0700] GET /keymanager-operations/dcr/register/NU1taEFTeEo5NEVmYjdxM3V4U0FQTDJpSG84YQ%3D%3D HTTP/1.1 200 515 - Apache-HttpClient/4.5.13 (Java/11.0.18) 0.011
0:0:0:0:0:0:0:1 - - [31/May/2023:00:32:43 -0700] GET /api/am/devportal/v2/subscriptions?apiId=a7a6f198-2961-422a-9ba4-7dd81d27f2dc&limit=25 HTTP/1.1 200 735 https://localhost:9443/devportal/apis/a7a6f198-2961-422a-9ba4-7dd81d27f2dc/test Mozilla/5.0 (Windows NT 10.0; Win64; x64) AppleWebKit/537.36 (KHTML, like Gecko) Chrome/113.0.0.0 Safari/537.36 0.051
0:0:0:0:0:0:0:1 - - [31/May/2023:00:32:44 -0700] GET /api/am/devportal/v2/swagger.yaml HTTP/1.1 200 23486 https://localhost:9443/devportal/apis/a7a6f198-2961-422a-9ba4-7dd81d27f2dc/test Mozilla/5.0 (Windows NT 10.0; Win64; x64) AppleWebKit/537.36 (KHTML, like Gecko) Chrome/113.0.0.0 Safari/537.36 0.011
0:0:0:0:0:0:0:1 - - [31/May/2023:00:32:44 -0700] GET /api/am/devportal/v2/applications/ HTTP/1.1 200 551 https://localhost:9443/devportal/apis/a7a6f198-2961-422a-9ba4-7dd81d27f2dc/test Mozilla/5.0 (Windows NT 10.0; Win64; x64) AppleWebKit/537.36 (KHTML, like Gecko) Chrome/113.0.0.0 Safari/537.36 0.017
127.0.0.1 - - [31/May/2023:00:32:44 -0700] GET /keymanager-operations/dcr/register/NU1taEFTeEo5NEVmYjdxM3V4U0FQTDJpSG84YQ%3D%3D HTTP/1.1 200 515 - Apache-HttpClient/4.5.13 (Java/11.0.18) 0.011
0:0:0:0:0:0:0:1 - - [31/May/2023:00:32:44 -0700] GET /api/am/devportal/v2/applications/aa31ee01-3d38-48ed-b044-11c78bfc8bd8 HTTP/1.1 200 281 https://localhost:9443/devportal/apis/a7a6f198-2961-422a-9ba4-7dd81d27f2dc/test Mozilla/5.0 (Windows NT 10.0; Win64; x64) AppleWebKit/537.36 (KHTML, like Gecko) Chrome/113.0.0.0 Safari/537.36 0.023
127.0.0.1 - - [31/May/2023:00:32:44 -0700] GET /keymanager-operations/dcr/register/NU1taEFTeEo5NEVmYjdxM3V4U0FQTDJpSG84YQ%3D%3D HTTP/1.1 200 515 - Apache-HttpClient/4.5.13 (Java/11.0.18) 0.006
0:0:0:0:0:0:0:1 - - [31/May/2023:00:32:44 -0700] GET /api/am/devportal/v2/applications/aa31ee01-3d38-48ed-b044-11c78bfc8bd8/oauth-keys HTTP/1.1 200 663 https://localhost:9443/devportal/apis/a7a6f198-2961-422a-9ba4-7dd81d27f2dc/test Mozilla/5.0 (Windows NT 10.0; Win64; x64) AppleWebKit/537.36 (KHTML, like Gecko) Chrome/113.0.0.0 Safari/537.36 0.018
0:0:0:0:0:0:0:1 - - [31/May/2023:00:32:44 -0700] GET /api/am/devportal/v2/swagger.yaml HTTP/1.1 200 23486 https://localhost:9443/devportal/apis/a7a6f198-2961-422a-9ba4-7dd81d27f2dc/test Mozilla/5.0 (Windows NT 10.0; Win64; x64) AppleWebKit/537.36 (KHTML, like Gecko) Chrome/113.0.0.0 Safari/537.36 0.013
0:0:0:0:0:0:0:1 - - [31/May/2023:00:32:44 -0700] GET /api/am/devportal/v2/swagger.yaml HTTP/1.1 200 23486 https://localhost:9443/devportal/apis/a7a6f198-2961-422a-9ba4-7dd81d27f2dc/test Mozilla/5.0 (Windows NT 10.0; Win64; x64) AppleWebKit/537.36 (KHTML, like Gecko) Chrome/113.0.0.0 Safari/537.36 0.014
127.0.0.1 - - [31/May/2023:00:32:44 -0700] GET /keymanager-operations/dcr/register/NU1taEFTeEo5NEVmYjdxM3V4U0FQTDJpSG84YQ%3D%3D HTTP/1.1 200 515 - Apache-HttpClient/4.5.13 (Java/11.0.18) 0.012
0:0:0:0:0:0:0:1 - - [31/May/2023:00:32:44 -0700] GET /api/am/devportal/v2/applications/aa31ee01-3d38-48ed-b044-11c78bfc8bd8 HTTP/1.1 200 281 https://localhost:9443/devportal/apis/a7a6f198-2961-422a-9ba4-7dd81d27f2dc/test Mozilla/5.0 (Windows NT 10.0; Win64; x64) AppleWebKit/537.36 (KHTML, like Gecko) Chrome/113.0.0.0 Safari/537.36 0.019
127.0.0.1 - - [31/May/2023:00:32:44 -0700] GET /keymanager-operations/dcr/register/NU1taEFTeEo5NEVmYjdxM3V4U0FQTDJpSG84YQ%3D%3D HTTP/1.1 200 515 - Apache-HttpClient/4.5.13 (Java/11.0.18) 0.004
0:0:0:0:0:0:0:1 - - [31/May/2023:00:32:44 -0700] GET /api/am/devportal/v2/applications/aa31ee01-3d38-48ed-b044-11c78bfc8bd8 HTTP/1.1 200 281 https://localhost:9443/devportal/apis/a7a6f198-2961-422a-9ba4-7dd81d27f2dc/test Mozilla/5.0 (Windows NT 10.0; Win64; x64) AppleWebKit/537.36 (KHTML, like Gecko) Chrome/113.0.0.0 Safari/537.36 0.013
127.0.0.1 - - [31/May/2023:00:32:44 -0700] GET /keymanager-operations/dcr/register/NU1taEFTeEo5NEVmYjdxM3V4U0FQTDJpSG84YQ%3D%3D HTTP/1.1 200 515 - Apache-HttpClient/4.5.13 (Java/11.0.18) 0.005
0:0:0:0:0:0:0:1 - - [31/May/2023:00:32:44 -0700] GET /api/am/devportal/v2/applications/aa31ee01-3d38-48ed-b044-11c78bfc8bd8/oauth-keys HTTP/1.1 200 663 https://localhost:9443/devportal/apis/a7a6f198-2961-422a-9ba4-7dd81d27f2dc/test Mozilla/5.0 (Windows NT 10.0; Win64; x64) AppleWebKit/537.36 (KHTML, like Gecko) Chrome/113.0.0.0 Safari/537.36 0.014
127.0.0.1 - - [31/May/2023:00:32:44 -0700] GET /keymanager-operations/dcr/register/NU1taEFTeEo5NEVmYjdxM3V4U0FQTDJpSG84YQ%3D%3D HTTP/1.1 200 515 - Apache-HttpClient/4.5.13 (Java/11.0.18) 0.005
0:0:0:0:0:0:0:1 - - [31/May/2023:00:32:44 -0700] GET /api/am/devportal/v2/applications/aa31ee01-3d38-48ed-b044-11c78bfc8bd8/oauth-keys HTTP/1.1 200 663 https://localhost:9443/devportal/apis/a7a6f198-2961-422a-9ba4-7dd81d27f2dc/test Mozilla/5.0 (Windows NT 10.0; Win64; x64) AppleWebKit/537.36 (KHTML, like Gecko) Chrome/113.0.0.0 Safari/537.36 0.015
0:0:0:0:0:0:0:1 - - [31/May/2023:00:32:57 -0700] GET /api/am/devportal/v2/apis/a7a6f198-2961-422a-9ba4-7dd81d27f2dc/comments?limit=5&offset=0 HTTP/1.1 200 101 https://localhost:9443/devportal/apis/a7a6f198-2961-422a-9ba4-7dd81d27f2dc/comments Mozilla/5.0 (Windows NT 10.0; Win64; x64) AppleWebKit/537.36 (KHTML, like Gecko) Chrome/113.0.0.0 Safari/537.36 0.028
0:0:0:0:0:0:0:1 - - [31/May/2023:00:33:19 -0700] GET /devportal/apis/a7a6f198-2961-422a-9ba4-7dd81d27f2dc/comments HTTP/1.1 200 2034 https://localhost:9443/devportal/apis Mozilla/5.0 (Windows NT 10.0; Win64; x64) AppleWebKit/537.36 (KHTML, like Gecko) Chrome/113.0.0.0 Safari/537.36 0.010
0:0:0:0:0:0:0:1 - - [31/May/2023:00:33:19 -0700] GET /devportal/site/public/css/main.css HTTP/1.1 200 1791 https://localhost:9443/devportal/apis/a7a6f198-2961-422a-9ba4-7dd81d27f2dc/comments Mozilla/5.0 (Windows NT 10.0; Win64; x64) AppleWebKit/537.36 (KHTML, like Gecko) Chrome/113.0.0.0 Safari/537.36 0.002
0:0:0:0:0:0:0:1 - - [31/May/2023:00:33:19 -0700] GET /devportal/services/settings/settings.js HTTP/1.1 200 1036 https://localhost:9443/devportal/apis/a7a6f198-2961-422a-9ba4-7dd81d27f2dc/comments Mozilla/5.0 (Windows NT 10.0; Win64; x64) AppleWebKit/537.36 (KHTML, like Gecko) Chrome/113.0.0.0 Safari/537.36 0.005
0:0:0:0:0:0:0:1 - - [31/May/2023:00:33:19 -0700] GET /devportal/site/public/fonts/iconfont/material-icons.css HTTP/1.1 200 970 https://localhost:9443/devportal/apis/a7a6f198-2961-422a-9ba4-7dd81d27f2dc/comments Mozilla/5.0 (Windows NT 10.0; Win64; x64) AppleWebKit/537.36 (KHTML, like Gecko) Chrome/113.0.0.0 Safari/537.36 0.002
0:0:0:0:0:0:0:1 - - [31/May/2023:00:33:19 -0700] GET /devportal/site/public/css/overrides.css HTTP/1.1 200 - https://localhost:9443/devportal/apis/a7a6f198-2961-422a-9ba4-7dd81d27f2dc/comments Mozilla/5.0 (Windows NT 10.0; Win64; x64) AppleWebKit/537.36 (KHTML, like Gecko) Chrome/113.0.0.0 Safari/537.36 0.005
0:0:0:0:0:0:0:1 - - [31/May/2023:00:33:19 -0700] GET /devportal/site/public/theme/userTheme.js HTTP/1.1 200 950 https://localhost:9443/devportal/apis/a7a6f198-2961-422a-9ba4-7dd81d27f2dc/comments Mozilla/5.0 (Windows NT 10.0; Win64; x64) AppleWebKit/537.36 (KHTML, like Gecko) Chrome/113.0.0.0 Safari/537.36 0.021
0:0:0:0:0:0:0:1 - - [31/May/2023:00:33:19 -0700] GET /devportal/site/public/fonts/iconfont/MaterialIcons.js HTTP/1.1 200 6703 https://localhost:9443/devportal/apis/a7a6f198-2961-422a-9ba4-7dd81d27f2dc/comments Mozilla/5.0 (Windows NT 10.0; Win64; x64) AppleWebKit/537.36 (KHTML, like Gecko) Chrome/113.0.0.0 Safari/537.36 0.020
0:0:0:0:0:0:0:1 - - [31/May/2023:00:33:19 -0700] - 400 - - - 0.000
0:0:0:0:0:0:0:1 - - [31/May/2023:00:33:19 -0700] - 400 - - - 0.000
0:0:0:0:0:0:0:1 - - [31/May/2023:00:33:19 -0700] GET /devportal/site/public/dist/index.bb5a154b1face8797bc3.bundle.js HTTP/1.1 200 259795 https://localhost:9443/devportal/apis/a7a6f198-2961-422a-9ba4-7dd81d27f2dc/comments Mozilla/5.0 (Windows NT 10.0; Win64; x64) AppleWebKit/537.36 (KHTML, like Gecko) Chrome/113.0.0.0 Safari/537.36 0.103
0:0:0:0:0:0:0:1 - - [31/May/2023:00:33:20 -0700] GET /devportal/site/public/locales/en.json HTTP/1.1 200 56514 https://localhost:9443/devportal/apis/a7a6f198-2961-422a-9ba4-7dd81d27f2dc/comments Mozilla/5.0 (Windows NT 10.0; Win64; x64) AppleWebKit/537.36 (KHTML, like Gecko) Chrome/113.0.0.0 Safari/537.36 0.004
0:0:0:0:0:0:0:1 - - [31/May/2023:00:33:20 -0700] GET /api/am/devportal/v2/swagger.yaml HTTP/1.1 200 23486 https://localhost:9443/devportal/apis/a7a6f198-2961-422a-9ba4-7dd81d27f2dc/comments Mozilla/5.0 (Windows NT 10.0; Win64; x64) AppleWebKit/537.36 (KHTML, like Gecko) Chrome/113.0.0.0 Safari/537.36 0.012
0:0:0:0:0:0:0:1 - - [31/May/2023:00:33:20 -0700] GET /devportal/site/public/images/Zong_logo.png HTTP/1.1 200 43161 https://localhost:9443/devportal/apis/a7a6f198-2961-422a-9ba4-7dd81d27f2dc/comments Mozilla/5.0 (Windows NT 10.0; Win64; x64) AppleWebKit/537.36 (KHTML, like Gecko) Chrome/113.0.0.0 Safari/537.36 0.003
0:0:0:0:0:0:0:1 - - [31/May/2023:00:33:20 -0700] GET /devportal/site/public/images/Zong_logo.png HTTP/1.1 200 43161 https://localhost:9443/devportal/apis/a7a6f198-2961-422a-9ba4-7dd81d27f2dc/comments Mozilla/5.0 (Windows NT 10.0; Win64; x64) AppleWebKit/537.36 (KHTML, like Gecko) Chrome/113.0.0.0 Safari/537.36 0.002
0:0:0:0:0:0:0:1 - - [31/May/2023:00:33:20 -0700] GET /api/am/devportal/v2/settings HTTP/1.1 200 868 https://localhost:9443/devportal/apis/a7a6f198-2961-422a-9ba4-7dd81d27f2dc/comments Mozilla/5.0 (Windows NT 10.0; Win64; x64) AppleWebKit/537.36 (KHTML, like Gecko) Chrome/113.0.0.0 Safari/537.36 0.077
0:0:0:0:0:0:0:1 - - [31/May/2023:00:33:20 -0700] GET /devportal/site/public/dist/ProtectedApp.85246914c5a864cd3b25.bundle.js HTTP/1.1 200 70400 https://localhost:9443/devportal/apis/a7a6f198-2961-422a-9ba4-7dd81d27f2dc/comments Mozilla/5.0 (Windows NT 10.0; Win64; x64) AppleWebKit/537.36 (KHTML, like Gecko) Chrome/113.0.0.0 Safari/537.36 0.018
0:0:0:0:0:0:0:1 - - [31/May/2023:00:33:20 -0700] GET /devportal/site/public/dist/vendors~ProtectedApp.f5062f21efd7a7d46a01.bundle.js HTTP/1.1 200 179913 https://localhost:9443/devportal/apis/a7a6f198-2961-422a-9ba4-7dd81d27f2dc/comments Mozilla/5.0 (Windows NT 10.0; Win64; x64) AppleWebKit/537.36 (KHTML, like Gecko) Chrome/113.0.0.0 Safari/537.36 0.063
0:0:0:0:0:0:0:1 - - [31/May/2023:00:33:20 -0700] GET /devportal/site/public/theme/temporary_environments_config.json HTTP/1.1 200 - https://localhost:9443/devportal/apis/a7a6f198-2961-422a-9ba4-7dd81d27f2dc/comments Mozilla/5.0 (Windows NT 10.0; Win64; x64) AppleWebKit/537.36 (KHTML, like Gecko) Chrome/113.0.0.0 Safari/537.36 0.003
0:0:0:0:0:0:0:1 - - [31/May/2023:00:33:20 -0700] GET /devportal/site/public/theme/temporary_features_config.json HTTP/1.1 200 - https://localhost:9443/devportal/apis/a7a6f198-2961-422a-9ba4-7dd81d27f2dc/comments Mozilla/5.0 (Windows NT 10.0; Win64; x64) AppleWebKit/537.36 (KHTML, like Gecko) Chrome/113.0.0.0 Safari/537.36 0.003
0:0:0:0:0:0:0:1 - - [31/May/2023:00:33:20 -0700] GET /api/am/devportal/v2/tenants?state=active HTTP/1.1 200 96 https://localhost:9443/devportal/apis/a7a6f198-2961-422a-9ba4-7dd81d27f2dc/comments Mozilla/5.0 (Windows NT 10.0; Win64; x64) AppleWebKit/537.36 (KHTML, like Gecko) Chrome/113.0.0.0 Safari/537.36 0.006
0:0:0:0:0:0:0:1 - - [31/May/2023:00:33:20 -0700] GET /devportal/site/public/dist/vendors~ApiListing~Apis~ApplicationDetails.085bc8cf7979cfcae9cd.bundle.js HTTP/1.1 200 3838 https://localhost:9443/devportal/apis/a7a6f198-2961-422a-9ba4-7dd81d27f2dc/comments Mozilla/5.0 (Windows NT 10.0; Win64; x64) AppleWebKit/537.36 (KHTML, like Gecko) Chrome/113.0.0.0 Safari/537.36 0.004
0:0:0:0:0:0:0:1 - - [31/May/2023:00:33:20 -0700] GET /devportal/site/public/dist/vendors~Apis~Landing.3ed7aaee9d420a079083.bundle.js HTTP/1.1 200 3784 https://localhost:9443/devportal/apis/a7a6f198-2961-422a-9ba4-7dd81d27f2dc/comments Mozilla/5.0 (Windows NT 10.0; Win64; x64) AppleWebKit/537.36 (KHTML, like Gecko) Chrome/113.0.0.0 Safari/537.36 0.002
0:0:0:0:0:0:0:1 - - [31/May/2023:00:33:20 -0700] GET /devportal/site/public/dist/vendors~Apis.c6057c04cc4bfea77c3f.bundle.js HTTP/1.1 200 17153 https://localhost:9443/devportal/apis/a7a6f198-2961-422a-9ba4-7dd81d27f2dc/comments Mozilla/5.0 (Windows NT 10.0; Win64; x64) AppleWebKit/537.36 (KHTML, like Gecko) Chrome/113.0.0.0 Safari/537.36 0.004
0:0:0:0:0:0:0:1 - - [31/May/2023:00:33:20 -0700] GET /devportal/site/public/dist/Apis.fdf1eccb253de572570e.bundle.js HTTP/1.1 200 30555 https://localhost:9443/devportal/apis/a7a6f198-2961-422a-9ba4-7dd81d27f2dc/comments Mozilla/5.0 (Windows NT 10.0; Win64; x64) AppleWebKit/537.36 (KHTML, like Gecko) Chrome/113.0.0.0 Safari/537.36 0.012
0:0:0:0:0:0:0:1 - - [31/May/2023:00:33:20 -0700] GET /devportal/site/public/dist/vendors~Apis~ApplicationDetails.be38cbbdbc60426eae7a.bundle.js HTTP/1.1 200 71039 https://localhost:9443/devportal/apis/a7a6f198-2961-422a-9ba4-7dd81d27f2dc/comments Mozilla/5.0 (Windows NT 10.0; Win64; x64) AppleWebKit/537.36 (KHTML, like Gecko) Chrome/113.0.0.0 Safari/537.36 0.022
0:0:0:0:0:0:0:1 - - [31/May/2023:00:33:20 -0700] GET /oidc/checksession?client_id=1gMVqRyMGgEkZ3coeBEcN12K_zca&redirect_uri=https://localhost:9443/devportal/services/auth/callback/login HTTP/1.1 200 3133 https://localhost:9443/devportal/apis/a7a6f198-2961-422a-9ba4-7dd81d27f2dc/comments Mozilla/5.0 (Windows NT 10.0; Win64; x64) AppleWebKit/537.36 (KHTML, like Gecko) Chrome/113.0.0.0 Safari/537.36 0.003
0:0:0:0:0:0:0:1 - - [31/May/2023:00:33:20 -0700] GET /devportal HTTP/1.1 302 - https://localhost:9443/devportal/apis/a7a6f198-2961-422a-9ba4-7dd81d27f2dc/comments Mozilla/5.0 (Windows NT 10.0; Win64; x64) AppleWebKit/537.36 (KHTML, like Gecko) Chrome/113.0.0.0 Safari/537.36 0.000
0:0:0:0:0:0:0:1 - - [31/May/2023:00:33:20 -0700] GET /devportal/site/public/fonts/Open_Sans/mem8YaGs126MiZpBA-UFVZ0bf8pkAg.woff2 HTTP/1.1 200 8892 https://localhost:9443/devportal/site/public/css/main.css Mozilla/5.0 (Windows NT 10.0; Win64; x64) AppleWebKit/537.36 (KHTML, like Gecko) Chrome/113.0.0.0 Safari/537.36 0.003
0:0:0:0:0:0:0:1 - - [31/May/2023:00:33:20 -0700] GET /devportal/site/public/fonts/iconfont/MaterialIcons-Regular.woff2 HTTP/1.1 200 60840 https://localhost:9443/devportal/site/public/fonts/iconfont/material-icons.css Mozilla/5.0 (Windows NT 10.0; Win64; x64) AppleWebKit/537.36 (KHTML, like Gecko) Chrome/113.0.0.0 Safari/537.36 0.002
0:0:0:0:0:0:0:1 - - [31/May/2023:00:33:20 -0700] GET /devportal/site/public/fonts/Open_Sans/mem5YaGs126MiZpBA-UN7rgOUuhpKKSTjw.woff2 HTTP/1.1 200 8800 https://localhost:9443/devportal/site/public/css/main.css Mozilla/5.0 (Windows NT 10.0; Win64; x64) AppleWebKit/537.36 (KHTML, like Gecko) Chrome/113.0.0.0 Safari/537.36 0.002
0:0:0:0:0:0:0:1 - - [31/May/2023:00:33:20 -0700] GET /devportal/ HTTP/1.1 200 2034 https://localhost:9443/devportal/apis/a7a6f198-2961-422a-9ba4-7dd81d27f2dc/comments Mozilla/5.0 (Windows NT 10.0; Win64; x64) AppleWebKit/537.36 (KHTML, like Gecko) Chrome/113.0.0.0 Safari/537.36 0.005
0:0:0:0:0:0:0:1 - - [31/May/2023:00:33:20 -0700] GET /api/am/devportal/v2/apis/a7a6f198-2961-422a-9ba4-7dd81d27f2dc HTTP/1.1 200 2493 https://localhost:9443/devportal/apis/a7a6f198-2961-422a-9ba4-7dd81d27f2dc/comments Mozilla/5.0 (Windows NT 10.0; Win64; x64) AppleWebKit/537.36 (KHTML, like Gecko) Chrome/113.0.0.0 Safari/537.36 0.030
127.0.0.1 - - [31/May/2023:00:33:20 -0700] GET /keymanager-operations/dcr/register/NU1taEFTeEo5NEVmYjdxM3V4U0FQTDJpSG84YQ%3D%3D HTTP/1.1 200 515 - Apache-HttpClient/4.5.13 (Java/11.0.18) 0.027
0:0:0:0:0:0:0:1 - - [31/May/2023:00:33:20 -0700] GET /api/am/devportal/v2/applications?limit=5000 HTTP/1.1 200 553 https://localhost:9443/devportal/apis/a7a6f198-2961-422a-9ba4-7dd81d27f2dc/comments Mozilla/5.0 (Windows NT 10.0; Win64; x64) AppleWebKit/537.36 (KHTML, like Gecko) Chrome/113.0.0.0 Safari/537.36 0.019
127.0.0.1 - - [31/May/2023:00:33:20 -0700] GET /keymanager-operations/dcr/register/NU1taEFTeEo5NEVmYjdxM3V4U0FQTDJpSG84YQ%3D%3D HTTP/1.1 200 515 - Apache-HttpClient/4.5.13 (Java/11.0.18) 0.006
0:0:0:0:0:0:0:1 - - [31/May/2023:00:33:21 -0700] GET /api/am/devportal/v2/subscriptions?apiId=a7a6f198-2961-422a-9ba4-7dd81d27f2dc&limit=25 HTTP/1.1 200 735 https://localhost:9443/devportal/apis/a7a6f198-2961-422a-9ba4-7dd81d27f2dc/comments Mozilla/5.0 (Windows NT 10.0; Win64; x64) AppleWebKit/537.36 (KHTML, like Gecko) Chrome/113.0.0.0 Safari/537.36 0.084
0:0:0:0:0:0:0:1 - - [31/May/2023:00:33:21 -0700] GET /api/am/devportal/v2/subscriptions?apiId=a7a6f198-2961-422a-9ba4-7dd81d27f2dc&limit=5000 HTTP/1.1 200 735 https://localhost:9443/devportal/apis/a7a6f198-2961-422a-9ba4-7dd81d27f2dc/comments Mozilla/5.0 (Windows NT 10.0; Win64; x64) AppleWebKit/537.36 (KHTML, like Gecko) Chrome/113.0.0.0 Safari/537.36 0.099
0:0:0:0:0:0:0:1 - - [31/May/2023:00:33:21 -0700] GET /devportal/site/public/dist/vendors~APIComments~APIOverview~ApplicationDetails.87a2f2161f16e1ebc95c.bundle.js HTTP/1.1 200 5400 https://localhost:9443/devportal/apis/a7a6f198-2961-422a-9ba4-7dd81d27f2dc/comments Mozilla/5.0 (Windows NT 10.0; Win64; x64) AppleWebKit/537.36 (KHTML, like Gecko) Chrome/113.0.0.0 Safari/537.36 0.003
0:0:0:0:0:0:0:1 - - [31/May/2023:00:33:21 -0700] GET /devportal/site/public/dist/APIComments.556f8b209379e7d93f7a.bundle.js HTTP/1.1 200 8382 https://localhost:9443/devportal/apis/a7a6f198-2961-422a-9ba4-7dd81d27f2dc/comments Mozilla/5.0 (Windows NT 10.0; Win64; x64) AppleWebKit/537.36 (KHTML, like Gecko) Chrome/113.0.0.0 Safari/537.36 0.004
0:0:0:0:0:0:0:1 - - [31/May/2023:00:33:21 -0700] GET /devportal/site/public/images/leftMenuBack.png HTTP/1.1 200 5308 https://localhost:9443/devportal/apis/a7a6f198-2961-422a-9ba4-7dd81d27f2dc/comments Mozilla/5.0 (Windows NT 10.0; Win64; x64) AppleWebKit/537.36 (KHTML, like Gecko) Chrome/113.0.0.0 Safari/537.36 0.002
0:0:0:0:0:0:0:1 - - [31/May/2023:00:33:21 -0700] GET /api/am/devportal/v2/apis/a7a6f198-2961-422a-9ba4-7dd81d27f2dc/comments?limit=5&offset=0 HTTP/1.1 200 101 https://localhost:9443/devportal/apis/a7a6f198-2961-422a-9ba4-7dd81d27f2dc/comments Mozilla/5.0 (Windows NT 10.0; Win64; x64) AppleWebKit/537.36 (KHTML, like Gecko) Chrome/113.0.0.0 Safari/537.36 0.025
0:0:0:0:0:0:0:1 - - [31/May/2023:00:33:34 -0700] GET /devportal/apis/a7a6f198-2961-422a-9ba4-7dd81d27f2dc/comments HTTP/1.1 200 2034 https://localhost:9443/devportal/apis Mozilla/5.0 (Windows NT 10.0; Win64; x64) AppleWebKit/537.36 (KHTML, like Gecko) Chrome/113.0.0.0 Safari/537.36 0.023
0:0:0:0:0:0:0:1 - - [31/May/2023:00:33:34 -0700] GET /devportal/site/public/css/main.css HTTP/1.1 200 1791 https://localhost:9443/devportal/apis/a7a6f198-2961-422a-9ba4-7dd81d27f2dc/comments Mozilla/5.0 (Windows NT 10.0; Win64; x64) AppleWebKit/537.36 (KHTML, like Gecko) Chrome/113.0.0.0 Safari/537.36 0.003
0:0:0:0:0:0:0:1 - - [31/May/2023:00:33:34 -0700] GET /devportal/site/public/theme/userTheme.js HTTP/1.1 200 951 https://localhost:9443/devportal/apis/a7a6f198-2961-422a-9ba4-7dd81d27f2dc/comments Mozilla/5.0 (Windows NT 10.0; Win64; x64) AppleWebKit/537.36 (KHTML, like Gecko) Chrome/113.0.0.0 Safari/537.36 0.004
0:0:0:0:0:0:0:1 - - [31/May/2023:00:33:34 -0700] GET /devportal/site/public/fonts/iconfont/material-icons.css HTTP/1.1 200 970 https://localhost:9443/devportal/apis/a7a6f198-2961-422a-9ba4-7dd81d27f2dc/comments Mozilla/5.0 (Windows NT 10.0; Win64; x64) AppleWebKit/537.36 (KHTML, like Gecko) Chrome/113.0.0.0 Safari/537.36 0.003
0:0:0:0:0:0:0:1 - - [31/May/2023:00:33:34 -0700] GET /devportal/site/public/css/overrides.css HTTP/1.1 200 - https://localhost:9443/devportal/apis/a7a6f198-2961-422a-9ba4-7dd81d27f2dc/comments Mozilla/5.0 (Windows NT 10.0; Win64; x64) AppleWebKit/537.36 (KHTML, like Gecko) Chrome/113.0.0.0 Safari/537.36 0.001
0:0:0:0:0:0:0:1 - - [31/May/2023:00:33:34 -0700] GET /devportal/services/settings/settings.js HTTP/1.1 200 1036 https://localhost:9443/devportal/apis/a7a6f198-2961-422a-9ba4-7dd81d27f2dc/comments Mozilla/5.0 (Windows NT 10.0; Win64; x64) AppleWebKit/537.36 (KHTML, like Gecko) Chrome/113.0.0.0 Safari/537.36 0.007
0:0:0:0:0:0:0:1 - - [31/May/2023:00:33:34 -0700] GET /devportal/site/public/fonts/iconfont/MaterialIcons.js HTTP/1.1 200 6703 https://localhost:9443/devportal/apis/a7a6f198-2961-422a-9ba4-7dd81d27f2dc/comments Mozilla/5.0 (Windows NT 10.0; Win64; x64) AppleWebKit/537.36 (KHTML, like Gecko) Chrome/113.0.0.0 Safari/537.36 0.006
0:0:0:0:0:0:0:1 - - [31/May/2023:00:33:34 -0700] GET /devportal/site/public/dist/index.bb5a154b1face8797bc3.bundle.js HTTP/1.1 200 259795 https://localhost:9443/devportal/apis/a7a6f198-2961-422a-9ba4-7dd81d27f2dc/comments Mozilla/5.0 (Windows NT 10.0; Win64; x64) AppleWebKit/537.36 (KHTML, like Gecko) Chrome/113.0.0.0 Safari/537.36 0.087
0:0:0:0:0:0:0:1 - - [31/May/2023:00:33:34 -0700] GET /devportal/site/public/locales/en.json HTTP/1.1 200 56514 https://localhost:9443/devportal/apis/a7a6f198-2961-422a-9ba4-7dd81d27f2dc/comments Mozilla/5.0 (Windows NT 10.0; Win64; x64) AppleWebKit/537.36 (KHTML, like Gecko) Chrome/113.0.0.0 Safari/537.36 0.005
0:0:0:0:0:0:0:1 - - [31/May/2023:00:33:34 -0700] GET /api/am/devportal/v2/swagger.yaml HTTP/1.1 200 23486 https://localhost:9443/devportal/apis/a7a6f198-2961-422a-9ba4-7dd81d27f2dc/comments Mozilla/5.0 (Windows NT 10.0; Win64; x64) AppleWebKit/537.36 (KHTML, like Gecko) Chrome/113.0.0.0 Safari/537.36 0.014
0:0:0:0:0:0:0:1 - - [31/May/2023:00:33:35 -0700] GET /devportal/site/public/images/Zong_logo.png HTTP/1.1 200 43161 https://localhost:9443/devportal/apis/a7a6f198-2961-422a-9ba4-7dd81d27f2dc/comments Mozilla/5.0 (Windows NT 10.0; Win64; x64) AppleWebKit/537.36 (KHTML, like Gecko) Chrome/113.0.0.0 Safari/537.36 0.002
0:0:0:0:0:0:0:1 - - [31/May/2023:00:33:35 -0700] GET /devportal/site/public/images/Zong_logo.png HTTP/1.1 200 43161 https://localhost:9443/devportal/apis/a7a6f198-2961-422a-9ba4-7dd81d27f2dc/comments Mozilla/5.0 (Windows NT 10.0; Win64; x64) AppleWebKit/537.36 (KHTML, like Gecko) Chrome/113.0.0.0 Safari/537.36 0.001
0:0:0:0:0:0:0:1 - - [31/May/2023:00:33:35 -0700] GET /api/am/devportal/v2/settings HTTP/1.1 200 868 https://localhost:9443/devportal/apis/a7a6f198-2961-422a-9ba4-7dd81d27f2dc/comments Mozilla/5.0 (Windows NT 10.0; Win64; x64) AppleWebKit/537.36 (KHTML, like Gecko) Chrome/113.0.0.0 Safari/537.36 0.062
0:0:0:0:0:0:0:1 - - [31/May/2023:00:33:35 -0700] GET /devportal/site/public/dist/ProtectedApp.85246914c5a864cd3b25.bundle.js HTTP/1.1 200 70400 https://localhost:9443/devportal/apis/a7a6f198-2961-422a-9ba4-7dd81d27f2dc/comments Mozilla/5.0 (Windows NT 10.0; Win64; x64) AppleWebKit/537.36 (KHTML, like Gecko) Chrome/113.0.0.0 Safari/537.36 0.027
0:0:0:0:0:0:0:1 - - [31/May/2023:00:33:35 -0700] GET /devportal/site/public/dist/vendors~ProtectedApp.f5062f21efd7a7d46a01.bundle.js HTTP/1.1 200 179913 https://localhost:9443/devportal/apis/a7a6f198-2961-422a-9ba4-7dd81d27f2dc/comments Mozilla/5.0 (Windows NT 10.0; Win64; x64) AppleWebKit/537.36 (KHTML, like Gecko) Chrome/113.0.0.0 Safari/537.36 0.082
0:0:0:0:0:0:0:1 - - [31/May/2023:00:33:35 -0700] GET /devportal/site/public/theme/temporary_environments_config.json HTTP/1.1 200 - https://localhost:9443/devportal/apis/a7a6f198-2961-422a-9ba4-7dd81d27f2dc/comments Mozilla/5.0 (Windows NT 10.0; Win64; x64) AppleWebKit/537.36 (KHTML, like Gecko) Chrome/113.0.0.0 Safari/537.36 0.002
0:0:0:0:0:0:0:1 - - [31/May/2023:00:33:35 -0700] GET /devportal/site/public/theme/temporary_features_config.json HTTP/1.1 200 - https://localhost:9443/devportal/apis/a7a6f198-2961-422a-9ba4-7dd81d27f2dc/comments Mozilla/5.0 (Windows NT 10.0; Win64; x64) AppleWebKit/537.36 (KHTML, like Gecko) Chrome/113.0.0.0 Safari/537.36 0.002
0:0:0:0:0:0:0:1 - - [31/May/2023:00:33:35 -0700] GET /api/am/devportal/v2/tenants?state=active HTTP/1.1 200 96 https://localhost:9443/devportal/apis/a7a6f198-2961-422a-9ba4-7dd81d27f2dc/comments Mozilla/5.0 (Windows NT 10.0; Win64; x64) AppleWebKit/537.36 (KHTML, like Gecko) Chrome/113.0.0.0 Safari/537.36 0.004
0:0:0:0:0:0:0:1 - - [31/May/2023:00:33:35 -0700] GET /devportal/site/public/dist/vendors~ApiListing~Apis~ApplicationDetails.085bc8cf7979cfcae9cd.bundle.js HTTP/1.1 200 3838 https://localhost:9443/devportal/apis/a7a6f198-2961-422a-9ba4-7dd81d27f2dc/comments Mozilla/5.0 (Windows NT 10.0; Win64; x64) AppleWebKit/537.36 (KHTML, like Gecko) Chrome/113.0.0.0 Safari/537.36 0.003
0:0:0:0:0:0:0:1 - - [31/May/2023:00:33:35 -0700] GET /devportal/site/public/dist/vendors~Apis~Landing.3ed7aaee9d420a079083.bundle.js HTTP/1.1 200 3784 https://localhost:9443/devportal/apis/a7a6f198-2961-422a-9ba4-7dd81d27f2dc/comments Mozilla/5.0 (Windows NT 10.0; Win64; x64) AppleWebKit/537.36 (KHTML, like Gecko) Chrome/113.0.0.0 Safari/537.36 0.002
0:0:0:0:0:0:0:1 - - [31/May/2023:00:33:35 -0700] GET /devportal/site/public/dist/vendors~Apis.c6057c04cc4bfea77c3f.bundle.js HTTP/1.1 200 17153 https://localhost:9443/devportal/apis/a7a6f198-2961-422a-9ba4-7dd81d27f2dc/comments Mozilla/5.0 (Windows NT 10.0; Win64; x64) AppleWebKit/537.36 (KHTML, like Gecko) Chrome/113.0.0.0 Safari/537.36 0.006
0:0:0:0:0:0:0:1 - - [31/May/2023:00:33:35 -0700] GET /devportal/site/public/dist/vendors~Apis~ApplicationDetails.be38cbbdbc60426eae7a.bundle.js HTTP/1.1 200 71039 https://localhost:9443/devportal/apis/a7a6f198-2961-422a-9ba4-7dd81d27f2dc/comments Mozilla/5.0 (Windows NT 10.0; Win64; x64) AppleWebKit/537.36 (KHTML, like Gecko) Chrome/113.0.0.0 Safari/537.36 0.024
0:0:0:0:0:0:0:1 - - [31/May/2023:00:33:35 -0700] GET /devportal/site/public/dist/Apis.fdf1eccb253de572570e.bundle.js HTTP/1.1 200 30555 https://localhost:9443/devportal/apis/a7a6f198-2961-422a-9ba4-7dd81d27f2dc/comments Mozilla/5.0 (Windows NT 10.0; Win64; x64) AppleWebKit/537.36 (KHTML, like Gecko) Chrome/113.0.0.0 Safari/537.36 0.010
0:0:0:0:0:0:0:1 - - [31/May/2023:00:33:35 -0700] GET /oidc/checksession?client_id=1gMVqRyMGgEkZ3coeBEcN12K_zca&redirect_uri=https://localhost:9443/devportal/services/auth/callback/login HTTP/1.1 200 3133 https://localhost:9443/devportal/apis/a7a6f198-2961-422a-9ba4-7dd81d27f2dc/comments Mozilla/5.0 (Windows NT 10.0; Win64; x64) AppleWebKit/537.36 (KHTML, like Gecko) Chrome/113.0.0.0 Safari/537.36 0.004
0:0:0:0:0:0:0:1 - - [31/May/2023:00:33:35 -0700] GET /devportal HTTP/1.1 302 - https://localhost:9443/devportal/apis/a7a6f198-2961-422a-9ba4-7dd81d27f2dc/comments Mozilla/5.0 (Windows NT 10.0; Win64; x64) AppleWebKit/537.36 (KHTML, like Gecko) Chrome/113.0.0.0 Safari/537.36 0.000
0:0:0:0:0:0:0:1 - - [31/May/2023:00:33:35 -0700] GET /devportal/site/public/images/zong_logo.svg HTTP/1.1 200 5917 https://localhost:9443/devportal/apis/a7a6f198-2961-422a-9ba4-7dd81d27f2dc/comments Mozilla/5.0 (Windows NT 10.0; Win64; x64) AppleWebKit/537.36 (KHTML, like Gecko) Chrome/113.0.0.0 Safari/537.36 0.003
0:0:0:0:0:0:0:1 - - [31/May/2023:00:33:35 -0700] GET /devportal/site/public/fonts/Open_Sans/mem8YaGs126MiZpBA-UFVZ0bf8pkAg.woff2 HTTP/1.1 200 8892 https://localhost:9443/devportal/site/public/css/main.css Mozilla/5.0 (Windows NT 10.0; Win64; x64) AppleWebKit/537.36 (KHTML, like Gecko) Chrome/113.0.0.0 Safari/537.36 0.002
0:0:0:0:0:0:0:1 - - [31/May/2023:00:33:35 -0700] GET /devportal/site/public/fonts/iconfont/MaterialIcons-Regular.woff2 HTTP/1.1 200 60840 https://localhost:9443/devportal/site/public/fonts/iconfont/material-icons.css Mozilla/5.0 (Windows NT 10.0; Win64; x64) AppleWebKit/537.36 (KHTML, like Gecko) Chrome/113.0.0.0 Safari/537.36 0.001
0:0:0:0:0:0:0:1 - - [31/May/2023:00:33:35 -0700] GET /devportal/site/public/fonts/Open_Sans/mem5YaGs126MiZpBA-UN7rgOUuhpKKSTjw.woff2 HTTP/1.1 200 8800 https://localhost:9443/devportal/site/public/css/main.css Mozilla/5.0 (Windows NT 10.0; Win64; x64) AppleWebKit/537.36 (KHTML, like Gecko) Chrome/113.0.0.0 Safari/537.36 0.003
0:0:0:0:0:0:0:1 - - [31/May/2023:00:33:35 -0700] GET /devportal/ HTTP/1.1 200 2034 https://localhost:9443/devportal/apis/a7a6f198-2961-422a-9ba4-7dd81d27f2dc/comments Mozilla/5.0 (Windows NT 10.0; Win64; x64) AppleWebKit/537.36 (KHTML, like Gecko) Chrome/113.0.0.0 Safari/537.36 0.004
0:0:0:0:0:0:0:1 - - [31/May/2023:00:33:35 -0700] GET /api/am/devportal/v2/applications?limit=5000 HTTP/1.1 200 553 https://localhost:9443/devportal/apis/a7a6f198-2961-422a-9ba4-7dd81d27f2dc/comments Mozilla/5.0 (Windows NT 10.0; Win64; x64) AppleWebKit/537.36 (KHTML, like Gecko) Chrome/113.0.0.0 Safari/537.36 0.013
0:0:0:0:0:0:0:1 - - [31/May/2023:00:33:35 -0700] GET /api/am/devportal/v2/apis/a7a6f198-2961-422a-9ba4-7dd81d27f2dc HTTP/1.1 200 2493 https://localhost:9443/devportal/apis/a7a6f198-2961-422a-9ba4-7dd81d27f2dc/comments Mozilla/5.0 (Windows NT 10.0; Win64; x64) AppleWebKit/537.36 (KHTML, like Gecko) Chrome/113.0.0.0 Safari/537.36 0.078
127.0.0.1 - - [31/May/2023:00:33:35 -0700] GET /keymanager-operations/dcr/register/NU1taEFTeEo5NEVmYjdxM3V4U0FQTDJpSG84YQ%3D%3D HTTP/1.1 200 515 - Apache-HttpClient/4.5.13 (Java/11.0.18) 0.017
127.0.0.1 - - [31/May/2023:00:33:35 -0700] GET /keymanager-operations/dcr/register/NU1taEFTeEo5NEVmYjdxM3V4U0FQTDJpSG84YQ%3D%3D HTTP/1.1 200 515 - Apache-HttpClient/4.5.13 (Java/11.0.18) 0.024
0:0:0:0:0:0:0:1 - - [31/May/2023:00:33:35 -0700] GET /api/am/devportal/v2/subscriptions?apiId=a7a6f198-2961-422a-9ba4-7dd81d27f2dc&limit=25 HTTP/1.1 200 735 https://localhost:9443/devportal/apis/a7a6f198-2961-422a-9ba4-7dd81d27f2dc/comments Mozilla/5.0 (Windows NT 10.0; Win64; x64) AppleWebKit/537.36 (KHTML, like Gecko) Chrome/113.0.0.0 Safari/537.36 0.108
0:0:0:0:0:0:0:1 - - [31/May/2023:00:33:35 -0700] GET /api/am/devportal/v2/subscriptions?apiId=a7a6f198-2961-422a-9ba4-7dd81d27f2dc&limit=5000 HTTP/1.1 200 735 https://localhost:9443/devportal/apis/a7a6f198-2961-422a-9ba4-7dd81d27f2dc/comments Mozilla/5.0 (Windows NT 10.0; Win64; x64) AppleWebKit/537.36 (KHTML, like Gecko) Chrome/113.0.0.0 Safari/537.36 0.098
0:0:0:0:0:0:0:1 - - [31/May/2023:00:33:35 -0700] GET /devportal/site/public/dist/vendors~APIComments~APIOverview~ApplicationDetails.87a2f2161f16e1ebc95c.bundle.js HTTP/1.1 200 5400 https://localhost:9443/devportal/apis/a7a6f198-2961-422a-9ba4-7dd81d27f2dc/comments Mozilla/5.0 (Windows NT 10.0; Win64; x64) AppleWebKit/537.36 (KHTML, like Gecko) Chrome/113.0.0.0 Safari/537.36 0.003
0:0:0:0:0:0:0:1 - - [31/May/2023:00:33:35 -0700] GET /devportal/site/public/dist/APIComments.556f8b209379e7d93f7a.bundle.js HTTP/1.1 200 8382 https://localhost:9443/devportal/apis/a7a6f198-2961-422a-9ba4-7dd81d27f2dc/comments Mozilla/5.0 (Windows NT 10.0; Win64; x64) AppleWebKit/537.36 (KHTML, like Gecko) Chrome/113.0.0.0 Safari/537.36 0.003
0:0:0:0:0:0:0:1 - - [31/May/2023:00:33:35 -0700] GET /api/am/devportal/v2/apis/a7a6f198-2961-422a-9ba4-7dd81d27f2dc/comments?limit=5&offset=0 HTTP/1.1 200 101 https://localhost:9443/devportal/apis/a7a6f198-2961-422a-9ba4-7dd81d27f2dc/comments Mozilla/5.0 (Windows NT 10.0; Win64; x64) AppleWebKit/537.36 (KHTML, like Gecko) Chrome/113.0.0.0 Safari/537.36 0.020
0:0:0:0:0:0:0:1 - - [31/May/2023:00:33:39 -0700] GET /devportal/site/public/dist/APIOverview.f8126125ca0837b4fd59.bundle.js HTTP/1.1 200 11676 https://localhost:9443/devportal/apis/a7a6f198-2961-422a-9ba4-7dd81d27f2dc/overview Mozilla/5.0 (Windows NT 10.0; Win64; x64) AppleWebKit/537.36 (KHTML, like Gecko) Chrome/113.0.0.0 Safari/537.36 0.005
0:0:0:0:0:0:0:1 - - [31/May/2023:00:33:39 -0700] GET /devportal/site/public/dist/vendors~APIDocuments~APIOverview.6e9016b2541da23523a5.bundle.js HTTP/1.1 200 86891 https://localhost:9443/devportal/apis/a7a6f198-2961-422a-9ba4-7dd81d27f2dc/overview Mozilla/5.0 (Windows NT 10.0; Win64; x64) AppleWebKit/537.36 (KHTML, like Gecko) Chrome/113.0.0.0 Safari/537.36 0.033
0:0:0:0:0:0:0:1 - - [31/May/2023:00:33:39 -0700] GET /api/am/devportal/v2/throttling-policies/subscription HTTP/1.1 200 634 https://localhost:9443/devportal/apis/a7a6f198-2961-422a-9ba4-7dd81d27f2dc/overview Mozilla/5.0 (Windows NT 10.0; Win64; x64) AppleWebKit/537.36 (KHTML, like Gecko) Chrome/113.0.0.0 Safari/537.36 0.008
0:0:0:0:0:0:0:1 - - [31/May/2023:00:33:39 -0700] GET /api/am/devportal/v2/apis/a7a6f198-2961-422a-9ba4-7dd81d27f2dc/documents HTTP/1.1 200 92 https://localhost:9443/devportal/apis/a7a6f198-2961-422a-9ba4-7dd81d27f2dc/overview Mozilla/5.0 (Windows NT 10.0; Win64; x64) AppleWebKit/537.36 (KHTML, like Gecko) Chrome/113.0.0.0 Safari/537.36 0.018
0:0:0:0:0:0:0:1 - - [31/May/2023:00:33:39 -0700] GET /api/am/devportal/v2/throttling-policies/subscription HTTP/1.1 200 634 https://localhost:9443/devportal/apis/a7a6f198-2961-422a-9ba4-7dd81d27f2dc/overview Mozilla/5.0 (Windows NT 10.0; Win64; x64) AppleWebKit/537.36 (KHTML, like Gecko) Chrome/113.0.0.0 Safari/537.36 0.006
0:0:0:0:0:0:0:1 - - [31/May/2023:00:33:39 -0700] GET /api/am/devportal/v2/apis/a7a6f198-2961-422a-9ba4-7dd81d27f2dc/documents HTTP/1.1 200 92 https://localhost:9443/devportal/apis/a7a6f198-2961-422a-9ba4-7dd81d27f2dc/overview Mozilla/5.0 (Windows NT 10.0; Win64; x64) AppleWebKit/537.36 (KHTML, like Gecko) Chrome/113.0.0.0 Safari/537.36 0.016
0:0:0:0:0:0:0:1 - - [31/May/2023:00:33:39 -0700] GET /api/am/devportal/v2/apis/a7a6f198-2961-422a-9ba4-7dd81d27f2dc/thumbnail HTTP/1.1 204 - https://localhost:9443/devportal/apis/a7a6f198-2961-422a-9ba4-7dd81d27f2dc/overview Mozilla/5.0 (Windows NT 10.0; Win64; x64) AppleWebKit/537.36 (KHTML, like Gecko) Chrome/113.0.0.0 Safari/537.36 0.015
0:0:0:0:0:0:0:1 - - [31/May/2023:00:33:39 -0700] GET /api/am/devportal/v2/apis/a7a6f198-2961-422a-9ba4-7dd81d27f2dc/ratings HTTP/1.1 200 125 https://localhost:9443/devportal/apis/a7a6f198-2961-422a-9ba4-7dd81d27f2dc/overview Mozilla/5.0 (Windows NT 10.0; Win64; x64) AppleWebKit/537.36 (KHTML, like Gecko) Chrome/113.0.0.0 Safari/537.36 0.013
0:0:0:0:0:0:0:1 - - [31/May/2023:00:33:39 -0700] GET /api/am/devportal/v2/apis/a7a6f198-2961-422a-9ba4-7dd81d27f2dc/comments?limit=5&offset=0 HTTP/1.1 200 101 https://localhost:9443/devportal/apis/a7a6f198-2961-422a-9ba4-7dd81d27f2dc/overview Mozilla/5.0 (Windows NT 10.0; Win64; x64) AppleWebKit/537.36 (KHTML, like Gecko) Chrome/113.0.0.0 Safari/537.36 0.023
0:0:0:0:0:0:0:1 - - [31/May/2023:00:33:45 -0700] GET /devportal/site/public/css/main.css HTTP/1.1 200 1791 https://localhost:9443/devportal/apis/a7a6f198-2961-422a-9ba4-7dd81d27f2dc/overview Mozilla/5.0 (Windows NT 10.0; Win64; x64) AppleWebKit/537.36 (KHTML, like Gecko) Chrome/113.0.0.0 Safari/537.36 0.002
0:0:0:0:0:0:0:1 - - [31/May/2023:00:33:45 -0700] GET /devportal/site/public/css/overrides.css HTTP/1.1 200 - https://localhost:9443/devportal/apis/a7a6f198-2961-422a-9ba4-7dd81d27f2dc/overview Mozilla/5.0 (Windows NT 10.0; Win64; x64) AppleWebKit/537.36 (KHTML, like Gecko) Chrome/113.0.0.0 Safari/537.36 0.003
0:0:0:0:0:0:0:1 - - [31/May/2023:00:33:45 -0700] GET /devportal/site/public/fonts/iconfont/material-icons.css HTTP/1.1 200 970 https://localhost:9443/devportal/apis/a7a6f198-2961-422a-9ba4-7dd81d27f2dc/overview Mozilla/5.0 (Windows NT 10.0; Win64; x64) AppleWebKit/537.36 (KHTML, like Gecko) Chrome/113.0.0.0 Safari/537.36 0.006
0:0:0:0:0:0:0:1 - - [31/May/2023:00:33:46 -0700] GET /devportal/site/public/dist/ProtectedApp.85246914c5a864cd3b25.bundle.js.map HTTP/1.1 200 344842 - Mozilla/5.0 (Windows NT 10.0; Win64; x64) AppleWebKit/537.36 (KHTML, like Gecko) Chrome/113.0.0.0 Safari/537.36 0.003
