0:0:0:0:0:0:0:1 - - [10/May/2023:16:52:41 +0500] GET /publisher/site/public/dist/ProtectedApps.7971e885d70b991d74fd.bundle.js HTTP/1.1 200 123487 https://localhost:9443/publisher/ Mozilla/5.0 (Windows NT 10.0; Win64; x64) AppleWebKit/537.36 (KHTML, like Gecko) Chrome/112.0.0.0 Safari/537.36 0.067
0:0:0:0:0:0:0:1 - - [10/May/2023:16:52:41 +0500] GET /publisher/site/public/fonts/Open_Sans/mem8YaGs126MiZpBA-UFVZ0bf8pkAg.woff2 HTTP/1.1 200 8892 https://localhost:9443/publisher/site/public/css/main.css Mozilla/5.0 (Windows NT 10.0; Win64; x64) AppleWebKit/537.36 (KHTML, like Gecko) Chrome/112.0.0.0 Safari/537.36 0.005
0:0:0:0:0:0:0:1 - - [10/May/2023:16:52:41 +0500] GET /publisher/site/public/dist/vendors~ProtectedApps.10ca35e6eb5e72a5c159.bundle.js HTTP/1.1 200 359501 https://localhost:9443/publisher/ Mozilla/5.0 (Windows NT 10.0; Win64; x64) AppleWebKit/537.36 (KHTML, like Gecko) Chrome/112.0.0.0 Safari/537.36 0.338
0:0:0:0:0:0:0:1 - - [10/May/2023:16:52:41 +0500] GET /oidc/checksession?client_id=sDkjqOFQo4a1bfhfzMumgDi7hawa&redirect_uri=https://localhost:9443/publisher/services/auth/callback/login HTTP/1.1 200 3133 https://localhost:9443/publisher/ Mozilla/5.0 (Windows NT 10.0; Win64; x64) AppleWebKit/537.36 (KHTML, like Gecko) Chrome/112.0.0.0 Safari/537.36 0.340
0:0:0:0:0:0:0:1 - - [10/May/2023:16:52:42 +0500] GET /publisher/site/public/dist/DeferredAPIs.19a013db8d140b85d876.bundle.js HTTP/1.1 200 32348 https://localhost:9443/publisher/apis Mozilla/5.0 (Windows NT 10.0; Win64; x64) AppleWebKit/537.36 (KHTML, like Gecko) Chrome/112.0.0.0 Safari/537.36 0.010
0:0:0:0:0:0:0:1 - - [10/May/2023:16:52:42 +0500] GET /publisher/site/public/images/logo.svg HTTP/1.1 200 18050 https://localhost:9443/publisher/apis Mozilla/5.0 (Windows NT 10.0; Win64; x64) AppleWebKit/537.36 (KHTML, like Gecko) Chrome/112.0.0.0 Safari/537.36 0.002
0:0:0:0:0:0:0:1 - - [10/May/2023:16:52:42 +0500] GET /publisher/site/public/fonts/iconfont/MaterialIcons-Regular.woff2 HTTP/1.1 200 60840 https://localhost:9443/publisher/site/public/fonts/iconfont/material-icons.css Mozilla/5.0 (Windows NT 10.0; Win64; x64) AppleWebKit/537.36 (KHTML, like Gecko) Chrome/112.0.0.0 Safari/537.36 0.003
0:0:0:0:0:0:0:1 - - [10/May/2023:16:52:42 +0500] GET /publisher/site/public/dist/vendors~APICreateRoutes.af1a060c415d21ca7eaa.bundle.js HTTP/1.1 200 5559 https://localhost:9443/publisher/apis Mozilla/5.0 (Windows NT 10.0; Win64; x64) AppleWebKit/537.36 (KHTML, like Gecko) Chrome/112.0.0.0 Safari/537.36 0.004
0:0:0:0:0:0:0:1 - - [10/May/2023:16:52:42 +0500] GET /publisher/site/public/dist/APICreateRoutes~DeferredDetails.244151c74d1c2f1757ae.bundle.js HTTP/1.1 200 12101 https://localhost:9443/publisher/apis Mozilla/5.0 (Windows NT 10.0; Win64; x64) AppleWebKit/537.36 (KHTML, like Gecko) Chrome/112.0.0.0 Safari/537.36 0.004
0:0:0:0:0:0:0:1 - - [10/May/2023:16:52:42 +0500] GET /publisher/site/public/dist/APICreateRoutes.579f85211cdf00564e90.bundle.js HTTP/1.1 200 15465 https://localhost:9443/publisher/apis Mozilla/5.0 (Windows NT 10.0; Win64; x64) AppleWebKit/537.36 (KHTML, like Gecko) Chrome/112.0.0.0 Safari/537.36 0.006
0:0:0:0:0:0:0:1 - - [10/May/2023:16:52:42 +0500] GET /api/am/publisher/v3/swagger.yaml HTTP/1.1 200 43135 https://localhost:9443/publisher/apis Mozilla/5.0 (Windows NT 10.0; Win64; x64) AppleWebKit/537.36 (KHTML, like Gecko) Chrome/112.0.0.0 Safari/537.36 0.018
0:0:0:0:0:0:0:1 - - [10/May/2023:16:52:43 +0500] GET /api/am/publisher/v3/apis?limit=10&offset=0 HTTP/1.1 200 997 https://localhost:9443/publisher/apis Mozilla/5.0 (Windows NT 10.0; Win64; x64) AppleWebKit/537.36 (KHTML, like Gecko) Chrome/112.0.0.0 Safari/537.36 0.066
0:0:0:0:0:0:0:1 - - [10/May/2023:16:52:43 +0500] GET /publisher/site/public/fonts/Open_Sans/mem5YaGs126MiZpBA-UNirkOUuhpKKSTjw.woff2 HTTP/1.1 200 8916 https://localhost:9443/publisher/site/public/css/main.css Mozilla/5.0 (Windows NT 10.0; Win64; x64) AppleWebKit/537.36 (KHTML, like Gecko) Chrome/112.0.0.0 Safari/537.36 0.003
0:0:0:0:0:0:0:1 - - [10/May/2023:16:52:45 +0500] GET /publisher/site/public/dist/vendors~DeferredDetails~ServiceOverviewSwaggerUI.1f47dbe9c68e243fb17e.bundle.js HTTP/1.1 200 59967 https://localhost:9443/publisher/apis/a7a6f198-2961-422a-9ba4-7dd81d27f2dc/overview Mozilla/5.0 (Windows NT 10.0; Win64; x64) AppleWebKit/537.36 (KHTML, like Gecko) Chrome/112.0.0.0 Safari/537.36 0.017
0:0:0:0:0:0:0:1 - - [10/May/2023:16:52:45 +0500] GET /publisher/site/public/dist/APICreateRoutes~DeferredDetails.244151c74d1c2f1757ae.bundle.js HTTP/1.1 200 12101 https://localhost:9443/publisher/apis/a7a6f198-2961-422a-9ba4-7dd81d27f2dc/overview Mozilla/5.0 (Windows NT 10.0; Win64; x64) AppleWebKit/537.36 (KHTML, like Gecko) Chrome/112.0.0.0 Safari/537.36 0.004
0:0:0:0:0:0:0:1 - - [10/May/2023:16:52:45 +0500] GET /publisher/site/public/dist/DeferredDetails.6f0d0b270d6a5cd40e52.bundle.js HTTP/1.1 200 270802 https://localhost:9443/publisher/apis/a7a6f198-2961-422a-9ba4-7dd81d27f2dc/overview Mozilla/5.0 (Windows NT 10.0; Win64; x64) AppleWebKit/537.36 (KHTML, like Gecko) Chrome/112.0.0.0 Safari/537.36 0.112
0:0:0:0:0:0:0:1 - - [10/May/2023:16:52:45 +0500] GET /publisher/site/public/dist/vendors~DeferredDetails.5e950ee2de9ff5d2eee1.bundle.js HTTP/1.1 200 427751 https://localhost:9443/publisher/apis/a7a6f198-2961-422a-9ba4-7dd81d27f2dc/overview Mozilla/5.0 (Windows NT 10.0; Win64; x64) AppleWebKit/537.36 (KHTML, like Gecko) Chrome/112.0.0.0 Safari/537.36 0.240
0:0:0:0:0:0:0:1 - - [10/May/2023:16:52:45 +0500] GET /publisher/site/public/dist/vendors~APIDefMonacoEditor~DeferredDetails.817d7c0f8fdfedd0ab60.bundle.js HTTP/1.1 200 600260 https://localhost:9443/publisher/apis/a7a6f198-2961-422a-9ba4-7dd81d27f2dc/overview Mozilla/5.0 (Windows NT 10.0; Win64; x64) AppleWebKit/537.36 (KHTML, like Gecko) Chrome/112.0.0.0 Safari/537.36 0.369
0:0:0:0:0:0:0:1 - - [10/May/2023:16:52:46 +0500] GET /api/am/publisher/v3/tenants?state=active HTTP/1.1 200 96 https://localhost:9443/publisher/apis/a7a6f198-2961-422a-9ba4-7dd81d27f2dc/overview Mozilla/5.0 (Windows NT 10.0; Win64; x64) AppleWebKit/537.36 (KHTML, like Gecko) Chrome/112.0.0.0 Safari/537.36 0.006
0:0:0:0:0:0:0:1 - - [10/May/2023:16:52:46 +0500] GET /api/am/publisher/v3/apis/a7a6f198-2961-422a-9ba4-7dd81d27f2dc HTTP/1.1 200 1397 https://localhost:9443/publisher/apis/a7a6f198-2961-422a-9ba4-7dd81d27f2dc/overview Mozilla/5.0 (Windows NT 10.0; Win64; x64) AppleWebKit/537.36 (KHTML, like Gecko) Chrome/112.0.0.0 Safari/537.36 0.034
0:0:0:0:0:0:0:1 - - [10/May/2023:16:52:46 +0500] GET /api/am/publisher/v3/settings HTTP/1.1 200 665 https://localhost:9443/publisher/apis/a7a6f198-2961-422a-9ba4-7dd81d27f2dc/overview Mozilla/5.0 (Windows NT 10.0; Win64; x64) AppleWebKit/537.36 (KHTML, like Gecko) Chrome/112.0.0.0 Safari/537.36 0.210
0:0:0:0:0:0:0:1 - - [10/May/2023:16:52:47 +0500] GET /api/am/publisher/v3/apis/a7a6f198-2961-422a-9ba4-7dd81d27f2dc/revisions HTTP/1.1 200 792 https://localhost:9443/publisher/apis/a7a6f198-2961-422a-9ba4-7dd81d27f2dc/overview Mozilla/5.0 (Windows NT 10.0; Win64; x64) AppleWebKit/537.36 (KHTML, like Gecko) Chrome/112.0.0.0 Safari/537.36 0.012
0:0:0:0:0:0:0:1 - - [10/May/2023:16:52:47 +0500] GET /api/am/publisher/v3/apis/a7a6f198-2961-422a-9ba4-7dd81d27f2dc/revisions?query=deployed%3Atrue HTTP/1.1 200 388 https://localhost:9443/publisher/apis/a7a6f198-2961-422a-9ba4-7dd81d27f2dc/overview Mozilla/5.0 (Windows NT 10.0; Win64; x64) AppleWebKit/537.36 (KHTML, like Gecko) Chrome/112.0.0.0 Safari/537.36 0.014
0:0:0:0:0:0:0:1 - - [10/May/2023:16:52:47 +0500] GET /api/am/publisher/v3/apis/a7a6f198-2961-422a-9ba4-7dd81d27f2dc/revisions?query=deployed%3Atrue HTTP/1.1 200 388 https://localhost:9443/publisher/apis/a7a6f198-2961-422a-9ba4-7dd81d27f2dc/overview Mozilla/5.0 (Windows NT 10.0; Win64; x64) AppleWebKit/537.36 (KHTML, like Gecko) Chrome/112.0.0.0 Safari/537.36 0.006
0:0:0:0:0:0:0:1 - - [10/May/2023:16:52:47 +0500] GET /api/am/publisher/v3/apis/a7a6f198-2961-422a-9ba4-7dd81d27f2dc/swagger HTTP/1.1 200 2097 https://localhost:9443/publisher/apis/a7a6f198-2961-422a-9ba4-7dd81d27f2dc/overview Mozilla/5.0 (Windows NT 10.0; Win64; x64) AppleWebKit/537.36 (KHTML, like Gecko) Chrome/112.0.0.0 Safari/537.36 0.023
0:0:0:0:0:0:0:1 - - [10/May/2023:16:52:47 +0500] GET /publisher/site/public/fonts/Open_Sans/mem5YaGs126MiZpBA-UN_r8OUuhpKKSTjw.woff2 HTTP/1.1 200 8732 https://localhost:9443/publisher/site/public/css/main.css Mozilla/5.0 (Windows NT 10.0; Win64; x64) AppleWebKit/537.36 (KHTML, like Gecko) Chrome/112.0.0.0 Safari/537.36 0.002
0:0:0:0:0:0:0:1 - - [10/May/2023:16:52:47 +0500] GET /api/am/publisher/v3/apis/a7a6f198-2961-422a-9ba4-7dd81d27f2dc/revisions?query=deployed%3Atrue HTTP/1.1 200 388 https://localhost:9443/publisher/apis/a7a6f198-2961-422a-9ba4-7dd81d27f2dc/overview Mozilla/5.0 (Windows NT 10.0; Win64; x64) AppleWebKit/537.36 (KHTML, like Gecko) Chrome/112.0.0.0 Safari/537.36 0.006
0:0:0:0:0:0:0:1 - - [10/May/2023:16:52:47 +0500] GET /api/am/publisher/v3/apis/a7a6f198-2961-422a-9ba4-7dd81d27f2dc/swagger HTTP/1.1 200 2097 https://localhost:9443/publisher/apis/a7a6f198-2961-422a-9ba4-7dd81d27f2dc/overview Mozilla/5.0 (Windows NT 10.0; Win64; x64) AppleWebKit/537.36 (KHTML, like Gecko) Chrome/112.0.0.0 Safari/537.36 0.022
0:0:0:0:0:0:0:1 - - [10/May/2023:16:52:48 +0500] GET /api/am/publisher/v3/apis/a7a6f198-2961-422a-9ba4-7dd81d27f2dc/revisions?query=deployed%3Atrue HTTP/1.1 200 388 https://localhost:9443/publisher/apis/a7a6f198-2961-422a-9ba4-7dd81d27f2dc/overview Mozilla/5.0 (Windows NT 10.0; Win64; x64) AppleWebKit/537.36 (KHTML, like Gecko) Chrome/112.0.0.0 Safari/537.36 0.006
0:0:0:0:0:0:0:1 - - [10/May/2023:16:52:48 +0500] GET /api/am/publisher/v3/apis/a7a6f198-2961-422a-9ba4-7dd81d27f2dc/swagger HTTP/1.1 200 2097 https://localhost:9443/publisher/apis/a7a6f198-2961-422a-9ba4-7dd81d27f2dc/overview Mozilla/5.0 (Windows NT 10.0; Win64; x64) AppleWebKit/537.36 (KHTML, like Gecko) Chrome/112.0.0.0 Safari/537.36 0.021
0:0:0:0:0:0:0:1 - - [10/May/2023:16:52:55 +0500] GET /api/am/publisher/v3/apis/a7a6f198-2961-422a-9ba4-7dd81d27f2dc/client-certificates HTTP/1.1 200 104 https://localhost:9443/publisher/apis/a7a6f198-2961-422a-9ba4-7dd81d27f2dc/runtime-configuration Mozilla/5.0 (Windows NT 10.0; Win64; x64) AppleWebKit/537.36 (KHTML, like Gecko) Chrome/112.0.0.0 Safari/537.36 0.013
127.0.0.1 - - [10/May/2023:16:52:55 +0500] GET /oauth2/token/.well-known/openid-configuration HTTP/1.1 200 2245 - Apache-HttpClient/4.5.13 (Java/11.0.18) 0.012
0:0:0:0:0:0:0:1 - - [10/May/2023:16:52:55 +0500] GET /api/am/publisher/v3/key-managers HTTP/1.1 200 218 https://localhost:9443/publisher/apis/a7a6f198-2961-422a-9ba4-7dd81d27f2dc/runtime-configuration Mozilla/5.0 (Windows NT 10.0; Win64; x64) AppleWebKit/537.36 (KHTML, like Gecko) Chrome/112.0.0.0 Safari/537.36 0.052
127.0.0.1 - - [10/May/2023:16:52:55 +0500] GET /oauth2/token/.well-known/openid-configuration HTTP/1.1 200 2245 - Apache-HttpClient/4.5.13 (Java/11.0.18) 0.004
0:0:0:0:0:0:0:1 - - [10/May/2023:16:52:55 +0500] GET /api/am/publisher/v3/key-managers HTTP/1.1 200 218 https://localhost:9443/publisher/apis/a7a6f198-2961-422a-9ba4-7dd81d27f2dc/runtime-configuration Mozilla/5.0 (Windows NT 10.0; Win64; x64) AppleWebKit/537.36 (KHTML, like Gecko) Chrome/112.0.0.0 Safari/537.36 0.047
0:0:0:0:0:0:0:1 - - [10/May/2023:16:56:16 +0500] - 400 - - - 0.000
0:0:0:0:0:0:0:1 - - [10/May/2023:16:56:16 +0500] - 400 - - - 0.000
0:0:0:0:0:0:0:1 - - [10/May/2023:16:56:16 +0500] - 400 - - - 0.000
0:0:0:0:0:0:0:1 - - [10/May/2023:16:56:17 +0500] GET /api/am/publisher/v3/apis/a7a6f198-2961-422a-9ba4-7dd81d27f2dc/operation-policies?limit=500 HTTP/1.1 200 738 https://localhost:9443/publisher/apis/a7a6f198-2961-422a-9ba4-7dd81d27f2dc/policies Mozilla/5.0 (Windows NT 10.0; Win64; x64) AppleWebKit/537.36 (KHTML, like Gecko) Chrome/112.0.0.0 Safari/537.36 0.535
0:0:0:0:0:0:0:1 - - [10/May/2023:16:56:17 +0500] GET /api/am/publisher/v3/operation-policies?limit=500 HTTP/1.1 200 4350 https://localhost:9443/publisher/apis/a7a6f198-2961-422a-9ba4-7dd81d27f2dc/policies Mozilla/5.0 (Windows NT 10.0; Win64; x64) AppleWebKit/537.36 (KHTML, like Gecko) Chrome/112.0.0.0 Safari/537.36 0.544
0:0:0:0:0:0:0:1 - - [10/May/2023:16:56:17 +0500] GET /api/am/publisher/v3/apis/a7a6f198-2961-422a-9ba4-7dd81d27f2dc/swagger HTTP/1.1 200 2097 https://localhost:9443/publisher/apis/a7a6f198-2961-422a-9ba4-7dd81d27f2dc/policies Mozilla/5.0 (Windows NT 10.0; Win64; x64) AppleWebKit/537.36 (KHTML, like Gecko) Chrome/112.0.0.0 Safari/537.36 0.657
0:0:0:0:0:0:0:1 - - [10/May/2023:16:56:37 +0500] DELETE /api/am/publisher/v3/apis/a7a6f198-2961-422a-9ba4-7dd81d27f2dc/operation-policies/c1172933-5514-4156-ba40-d66459da4675 HTTP/1.1 500 333 https://localhost:9443/publisher/apis/a7a6f198-2961-422a-9ba4-7dd81d27f2dc/policies Mozilla/5.0 (Windows NT 10.0; Win64; x64) AppleWebKit/537.36 (KHTML, like Gecko) Chrome/112.0.0.0 Safari/537.36 0.016
0:0:0:0:0:0:0:1 - - [10/May/2023:16:56:47 +0500] DELETE /api/am/publisher/v3/apis/a7a6f198-2961-422a-9ba4-7dd81d27f2dc/operation-policies/c1172933-5514-4156-ba40-d66459da4675 HTTP/1.1 500 333 https://localhost:9443/publisher/apis/a7a6f198-2961-422a-9ba4-7dd81d27f2dc/policies Mozilla/5.0 (Windows NT 10.0; Win64; x64) AppleWebKit/537.36 (KHTML, like Gecko) Chrome/112.0.0.0 Safari/537.36 0.018
0:0:0:0:0:0:0:1 - - [10/May/2023:16:57:09 +0500] DELETE /api/am/publisher/v3/apis/a7a6f198-2961-422a-9ba4-7dd81d27f2dc/operation-policies/c1172933-5514-4156-ba40-d66459da4675 HTTP/1.1 500 333 https://localhost:9443/publisher/apis/a7a6f198-2961-422a-9ba4-7dd81d27f2dc/policies Mozilla/5.0 (Windows NT 10.0; Win64; x64) AppleWebKit/537.36 (KHTML, like Gecko) Chrome/112.0.0.0 Safari/537.36 0.013
0:0:0:0:0:0:0:1 - - [10/May/2023:16:59:05 +0500] - 400 - - - 0.000
0:0:0:0:0:0:0:1 - - [10/May/2023:16:59:05 +0500] GET /api/am/publisher/v3/operation-policies/cc3db43e-0d76-4bbf-b816-9bcc2b8169ae HTTP/1.1 200 385 https://localhost:9443/publisher/apis/a7a6f198-2961-422a-9ba4-7dd81d27f2dc/policies Mozilla/5.0 (Windows NT 10.0; Win64; x64) AppleWebKit/537.36 (KHTML, like Gecko) Chrome/112.0.0.0 Safari/537.36 0.263
0:0:0:0:0:0:0:1 - - [10/May/2023:16:59:13 +0500] DELETE /api/am/publisher/v3/apis/a7a6f198-2961-422a-9ba4-7dd81d27f2dc/operation-policies/c1172933-5514-4156-ba40-d66459da4675 HTTP/1.1 500 333 https://localhost:9443/publisher/apis/a7a6f198-2961-422a-9ba4-7dd81d27f2dc/policies Mozilla/5.0 (Windows NT 10.0; Win64; x64) AppleWebKit/537.36 (KHTML, like Gecko) Chrome/112.0.0.0 Safari/537.36 0.036
0:0:0:0:0:0:0:1 - - [10/May/2023:16:59:40 +0500] - 400 - - - 0.000
0:0:0:0:0:0:0:1 - - [10/May/2023:16:59:40 +0500] POST /api/am/publisher/v3/apis/a7a6f198-2961-422a-9ba4-7dd81d27f2dc/operation-policies HTTP/1.1 201 306 https://localhost:9443/publisher/apis/a7a6f198-2961-422a-9ba4-7dd81d27f2dc/policies Mozilla/5.0 (Windows NT 10.0; Win64; x64) AppleWebKit/537.36 (KHTML, like Gecko) Chrome/112.0.0.0 Safari/537.36 0.019
0:0:0:0:0:0:0:1 - - [10/May/2023:16:59:40 +0500] GET /api/am/publisher/v3/apis/a7a6f198-2961-422a-9ba4-7dd81d27f2dc/operation-policies?limit=500 HTTP/1.1 200 465 https://localhost:9443/publisher/apis/a7a6f198-2961-422a-9ba4-7dd81d27f2dc/policies Mozilla/5.0 (Windows NT 10.0; Win64; x64) AppleWebKit/537.36 (KHTML, like Gecko) Chrome/112.0.0.0 Safari/537.36 0.009
0:0:0:0:0:0:0:1 - - [10/May/2023:16:59:40 +0500] GET /api/am/publisher/v3/operation-policies?limit=500 HTTP/1.1 200 4350 https://localhost:9443/publisher/apis/a7a6f198-2961-422a-9ba4-7dd81d27f2dc/policies Mozilla/5.0 (Windows NT 10.0; Win64; x64) AppleWebKit/537.36 (KHTML, like Gecko) Chrome/112.0.0.0 Safari/537.36 0.024
0:0:0:0:0:0:0:1 - - [10/May/2023:17:00:17 +0500] DELETE /api/am/publisher/v3/apis/a7a6f198-2961-422a-9ba4-7dd81d27f2dc/operation-policies/c1172933-5514-4156-ba40-d66459da4675 HTTP/1.1 500 333 https://localhost:9443/publisher/apis/a7a6f198-2961-422a-9ba4-7dd81d27f2dc/policies Mozilla/5.0 (Windows NT 10.0; Win64; x64) AppleWebKit/537.36 (KHTML, like Gecko) Chrome/112.0.0.0 Safari/537.36 0.009
0:0:0:0:0:0:0:1 - - [10/May/2023:17:00:28 +0500] - 400 - - - 0.000
0:0:0:0:0:0:0:1 - - [10/May/2023:17:00:28 +0500] GET /api/am/publisher/v3/apis/a7a6f198-2961-422a-9ba4-7dd81d27f2dc/operation-policies/c1172933-5514-4156-ba40-d66459da4675 HTTP/1.1 200 320 https://localhost:9443/publisher/apis/a7a6f198-2961-422a-9ba4-7dd81d27f2dc/policies Mozilla/5.0 (Windows NT 10.0; Win64; x64) AppleWebKit/537.36 (KHTML, like Gecko) Chrome/112.0.0.0 Safari/537.36 0.013
0:0:0:0:0:0:0:1 - - [10/May/2023:17:00:39 +0500] PUT /api/am/publisher/v3/apis/a7a6f198-2961-422a-9ba4-7dd81d27f2dc HTTP/1.1 200 1444 https://localhost:9443/publisher/apis/a7a6f198-2961-422a-9ba4-7dd81d27f2dc/policies Mozilla/5.0 (Windows NT 10.0; Win64; x64) AppleWebKit/537.36 (KHTML, like Gecko) Chrome/112.0.0.0 Safari/537.36 0.556
0:0:0:0:0:0:0:1 - - [10/May/2023:17:00:40 +0500] GET /api/am/publisher/v3/apis/a7a6f198-2961-422a-9ba4-7dd81d27f2dc/swagger HTTP/1.1 200 2097 https://localhost:9443/publisher/apis/a7a6f198-2961-422a-9ba4-7dd81d27f2dc/policies Mozilla/5.0 (Windows NT 10.0; Win64; x64) AppleWebKit/537.36 (KHTML, like Gecko) Chrome/112.0.0.0 Safari/537.36 0.044
0:0:0:0:0:0:0:1 - - [10/May/2023:17:00:40 +0500] GET /api/am/publisher/v3/apis/a7a6f198-2961-422a-9ba4-7dd81d27f2dc/operation-policies?limit=500 HTTP/1.1 200 465 https://localhost:9443/publisher/apis/a7a6f198-2961-422a-9ba4-7dd81d27f2dc/policies Mozilla/5.0 (Windows NT 10.0; Win64; x64) AppleWebKit/537.36 (KHTML, like Gecko) Chrome/112.0.0.0 Safari/537.36 0.012
0:0:0:0:0:0:0:1 - - [10/May/2023:17:00:40 +0500] - 400 - - - 0.000
0:0:0:0:0:0:0:1 - - [10/May/2023:17:00:40 +0500] GET /api/am/publisher/v3/operation-policies?limit=500 HTTP/1.1 200 4350 https://localhost:9443/publisher/apis/a7a6f198-2961-422a-9ba4-7dd81d27f2dc/policies Mozilla/5.0 (Windows NT 10.0; Win64; x64) AppleWebKit/537.36 (KHTML, like Gecko) Chrome/112.0.0.0 Safari/537.36 0.021
0:0:0:0:0:0:0:1 - - [10/May/2023:17:00:46 +0500] GET /api/am/publisher/v3/apis/a7a6f198-2961-422a-9ba4-7dd81d27f2dc/asyncapi HTTP/1.1 200 - https://localhost:9443/publisher/apis/a7a6f198-2961-422a-9ba4-7dd81d27f2dc/deployments Mozilla/5.0 (Windows NT 10.0; Win64; x64) AppleWebKit/537.36 (KHTML, like Gecko) Chrome/112.0.0.0 Safari/537.36 0.023
0:0:0:0:0:0:0:1 - - [10/May/2023:17:00:53 +0500] POST /api/am/publisher/v3/apis/a7a6f198-2961-422a-9ba4-7dd81d27f2dc/revisions HTTP/1.1 201 193 https://localhost:9443/publisher/apis/a7a6f198-2961-422a-9ba4-7dd81d27f2dc/deployments Mozilla/5.0 (Windows NT 10.0; Win64; x64) AppleWebKit/537.36 (KHTML, like Gecko) Chrome/112.0.0.0 Safari/537.36 0.341
0:0:0:0:0:0:0:1 - - [10/May/2023:17:00:53 +0500] POST /api/am/publisher/v3/apis/a7a6f198-2961-422a-9ba4-7dd81d27f2dc/deploy-revision?revisionId=559b13c0-3fe1-49bc-bc72-b662fd66c6dc HTTP/1.1 201 176 https://localhost:9443/publisher/apis/a7a6f198-2961-422a-9ba4-7dd81d27f2dc/deployments Mozilla/5.0 (Windows NT 10.0; Win64; x64) AppleWebKit/537.36 (KHTML, like Gecko) Chrome/112.0.0.0 Safari/537.36 0.044
0:0:0:0:0:0:0:1 - - [10/May/2023:17:00:55 +0500] GET /api/am/publisher/v3/apis/a7a6f198-2961-422a-9ba4-7dd81d27f2dc/revisions HTTP/1.1 200 986 https://localhost:9443/publisher/apis/a7a6f198-2961-422a-9ba4-7dd81d27f2dc/deployments Mozilla/5.0 (Windows NT 10.0; Win64; x64) AppleWebKit/537.36 (KHTML, like Gecko) Chrome/112.0.0.0 Safari/537.36 0.008
0:0:0:0:0:0:0:1 - - [10/May/2023:17:00:55 +0500] GET /api/am/publisher/v3/apis/a7a6f198-2961-422a-9ba4-7dd81d27f2dc/asyncapi HTTP/1.1 200 - https://localhost:9443/publisher/apis/a7a6f198-2961-422a-9ba4-7dd81d27f2dc/deployments Mozilla/5.0 (Windows NT 10.0; Win64; x64) AppleWebKit/537.36 (KHTML, like Gecko) Chrome/112.0.0.0 Safari/537.36 0.023
0:0:0:0:0:0:0:1 - - [10/May/2023:17:00:55 +0500] GET /api/am/publisher/v3/apis/a7a6f198-2961-422a-9ba4-7dd81d27f2dc/revisions?query=deployed%3Atrue HTTP/1.1 200 388 https://localhost:9443/publisher/apis/a7a6f198-2961-422a-9ba4-7dd81d27f2dc/deployments Mozilla/5.0 (Windows NT 10.0; Win64; x64) AppleWebKit/537.36 (KHTML, like Gecko) Chrome/112.0.0.0 Safari/537.36 0.010
0:0:0:0:0:0:0:1 - - [10/May/2023:17:00:56 +0500] GET /api/am/publisher/v3/apis/a7a6f198-2961-422a-9ba4-7dd81d27f2dc/asyncapi HTTP/1.1 200 - https://localhost:9443/publisher/apis/a7a6f198-2961-422a-9ba4-7dd81d27f2dc/deployments Mozilla/5.0 (Windows NT 10.0; Win64; x64) AppleWebKit/537.36 (KHTML, like Gecko) Chrome/112.0.0.0 Safari/537.36 0.030
0:0:0:0:0:0:0:1 - - [10/May/2023:17:00:56 +0500] GET /api/am/publisher/v3/apis/a7a6f198-2961-422a-9ba4-7dd81d27f2dc/asyncapi HTTP/1.1 200 - https://localhost:9443/publisher/apis/a7a6f198-2961-422a-9ba4-7dd81d27f2dc/deployments Mozilla/5.0 (Windows NT 10.0; Win64; x64) AppleWebKit/537.36 (KHTML, like Gecko) Chrome/112.0.0.0 Safari/537.36 0.023
0:0:0:0:0:0:0:1 - - [10/May/2023:17:01:05 +0500] GET /api/am/publisher/v3/apis?limit=10&offset=0 HTTP/1.1 200 997 https://localhost:9443/publisher/apis Mozilla/5.0 (Windows NT 10.0; Win64; x64) AppleWebKit/537.36 (KHTML, like Gecko) Chrome/112.0.0.0 Safari/537.36 0.049
0:0:0:0:0:0:0:1 - - [10/May/2023:17:01:07 +0500] GET /api/am/publisher/v3/tenants?state=active HTTP/1.1 200 96 https://localhost:9443/publisher/apis/a7a6f198-2961-422a-9ba4-7dd81d27f2dc/overview Mozilla/5.0 (Windows NT 10.0; Win64; x64) AppleWebKit/537.36 (KHTML, like Gecko) Chrome/112.0.0.0 Safari/537.36 0.007
0:0:0:0:0:0:0:1 - - [10/May/2023:17:01:07 +0500] GET /api/am/publisher/v3/apis/a7a6f198-2961-422a-9ba4-7dd81d27f2dc HTTP/1.1 200 1444 https://localhost:9443/publisher/apis/a7a6f198-2961-422a-9ba4-7dd81d27f2dc/overview Mozilla/5.0 (Windows NT 10.0; Win64; x64) AppleWebKit/537.36 (KHTML, like Gecko) Chrome/112.0.0.0 Safari/537.36 0.035
0:0:0:0:0:0:0:1 - - [10/May/2023:17:01:08 +0500] GET /api/am/publisher/v3/apis/a7a6f198-2961-422a-9ba4-7dd81d27f2dc/revisions?query=deployed%3Atrue HTTP/1.1 200 388 https://localhost:9443/publisher/apis/a7a6f198-2961-422a-9ba4-7dd81d27f2dc/overview Mozilla/5.0 (Windows NT 10.0; Win64; x64) AppleWebKit/537.36 (KHTML, like Gecko) Chrome/112.0.0.0 Safari/537.36 0.009
0:0:0:0:0:0:0:1 - - [10/May/2023:17:01:08 +0500] GET /api/am/publisher/v3/apis/a7a6f198-2961-422a-9ba4-7dd81d27f2dc/revisions HTTP/1.1 200 986 https://localhost:9443/publisher/apis/a7a6f198-2961-422a-9ba4-7dd81d27f2dc/overview Mozilla/5.0 (Windows NT 10.0; Win64; x64) AppleWebKit/537.36 (KHTML, like Gecko) Chrome/112.0.0.0 Safari/537.36 0.007
0:0:0:0:0:0:0:1 - - [10/May/2023:17:01:08 +0500] GET /api/am/publisher/v3/apis/a7a6f198-2961-422a-9ba4-7dd81d27f2dc/swagger HTTP/1.1 200 2097 https://localhost:9443/publisher/apis/a7a6f198-2961-422a-9ba4-7dd81d27f2dc/overview Mozilla/5.0 (Windows NT 10.0; Win64; x64) AppleWebKit/537.36 (KHTML, like Gecko) Chrome/112.0.0.0 Safari/537.36 0.025
0:0:0:0:0:0:0:1 - - [10/May/2023:17:01:08 +0500] GET /api/am/publisher/v3/apis/a7a6f198-2961-422a-9ba4-7dd81d27f2dc/revisions?query=deployed%3Atrue HTTP/1.1 200 388 https://localhost:9443/publisher/apis/a7a6f198-2961-422a-9ba4-7dd81d27f2dc/overview Mozilla/5.0 (Windows NT 10.0; Win64; x64) AppleWebKit/537.36 (KHTML, like Gecko) Chrome/112.0.0.0 Safari/537.36 0.009
0:0:0:0:0:0:0:1 - - [10/May/2023:17:01:08 +0500] GET /api/am/publisher/v3/apis/a7a6f198-2961-422a-9ba4-7dd81d27f2dc/revisions?query=deployed%3Atrue HTTP/1.1 200 388 https://localhost:9443/publisher/apis/a7a6f198-2961-422a-9ba4-7dd81d27f2dc/overview Mozilla/5.0 (Windows NT 10.0; Win64; x64) AppleWebKit/537.36 (KHTML, like Gecko) Chrome/112.0.0.0 Safari/537.36 0.007
0:0:0:0:0:0:0:1 - - [10/May/2023:17:01:08 +0500] GET /api/am/publisher/v3/apis/a7a6f198-2961-422a-9ba4-7dd81d27f2dc/swagger HTTP/1.1 200 2097 https://localhost:9443/publisher/apis/a7a6f198-2961-422a-9ba4-7dd81d27f2dc/overview Mozilla/5.0 (Windows NT 10.0; Win64; x64) AppleWebKit/537.36 (KHTML, like Gecko) Chrome/112.0.0.0 Safari/537.36 0.032
0:0:0:0:0:0:0:1 - - [10/May/2023:17:01:08 +0500] GET /api/am/publisher/v3/apis/a7a6f198-2961-422a-9ba4-7dd81d27f2dc/revisions?query=deployed%3Atrue HTTP/1.1 200 388 https://localhost:9443/publisher/apis/a7a6f198-2961-422a-9ba4-7dd81d27f2dc/overview Mozilla/5.0 (Windows NT 10.0; Win64; x64) AppleWebKit/537.36 (KHTML, like Gecko) Chrome/112.0.0.0 Safari/537.36 0.008
0:0:0:0:0:0:0:1 - - [10/May/2023:17:01:08 +0500] GET /api/am/publisher/v3/apis/a7a6f198-2961-422a-9ba4-7dd81d27f2dc/swagger HTTP/1.1 200 2097 https://localhost:9443/publisher/apis/a7a6f198-2961-422a-9ba4-7dd81d27f2dc/overview Mozilla/5.0 (Windows NT 10.0; Win64; x64) AppleWebKit/537.36 (KHTML, like Gecko) Chrome/112.0.0.0 Safari/537.36 0.025
0:0:0:0:0:0:0:1 - - [10/May/2023:17:01:10 +0500] GET /devportal/apis/a7a6f198-2961-422a-9ba4-7dd81d27f2dc/overview HTTP/1.1 200 2031 - Mozilla/5.0 (Windows NT 10.0; Win64; x64) AppleWebKit/537.36 (KHTML, like Gecko) Chrome/112.0.0.0 Safari/537.36 0.010
0:0:0:0:0:0:0:1 - - [10/May/2023:17:01:10 +0500] GET /devportal/site/public/css/main.css HTTP/1.1 200 1791 https://localhost:9443/devportal/apis/a7a6f198-2961-422a-9ba4-7dd81d27f2dc/overview Mozilla/5.0 (Windows NT 10.0; Win64; x64) AppleWebKit/537.36 (KHTML, like Gecko) Chrome/112.0.0.0 Safari/537.36 0.004
0:0:0:0:0:0:0:1 - - [10/May/2023:17:01:10 +0500] GET /devportal/site/public/theme/userTheme.js HTTP/1.1 200 305 https://localhost:9443/devportal/apis/a7a6f198-2961-422a-9ba4-7dd81d27f2dc/overview Mozilla/5.0 (Windows NT 10.0; Win64; x64) AppleWebKit/537.36 (KHTML, like Gecko) Chrome/112.0.0.0 Safari/537.36 0.002
0:0:0:0:0:0:0:1 - - [10/May/2023:17:01:10 +0500] GET /devportal/services/settings/settings.js HTTP/1.1 200 1036 https://localhost:9443/devportal/apis/a7a6f198-2961-422a-9ba4-7dd81d27f2dc/overview Mozilla/5.0 (Windows NT 10.0; Win64; x64) AppleWebKit/537.36 (KHTML, like Gecko) Chrome/112.0.0.0 Safari/537.36 0.006
0:0:0:0:0:0:0:1 - - [10/May/2023:17:01:10 +0500] GET /devportal/site/public/fonts/iconfont/MaterialIcons.js HTTP/1.1 200 6703 https://localhost:9443/devportal/apis/a7a6f198-2961-422a-9ba4-7dd81d27f2dc/overview Mozilla/5.0 (Windows NT 10.0; Win64; x64) AppleWebKit/537.36 (KHTML, like Gecko) Chrome/112.0.0.0 Safari/537.36 0.005
0:0:0:0:0:0:0:1 - - [10/May/2023:17:01:10 +0500] GET /devportal/site/public/fonts/iconfont/material-icons.css HTTP/1.1 200 970 https://localhost:9443/devportal/apis/a7a6f198-2961-422a-9ba4-7dd81d27f2dc/overview Mozilla/5.0 (Windows NT 10.0; Win64; x64) AppleWebKit/537.36 (KHTML, like Gecko) Chrome/112.0.0.0 Safari/537.36 0.007
0:0:0:0:0:0:0:1 - - [10/May/2023:17:01:10 +0500] GET /devportal/site/public/css/overrides.css HTTP/1.1 200 - https://localhost:9443/devportal/apis/a7a6f198-2961-422a-9ba4-7dd81d27f2dc/overview Mozilla/5.0 (Windows NT 10.0; Win64; x64) AppleWebKit/537.36 (KHTML, like Gecko) Chrome/112.0.0.0 Safari/537.36 0.005
0:0:0:0:0:0:0:1 - - [10/May/2023:17:01:10 +0500] GET /devportal/site/public/dist/index.bb5a154b1face8797bc3.bundle.js HTTP/1.1 200 259789 https://localhost:9443/devportal/apis/a7a6f198-2961-422a-9ba4-7dd81d27f2dc/overview Mozilla/5.0 (Windows NT 10.0; Win64; x64) AppleWebKit/537.36 (KHTML, like Gecko) Chrome/112.0.0.0 Safari/537.36 0.186
0:0:0:0:0:0:0:1 - - [10/May/2023:17:01:11 +0500] GET /devportal/site/public/locales/en.json HTTP/1.1 200 56516 https://localhost:9443/devportal/apis/a7a6f198-2961-422a-9ba4-7dd81d27f2dc/overview Mozilla/5.0 (Windows NT 10.0; Win64; x64) AppleWebKit/537.36 (KHTML, like Gecko) Chrome/112.0.0.0 Safari/537.36 0.003
0:0:0:0:0:0:0:1 - - [10/May/2023:17:01:11 +0500] GET /api/am/devportal/v2/swagger.yaml HTTP/1.1 200 23486 https://localhost:9443/devportal/apis/a7a6f198-2961-422a-9ba4-7dd81d27f2dc/overview Mozilla/5.0 (Windows NT 10.0; Win64; x64) AppleWebKit/537.36 (KHTML, like Gecko) Chrome/112.0.0.0 Safari/537.36 0.015
0:0:0:0:0:0:0:1 - - [10/May/2023:17:01:11 +0500] GET /devportal/site/public/images/_favicon.ico HTTP/1.1 200 1150 https://localhost:9443/devportal/apis/a7a6f198-2961-422a-9ba4-7dd81d27f2dc/overview Mozilla/5.0 (Windows NT 10.0; Win64; x64) AppleWebKit/537.36 (KHTML, like Gecko) Chrome/112.0.0.0 Safari/537.36 0.003
127.0.0.1 - - [10/May/2023:17:01:12 +0500] POST /oauth2/token HTTP/1.1 200 1230 - Jakarta Commons-HttpClient/3.1 0.087
0:0:0:0:0:0:0:1 - - [10/May/2023:17:01:12 +0500] POST /devportal/services/refresh/refresh.jag HTTP/1.1 200 2 https://localhost:9443/devportal/apis/a7a6f198-2961-422a-9ba4-7dd81d27f2dc/overview Mozilla/5.0 (Windows NT 10.0; Win64; x64) AppleWebKit/537.36 (KHTML, like Gecko) Chrome/112.0.0.0 Safari/537.36 0.189
127.0.0.1 - - [10/May/2023:17:01:12 +0500] POST /internal/data/v1/notify HTTP/1.1 200 - - Apache-HttpClient/4.5.13 (Java/11.0.18) 0.059
0:0:0:0:0:0:0:1 - - [10/May/2023:17:01:12 +0500] GET /api/am/devportal/v2/settings HTTP/1.1 200 868 https://localhost:9443/devportal/apis/a7a6f198-2961-422a-9ba4-7dd81d27f2dc/overview Mozilla/5.0 (Windows NT 10.0; Win64; x64) AppleWebKit/537.36 (KHTML, like Gecko) Chrome/112.0.0.0 Safari/537.36 0.144
0:0:0:0:0:0:0:1 - - [10/May/2023:17:01:12 +0500] GET /devportal/site/public/dist/ProtectedApp.85246914c5a864cd3b25.bundle.js HTTP/1.1 200 70400 https://localhost:9443/devportal/apis/a7a6f198-2961-422a-9ba4-7dd81d27f2dc/overview Mozilla/5.0 (Windows NT 10.0; Win64; x64) AppleWebKit/537.36 (KHTML, like Gecko) Chrome/112.0.0.0 Safari/537.36 0.019
0:0:0:0:0:0:0:1 - - [10/May/2023:17:01:12 +0500] GET /devportal/site/public/dist/vendors~ProtectedApp.f5062f21efd7a7d46a01.bundle.js HTTP/1.1 200 179913 https://localhost:9443/devportal/apis/a7a6f198-2961-422a-9ba4-7dd81d27f2dc/overview Mozilla/5.0 (Windows NT 10.0; Win64; x64) AppleWebKit/537.36 (KHTML, like Gecko) Chrome/112.0.0.0 Safari/537.36 0.075
0:0:0:0:0:0:0:1 - - [10/May/2023:17:01:12 +0500] GET /devportal/site/public/theme/temporary_environments_config.json HTTP/1.1 200 - https://localhost:9443/devportal/apis/a7a6f198-2961-422a-9ba4-7dd81d27f2dc/overview Mozilla/5.0 (Windows NT 10.0; Win64; x64) AppleWebKit/537.36 (KHTML, like Gecko) Chrome/112.0.0.0 Safari/537.36 0.005
0:0:0:0:0:0:0:1 - - [10/May/2023:17:01:12 +0500] GET /devportal/site/public/theme/temporary_features_config.json HTTP/1.1 200 - https://localhost:9443/devportal/apis/a7a6f198-2961-422a-9ba4-7dd81d27f2dc/overview Mozilla/5.0 (Windows NT 10.0; Win64; x64) AppleWebKit/537.36 (KHTML, like Gecko) Chrome/112.0.0.0 Safari/537.36 0.003
0:0:0:0:0:0:0:1 - - [10/May/2023:17:01:12 +0500] GET /api/am/devportal/v2/tenants?state=active HTTP/1.1 200 96 https://localhost:9443/devportal/apis/a7a6f198-2961-422a-9ba4-7dd81d27f2dc/overview Mozilla/5.0 (Windows NT 10.0; Win64; x64) AppleWebKit/537.36 (KHTML, like Gecko) Chrome/112.0.0.0 Safari/537.36 0.011
0:0:0:0:0:0:0:1 - - [10/May/2023:17:01:12 +0500] GET /devportal/site/public/dist/vendors~ApiListing~Apis~ApplicationDetails.085bc8cf7979cfcae9cd.bundle.js HTTP/1.1 200 3838 https://localhost:9443/devportal/apis/a7a6f198-2961-422a-9ba4-7dd81d27f2dc/overview Mozilla/5.0 (Windows NT 10.0; Win64; x64) AppleWebKit/537.36 (KHTML, like Gecko) Chrome/112.0.0.0 Safari/537.36 0.003
0:0:0:0:0:0:0:1 - - [10/May/2023:17:01:12 +0500] GET /devportal/site/public/dist/vendors~Apis~Landing.3ed7aaee9d420a079083.bundle.js HTTP/1.1 200 3784 https://localhost:9443/devportal/apis/a7a6f198-2961-422a-9ba4-7dd81d27f2dc/overview Mozilla/5.0 (Windows NT 10.0; Win64; x64) AppleWebKit/537.36 (KHTML, like Gecko) Chrome/112.0.0.0 Safari/537.36 0.005
0:0:0:0:0:0:0:1 - - [10/May/2023:17:01:12 +0500] GET /devportal/site/public/dist/vendors~Apis~ApplicationDetails.be38cbbdbc60426eae7a.bundle.js HTTP/1.1 200 71039 https://localhost:9443/devportal/apis/a7a6f198-2961-422a-9ba4-7dd81d27f2dc/overview Mozilla/5.0 (Windows NT 10.0; Win64; x64) AppleWebKit/537.36 (KHTML, like Gecko) Chrome/112.0.0.0 Safari/537.36 0.025
0:0:0:0:0:0:0:1 - - [10/May/2023:17:01:12 +0500] GET /devportal/site/public/dist/vendors~Apis.c6057c04cc4bfea77c3f.bundle.js HTTP/1.1 200 17153 https://localhost:9443/devportal/apis/a7a6f198-2961-422a-9ba4-7dd81d27f2dc/overview Mozilla/5.0 (Windows NT 10.0; Win64; x64) AppleWebKit/537.36 (KHTML, like Gecko) Chrome/112.0.0.0 Safari/537.36 0.008
0:0:0:0:0:0:0:1 - - [10/May/2023:17:01:12 +0500] GET /devportal/site/public/dist/Apis.fdf1eccb253de572570e.bundle.js HTTP/1.1 200 30555 https://localhost:9443/devportal/apis/a7a6f198-2961-422a-9ba4-7dd81d27f2dc/overview Mozilla/5.0 (Windows NT 10.0; Win64; x64) AppleWebKit/537.36 (KHTML, like Gecko) Chrome/112.0.0.0 Safari/537.36 0.013
0:0:0:0:0:0:0:1 - - [10/May/2023:17:01:12 +0500] GET /oidc/checksession?client_id=1gMVqRyMGgEkZ3coeBEcN12K_zca&redirect_uri=https://localhost:9443/devportal/services/auth/callback/login HTTP/1.1 200 3133 https://localhost:9443/devportal/apis/a7a6f198-2961-422a-9ba4-7dd81d27f2dc/overview Mozilla/5.0 (Windows NT 10.0; Win64; x64) AppleWebKit/537.36 (KHTML, like Gecko) Chrome/112.0.0.0 Safari/537.36 0.004
0:0:0:0:0:0:0:1 - - [10/May/2023:17:01:12 +0500] GET /devportal/site/public/images/logo.svg HTTP/1.1 200 74991 https://localhost:9443/devportal/apis/a7a6f198-2961-422a-9ba4-7dd81d27f2dc/overview Mozilla/5.0 (Windows NT 10.0; Win64; x64) AppleWebKit/537.36 (KHTML, like Gecko) Chrome/112.0.0.0 Safari/537.36 0.002
0:0:0:0:0:0:0:1 - - [10/May/2023:17:01:12 +0500] GET /devportal HTTP/1.1 302 - https://localhost:9443/devportal/apis/a7a6f198-2961-422a-9ba4-7dd81d27f2dc/overview Mozilla/5.0 (Windows NT 10.0; Win64; x64) AppleWebKit/537.36 (KHTML, like Gecko) Chrome/112.0.0.0 Safari/537.36 0.000
0:0:0:0:0:0:0:1 - - [10/May/2023:17:01:12 +0500] GET /devportal/site/public/images/appbarBack.png HTTP/1.1 200 1964 https://localhost:9443/devportal/apis/a7a6f198-2961-422a-9ba4-7dd81d27f2dc/overview Mozilla/5.0 (Windows NT 10.0; Win64; x64) AppleWebKit/537.36 (KHTML, like Gecko) Chrome/112.0.0.0 Safari/537.36 0.002
0:0:0:0:0:0:0:1 - - [10/May/2023:17:01:12 +0500] GET /devportal/ HTTP/1.1 200 2031 https://localhost:9443/devportal/apis/a7a6f198-2961-422a-9ba4-7dd81d27f2dc/overview Mozilla/5.0 (Windows NT 10.0; Win64; x64) AppleWebKit/537.36 (KHTML, like Gecko) Chrome/112.0.0.0 Safari/537.36 0.005
0:0:0:0:0:0:0:1 - - [10/May/2023:17:01:12 +0500] GET /devportal/site/public/fonts/Open_Sans/mem8YaGs126MiZpBA-UFVZ0bf8pkAg.woff2 HTTP/1.1 200 8892 https://localhost:9443/devportal/site/public/css/main.css Mozilla/5.0 (Windows NT 10.0; Win64; x64) AppleWebKit/537.36 (KHTML, like Gecko) Chrome/112.0.0.0 Safari/537.36 0.002
0:0:0:0:0:0:0:1 - - [10/May/2023:17:01:12 +0500] GET /devportal/site/public/fonts/iconfont/MaterialIcons-Regular.woff2 HTTP/1.1 200 60840 https://localhost:9443/devportal/site/public/fonts/iconfont/material-icons.css Mozilla/5.0 (Windows NT 10.0; Win64; x64) AppleWebKit/537.36 (KHTML, like Gecko) Chrome/112.0.0.0 Safari/537.36 0.007
0:0:0:0:0:0:0:1 - - [10/May/2023:17:01:12 +0500] - 400 - - - 0.000
0:0:0:0:0:0:0:1 - - [10/May/2023:17:01:12 +0500] - 400 - - - 0.000
0:0:0:0:0:0:0:1 - - [10/May/2023:17:01:12 +0500] GET /devportal/site/public/fonts/Open_Sans/mem5YaGs126MiZpBA-UN7rgOUuhpKKSTjw.woff2 HTTP/1.1 200 8800 https://localhost:9443/devportal/site/public/css/main.css Mozilla/5.0 (Windows NT 10.0; Win64; x64) AppleWebKit/537.36 (KHTML, like Gecko) Chrome/112.0.0.0 Safari/537.36 0.014
0:0:0:0:0:0:0:1 - - [10/May/2023:17:01:13 +0500] - 400 - - - 0.000
0:0:0:0:0:0:0:1 - - [10/May/2023:17:01:13 +0500] - 400 - - - 0.000
0:0:0:0:0:0:0:1 - - [10/May/2023:17:01:13 +0500] GET /api/am/devportal/v2/apis/a7a6f198-2961-422a-9ba4-7dd81d27f2dc HTTP/1.1 200 2493 https://localhost:9443/devportal/apis/a7a6f198-2961-422a-9ba4-7dd81d27f2dc/overview Mozilla/5.0 (Windows NT 10.0; Win64; x64) AppleWebKit/537.36 (KHTML, like Gecko) Chrome/112.0.0.0 Safari/537.36 0.066
0:0:0:0:0:0:0:1 - - [10/May/2023:17:01:13 +0500] GET /api/am/devportal/v2/applications?limit=5000 HTTP/1.1 200 553 https://localhost:9443/devportal/apis/a7a6f198-2961-422a-9ba4-7dd81d27f2dc/overview Mozilla/5.0 (Windows NT 10.0; Win64; x64) AppleWebKit/537.36 (KHTML, like Gecko) Chrome/112.0.0.0 Safari/537.36 0.084
127.0.0.1 - - [10/May/2023:17:01:13 +0500] GET /keymanager-operations/dcr/register/NU1taEFTeEo5NEVmYjdxM3V4U0FQTDJpSG84YQ%3D%3D HTTP/1.1 200 515 - Apache-HttpClient/4.5.13 (Java/11.0.18) 0.027
127.0.0.1 - - [10/May/2023:17:01:13 +0500] GET /keymanager-operations/dcr/register/NU1taEFTeEo5NEVmYjdxM3V4U0FQTDJpSG84YQ%3D%3D HTTP/1.1 200 515 - Apache-HttpClient/4.5.13 (Java/11.0.18) 0.008
0:0:0:0:0:0:0:1 - - [10/May/2023:17:01:13 +0500] GET /api/am/devportal/v2/subscriptions?apiId=a7a6f198-2961-422a-9ba4-7dd81d27f2dc&limit=25 HTTP/1.1 200 735 https://localhost:9443/devportal/apis/a7a6f198-2961-422a-9ba4-7dd81d27f2dc/overview Mozilla/5.0 (Windows NT 10.0; Win64; x64) AppleWebKit/537.36 (KHTML, like Gecko) Chrome/112.0.0.0 Safari/537.36 0.166
0:0:0:0:0:0:0:1 - - [10/May/2023:17:01:13 +0500] GET /api/am/devportal/v2/subscriptions?apiId=a7a6f198-2961-422a-9ba4-7dd81d27f2dc&limit=5000 HTTP/1.1 200 735 https://localhost:9443/devportal/apis/a7a6f198-2961-422a-9ba4-7dd81d27f2dc/overview Mozilla/5.0 (Windows NT 10.0; Win64; x64) AppleWebKit/537.36 (KHTML, like Gecko) Chrome/112.0.0.0 Safari/537.36 0.099
0:0:0:0:0:0:0:1 - - [10/May/2023:17:01:13 +0500] GET /devportal/site/public/dist/APIComments.556f8b209379e7d93f7a.bundle.js HTTP/1.1 200 8382 https://localhost:9443/devportal/apis/a7a6f198-2961-422a-9ba4-7dd81d27f2dc/overview Mozilla/5.0 (Windows NT 10.0; Win64; x64) AppleWebKit/537.36 (KHTML, like Gecko) Chrome/112.0.0.0 Safari/537.36 0.003
0:0:0:0:0:0:0:1 - - [10/May/2023:17:01:13 +0500] GET /devportal/site/public/dist/APIOverview.f8126125ca0837b4fd59.bundle.js HTTP/1.1 200 11676 https://localhost:9443/devportal/apis/a7a6f198-2961-422a-9ba4-7dd81d27f2dc/overview Mozilla/5.0 (Windows NT 10.0; Win64; x64) AppleWebKit/537.36 (KHTML, like Gecko) Chrome/112.0.0.0 Safari/537.36 0.005
0:0:0:0:0:0:0:1 - - [10/May/2023:17:01:13 +0500] GET /devportal/site/public/dist/vendors~APIComments~APIOverview~ApplicationDetails.87a2f2161f16e1ebc95c.bundle.js HTTP/1.1 200 5400 https://localhost:9443/devportal/apis/a7a6f198-2961-422a-9ba4-7dd81d27f2dc/overview Mozilla/5.0 (Windows NT 10.0; Win64; x64) AppleWebKit/537.36 (KHTML, like Gecko) Chrome/112.0.0.0 Safari/537.36 0.004
0:0:0:0:0:0:0:1 - - [10/May/2023:17:01:13 +0500] GET /devportal/site/public/images/leftMenuBack.png HTTP/1.1 200 5308 https://localhost:9443/devportal/apis/a7a6f198-2961-422a-9ba4-7dd81d27f2dc/overview Mozilla/5.0 (Windows NT 10.0; Win64; x64) AppleWebKit/537.36 (KHTML, like Gecko) Chrome/112.0.0.0 Safari/537.36 0.002
0:0:0:0:0:0:0:1 - - [10/May/2023:17:01:13 +0500] GET /devportal/site/public/dist/vendors~APIDocuments~APIOverview.6e9016b2541da23523a5.bundle.js HTTP/1.1 200 86891 https://localhost:9443/devportal/apis/a7a6f198-2961-422a-9ba4-7dd81d27f2dc/overview Mozilla/5.0 (Windows NT 10.0; Win64; x64) AppleWebKit/537.36 (KHTML, like Gecko) Chrome/112.0.0.0 Safari/537.36 0.034
0:0:0:0:0:0:0:1 - - [10/May/2023:17:01:13 +0500] GET /api/am/devportal/v2/throttling-policies/subscription HTTP/1.1 200 634 https://localhost:9443/devportal/apis/a7a6f198-2961-422a-9ba4-7dd81d27f2dc/overview Mozilla/5.0 (Windows NT 10.0; Win64; x64) AppleWebKit/537.36 (KHTML, like Gecko) Chrome/112.0.0.0 Safari/537.36 0.007
0:0:0:0:0:0:0:1 - - [10/May/2023:17:01:13 +0500] GET /api/am/devportal/v2/apis/a7a6f198-2961-422a-9ba4-7dd81d27f2dc/documents HTTP/1.1 200 92 https://localhost:9443/devportal/apis/a7a6f198-2961-422a-9ba4-7dd81d27f2dc/overview Mozilla/5.0 (Windows NT 10.0; Win64; x64) AppleWebKit/537.36 (KHTML, like Gecko) Chrome/112.0.0.0 Safari/537.36 0.022
0:0:0:0:0:0:0:1 - - [10/May/2023:17:01:13 +0500] GET /api/am/devportal/v2/throttling-policies/subscription HTTP/1.1 200 634 https://localhost:9443/devportal/apis/a7a6f198-2961-422a-9ba4-7dd81d27f2dc/overview Mozilla/5.0 (Windows NT 10.0; Win64; x64) AppleWebKit/537.36 (KHTML, like Gecko) Chrome/112.0.0.0 Safari/537.36 0.008
0:0:0:0:0:0:0:1 - - [10/May/2023:17:01:13 +0500] GET /api/am/devportal/v2/apis/a7a6f198-2961-422a-9ba4-7dd81d27f2dc/documents HTTP/1.1 200 92 https://localhost:9443/devportal/apis/a7a6f198-2961-422a-9ba4-7dd81d27f2dc/overview Mozilla/5.0 (Windows NT 10.0; Win64; x64) AppleWebKit/537.36 (KHTML, like Gecko) Chrome/112.0.0.0 Safari/537.36 0.020
0:0:0:0:0:0:0:1 - - [10/May/2023:17:01:13 +0500] GET /api/am/devportal/v2/apis/a7a6f198-2961-422a-9ba4-7dd81d27f2dc/thumbnail HTTP/1.1 204 - https://localhost:9443/devportal/apis/a7a6f198-2961-422a-9ba4-7dd81d27f2dc/overview Mozilla/5.0 (Windows NT 10.0; Win64; x64) AppleWebKit/537.36 (KHTML, like Gecko) Chrome/112.0.0.0 Safari/537.36 0.016
0:0:0:0:0:0:0:1 - - [10/May/2023:17:01:13 +0500] GET /api/am/devportal/v2/apis/a7a6f198-2961-422a-9ba4-7dd81d27f2dc/comments?limit=5&offset=0 HTTP/1.1 200 101 https://localhost:9443/devportal/apis/a7a6f198-2961-422a-9ba4-7dd81d27f2dc/overview Mozilla/5.0 (Windows NT 10.0; Win64; x64) AppleWebKit/537.36 (KHTML, like Gecko) Chrome/112.0.0.0 Safari/537.36 0.019
0:0:0:0:0:0:0:1 - - [10/May/2023:17:01:13 +0500] GET /api/am/devportal/v2/apis/a7a6f198-2961-422a-9ba4-7dd81d27f2dc/ratings HTTP/1.1 200 125 https://localhost:9443/devportal/apis/a7a6f198-2961-422a-9ba4-7dd81d27f2dc/overview Mozilla/5.0 (Windows NT 10.0; Win64; x64) AppleWebKit/537.36 (KHTML, like Gecko) Chrome/112.0.0.0 Safari/537.36 0.015
0:0:0:0:0:0:0:1 - - [10/May/2023:17:01:15 +0500] GET /devportal/site/public/dist/9.19a62cd6a9c3410d8be6.bundle.js HTTP/1.1 200 89623 https://localhost:9443/devportal/apis/a7a6f198-2961-422a-9ba4-7dd81d27f2dc/test Mozilla/5.0 (Windows NT 10.0; Win64; x64) AppleWebKit/537.36 (KHTML, like Gecko) Chrome/112.0.0.0 Safari/537.36 0.026
0:0:0:0:0:0:0:1 - - [10/May/2023:17:01:15 +0500] GET /devportal/site/public/dist/3.5fb775e73b1459555d1d.bundle.js HTTP/1.1 200 5285 https://localhost:9443/devportal/apis/a7a6f198-2961-422a-9ba4-7dd81d27f2dc/test Mozilla/5.0 (Windows NT 10.0; Win64; x64) AppleWebKit/537.36 (KHTML, like Gecko) Chrome/112.0.0.0 Safari/537.36 0.003
0:0:0:0:0:0:0:1 - - [10/May/2023:17:01:15 +0500] GET /devportal/site/public/dist/APIConsole.e692d99b83731b72dbe6.bundle.js HTTP/1.1 200 4237 https://localhost:9443/devportal/apis/a7a6f198-2961-422a-9ba4-7dd81d27f2dc/test Mozilla/5.0 (Windows NT 10.0; Win64; x64) AppleWebKit/537.36 (KHTML, like Gecko) Chrome/112.0.0.0 Safari/537.36 0.003
0:0:0:0:0:0:0:1 - - [10/May/2023:17:01:15 +0500] GET /devportal/site/public/images/_favicon.ico HTTP/1.1 200 1150 https://localhost:9443/devportal/apis/a7a6f198-2961-422a-9ba4-7dd81d27f2dc/test Mozilla/5.0 (Windows NT 10.0; Win64; x64) AppleWebKit/537.36 (KHTML, like Gecko) Chrome/112.0.0.0 Safari/537.36 0.002
0:0:0:0:0:0:0:1 - - [10/May/2023:17:01:15 +0500] GET /devportal/site/public/dist/vendors~APIConsole~GraphQLConsole.c00ffdb9a4bac0f7794e.bundle.js HTTP/1.1 200 364418 https://localhost:9443/devportal/apis/a7a6f198-2961-422a-9ba4-7dd81d27f2dc/test Mozilla/5.0 (Windows NT 10.0; Win64; x64) AppleWebKit/537.36 (KHTML, like Gecko) Chrome/112.0.0.0 Safari/537.36 0.210
0:0:0:0:0:0:0:1 - - [10/May/2023:17:01:16 +0500] GET /devportal/site/public/dist/vendors~APIConsole.b84bc27def35d6c9dee0.bundle.js HTTP/1.1 200 1577542 https://localhost:9443/devportal/apis/a7a6f198-2961-422a-9ba4-7dd81d27f2dc/test Mozilla/5.0 (Windows NT 10.0; Win64; x64) AppleWebKit/537.36 (KHTML, like Gecko) Chrome/112.0.0.0 Safari/537.36 0.667
0:0:0:0:0:0:0:1 - - [10/May/2023:17:01:17 +0500] GET /api/am/devportal/v2/apis/a7a6f198-2961-422a-9ba4-7dd81d27f2dc HTTP/1.1 200 2493 https://localhost:9443/devportal/apis/a7a6f198-2961-422a-9ba4-7dd81d27f2dc/test Mozilla/5.0 (Windows NT 10.0; Win64; x64) AppleWebKit/537.36 (KHTML, like Gecko) Chrome/112.0.0.0 Safari/537.36 0.027
0:0:0:0:0:0:0:1 - - [10/May/2023:17:01:18 +0500] GET /api/am/devportal/v2/apis/a7a6f198-2961-422a-9ba4-7dd81d27f2dc/swagger?environmentName=Default HTTP/1.1 200 1774 https://localhost:9443/devportal/apis/a7a6f198-2961-422a-9ba4-7dd81d27f2dc/test Mozilla/5.0 (Windows NT 10.0; Win64; x64) AppleWebKit/537.36 (KHTML, like Gecko) Chrome/112.0.0.0 Safari/537.36 0.026
0:0:0:0:0:0:0:1 - - [10/May/2023:17:01:18 +0500] GET /api/am/devportal/v2/swagger.yaml HTTP/1.1 200 23486 https://localhost:9443/devportal/apis/a7a6f198-2961-422a-9ba4-7dd81d27f2dc/test Mozilla/5.0 (Windows NT 10.0; Win64; x64) AppleWebKit/537.36 (KHTML, like Gecko) Chrome/112.0.0.0 Safari/537.36 0.024
127.0.0.1 - - [10/May/2023:17:01:18 +0500] GET /oauth2/token/.well-known/openid-configuration HTTP/1.1 200 2245 - Apache-HttpClient/4.5.13 (Java/11.0.18) 0.005
0:0:0:0:0:0:0:1 - - [10/May/2023:17:01:18 +0500] GET /api/am/devportal/v2/key-managers HTTP/1.1 200 755 https://localhost:9443/devportal/apis/a7a6f198-2961-422a-9ba4-7dd81d27f2dc/test Mozilla/5.0 (Windows NT 10.0; Win64; x64) AppleWebKit/537.36 (KHTML, like Gecko) Chrome/112.0.0.0 Safari/537.36 0.042
127.0.0.1 - - [10/May/2023:17:01:18 +0500] GET /keymanager-operations/dcr/register/NU1taEFTeEo5NEVmYjdxM3V4U0FQTDJpSG84YQ%3D%3D HTTP/1.1 200 515 - Apache-HttpClient/4.5.13 (Java/11.0.18) 0.024
0:0:0:0:0:0:0:1 - - [10/May/2023:17:01:18 +0500] GET /api/am/devportal/v2/subscriptions?apiId=a7a6f198-2961-422a-9ba4-7dd81d27f2dc&limit=25 HTTP/1.1 200 735 https://localhost:9443/devportal/apis/a7a6f198-2961-422a-9ba4-7dd81d27f2dc/test Mozilla/5.0 (Windows NT 10.0; Win64; x64) AppleWebKit/537.36 (KHTML, like Gecko) Chrome/112.0.0.0 Safari/537.36 0.063
127.0.0.1 - - [10/May/2023:17:01:18 +0500] GET /keymanager-operations/dcr/register/NU1taEFTeEo5NEVmYjdxM3V4U0FQTDJpSG84YQ%3D%3D HTTP/1.1 200 515 - Apache-HttpClient/4.5.13 (Java/11.0.18) 0.005
0:0:0:0:0:0:0:1 - - [10/May/2023:17:01:18 +0500] GET /api/am/devportal/v2/subscriptions?apiId=a7a6f198-2961-422a-9ba4-7dd81d27f2dc&limit=25 HTTP/1.1 200 735 https://localhost:9443/devportal/apis/a7a6f198-2961-422a-9ba4-7dd81d27f2dc/test Mozilla/5.0 (Windows NT 10.0; Win64; x64) AppleWebKit/537.36 (KHTML, like Gecko) Chrome/112.0.0.0 Safari/537.36 0.052
0:0:0:0:0:0:0:1 - - [10/May/2023:17:01:19 +0500] GET /api/am/devportal/v2/applications/ HTTP/1.1 200 551 https://localhost:9443/devportal/apis/a7a6f198-2961-422a-9ba4-7dd81d27f2dc/test Mozilla/5.0 (Windows NT 10.0; Win64; x64) AppleWebKit/537.36 (KHTML, like Gecko) Chrome/112.0.0.0 Safari/537.36 0.008
0:0:0:0:0:0:0:1 - - [10/May/2023:17:01:19 +0500] GET /api/am/devportal/v2/swagger.yaml HTTP/1.1 200 23486 https://localhost:9443/devportal/apis/a7a6f198-2961-422a-9ba4-7dd81d27f2dc/test Mozilla/5.0 (Windows NT 10.0; Win64; x64) AppleWebKit/537.36 (KHTML, like Gecko) Chrome/112.0.0.0 Safari/537.36 0.010
127.0.0.1 - - [10/May/2023:17:01:20 +0500] GET /keymanager-operations/dcr/register/NU1taEFTeEo5NEVmYjdxM3V4U0FQTDJpSG84YQ%3D%3D HTTP/1.1 200 515 - Apache-HttpClient/4.5.13 (Java/11.0.18) 0.006
0:0:0:0:0:0:0:1 - - [10/May/2023:17:01:20 +0500] GET /api/am/devportal/v2/applications/aa31ee01-3d38-48ed-b044-11c78bfc8bd8 HTTP/1.1 200 281 https://localhost:9443/devportal/apis/a7a6f198-2961-422a-9ba4-7dd81d27f2dc/test Mozilla/5.0 (Windows NT 10.0; Win64; x64) AppleWebKit/537.36 (KHTML, like Gecko) Chrome/112.0.0.0 Safari/537.36 0.016
127.0.0.1 - - [10/May/2023:17:01:20 +0500] GET /keymanager-operations/dcr/register/NU1taEFTeEo5NEVmYjdxM3V4U0FQTDJpSG84YQ%3D%3D HTTP/1.1 200 515 - Apache-HttpClient/4.5.13 (Java/11.0.18) 0.005
0:0:0:0:0:0:0:1 - - [10/May/2023:17:01:20 +0500] GET /api/am/devportal/v2/applications/aa31ee01-3d38-48ed-b044-11c78bfc8bd8/oauth-keys HTTP/1.1 200 663 https://localhost:9443/devportal/apis/a7a6f198-2961-422a-9ba4-7dd81d27f2dc/test Mozilla/5.0 (Windows NT 10.0; Win64; x64) AppleWebKit/537.36 (KHTML, like Gecko) Chrome/112.0.0.0 Safari/537.36 0.016
0:0:0:0:0:0:0:1 - - [10/May/2023:17:01:20 +0500] GET /api/am/devportal/v2/swagger.yaml HTTP/1.1 200 23486 https://localhost:9443/devportal/apis/a7a6f198-2961-422a-9ba4-7dd81d27f2dc/test Mozilla/5.0 (Windows NT 10.0; Win64; x64) AppleWebKit/537.36 (KHTML, like Gecko) Chrome/112.0.0.0 Safari/537.36 0.010
0:0:0:0:0:0:0:1 - - [10/May/2023:17:01:20 +0500] GET /api/am/devportal/v2/swagger.yaml HTTP/1.1 200 23486 https://localhost:9443/devportal/apis/a7a6f198-2961-422a-9ba4-7dd81d27f2dc/test Mozilla/5.0 (Windows NT 10.0; Win64; x64) AppleWebKit/537.36 (KHTML, like Gecko) Chrome/112.0.0.0 Safari/537.36 0.019
127.0.0.1 - - [10/May/2023:17:01:20 +0500] GET /keymanager-operations/dcr/register/NU1taEFTeEo5NEVmYjdxM3V4U0FQTDJpSG84YQ%3D%3D HTTP/1.1 200 515 - Apache-HttpClient/4.5.13 (Java/11.0.18) 0.004
0:0:0:0:0:0:0:1 - - [10/May/2023:17:01:20 +0500] GET /api/am/devportal/v2/applications/aa31ee01-3d38-48ed-b044-11c78bfc8bd8 HTTP/1.1 200 281 https://localhost:9443/devportal/apis/a7a6f198-2961-422a-9ba4-7dd81d27f2dc/test Mozilla/5.0 (Windows NT 10.0; Win64; x64) AppleWebKit/537.36 (KHTML, like Gecko) Chrome/112.0.0.0 Safari/537.36 0.016
127.0.0.1 - - [10/May/2023:17:01:20 +0500] GET /keymanager-operations/dcr/register/NU1taEFTeEo5NEVmYjdxM3V4U0FQTDJpSG84YQ%3D%3D HTTP/1.1 200 515 - Apache-HttpClient/4.5.13 (Java/11.0.18) 0.009
0:0:0:0:0:0:0:1 - - [10/May/2023:17:01:20 +0500] GET /api/am/devportal/v2/applications/aa31ee01-3d38-48ed-b044-11c78bfc8bd8 HTTP/1.1 200 281 https://localhost:9443/devportal/apis/a7a6f198-2961-422a-9ba4-7dd81d27f2dc/test Mozilla/5.0 (Windows NT 10.0; Win64; x64) AppleWebKit/537.36 (KHTML, like Gecko) Chrome/112.0.0.0 Safari/537.36 0.027
127.0.0.1 - - [10/May/2023:17:01:20 +0500] GET /keymanager-operations/dcr/register/NU1taEFTeEo5NEVmYjdxM3V4U0FQTDJpSG84YQ%3D%3D HTTP/1.1 200 515 - Apache-HttpClient/4.5.13 (Java/11.0.18) 0.010
0:0:0:0:0:0:0:1 - - [10/May/2023:17:01:20 +0500] GET /api/am/devportal/v2/applications/aa31ee01-3d38-48ed-b044-11c78bfc8bd8/oauth-keys HTTP/1.1 200 663 https://localhost:9443/devportal/apis/a7a6f198-2961-422a-9ba4-7dd81d27f2dc/test Mozilla/5.0 (Windows NT 10.0; Win64; x64) AppleWebKit/537.36 (KHTML, like Gecko) Chrome/112.0.0.0 Safari/537.36 0.022
127.0.0.1 - - [10/May/2023:17:01:20 +0500] GET /keymanager-operations/dcr/register/NU1taEFTeEo5NEVmYjdxM3V4U0FQTDJpSG84YQ%3D%3D HTTP/1.1 200 515 - Apache-HttpClient/4.5.13 (Java/11.0.18) 0.006
