0:0:0:0:0:0:0:1 - - [01/Aug/2023:10:43:53 +0500] GET /devportal/site/public/locales/en.json HTTP/1.1 200 56514 https://localhost:9443/devportal/apis/a7a6f198-2961-422a-9ba4-7dd81d27f2dc/overview Mozilla/5.0 (Windows NT 10.0; Win64; x64) AppleWebKit/537.36 (KHTML, like Gecko) Chrome/114.0.0.0 Safari/537.36 0.040
0:0:0:0:0:0:0:1 - - [01/Aug/2023:10:43:54 +0500] GET /api/am/devportal/v2/swagger.yaml HTTP/1.1 200 23493 https://localhost:9443/devportal/apis/a7a6f198-2961-422a-9ba4-7dd81d27f2dc/overview Mozilla/5.0 (Windows NT 10.0; Win64; x64) AppleWebKit/537.36 (KHTML, like Gecko) Chrome/114.0.0.0 Safari/537.36 0.781
0:0:0:0:0:0:0:1 - - [01/Aug/2023:10:43:55 +0500] POST /devportal/services/refresh/refresh.jag HTTP/1.1 200 2 https://localhost:9443/devportal/apis/a7a6f198-2961-422a-9ba4-7dd81d27f2dc/overview Mozilla/5.0 (Windows NT 10.0; Win64; x64) AppleWebKit/537.36 (KHTML, like Gecko) Chrome/114.0.0.0 Safari/537.36 0.711
127.0.0.1 - - [01/Aug/2023:10:43:55 +0500] POST /oauth2/token HTTP/1.1 200 1230 - Jakarta Commons-HttpClient/3.1 0.496
127.0.0.1 - - [01/Aug/2023:10:43:56 +0500] POST /internal/data/v1/notify HTTP/1.1 200 - - Apache-HttpClient/4.5.13 (Java/11.0.18) 0.319
0:0:0:0:0:0:0:1 - - [01/Aug/2023:10:43:56 +0500] GET /api/am/devportal/v2/settings HTTP/1.1 200 868 https://localhost:9443/devportal/apis/a7a6f198-2961-422a-9ba4-7dd81d27f2dc/overview Mozilla/5.0 (Windows NT 10.0; Win64; x64) AppleWebKit/537.36 (KHTML, like Gecko) Chrome/114.0.0.0 Safari/537.36 1.110
0:0:0:0:0:0:0:1 - - [01/Aug/2023:10:43:57 +0500] GET /devportal/site/public/dist/ProtectedApp.85246914c5a864cd3b25.bundle.js HTTP/1.1 200 70400 https://localhost:9443/devportal/apis/a7a6f198-2961-422a-9ba4-7dd81d27f2dc/overview Mozilla/5.0 (Windows NT 10.0; Win64; x64) AppleWebKit/537.36 (KHTML, like Gecko) Chrome/114.0.0.0 Safari/537.36 0.060
0:0:0:0:0:0:0:1 - - [01/Aug/2023:10:43:57 +0500] GET /devportal/site/public/dist/vendors~ProtectedApp.f5062f21efd7a7d46a01.bundle.js HTTP/1.1 200 179913 https://localhost:9443/devportal/apis/a7a6f198-2961-422a-9ba4-7dd81d27f2dc/overview Mozilla/5.0 (Windows NT 10.0; Win64; x64) AppleWebKit/537.36 (KHTML, like Gecko) Chrome/114.0.0.0 Safari/537.36 0.094
0:0:0:0:0:0:0:1 - - [01/Aug/2023:10:43:57 +0500] GET /devportal/site/public/theme/temporary_features_config.json HTTP/1.1 200 - https://localhost:9443/devportal/apis/a7a6f198-2961-422a-9ba4-7dd81d27f2dc/overview Mozilla/5.0 (Windows NT 10.0; Win64; x64) AppleWebKit/537.36 (KHTML, like Gecko) Chrome/114.0.0.0 Safari/537.36 0.004
0:0:0:0:0:0:0:1 - - [01/Aug/2023:10:43:57 +0500] GET /devportal/site/public/theme/temporary_environments_config.json HTTP/1.1 200 - https://localhost:9443/devportal/apis/a7a6f198-2961-422a-9ba4-7dd81d27f2dc/overview Mozilla/5.0 (Windows NT 10.0; Win64; x64) AppleWebKit/537.36 (KHTML, like Gecko) Chrome/114.0.0.0 Safari/537.36 0.004
0:0:0:0:0:0:0:1 - - [01/Aug/2023:10:43:57 +0500] GET /api/am/devportal/v2/tenants?state=active HTTP/1.1 200 96 https://localhost:9443/devportal/apis/a7a6f198-2961-422a-9ba4-7dd81d27f2dc/overview Mozilla/5.0 (Windows NT 10.0; Win64; x64) AppleWebKit/537.36 (KHTML, like Gecko) Chrome/114.0.0.0 Safari/537.36 0.072
0:0:0:0:0:0:0:1 - - [01/Aug/2023:10:43:57 +0500] GET /devportal/site/public/dist/vendors~ApiListing~Apis~ApplicationDetails.085bc8cf7979cfcae9cd.bundle.js HTTP/1.1 200 3838 https://localhost:9443/devportal/apis/a7a6f198-2961-422a-9ba4-7dd81d27f2dc/overview Mozilla/5.0 (Windows NT 10.0; Win64; x64) AppleWebKit/537.36 (KHTML, like Gecko) Chrome/114.0.0.0 Safari/537.36 0.026
0:0:0:0:0:0:0:1 - - [01/Aug/2023:10:43:57 +0500] GET /devportal/site/public/dist/vendors~Apis.c6057c04cc4bfea77c3f.bundle.js HTTP/1.1 200 17153 https://localhost:9443/devportal/apis/a7a6f198-2961-422a-9ba4-7dd81d27f2dc/overview Mozilla/5.0 (Windows NT 10.0; Win64; x64) AppleWebKit/537.36 (KHTML, like Gecko) Chrome/114.0.0.0 Safari/537.36 0.032
0:0:0:0:0:0:0:1 - - [01/Aug/2023:10:43:57 +0500] GET /devportal/site/public/dist/Apis.fdf1eccb253de572570e.bundle.js HTTP/1.1 200 30555 https://localhost:9443/devportal/apis/a7a6f198-2961-422a-9ba4-7dd81d27f2dc/overview Mozilla/5.0 (Windows NT 10.0; Win64; x64) AppleWebKit/537.36 (KHTML, like Gecko) Chrome/114.0.0.0 Safari/537.36 0.024
0:0:0:0:0:0:0:1 - - [01/Aug/2023:10:43:57 +0500] GET /devportal/site/public/dist/vendors~Apis~Landing.3ed7aaee9d420a079083.bundle.js HTTP/1.1 200 3784 https://localhost:9443/devportal/apis/a7a6f198-2961-422a-9ba4-7dd81d27f2dc/overview Mozilla/5.0 (Windows NT 10.0; Win64; x64) AppleWebKit/537.36 (KHTML, like Gecko) Chrome/114.0.0.0 Safari/537.36 0.042
0:0:0:0:0:0:0:1 - - [01/Aug/2023:10:43:57 +0500] GET /oidc/checksession?client_id=1gMVqRyMGgEkZ3coeBEcN12K_zca&redirect_uri=https://localhost:9443/devportal/services/auth/callback/login HTTP/1.1 200 3133 https://localhost:9443/devportal/apis/a7a6f198-2961-422a-9ba4-7dd81d27f2dc/overview Mozilla/5.0 (Windows NT 10.0; Win64; x64) AppleWebKit/537.36 (KHTML, like Gecko) Chrome/114.0.0.0 Safari/537.36 0.004
0:0:0:0:0:0:0:1 - - [01/Aug/2023:10:43:57 +0500] GET /devportal/site/public/dist/vendors~Apis~ApplicationDetails.be38cbbdbc60426eae7a.bundle.js HTTP/1.1 200 71039 https://localhost:9443/devportal/apis/a7a6f198-2961-422a-9ba4-7dd81d27f2dc/overview Mozilla/5.0 (Windows NT 10.0; Win64; x64) AppleWebKit/537.36 (KHTML, like Gecko) Chrome/114.0.0.0 Safari/537.36 0.080
0:0:0:0:0:0:0:1 - - [01/Aug/2023:10:43:57 +0500] GET /devportal HTTP/1.1 302 - https://localhost:9443/devportal/apis/a7a6f198-2961-422a-9ba4-7dd81d27f2dc/overview Mozilla/5.0 (Windows NT 10.0; Win64; x64) AppleWebKit/537.36 (KHTML, like Gecko) Chrome/114.0.0.0 Safari/537.36 0.000
0:0:0:0:0:0:0:1 - - [01/Aug/2023:10:43:57 +0500] GET /devportal/site/public/images/zong_logo.svg HTTP/1.1 200 5917 https://localhost:9443/devportal/apis/a7a6f198-2961-422a-9ba4-7dd81d27f2dc/overview Mozilla/5.0 (Windows NT 10.0; Win64; x64) AppleWebKit/537.36 (KHTML, like Gecko) Chrome/114.0.0.0 Safari/537.36 0.015
0:0:0:0:0:0:0:1 - - [01/Aug/2023:10:43:57 +0500] GET /devportal/site/public/images/appbarBack.png HTTP/1.1 200 1964 https://localhost:9443/devportal/apis/a7a6f198-2961-422a-9ba4-7dd81d27f2dc/overview Mozilla/5.0 (Windows NT 10.0; Win64; x64) AppleWebKit/537.36 (KHTML, like Gecko) Chrome/114.0.0.0 Safari/537.36 0.024
0:0:0:0:0:0:0:1 - - [01/Aug/2023:10:43:57 +0500] GET /devportal/ HTTP/1.1 200 2034 https://localhost:9443/devportal/apis/a7a6f198-2961-422a-9ba4-7dd81d27f2dc/overview Mozilla/5.0 (Windows NT 10.0; Win64; x64) AppleWebKit/537.36 (KHTML, like Gecko) Chrome/114.0.0.0 Safari/537.36 0.024
0:0:0:0:0:0:0:1 - - [01/Aug/2023:10:43:57 +0500] GET /devportal/site/public/fonts/Open_Sans/mem8YaGs126MiZpBA-UFVZ0bf8pkAg.woff2 HTTP/1.1 200 8892 https://localhost:9443/devportal/site/public/css/main.css Mozilla/5.0 (Windows NT 10.0; Win64; x64) AppleWebKit/537.36 (KHTML, like Gecko) Chrome/114.0.0.0 Safari/537.36 0.034
0:0:0:0:0:0:0:1 - - [01/Aug/2023:10:43:57 +0500] GET /devportal/site/public/fonts/Open_Sans/mem5YaGs126MiZpBA-UN7rgOUuhpKKSTjw.woff2 HTTP/1.1 200 8800 https://localhost:9443/devportal/site/public/css/main.css Mozilla/5.0 (Windows NT 10.0; Win64; x64) AppleWebKit/537.36 (KHTML, like Gecko) Chrome/114.0.0.0 Safari/537.36 0.013
0:0:0:0:0:0:0:1 - - [01/Aug/2023:10:43:57 +0500] GET /devportal/site/public/fonts/iconfont/MaterialIcons-Regular.woff2 HTTP/1.1 200 60840 https://localhost:9443/devportal/site/public/fonts/iconfont/material-icons.css Mozilla/5.0 (Windows NT 10.0; Win64; x64) AppleWebKit/537.36 (KHTML, like Gecko) Chrome/114.0.0.0 Safari/537.36 0.028
0:0:0:0:0:0:0:1 - - [01/Aug/2023:10:43:58 +0500] GET /api/am/devportal/v2/apis/a7a6f198-2961-422a-9ba4-7dd81d27f2dc HTTP/1.1 200 2494 https://localhost:9443/devportal/apis/a7a6f198-2961-422a-9ba4-7dd81d27f2dc/overview Mozilla/5.0 (Windows NT 10.0; Win64; x64) AppleWebKit/537.36 (KHTML, like Gecko) Chrome/114.0.0.0 Safari/537.36 0.359
0:0:0:0:0:0:0:1 - - [01/Aug/2023:10:43:58 +0500] GET /api/am/devportal/v2/applications?limit=5000 HTTP/1.1 200 440 https://localhost:9443/devportal/apis/a7a6f198-2961-422a-9ba4-7dd81d27f2dc/overview Mozilla/5.0 (Windows NT 10.0; Win64; x64) AppleWebKit/537.36 (KHTML, like Gecko) Chrome/114.0.0.0 Safari/537.36 0.284
0:0:0:0:0:0:0:1 - - [01/Aug/2023:10:43:58 +0500] GET /devportal/site/public/dist/vendors~APIComments~APIOverview~ApplicationDetails.87a2f2161f16e1ebc95c.bundle.js HTTP/1.1 200 5400 https://localhost:9443/devportal/apis/a7a6f198-2961-422a-9ba4-7dd81d27f2dc/overview Mozilla/5.0 (Windows NT 10.0; Win64; x64) AppleWebKit/537.36 (KHTML, like Gecko) Chrome/114.0.0.0 Safari/537.36 0.006
0:0:0:0:0:0:0:1 - - [01/Aug/2023:10:43:58 +0500] GET /devportal/site/public/dist/APIComments.556f8b209379e7d93f7a.bundle.js HTTP/1.1 200 8382 https://localhost:9443/devportal/apis/a7a6f198-2961-422a-9ba4-7dd81d27f2dc/overview Mozilla/5.0 (Windows NT 10.0; Win64; x64) AppleWebKit/537.36 (KHTML, like Gecko) Chrome/114.0.0.0 Safari/537.36 0.018
0:0:0:0:0:0:0:1 - - [01/Aug/2023:10:43:58 +0500] GET /devportal/site/public/dist/vendors~APIDocuments~APIOverview.6e9016b2541da23523a5.bundle.js HTTP/1.1 200 86891 https://localhost:9443/devportal/apis/a7a6f198-2961-422a-9ba4-7dd81d27f2dc/overview Mozilla/5.0 (Windows NT 10.0; Win64; x64) AppleWebKit/537.36 (KHTML, like Gecko) Chrome/114.0.0.0 Safari/537.36 0.041
0:0:0:0:0:0:0:1 - - [01/Aug/2023:10:43:58 +0500] GET /devportal/site/public/images/leftMenuBack.png HTTP/1.1 200 5308 https://localhost:9443/devportal/apis/a7a6f198-2961-422a-9ba4-7dd81d27f2dc/overview Mozilla/5.0 (Windows NT 10.0; Win64; x64) AppleWebKit/537.36 (KHTML, like Gecko) Chrome/114.0.0.0 Safari/537.36 0.019
0:0:0:0:0:0:0:1 - - [01/Aug/2023:10:43:58 +0500] GET /devportal/site/public/dist/APIOverview.f8126125ca0837b4fd59.bundle.js HTTP/1.1 200 11676 https://localhost:9443/devportal/apis/a7a6f198-2961-422a-9ba4-7dd81d27f2dc/overview Mozilla/5.0 (Windows NT 10.0; Win64; x64) AppleWebKit/537.36 (KHTML, like Gecko) Chrome/114.0.0.0 Safari/537.36 0.035
0:0:0:0:0:0:0:1 - - [01/Aug/2023:10:43:58 +0500] GET /api/am/devportal/v2/apis/a7a6f198-2961-422a-9ba4-7dd81d27f2dc/documents HTTP/1.1 200 92 https://localhost:9443/devportal/apis/a7a6f198-2961-422a-9ba4-7dd81d27f2dc/overview Mozilla/5.0 (Windows NT 10.0; Win64; x64) AppleWebKit/537.36 (KHTML, like Gecko) Chrome/114.0.0.0 Safari/537.36 0.043
0:0:0:0:0:0:0:1 - - [01/Aug/2023:10:43:58 +0500] GET /api/am/devportal/v2/throttling-policies/subscription HTTP/1.1 200 640 https://localhost:9443/devportal/apis/a7a6f198-2961-422a-9ba4-7dd81d27f2dc/overview Mozilla/5.0 (Windows NT 10.0; Win64; x64) AppleWebKit/537.36 (KHTML, like Gecko) Chrome/114.0.0.0 Safari/537.36 0.017
0:0:0:0:0:0:0:1 - - [01/Aug/2023:10:43:58 +0500] GET /api/am/devportal/v2/throttling-policies/subscription HTTP/1.1 200 640 https://localhost:9443/devportal/apis/a7a6f198-2961-422a-9ba4-7dd81d27f2dc/overview Mozilla/5.0 (Windows NT 10.0; Win64; x64) AppleWebKit/537.36 (KHTML, like Gecko) Chrome/114.0.0.0 Safari/537.36 0.096
0:0:0:0:0:0:0:1 - - [01/Aug/2023:10:43:58 +0500] GET /api/am/devportal/v2/apis/a7a6f198-2961-422a-9ba4-7dd81d27f2dc/documents HTTP/1.1 200 92 https://localhost:9443/devportal/apis/a7a6f198-2961-422a-9ba4-7dd81d27f2dc/overview Mozilla/5.0 (Windows NT 10.0; Win64; x64) AppleWebKit/537.36 (KHTML, like Gecko) Chrome/114.0.0.0 Safari/537.36 0.025
0:0:0:0:0:0:0:1 - - [01/Aug/2023:10:43:58 +0500] GET /api/am/devportal/v2/apis/a7a6f198-2961-422a-9ba4-7dd81d27f2dc/thumbnail HTTP/1.1 204 - https://localhost:9443/devportal/apis/a7a6f198-2961-422a-9ba4-7dd81d27f2dc/overview Mozilla/5.0 (Windows NT 10.0; Win64; x64) AppleWebKit/537.36 (KHTML, like Gecko) Chrome/114.0.0.0 Safari/537.36 0.056
0:0:0:0:0:0:0:1 - - [01/Aug/2023:10:43:58 +0500] GET /api/am/devportal/v2/apis/a7a6f198-2961-422a-9ba4-7dd81d27f2dc/ratings HTTP/1.1 200 125 https://localhost:9443/devportal/apis/a7a6f198-2961-422a-9ba4-7dd81d27f2dc/overview Mozilla/5.0 (Windows NT 10.0; Win64; x64) AppleWebKit/537.36 (KHTML, like Gecko) Chrome/114.0.0.0 Safari/537.36 0.052
0:0:0:0:0:0:0:1 - - [01/Aug/2023:10:43:58 +0500] GET /api/am/devportal/v2/apis/a7a6f198-2961-422a-9ba4-7dd81d27f2dc/comments?limit=5&offset=0 HTTP/1.1 200 101 https://localhost:9443/devportal/apis/a7a6f198-2961-422a-9ba4-7dd81d27f2dc/overview Mozilla/5.0 (Windows NT 10.0; Win64; x64) AppleWebKit/537.36 (KHTML, like Gecko) Chrome/114.0.0.0 Safari/537.36 0.075
127.0.0.1 - - [01/Aug/2023:10:43:59 +0500] GET /keymanager-operations/dcr/register/NU1taEFTeEo5NEVmYjdxM3V4U0FQTDJpSG84YQ%3D%3D HTTP/1.1 200 568 - Apache-HttpClient/4.5.13 (Java/11.0.18) 1.226
127.0.0.1 - - [01/Aug/2023:10:43:59 +0500] GET /keymanager-operations/dcr/register/NU1taEFTeEo5NEVmYjdxM3V4U0FQTDJpSG84YQ%3D%3D HTTP/1.1 200 568 - Apache-HttpClient/4.5.13 (Java/11.0.18) 1.286
0:0:0:0:0:0:0:1 - - [01/Aug/2023:10:43:59 +0500] GET /api/am/devportal/v2/subscriptions?apiId=a7a6f198-2961-422a-9ba4-7dd81d27f2dc&limit=5000 HTTP/1.1 200 735 https://localhost:9443/devportal/apis/a7a6f198-2961-422a-9ba4-7dd81d27f2dc/overview Mozilla/5.0 (Windows NT 10.0; Win64; x64) AppleWebKit/537.36 (KHTML, like Gecko) Chrome/114.0.0.0 Safari/537.36 1.498
0:0:0:0:0:0:0:1 - - [01/Aug/2023:10:43:59 +0500] GET /api/am/devportal/v2/subscriptions?apiId=a7a6f198-2961-422a-9ba4-7dd81d27f2dc&limit=25 HTTP/1.1 200 735 https://localhost:9443/devportal/apis/a7a6f198-2961-422a-9ba4-7dd81d27f2dc/overview Mozilla/5.0 (Windows NT 10.0; Win64; x64) AppleWebKit/537.36 (KHTML, like Gecko) Chrome/114.0.0.0 Safari/537.36 1.502
0:0:0:0:0:0:0:1 - - [01/Aug/2023:10:44:00 +0500] GET /api/am/devportal/v2/apis/a7a6f198-2961-422a-9ba4-7dd81d27f2dc HTTP/1.1 200 2494 https://localhost:9443/devportal/apis/a7a6f198-2961-422a-9ba4-7dd81d27f2dc/test Mozilla/5.0 (Windows NT 10.0; Win64; x64) AppleWebKit/537.36 (KHTML, like Gecko) Chrome/114.0.0.0 Safari/537.36 0.030
0:0:0:0:0:0:0:1 - - [01/Aug/2023:10:44:00 +0500] GET /devportal/site/public/dist/APIConsole.e692d99b83731b72dbe6.bundle.js HTTP/1.1 200 4237 https://localhost:9443/devportal/apis/a7a6f198-2961-422a-9ba4-7dd81d27f2dc/test Mozilla/5.0 (Windows NT 10.0; Win64; x64) AppleWebKit/537.36 (KHTML, like Gecko) Chrome/114.0.0.0 Safari/537.36 0.052
0:0:0:0:0:0:0:1 - - [01/Aug/2023:10:44:00 +0500] GET /devportal/site/public/dist/3.5fb775e73b1459555d1d.bundle.js HTTP/1.1 200 5288 https://localhost:9443/devportal/apis/a7a6f198-2961-422a-9ba4-7dd81d27f2dc/test Mozilla/5.0 (Windows NT 10.0; Win64; x64) AppleWebKit/537.36 (KHTML, like Gecko) Chrome/114.0.0.0 Safari/537.36 0.062
0:0:0:0:0:0:0:1 - - [01/Aug/2023:10:44:00 +0500] GET /devportal/site/public/dist/9.19a62cd6a9c3410d8be6.bundle.js HTTP/1.1 200 89623 https://localhost:9443/devportal/apis/a7a6f198-2961-422a-9ba4-7dd81d27f2dc/test Mozilla/5.0 (Windows NT 10.0; Win64; x64) AppleWebKit/537.36 (KHTML, like Gecko) Chrome/114.0.0.0 Safari/537.36 0.169
0:0:0:0:0:0:0:1 - - [01/Aug/2023:10:44:00 +0500] GET /api/am/devportal/v2/applications?limit=5000 HTTP/1.1 200 440 https://localhost:9443/devportal/apis/a7a6f198-2961-422a-9ba4-7dd81d27f2dc/test Mozilla/5.0 (Windows NT 10.0; Win64; x64) AppleWebKit/537.36 (KHTML, like Gecko) Chrome/114.0.0.0 Safari/537.36 0.100
127.0.0.1 - - [01/Aug/2023:10:44:00 +0500] GET /keymanager-operations/dcr/register/NU1taEFTeEo5NEVmYjdxM3V4U0FQTDJpSG84YQ%3D%3D HTTP/1.1 200 568 - Apache-HttpClient/4.5.13 (Java/11.0.18) 0.010
0:0:0:0:0:0:0:1 - - [01/Aug/2023:10:44:00 +0500] GET /api/am/devportal/v2/subscriptions?apiId=a7a6f198-2961-422a-9ba4-7dd81d27f2dc&limit=25 HTTP/1.1 200 735 https://localhost:9443/devportal/apis/a7a6f198-2961-422a-9ba4-7dd81d27f2dc/test Mozilla/5.0 (Windows NT 10.0; Win64; x64) AppleWebKit/537.36 (KHTML, like Gecko) Chrome/114.0.0.0 Safari/537.36 0.153
127.0.0.1 - - [01/Aug/2023:10:44:00 +0500] GET /keymanager-operations/dcr/register/NU1taEFTeEo5NEVmYjdxM3V4U0FQTDJpSG84YQ%3D%3D HTTP/1.1 200 568 - Apache-HttpClient/4.5.13 (Java/11.0.18) 0.038
0:0:0:0:0:0:0:1 - - [01/Aug/2023:10:44:00 +0500] GET /api/am/devportal/v2/subscriptions?apiId=a7a6f198-2961-422a-9ba4-7dd81d27f2dc&limit=5000 HTTP/1.1 200 735 https://localhost:9443/devportal/apis/a7a6f198-2961-422a-9ba4-7dd81d27f2dc/test Mozilla/5.0 (Windows NT 10.0; Win64; x64) AppleWebKit/537.36 (KHTML, like Gecko) Chrome/114.0.0.0 Safari/537.36 0.166
0:0:0:0:0:0:0:1 - - [01/Aug/2023:10:44:01 +0500] GET /devportal/site/public/dist/vendors~APIConsole~GraphQLConsole.c00ffdb9a4bac0f7794e.bundle.js HTTP/1.1 200 364418 https://localhost:9443/devportal/apis/a7a6f198-2961-422a-9ba4-7dd81d27f2dc/test Mozilla/5.0 (Windows NT 10.0; Win64; x64) AppleWebKit/537.36 (KHTML, like Gecko) Chrome/114.0.0.0 Safari/537.36 0.368
0:0:0:0:0:0:0:1 - - [01/Aug/2023:10:44:01 +0500] GET /devportal/site/public/dist/vendors~APIConsole.b84bc27def35d6c9dee0.bundle.js HTTP/1.1 200 1577542 https://localhost:9443/devportal/apis/a7a6f198-2961-422a-9ba4-7dd81d27f2dc/test Mozilla/5.0 (Windows NT 10.0; Win64; x64) AppleWebKit/537.36 (KHTML, like Gecko) Chrome/114.0.0.0 Safari/537.36 0.862
0:0:0:0:0:0:0:1 - - [01/Aug/2023:10:44:02 +0500] GET /api/am/devportal/v2/apis/a7a6f198-2961-422a-9ba4-7dd81d27f2dc HTTP/1.1 200 2494 https://localhost:9443/devportal/apis/a7a6f198-2961-422a-9ba4-7dd81d27f2dc/test Mozilla/5.0 (Windows NT 10.0; Win64; x64) AppleWebKit/537.36 (KHTML, like Gecko) Chrome/114.0.0.0 Safari/537.36 0.026
0:0:0:0:0:0:0:1 - - [01/Aug/2023:10:44:02 +0500] GET /api/am/devportal/v2/apis/a7a6f198-2961-422a-9ba4-7dd81d27f2dc/swagger?environmentName=Default HTTP/1.1 200 1774 https://localhost:9443/devportal/apis/a7a6f198-2961-422a-9ba4-7dd81d27f2dc/test Mozilla/5.0 (Windows NT 10.0; Win64; x64) AppleWebKit/537.36 (KHTML, like Gecko) Chrome/114.0.0.0 Safari/537.36 0.059
0:0:0:0:0:0:0:1 - - [01/Aug/2023:10:44:02 +0500] GET /api/am/devportal/v2/swagger.yaml HTTP/1.1 200 23493 https://localhost:9443/devportal/apis/a7a6f198-2961-422a-9ba4-7dd81d27f2dc/test Mozilla/5.0 (Windows NT 10.0; Win64; x64) AppleWebKit/537.36 (KHTML, like Gecko) Chrome/114.0.0.0 Safari/537.36 0.022
127.0.0.1 - - [01/Aug/2023:10:44:02 +0500] GET /keymanager-operations/dcr/register/NU1taEFTeEo5NEVmYjdxM3V4U0FQTDJpSG84YQ%3D%3D HTTP/1.1 200 568 - Apache-HttpClient/4.5.13 (Java/11.0.18) 0.023
0:0:0:0:0:0:0:1 - - [01/Aug/2023:10:44:02 +0500] GET /api/am/devportal/v2/subscriptions?apiId=a7a6f198-2961-422a-9ba4-7dd81d27f2dc&limit=25 HTTP/1.1 200 735 https://localhost:9443/devportal/apis/a7a6f198-2961-422a-9ba4-7dd81d27f2dc/test Mozilla/5.0 (Windows NT 10.0; Win64; x64) AppleWebKit/537.36 (KHTML, like Gecko) Chrome/114.0.0.0 Safari/537.36 0.062
127.0.0.1 - - [01/Aug/2023:10:44:02 +0500] GET /oauth2/token/.well-known/openid-configuration HTTP/1.1 200 2245 - Apache-HttpClient/4.5.13 (Java/11.0.18) 0.029
0:0:0:0:0:0:0:1 - - [01/Aug/2023:10:44:02 +0500] GET /api/am/devportal/v2/key-managers HTTP/1.1 200 755 https://localhost:9443/devportal/apis/a7a6f198-2961-422a-9ba4-7dd81d27f2dc/test Mozilla/5.0 (Windows NT 10.0; Win64; x64) AppleWebKit/537.36 (KHTML, like Gecko) Chrome/114.0.0.0 Safari/537.36 0.099
127.0.0.1 - - [01/Aug/2023:10:44:02 +0500] GET /keymanager-operations/dcr/register/NU1taEFTeEo5NEVmYjdxM3V4U0FQTDJpSG84YQ%3D%3D HTTP/1.1 200 568 - Apache-HttpClient/4.5.13 (Java/11.0.18) 0.005
0:0:0:0:0:0:0:1 - - [01/Aug/2023:10:44:02 +0500] GET /api/am/devportal/v2/subscriptions?apiId=a7a6f198-2961-422a-9ba4-7dd81d27f2dc&limit=25 HTTP/1.1 200 735 https://localhost:9443/devportal/apis/a7a6f198-2961-422a-9ba4-7dd81d27f2dc/test Mozilla/5.0 (Windows NT 10.0; Win64; x64) AppleWebKit/537.36 (KHTML, like Gecko) Chrome/114.0.0.0 Safari/537.36 0.050
0:0:0:0:0:0:0:1 - - [01/Aug/2023:10:44:03 +0500] GET /api/am/devportal/v2/swagger.yaml HTTP/1.1 200 23493 https://localhost:9443/devportal/apis/a7a6f198-2961-422a-9ba4-7dd81d27f2dc/test Mozilla/5.0 (Windows NT 10.0; Win64; x64) AppleWebKit/537.36 (KHTML, like Gecko) Chrome/114.0.0.0 Safari/537.36 0.011
0:0:0:0:0:0:0:1 - - [01/Aug/2023:10:44:03 +0500] GET /api/am/devportal/v2/applications/ HTTP/1.1 200 438 https://localhost:9443/devportal/apis/a7a6f198-2961-422a-9ba4-7dd81d27f2dc/test Mozilla/5.0 (Windows NT 10.0; Win64; x64) AppleWebKit/537.36 (KHTML, like Gecko) Chrome/114.0.0.0 Safari/537.36 0.018
127.0.0.1 - - [01/Aug/2023:10:44:03 +0500] GET /keymanager-operations/dcr/register/NU1taEFTeEo5NEVmYjdxM3V4U0FQTDJpSG84YQ%3D%3D HTTP/1.1 200 568 - Apache-HttpClient/4.5.13 (Java/11.0.18) 0.005
0:0:0:0:0:0:0:1 - - [01/Aug/2023:10:44:03 +0500] GET /api/am/devportal/v2/applications/aa31ee01-3d38-48ed-b044-11c78bfc8bd8 HTTP/1.1 200 281 https://localhost:9443/devportal/apis/a7a6f198-2961-422a-9ba4-7dd81d27f2dc/test Mozilla/5.0 (Windows NT 10.0; Win64; x64) AppleWebKit/537.36 (KHTML, like Gecko) Chrome/114.0.0.0 Safari/537.36 0.091
127.0.0.1 - - [01/Aug/2023:10:44:03 +0500] GET /keymanager-operations/dcr/register/NU1taEFTeEo5NEVmYjdxM3V4U0FQTDJpSG84YQ%3D%3D HTTP/1.1 200 568 - Apache-HttpClient/4.5.13 (Java/11.0.18) 0.005
0:0:0:0:0:0:0:1 - - [01/Aug/2023:10:44:03 +0500] GET /api/am/devportal/v2/applications/aa31ee01-3d38-48ed-b044-11c78bfc8bd8/oauth-keys HTTP/1.1 200 716 https://localhost:9443/devportal/apis/a7a6f198-2961-422a-9ba4-7dd81d27f2dc/test Mozilla/5.0 (Windows NT 10.0; Win64; x64) AppleWebKit/537.36 (KHTML, like Gecko) Chrome/114.0.0.0 Safari/537.36 0.026
0:0:0:0:0:0:0:1 - - [01/Aug/2023:10:44:03 +0500] GET /api/am/devportal/v2/swagger.yaml HTTP/1.1 200 23493 https://localhost:9443/devportal/apis/a7a6f198-2961-422a-9ba4-7dd81d27f2dc/test Mozilla/5.0 (Windows NT 10.0; Win64; x64) AppleWebKit/537.36 (KHTML, like Gecko) Chrome/114.0.0.0 Safari/537.36 0.012
0:0:0:0:0:0:0:1 - - [01/Aug/2023:10:44:03 +0500] GET /api/am/devportal/v2/swagger.yaml HTTP/1.1 200 23493 https://localhost:9443/devportal/apis/a7a6f198-2961-422a-9ba4-7dd81d27f2dc/test Mozilla/5.0 (Windows NT 10.0; Win64; x64) AppleWebKit/537.36 (KHTML, like Gecko) Chrome/114.0.0.0 Safari/537.36 0.016
127.0.0.1 - - [01/Aug/2023:10:44:04 +0500] GET /keymanager-operations/dcr/register/NU1taEFTeEo5NEVmYjdxM3V4U0FQTDJpSG84YQ%3D%3D HTTP/1.1 200 568 - Apache-HttpClient/4.5.13 (Java/11.0.18) 0.005
0:0:0:0:0:0:0:1 - - [01/Aug/2023:10:44:04 +0500] GET /api/am/devportal/v2/applications/aa31ee01-3d38-48ed-b044-11c78bfc8bd8 HTTP/1.1 200 281 https://localhost:9443/devportal/apis/a7a6f198-2961-422a-9ba4-7dd81d27f2dc/test Mozilla/5.0 (Windows NT 10.0; Win64; x64) AppleWebKit/537.36 (KHTML, like Gecko) Chrome/114.0.0.0 Safari/537.36 0.015
127.0.0.1 - - [01/Aug/2023:10:44:04 +0500] GET /keymanager-operations/dcr/register/NU1taEFTeEo5NEVmYjdxM3V4U0FQTDJpSG84YQ%3D%3D HTTP/1.1 200 568 - Apache-HttpClient/4.5.13 (Java/11.0.18) 0.005
0:0:0:0:0:0:0:1 - - [01/Aug/2023:10:44:04 +0500] GET /api/am/devportal/v2/applications/aa31ee01-3d38-48ed-b044-11c78bfc8bd8 HTTP/1.1 200 281 https://localhost:9443/devportal/apis/a7a6f198-2961-422a-9ba4-7dd81d27f2dc/test Mozilla/5.0 (Windows NT 10.0; Win64; x64) AppleWebKit/537.36 (KHTML, like Gecko) Chrome/114.0.0.0 Safari/537.36 0.015
127.0.0.1 - - [01/Aug/2023:10:44:04 +0500] GET /keymanager-operations/dcr/register/NU1taEFTeEo5NEVmYjdxM3V4U0FQTDJpSG84YQ%3D%3D HTTP/1.1 200 568 - Apache-HttpClient/4.5.13 (Java/11.0.18) 0.005
0:0:0:0:0:0:0:1 - - [01/Aug/2023:10:44:04 +0500] GET /api/am/devportal/v2/applications/aa31ee01-3d38-48ed-b044-11c78bfc8bd8/oauth-keys HTTP/1.1 200 716 https://localhost:9443/devportal/apis/a7a6f198-2961-422a-9ba4-7dd81d27f2dc/test Mozilla/5.0 (Windows NT 10.0; Win64; x64) AppleWebKit/537.36 (KHTML, like Gecko) Chrome/114.0.0.0 Safari/537.36 0.025
127.0.0.1 - - [01/Aug/2023:10:44:04 +0500] GET /keymanager-operations/dcr/register/NU1taEFTeEo5NEVmYjdxM3V4U0FQTDJpSG84YQ%3D%3D HTTP/1.1 200 568 - Apache-HttpClient/4.5.13 (Java/11.0.18) 0.005
0:0:0:0:0:0:0:1 - - [01/Aug/2023:10:44:04 +0500] GET /api/am/devportal/v2/applications/aa31ee01-3d38-48ed-b044-11c78bfc8bd8/oauth-keys HTTP/1.1 200 716 https://localhost:9443/devportal/apis/a7a6f198-2961-422a-9ba4-7dd81d27f2dc/test Mozilla/5.0 (Windows NT 10.0; Win64; x64) AppleWebKit/537.36 (KHTML, like Gecko) Chrome/114.0.0.0 Safari/537.36 0.014
0:0:0:0:0:0:0:1 - - [01/Aug/2023:10:44:05 +0500] GET /api/am/devportal/v2/swagger.yaml HTTP/1.1 200 23493 https://localhost:9443/devportal/apis/a7a6f198-2961-422a-9ba4-7dd81d27f2dc/test Mozilla/5.0 (Windows NT 10.0; Win64; x64) AppleWebKit/537.36 (KHTML, like Gecko) Chrome/114.0.0.0 Safari/537.36 0.013
127.0.0.1 - - [01/Aug/2023:10:44:05 +0500] GET /keymanager-operations/dcr/register/NU1taEFTeEo5NEVmYjdxM3V4U0FQTDJpSG84YQ%3D%3D HTTP/1.1 200 568 - Apache-HttpClient/4.5.13 (Java/11.0.18) 0.006
0:0:0:0:0:0:0:1 - - [01/Aug/2023:10:44:05 +0500] GET /api/am/devportal/v2/applications/aa31ee01-3d38-48ed-b044-11c78bfc8bd8 HTTP/1.1 200 281 https://localhost:9443/devportal/apis/a7a6f198-2961-422a-9ba4-7dd81d27f2dc/test Mozilla/5.0 (Windows NT 10.0; Win64; x64) AppleWebKit/537.36 (KHTML, like Gecko) Chrome/114.0.0.0 Safari/537.36 0.018
127.0.0.1 - - [01/Aug/2023:10:44:05 +0500] GET /keymanager-operations/dcr/register/NU1taEFTeEo5NEVmYjdxM3V4U0FQTDJpSG84YQ%3D%3D HTTP/1.1 200 568 - Apache-HttpClient/4.5.13 (Java/11.0.18) 0.004
0:0:0:0:0:0:0:1 - - [01/Aug/2023:10:44:05 +0500] GET /api/am/devportal/v2/applications/aa31ee01-3d38-48ed-b044-11c78bfc8bd8/oauth-keys HTTP/1.1 200 716 https://localhost:9443/devportal/apis/a7a6f198-2961-422a-9ba4-7dd81d27f2dc/test Mozilla/5.0 (Windows NT 10.0; Win64; x64) AppleWebKit/537.36 (KHTML, like Gecko) Chrome/114.0.0.0 Safari/537.36 0.018
127.0.0.1 - - [01/Aug/2023:10:44:05 +0500] GET /keymanager-operations/dcr/register/NU1taEFTeEo5NEVmYjdxM3V4U0FQTDJpSG84YQ%3D%3D HTTP/1.1 200 568 - Apache-HttpClient/4.5.13 (Java/11.0.18) 0.004
127.0.0.1 - - [01/Aug/2023:10:44:05 +0500] GET /keymanager-operations/dcr/register/NU1taEFTeEo5NEVmYjdxM3V4U0FQTDJpSG84YQ%3D%3D HTTP/1.1 200 568 - Apache-HttpClient/4.5.13 (Java/11.0.18) 0.009
127.0.0.1 - - [01/Aug/2023:10:44:05 +0500] POST /internal/data/v1/notify HTTP/1.1 200 - - Apache-HttpClient/4.5.13 (Java/11.0.18) 0.011
127.0.0.1 - - [01/Aug/2023:10:44:05 +0500] POST /oauth2/token HTTP/1.1 200 1022 - Apache-HttpClient/4.5.13 (Java/11.0.18) 0.069
0:0:0:0:0:0:0:1 - - [01/Aug/2023:10:44:05 +0500] POST /api/am/devportal/v2/applications/aa31ee01-3d38-48ed-b044-11c78bfc8bd8/oauth-keys/2adab66d-3277-468e-871c-2cb653af28e0/generate-token HTTP/1.1 200 1009 https://localhost:9443/devportal/apis/a7a6f198-2961-422a-9ba4-7dd81d27f2dc/test Mozilla/5.0 (Windows NT 10.0; Win64; x64) AppleWebKit/537.36 (KHTML, like Gecko) Chrome/114.0.0.0 Safari/537.36 0.353
127.0.0.1 - - [01/Aug/2023:10:44:20 +0500] GET /oauth2/jwks HTTP/1.1 200 511 - Apache-HttpClient/4.5.13 (Java/11.0.18) 0.123
127.0.0.1 - - [01/Aug/2023:10:44:21 +0500] GET /am/sample/pizzashack/v1/api/menu HTTP/1.1 200 1663 https://localhost:9443/ Synapse-PT-HttpComponents-NIO 0.679
0:0:0:0:0:0:0:1 - - [01/Aug/2023:10:48:55 +0500] - 400 - - - 0.000
0:0:0:0:0:0:0:1 - - [01/Aug/2023:10:49:08 +0500] - 400 - - - 0.000
0:0:0:0:0:0:0:1 - - [01/Aug/2023:10:49:08 +0500] POST /api/am/publisher/v3/apis/a7a6f198-2961-422a-9ba4-7dd81d27f2dc/monetize HTTP/1.1 200 98 https://localhost:9443/publisher/apis/a7a6f198-2961-422a-9ba4-7dd81d27f2dc/monetization Mozilla/5.0 (Windows NT 10.0; Win64; x64) AppleWebKit/537.36 (KHTML, like Gecko) Chrome/114.0.0.0 Safari/537.36 0.458
0:0:0:0:0:0:0:1 - - [01/Aug/2023:10:49:11 +0500] GET /api/am/publisher/v3/apis?limit=10&offset=0 HTTP/1.1 200 832 https://localhost:9443/publisher/apis/ Mozilla/5.0 (Windows NT 10.0; Win64; x64) AppleWebKit/537.36 (KHTML, like Gecko) Chrome/114.0.0.0 Safari/537.36 0.348
0:0:0:0:0:0:0:1 - - [01/Aug/2023:10:49:13 +0500] - 400 - - - 0.000
0:0:0:0:0:0:0:1 - - [01/Aug/2023:10:49:13 +0500] GET /api/am/publisher/v3/tenants?state=active HTTP/1.1 200 96 https://localhost:9443/publisher/apis/a7a6f198-2961-422a-9ba4-7dd81d27f2dc/overview Mozilla/5.0 (Windows NT 10.0; Win64; x64) AppleWebKit/537.36 (KHTML, like Gecko) Chrome/114.0.0.0 Safari/537.36 0.008
0:0:0:0:0:0:0:1 - - [01/Aug/2023:10:49:13 +0500] GET /api/am/publisher/v3/apis/a7a6f198-2961-422a-9ba4-7dd81d27f2dc HTTP/1.1 200 1444 https://localhost:9443/publisher/apis/a7a6f198-2961-422a-9ba4-7dd81d27f2dc/overview Mozilla/5.0 (Windows NT 10.0; Win64; x64) AppleWebKit/537.36 (KHTML, like Gecko) Chrome/114.0.0.0 Safari/537.36 0.062
0:0:0:0:0:0:0:1 - - [01/Aug/2023:10:49:14 +0500] GET /api/am/publisher/v3/apis/a7a6f198-2961-422a-9ba4-7dd81d27f2dc/revisions?query=deployed%3Atrue HTTP/1.1 200 388 https://localhost:9443/publisher/apis/a7a6f198-2961-422a-9ba4-7dd81d27f2dc/overview Mozilla/5.0 (Windows NT 10.0; Win64; x64) AppleWebKit/537.36 (KHTML, like Gecko) Chrome/114.0.0.0 Safari/537.36 0.011
0:0:0:0:0:0:0:1 - - [01/Aug/2023:10:49:14 +0500] GET /api/am/publisher/v3/apis/a7a6f198-2961-422a-9ba4-7dd81d27f2dc/revisions HTTP/1.1 200 986 https://localhost:9443/publisher/apis/a7a6f198-2961-422a-9ba4-7dd81d27f2dc/overview Mozilla/5.0 (Windows NT 10.0; Win64; x64) AppleWebKit/537.36 (KHTML, like Gecko) Chrome/114.0.0.0 Safari/537.36 0.009
0:0:0:0:0:0:0:1 - - [01/Aug/2023:10:49:14 +0500] - 400 - - - 0.000
0:0:0:0:0:0:0:1 - - [01/Aug/2023:10:49:14 +0500] GET /api/am/publisher/v3/apis/a7a6f198-2961-422a-9ba4-7dd81d27f2dc/revisions?query=deployed%3Atrue HTTP/1.1 200 388 https://localhost:9443/publisher/apis/a7a6f198-2961-422a-9ba4-7dd81d27f2dc/overview Mozilla/5.0 (Windows NT 10.0; Win64; x64) AppleWebKit/537.36 (KHTML, like Gecko) Chrome/114.0.0.0 Safari/537.36 0.009
0:0:0:0:0:0:0:1 - - [01/Aug/2023:10:49:14 +0500] GET /api/am/publisher/v3/apis/a7a6f198-2961-422a-9ba4-7dd81d27f2dc/swagger HTTP/1.1 200 2097 https://localhost:9443/publisher/apis/a7a6f198-2961-422a-9ba4-7dd81d27f2dc/overview Mozilla/5.0 (Windows NT 10.0; Win64; x64) AppleWebKit/537.36 (KHTML, like Gecko) Chrome/114.0.0.0 Safari/537.36 0.052
0:0:0:0:0:0:0:1 - - [01/Aug/2023:10:49:14 +0500] GET /api/am/publisher/v3/apis/a7a6f198-2961-422a-9ba4-7dd81d27f2dc/revisions?query=deployed%3Atrue HTTP/1.1 200 388 https://localhost:9443/publisher/apis/a7a6f198-2961-422a-9ba4-7dd81d27f2dc/overview Mozilla/5.0 (Windows NT 10.0; Win64; x64) AppleWebKit/537.36 (KHTML, like Gecko) Chrome/114.0.0.0 Safari/537.36 0.008
0:0:0:0:0:0:0:1 - - [01/Aug/2023:10:49:14 +0500] GET /api/am/publisher/v3/apis/a7a6f198-2961-422a-9ba4-7dd81d27f2dc/swagger HTTP/1.1 200 2097 https://localhost:9443/publisher/apis/a7a6f198-2961-422a-9ba4-7dd81d27f2dc/overview Mozilla/5.0 (Windows NT 10.0; Win64; x64) AppleWebKit/537.36 (KHTML, like Gecko) Chrome/114.0.0.0 Safari/537.36 0.071
0:0:0:0:0:0:0:1 - - [01/Aug/2023:10:49:14 +0500] GET /api/am/publisher/v3/apis/a7a6f198-2961-422a-9ba4-7dd81d27f2dc/revisions?query=deployed%3Atrue HTTP/1.1 200 388 https://localhost:9443/publisher/apis/a7a6f198-2961-422a-9ba4-7dd81d27f2dc/overview Mozilla/5.0 (Windows NT 10.0; Win64; x64) AppleWebKit/537.36 (KHTML, like Gecko) Chrome/114.0.0.0 Safari/537.36 0.011
0:0:0:0:0:0:0:1 - - [01/Aug/2023:10:49:14 +0500] GET /api/am/publisher/v3/apis/a7a6f198-2961-422a-9ba4-7dd81d27f2dc/swagger HTTP/1.1 200 2097 https://localhost:9443/publisher/apis/a7a6f198-2961-422a-9ba4-7dd81d27f2dc/overview Mozilla/5.0 (Windows NT 10.0; Win64; x64) AppleWebKit/537.36 (KHTML, like Gecko) Chrome/114.0.0.0 Safari/537.36 0.047
0:0:0:0:0:0:0:1 - - [01/Aug/2023:10:49:16 +0500] GET /api/am/publisher/v3/apis/a7a6f198-2961-422a-9ba4-7dd81d27f2dc/monetization HTTP/1.1 200 32 https://localhost:9443/publisher/apis/a7a6f198-2961-422a-9ba4-7dd81d27f2dc/monetization Mozilla/5.0 (Windows NT 10.0; Win64; x64) AppleWebKit/537.36 (KHTML, like Gecko) Chrome/114.0.0.0 Safari/537.36 0.078
0:0:0:0:0:0:0:1 - - [01/Aug/2023:10:49:16 +0500] GET /api/am/publisher/v3/apis/a7a6f198-2961-422a-9ba4-7dd81d27f2dc/monetization HTTP/1.1 200 32 https://localhost:9443/publisher/apis/a7a6f198-2961-422a-9ba4-7dd81d27f2dc/monetization Mozilla/5.0 (Windows NT 10.0; Win64; x64) AppleWebKit/537.36 (KHTML, like Gecko) Chrome/114.0.0.0 Safari/537.36 0.050
0:0:0:0:0:0:0:1 - - [01/Aug/2023:10:49:16 +0500] GET /api/am/publisher/v3/apis/a7a6f198-2961-422a-9ba4-7dd81d27f2dc/subscription-policies HTTP/1.1 200 404 https://localhost:9443/publisher/apis/a7a6f198-2961-422a-9ba4-7dd81d27f2dc/monetization Mozilla/5.0 (Windows NT 10.0; Win64; x64) AppleWebKit/537.36 (KHTML, like Gecko) Chrome/114.0.0.0 Safari/537.36 0.066
0:0:0:0:0:0:0:1 - - [01/Aug/2023:10:49:16 +0500] GET /api/am/publisher/v3/settings HTTP/1.1 200 727 https://localhost:9443/publisher/apis/a7a6f198-2961-422a-9ba4-7dd81d27f2dc/monetization Mozilla/5.0 (Windows NT 10.0; Win64; x64) AppleWebKit/537.36 (KHTML, like Gecko) Chrome/114.0.0.0 Safari/537.36 0.329
0:0:0:0:0:0:0:1 - - [01/Aug/2023:10:49:33 +0500] GET /api/am/publisher/v3/apis/a7a6f198-2961-422a-9ba4-7dd81d27f2dc/swagger HTTP/1.1 200 2097 https://localhost:9443/publisher/apis/a7a6f198-2961-422a-9ba4-7dd81d27f2dc/policies Mozilla/5.0 (Windows NT 10.0; Win64; x64) AppleWebKit/537.36 (KHTML, like Gecko) Chrome/114.0.0.0 Safari/537.36 0.082
0:0:0:0:0:0:0:1 - - [01/Aug/2023:10:49:33 +0500] GET /api/am/publisher/v3/operation-policies?limit=500 HTTP/1.1 200 4350 https://localhost:9443/publisher/apis/a7a6f198-2961-422a-9ba4-7dd81d27f2dc/policies Mozilla/5.0 (Windows NT 10.0; Win64; x64) AppleWebKit/537.36 (KHTML, like Gecko) Chrome/114.0.0.0 Safari/537.36 0.116
0:0:0:0:0:0:0:1 - - [01/Aug/2023:10:49:33 +0500] GET /api/am/publisher/v3/apis/a7a6f198-2961-422a-9ba4-7dd81d27f2dc/operation-policies?limit=500 HTTP/1.1 200 465 https://localhost:9443/publisher/apis/a7a6f198-2961-422a-9ba4-7dd81d27f2dc/policies Mozilla/5.0 (Windows NT 10.0; Win64; x64) AppleWebKit/537.36 (KHTML, like Gecko) Chrome/114.0.0.0 Safari/537.36 0.119
0:0:0:0:0:0:0:1 - - [01/Aug/2023:10:49:54 +0500] DELETE /api/am/publisher/v3/apis/a7a6f198-2961-422a-9ba4-7dd81d27f2dc/operation-policies/ecddcb37-cfe2-4f95-b1fc-772ac4ce6202 HTTP/1.1 500 333 https://localhost:9443/publisher/apis/a7a6f198-2961-422a-9ba4-7dd81d27f2dc/policies Mozilla/5.0 (Windows NT 10.0; Win64; x64) AppleWebKit/537.36 (KHTML, like Gecko) Chrome/114.0.0.0 Safari/537.36 0.102
0:0:0:0:0:0:0:1 - - [01/Aug/2023:10:50:11 +0500] GET /api/am/publisher/v3/apis/a7a6f198-2961-422a-9ba4-7dd81d27f2dc/operation-policies?limit=500 HTTP/1.1 200 465 https://localhost:9443/publisher/apis/a7a6f198-2961-422a-9ba4-7dd81d27f2dc/policies Mozilla/5.0 (Windows NT 10.0; Win64; x64) AppleWebKit/537.36 (KHTML, like Gecko) Chrome/114.0.0.0 Safari/537.36 0.013
0:0:0:0:0:0:0:1 - - [01/Aug/2023:10:50:11 +0500] GET /api/am/publisher/v3/operation-policies?limit=500 HTTP/1.1 200 4350 https://localhost:9443/publisher/apis/a7a6f198-2961-422a-9ba4-7dd81d27f2dc/policies Mozilla/5.0 (Windows NT 10.0; Win64; x64) AppleWebKit/537.36 (KHTML, like Gecko) Chrome/114.0.0.0 Safari/537.36 0.035
0:0:0:0:0:0:0:1 - - [01/Aug/2023:10:50:38 +0500] GET /api/am/publisher/v3/apis/a7a6f198-2961-422a-9ba4-7dd81d27f2dc/operation-policies?limit=500 HTTP/1.1 200 465 https://localhost:9443/publisher/apis/a7a6f198-2961-422a-9ba4-7dd81d27f2dc/policies Mozilla/5.0 (Windows NT 10.0; Win64; x64) AppleWebKit/537.36 (KHTML, like Gecko) Chrome/114.0.0.0 Safari/537.36 0.012
0:0:0:0:0:0:0:1 - - [01/Aug/2023:10:50:38 +0500] GET /api/am/publisher/v3/operation-policies?limit=500 HTTP/1.1 200 4350 https://localhost:9443/publisher/apis/a7a6f198-2961-422a-9ba4-7dd81d27f2dc/policies Mozilla/5.0 (Windows NT 10.0; Win64; x64) AppleWebKit/537.36 (KHTML, like Gecko) Chrome/114.0.0.0 Safari/537.36 0.021
0:0:0:0:0:0:0:1 - - [01/Aug/2023:10:50:42 +0500] PUT /api/am/publisher/v3/apis/a7a6f198-2961-422a-9ba4-7dd81d27f2dc HTTP/1.1 200 1306 https://localhost:9443/publisher/apis/a7a6f198-2961-422a-9ba4-7dd81d27f2dc/policies Mozilla/5.0 (Windows NT 10.0; Win64; x64) AppleWebKit/537.36 (KHTML, like Gecko) Chrome/114.0.0.0 Safari/537.36 0.868
0:0:0:0:0:0:0:1 - - [01/Aug/2023:10:50:42 +0500] GET /api/am/publisher/v3/apis/a7a6f198-2961-422a-9ba4-7dd81d27f2dc/swagger HTTP/1.1 200 2097 https://localhost:9443/publisher/apis/a7a6f198-2961-422a-9ba4-7dd81d27f2dc/policies Mozilla/5.0 (Windows NT 10.0; Win64; x64) AppleWebKit/537.36 (KHTML, like Gecko) Chrome/114.0.0.0 Safari/537.36 0.046
0:0:0:0:0:0:0:1 - - [01/Aug/2023:10:50:42 +0500] GET /api/am/publisher/v3/apis/a7a6f198-2961-422a-9ba4-7dd81d27f2dc/operation-policies?limit=500 HTTP/1.1 200 465 https://localhost:9443/publisher/apis/a7a6f198-2961-422a-9ba4-7dd81d27f2dc/policies Mozilla/5.0 (Windows NT 10.0; Win64; x64) AppleWebKit/537.36 (KHTML, like Gecko) Chrome/114.0.0.0 Safari/537.36 0.015
0:0:0:0:0:0:0:1 - - [01/Aug/2023:10:50:42 +0500] GET /api/am/publisher/v3/operation-policies?limit=500 HTTP/1.1 200 4350 https://localhost:9443/publisher/apis/a7a6f198-2961-422a-9ba4-7dd81d27f2dc/policies Mozilla/5.0 (Windows NT 10.0; Win64; x64) AppleWebKit/537.36 (KHTML, like Gecko) Chrome/114.0.0.0 Safari/537.36 0.026
127.0.0.1 - - [01/Aug/2023:10:50:43 +0500] GET /internal/data/v1/apis?context=/pizzashack/1.0.0&version=1.0.0&gatewayLabel=Default HTTP/1.1 200 972 - Apache-HttpClient/4.5.13 (Java/11.0.18) 0.018
0:0:0:0:0:0:0:1 - - [01/Aug/2023:10:50:48 +0500] GET /api/am/publisher/v3/apis/a7a6f198-2961-422a-9ba4-7dd81d27f2dc/swagger HTTP/1.1 200 2097 https://localhost:9443/publisher/apis/a7a6f198-2961-422a-9ba4-7dd81d27f2dc/resources Mozilla/5.0 (Windows NT 10.0; Win64; x64) AppleWebKit/537.36 (KHTML, like Gecko) Chrome/114.0.0.0 Safari/537.36 0.032
0:0:0:0:0:0:0:1 - - [01/Aug/2023:10:50:48 +0500] GET /api/am/publisher/v3/apis/a7a6f198-2961-422a-9ba4-7dd81d27f2dc/amznResourceNames HTTP/1.1 204 - https://localhost:9443/publisher/apis/a7a6f198-2961-422a-9ba4-7dd81d27f2dc/resources Mozilla/5.0 (Windows NT 10.0; Win64; x64) AppleWebKit/537.36 (KHTML, like Gecko) Chrome/114.0.0.0 Safari/537.36 0.035
0:0:0:0:0:0:0:1 - - [01/Aug/2023:10:50:48 +0500] GET /api/am/publisher/v3/scopes HTTP/1.1 200 92 https://localhost:9443/publisher/apis/a7a6f198-2961-422a-9ba4-7dd81d27f2dc/resources Mozilla/5.0 (Windows NT 10.0; Win64; x64) AppleWebKit/537.36 (KHTML, like Gecko) Chrome/114.0.0.0 Safari/537.36 0.053
0:0:0:0:0:0:0:1 - - [01/Aug/2023:10:50:48 +0500] - 400 - - - 0.000
0:0:0:0:0:0:0:1 - - [01/Aug/2023:10:50:48 +0500] GET /api/am/publisher/v3/throttling-policies/api?limit=80 HTTP/1.1 200 395 https://localhost:9443/publisher/apis/a7a6f198-2961-422a-9ba4-7dd81d27f2dc/resources Mozilla/5.0 (Windows NT 10.0; Win64; x64) AppleWebKit/537.36 (KHTML, like Gecko) Chrome/114.0.0.0 Safari/537.36 0.029
0:0:0:0:0:0:0:1 - - [01/Aug/2023:10:50:58 +0500] PUT /api/am/publisher/v3/apis/a7a6f198-2961-422a-9ba4-7dd81d27f2dc/swagger HTTP/1.1 200 2079 https://localhost:9443/publisher/apis/a7a6f198-2961-422a-9ba4-7dd81d27f2dc/resources Mozilla/5.0 (Windows NT 10.0; Win64; x64) AppleWebKit/537.36 (KHTML, like Gecko) Chrome/114.0.0.0 Safari/537.36 0.784
0:0:0:0:0:0:0:1 - - [01/Aug/2023:10:50:58 +0500] GET /api/am/publisher/v3/apis/a7a6f198-2961-422a-9ba4-7dd81d27f2dc HTTP/1.1 200 1306 https://localhost:9443/publisher/apis/a7a6f198-2961-422a-9ba4-7dd81d27f2dc/resources Mozilla/5.0 (Windows NT 10.0; Win64; x64) AppleWebKit/537.36 (KHTML, like Gecko) Chrome/114.0.0.0 Safari/537.36 0.029
127.0.0.1 - - [01/Aug/2023:10:50:59 +0500] GET /internal/data/v1/apis?context=/pizzashack/1.0.0&version=1.0.0&gatewayLabel=Default HTTP/1.1 200 972 - Apache-HttpClient/4.5.13 (Java/11.0.18) 0.017
0:0:0:0:0:0:0:1 - - [01/Aug/2023:10:51:03 +0500] GET /api/am/publisher/v3/apis/a7a6f198-2961-422a-9ba4-7dd81d27f2dc/revisions?query=deployed%3Atrue HTTP/1.1 200 388 https://localhost:9443/publisher/apis/a7a6f198-2961-422a-9ba4-7dd81d27f2dc/overview Mozilla/5.0 (Windows NT 10.0; Win64; x64) AppleWebKit/537.36 (KHTML, like Gecko) Chrome/114.0.0.0 Safari/537.36 0.011
0:0:0:0:0:0:0:1 - - [01/Aug/2023:10:51:03 +0500] GET /api/am/publisher/v3/apis/a7a6f198-2961-422a-9ba4-7dd81d27f2dc/swagger HTTP/1.1 200 2079 https://localhost:9443/publisher/apis/a7a6f198-2961-422a-9ba4-7dd81d27f2dc/overview Mozilla/5.0 (Windows NT 10.0; Win64; x64) AppleWebKit/537.36 (KHTML, like Gecko) Chrome/114.0.0.0 Safari/537.36 0.064
0:0:0:0:0:0:0:1 - - [01/Aug/2023:10:51:09 +0500] GET /api/am/publisher/v3/apis/a7a6f198-2961-422a-9ba4-7dd81d27f2dc/monetization HTTP/1.1 200 33 https://localhost:9443/publisher/apis/a7a6f198-2961-422a-9ba4-7dd81d27f2dc/monetization Mozilla/5.0 (Windows NT 10.0; Win64; x64) AppleWebKit/537.36 (KHTML, like Gecko) Chrome/114.0.0.0 Safari/537.36 0.033
0:0:0:0:0:0:0:1 - - [01/Aug/2023:10:51:09 +0500] GET /api/am/publisher/v3/apis/a7a6f198-2961-422a-9ba4-7dd81d27f2dc/subscription-policies HTTP/1.1 200 404 https://localhost:9443/publisher/apis/a7a6f198-2961-422a-9ba4-7dd81d27f2dc/monetization Mozilla/5.0 (Windows NT 10.0; Win64; x64) AppleWebKit/537.36 (KHTML, like Gecko) Chrome/114.0.0.0 Safari/537.36 0.035
0:0:0:0:0:0:0:1 - - [01/Aug/2023:10:51:09 +0500] GET /api/am/publisher/v3/apis/a7a6f198-2961-422a-9ba4-7dd81d27f2dc/monetization HTTP/1.1 200 33 https://localhost:9443/publisher/apis/a7a6f198-2961-422a-9ba4-7dd81d27f2dc/monetization Mozilla/5.0 (Windows NT 10.0; Win64; x64) AppleWebKit/537.36 (KHTML, like Gecko) Chrome/114.0.0.0 Safari/537.36 0.036
0:0:0:0:0:0:0:1 - - [01/Aug/2023:10:51:09 +0500] - 400 - - - 0.000
0:0:0:0:0:0:0:1 - - [01/Aug/2023:10:51:09 +0500] GET /api/am/publisher/v3/settings HTTP/1.1 200 727 https://localhost:9443/publisher/apis/a7a6f198-2961-422a-9ba4-7dd81d27f2dc/monetization Mozilla/5.0 (Windows NT 10.0; Win64; x64) AppleWebKit/537.36 (KHTML, like Gecko) Chrome/114.0.0.0 Safari/537.36 0.199
0:0:0:0:0:0:0:1 - - [01/Aug/2023:15:55:58 +0500] - 400 - - - 0.000
0:0:0:0:0:0:0:1 - - [01/Aug/2023:15:56:04 +0500] - 400 - - - 0.000
0:0:0:0:0:0:0:1 - - [01/Aug/2023:15:56:04 +0500] - 400 - - - 0.000
0:0:0:0:0:0:0:1 - - [01/Aug/2023:15:56:04 +0500] - 400 - - - 0.000
0:0:0:0:0:0:0:1 - - [01/Aug/2023:15:56:04 +0500] GET /admin/services/logout HTTP/1.1 500 229 https://localhost:9443/admin/throttling/subscription Mozilla/5.0 (Windows NT 10.0; Win64; x64) AppleWebKit/537.36 (KHTML, like Gecko) Chrome/114.0.0.0 Safari/537.36 0.160
0:0:0:0:0:0:0:1 - - [01/Aug/2023:15:56:04 +0500] - 400 - - - 0.000
0:0:0:0:0:0:0:1 - - [01/Aug/2023:15:56:04 +0500] GET /favicon.ico HTTP/1.1 405 832 https://localhost:9443/admin/services/logout Mozilla/5.0 (Windows NT 10.0; Win64; x64) AppleWebKit/537.36 (KHTML, like Gecko) Chrome/114.0.0.0 Safari/537.36 0.060
0:0:0:0:0:0:0:1 - - [01/Aug/2023:15:56:07 +0500] - 400 - - - 0.000
0:0:0:0:0:0:0:1 - - [01/Aug/2023:15:56:08 +0500] GET /admin/services/logout HTTP/1.1 500 229 - Mozilla/5.0 (Windows NT 10.0; Win64; x64) AppleWebKit/537.36 (KHTML, like Gecko) Chrome/114.0.0.0 Safari/537.36 0.023
0:0:0:0:0:0:0:1 - - [01/Aug/2023:15:56:08 +0500] - 400 - - - 0.000
0:0:0:0:0:0:0:1 - - [01/Aug/2023:15:56:08 +0500] GET /favicon.ico HTTP/1.1 405 832 https://localhost:9443/admin/services/logout Mozilla/5.0 (Windows NT 10.0; Win64; x64) AppleWebKit/537.36 (KHTML, like Gecko) Chrome/114.0.0.0 Safari/537.36 0.009
0:0:0:0:0:0:0:1 - - [01/Aug/2023:15:56:21 +0500] - 400 - - - 0.000
0:0:0:0:0:0:0:1 - - [01/Aug/2023:15:56:21 +0500] GET /devportal/services/logout HTTP/1.1 302 - https://localhost:9443/devportal/apis/a7a6f198-2961-422a-9ba4-7dd81d27f2dc/test Mozilla/5.0 (Windows NT 10.0; Win64; x64) AppleWebKit/537.36 (KHTML, like Gecko) Chrome/114.0.0.0 Safari/537.36 0.069
0:0:0:0:0:0:0:1 - - [01/Aug/2023:15:56:21 +0500] GET /oidc/logout?post_logout_redirect_uri=https://localhost:9443/devportal/services/auth/callback/logout HTTP/1.1 302 - https://localhost:9443/devportal/apis/a7a6f198-2961-422a-9ba4-7dd81d27f2dc/test Mozilla/5.0 (Windows NT 10.0; Win64; x64) AppleWebKit/537.36 (KHTML, like Gecko) Chrome/114.0.0.0 Safari/537.36 0.235
0:0:0:0:0:0:0:1 - - [01/Aug/2023:15:56:22 +0500] GET /authenticationendpoint/oauth2_logout_consent.do HTTP/1.1 200 2811 https://localhost:9443/devportal/apis/a7a6f198-2961-422a-9ba4-7dd81d27f2dc/test Mozilla/5.0 (Windows NT 10.0; Win64; x64) AppleWebKit/537.36 (KHTML, like Gecko) Chrome/114.0.0.0 Safari/537.36 0.862
0:0:0:0:0:0:0:1 - - [01/Aug/2023:15:56:22 +0500] - 400 - - - 0.000
0:0:0:0:0:0:0:1 - - [01/Aug/2023:15:56:22 +0500] GET /authenticationendpoint/libs/jquery_3.6.0/jquery-3.6.0.js HTTP/1.1 200 86327 https://localhost:9443/authenticationendpoint/oauth2_logout_consent.do Mozilla/5.0 (Windows NT 10.0; Win64; x64) AppleWebKit/537.36 (KHTML, like Gecko) Chrome/114.0.0.0 Safari/537.36 0.133
0:0:0:0:0:0:0:1 - - [01/Aug/2023:15:56:22 +0500] - 400 - - - 0.000
0:0:0:0:0:0:0:1 - - [01/Aug/2023:15:56:23 +0500] GET /authenticationendpoint/libs/themes/default/theme.min.css HTTP/1.1 200 124246 https://localhost:9443/authenticationendpoint/oauth2_logout_consent.do Mozilla/5.0 (Windows NT 10.0; Win64; x64) AppleWebKit/537.36 (KHTML, like Gecko) Chrome/114.0.0.0 Safari/537.36 0.282
0:0:0:0:0:0:0:1 - - [01/Aug/2023:15:56:23 +0500] GET /authenticationendpoint/libs/themes/default/assets/images/zong_logo.svg HTTP/1.1 200 5917 https://localhost:9443/authenticationendpoint/oauth2_logout_consent.do Mozilla/5.0 (Windows NT 10.0; Win64; x64) AppleWebKit/537.36 (KHTML, like Gecko) Chrome/114.0.0.0 Safari/537.36 0.075
0:0:0:0:0:0:0:1 - - [01/Aug/2023:15:56:23 +0500] GET /authenticationendpoint/libs/themes/default/semantic.min.js HTTP/1.1 200 72294 https://localhost:9443/authenticationendpoint/oauth2_logout_consent.do Mozilla/5.0 (Windows NT 10.0; Win64; x64) AppleWebKit/537.36 (KHTML, like Gecko) Chrome/114.0.0.0 Safari/537.36 0.051
0:0:0:0:0:0:0:1 - - [01/Aug/2023:15:56:25 +0500] POST /oidc/logout HTTP/1.1 302 - https://localhost:9443/authenticationendpoint/oauth2_logout_consent.do Mozilla/5.0 (Windows NT 10.0; Win64; x64) AppleWebKit/537.36 (KHTML, like Gecko) Chrome/114.0.0.0 Safari/537.36 0.459
0:0:0:0:0:0:0:1 - - [01/Aug/2023:15:56:25 +0500] GET /authenticationendpoint/oauth2_logout.do?tenantDomain=carbon.super HTTP/1.1 200 2474 https://localhost:9443/authenticationendpoint/oauth2_logout_consent.do Mozilla/5.0 (Windows NT 10.0; Win64; x64) AppleWebKit/537.36 (KHTML, like Gecko) Chrome/114.0.0.0 Safari/537.36 0.063
0:0:0:0:0:0:0:1 - - [01/Aug/2023:15:56:25 +0500] GET /authenticationendpoint/libs/themes/default/theme.min.css HTTP/1.1 200 124246 https://localhost:9443/authenticationendpoint/oauth2_logout.do?tenantDomain=carbon.super Mozilla/5.0 (Windows NT 10.0; Win64; x64) AppleWebKit/537.36 (KHTML, like Gecko) Chrome/114.0.0.0 Safari/537.36 0.053
0:0:0:0:0:0:0:1 - - [01/Aug/2023:15:56:29 +0500] GET /devportal/apis/a7a6f198-2961-422a-9ba4-7dd81d27f2dc/test HTTP/1.1 200 2034 - Mozilla/5.0 (Windows NT 10.0; Win64; x64) AppleWebKit/537.36 (KHTML, like Gecko) Chrome/114.0.0.0 Safari/537.36 0.015
0:0:0:0:0:0:0:1 - - [01/Aug/2023:15:56:29 +0500] GET /devportal/site/public/theme/userTheme.js HTTP/1.1 200 967 https://localhost:9443/devportal/apis/a7a6f198-2961-422a-9ba4-7dd81d27f2dc/test Mozilla/5.0 (Windows NT 10.0; Win64; x64) AppleWebKit/537.36 (KHTML, like Gecko) Chrome/114.0.0.0 Safari/537.36 0.004
0:0:0:0:0:0:0:1 - - [01/Aug/2023:15:56:29 +0500] GET /devportal/site/public/css/main.css HTTP/1.1 200 1791 https://localhost:9443/devportal/apis/a7a6f198-2961-422a-9ba4-7dd81d27f2dc/test Mozilla/5.0 (Windows NT 10.0; Win64; x64) AppleWebKit/537.36 (KHTML, like Gecko) Chrome/114.0.0.0 Safari/537.36 0.004
0:0:0:0:0:0:0:1 - - [01/Aug/2023:15:56:29 +0500] GET /devportal/site/public/fonts/iconfont/MaterialIcons.js HTTP/1.1 200 6703 https://localhost:9443/devportal/apis/a7a6f198-2961-422a-9ba4-7dd81d27f2dc/test Mozilla/5.0 (Windows NT 10.0; Win64; x64) AppleWebKit/537.36 (KHTML, like Gecko) Chrome/114.0.0.0 Safari/537.36 0.006
0:0:0:0:0:0:0:1 - - [01/Aug/2023:15:56:29 +0500] GET /devportal/services/settings/settings.js HTTP/1.1 200 1036 https://localhost:9443/devportal/apis/a7a6f198-2961-422a-9ba4-7dd81d27f2dc/test Mozilla/5.0 (Windows NT 10.0; Win64; x64) AppleWebKit/537.36 (KHTML, like Gecko) Chrome/114.0.0.0 Safari/537.36 0.009
0:0:0:0:0:0:0:1 - - [01/Aug/2023:15:56:29 +0500] GET /devportal/site/public/fonts/iconfont/material-icons.css HTTP/1.1 200 970 https://localhost:9443/devportal/apis/a7a6f198-2961-422a-9ba4-7dd81d27f2dc/test Mozilla/5.0 (Windows NT 10.0; Win64; x64) AppleWebKit/537.36 (KHTML, like Gecko) Chrome/114.0.0.0 Safari/537.36 0.003
0:0:0:0:0:0:0:1 - - [01/Aug/2023:15:56:29 +0500] GET /devportal/site/public/css/overrides.css HTTP/1.1 200 - https://localhost:9443/devportal/apis/a7a6f198-2961-422a-9ba4-7dd81d27f2dc/test Mozilla/5.0 (Windows NT 10.0; Win64; x64) AppleWebKit/537.36 (KHTML, like Gecko) Chrome/114.0.0.0 Safari/537.36 0.002
0:0:0:0:0:0:0:1 - - [01/Aug/2023:15:56:29 +0500] - 400 - - - 0.000
0:0:0:0:0:0:0:1 - - [01/Aug/2023:15:56:29 +0500] GET /devportal/site/public/dist/index.bb5a154b1face8797bc3.bundle.js HTTP/1.1 200 259795 https://localhost:9443/devportal/apis/a7a6f198-2961-422a-9ba4-7dd81d27f2dc/test Mozilla/5.0 (Windows NT 10.0; Win64; x64) AppleWebKit/537.36 (KHTML, like Gecko) Chrome/114.0.0.0 Safari/537.36 0.121
0:0:0:0:0:0:0:1 - - [01/Aug/2023:15:56:29 +0500] GET /devportal/site/public/locales/en.json HTTP/1.1 200 56514 https://localhost:9443/devportal/apis/a7a6f198-2961-422a-9ba4-7dd81d27f2dc/test Mozilla/5.0 (Windows NT 10.0; Win64; x64) AppleWebKit/537.36 (KHTML, like Gecko) Chrome/114.0.0.0 Safari/537.36 0.008
0:0:0:0:0:0:0:1 - - [01/Aug/2023:15:56:29 +0500] GET /api/am/devportal/v2/swagger.yaml HTTP/1.1 200 23493 https://localhost:9443/devportal/apis/a7a6f198-2961-422a-9ba4-7dd81d27f2dc/test Mozilla/5.0 (Windows NT 10.0; Win64; x64) AppleWebKit/537.36 (KHTML, like Gecko) Chrome/114.0.0.0 Safari/537.36 0.021
127.0.0.1 - - [01/Aug/2023:15:56:30 +0500] POST /oauth2/token HTTP/1.1 200 1230 - Jakarta Commons-HttpClient/3.1 0.034
0:0:0:0:0:0:0:1 - - [01/Aug/2023:15:56:30 +0500] POST /devportal/services/refresh/refresh.jag HTTP/1.1 200 2 https://localhost:9443/devportal/apis/a7a6f198-2961-422a-9ba4-7dd81d27f2dc/test Mozilla/5.0 (Windows NT 10.0; Win64; x64) AppleWebKit/537.36 (KHTML, like Gecko) Chrome/114.0.0.0 Safari/537.36 0.067
127.0.0.1 - - [01/Aug/2023:15:56:30 +0500] POST /internal/data/v1/notify HTTP/1.1 200 - - Apache-HttpClient/4.5.13 (Java/11.0.18) 0.023
0:0:0:0:0:0:0:1 - - [01/Aug/2023:15:56:30 +0500] GET /api/am/devportal/v2/settings HTTP/1.1 200 868 https://localhost:9443/devportal/apis/a7a6f198-2961-422a-9ba4-7dd81d27f2dc/test Mozilla/5.0 (Windows NT 10.0; Win64; x64) AppleWebKit/537.36 (KHTML, like Gecko) Chrome/114.0.0.0 Safari/537.36 0.061
