0:0:0:0:0:0:0:1 - - [26/Jun/2023:09:25:59 +0500] POST /api/am/devportal/v2/applications HTTP/1.1 201 276 https://localhost:9443/devportal/applications/create Mozilla/5.0 (Windows NT 10.0; Win64; x64) AppleWebKit/537.36 (KHTML, like Gecko) Chrome/114.0.0.0 Safari/537.36 0.091
0:0:0:0:0:0:0:1 - - [26/Jun/2023:09:25:59 +0500] GET /devportal/site/public/dist/ApplicationDetails.31117209c8c9c0d2e29d.bundle.js HTTP/1.1 200 70057 https://localhost:9443/devportal/applications/5ceac273-9f7d-4f15-9a59-71cf848b596b Mozilla/5.0 (Windows NT 10.0; Win64; x64) AppleWebKit/537.36 (KHTML, like Gecko) Chrome/114.0.0.0 Safari/537.36 0.019
0:0:0:0:0:0:0:1 - - [26/Jun/2023:09:25:59 +0500] GET /api/am/devportal/v2/applications/5ceac273-9f7d-4f15-9a59-71cf848b596b HTTP/1.1 200 277 https://localhost:9443/devportal/applications/5ceac273-9f7d-4f15-9a59-71cf848b596b Mozilla/5.0 (Windows NT 10.0; Win64; x64) AppleWebKit/537.36 (KHTML, like Gecko) Chrome/114.0.0.0 Safari/537.36 0.005
0:0:0:0:0:0:0:1 - - [26/Jun/2023:09:25:59 +0500] GET /api/am/devportal/v2/throttling-policies/application/Unlimited HTTP/1.1 200 490 https://localhost:9443/devportal/applications/5ceac273-9f7d-4f15-9a59-71cf848b596b/overview Mozilla/5.0 (Windows NT 10.0; Win64; x64) AppleWebKit/537.36 (KHTML, like Gecko) Chrome/114.0.0.0 Safari/537.36 0.005
0:0:0:0:0:0:0:1 - - [26/Jun/2023:09:25:59 +0500] GET /api/am/devportal/v2/applications/5ceac273-9f7d-4f15-9a59-71cf848b596b HTTP/1.1 200 277 https://localhost:9443/devportal/applications/5ceac273-9f7d-4f15-9a59-71cf848b596b/overview Mozilla/5.0 (Windows NT 10.0; Win64; x64) AppleWebKit/537.36 (KHTML, like Gecko) Chrome/114.0.0.0 Safari/537.36 0.007
0:0:0:0:0:0:0:1 - - [26/Jun/2023:09:25:59 +0500] GET /api/am/devportal/v2/throttling-policies/application/Unlimited HTTP/1.1 200 490 https://localhost:9443/devportal/applications/5ceac273-9f7d-4f15-9a59-71cf848b596b/overview Mozilla/5.0 (Windows NT 10.0; Win64; x64) AppleWebKit/537.36 (KHTML, like Gecko) Chrome/114.0.0.0 Safari/537.36 0.003
0:0:0:0:0:0:0:1 - - [26/Jun/2023:09:26:02 +0500] GET /api/am/devportal/v2/swagger.yaml HTTP/1.1 200 23493 https://localhost:9443/devportal/applications/5ceac273-9f7d-4f15-9a59-71cf848b596b/sandboxkeys/oauth Mozilla/5.0 (Windows NT 10.0; Win64; x64) AppleWebKit/537.36 (KHTML, like Gecko) Chrome/114.0.0.0 Safari/537.36 0.010
127.0.0.1 - - [26/Jun/2023:09:26:02 +0500] GET /oauth2/token/.well-known/openid-configuration HTTP/1.1 200 2245 - Apache-HttpClient/4.5.13 (Java/11.0.18) 0.004
0:0:0:0:0:0:0:1 - - [26/Jun/2023:09:26:02 +0500] GET /api/am/devportal/v2/key-managers HTTP/1.1 200 755 https://localhost:9443/devportal/applications/5ceac273-9f7d-4f15-9a59-71cf848b596b/sandboxkeys/oauth Mozilla/5.0 (Windows NT 10.0; Win64; x64) AppleWebKit/537.36 (KHTML, like Gecko) Chrome/114.0.0.0 Safari/537.36 0.035
0:0:0:0:0:0:0:1 - - [26/Jun/2023:09:26:02 +0500] GET /api/am/devportal/v2/applications/5ceac273-9f7d-4f15-9a59-71cf848b596b HTTP/1.1 200 277 https://localhost:9443/devportal/applications/5ceac273-9f7d-4f15-9a59-71cf848b596b/sandboxkeys/oauth Mozilla/5.0 (Windows NT 10.0; Win64; x64) AppleWebKit/537.36 (KHTML, like Gecko) Chrome/114.0.0.0 Safari/537.36 0.007
0:0:0:0:0:0:0:1 - - [26/Jun/2023:09:26:02 +0500] GET /api/am/devportal/v2/applications/5ceac273-9f7d-4f15-9a59-71cf848b596b/oauth-keys HTTP/1.1 200 21 https://localhost:9443/devportal/applications/5ceac273-9f7d-4f15-9a59-71cf848b596b/sandboxkeys/oauth Mozilla/5.0 (Windows NT 10.0; Win64; x64) AppleWebKit/537.36 (KHTML, like Gecko) Chrome/114.0.0.0 Safari/537.36 0.005
0:0:0:0:0:0:0:1 - - [26/Jun/2023:09:26:02 +0500] GET /api/am/devportal/v2/swagger.yaml HTTP/1.1 200 23493 https://localhost:9443/devportal/applications/5ceac273-9f7d-4f15-9a59-71cf848b596b/sandboxkeys/oauth Mozilla/5.0 (Windows NT 10.0; Win64; x64) AppleWebKit/537.36 (KHTML, like Gecko) Chrome/114.0.0.0 Safari/537.36 0.008
0:0:0:0:0:0:0:1 - - [26/Jun/2023:09:26:02 +0500] GET /api/am/devportal/v2/applications/5ceac273-9f7d-4f15-9a59-71cf848b596b HTTP/1.1 200 277 https://localhost:9443/devportal/applications/5ceac273-9f7d-4f15-9a59-71cf848b596b/sandboxkeys/oauth Mozilla/5.0 (Windows NT 10.0; Win64; x64) AppleWebKit/537.36 (KHTML, like Gecko) Chrome/114.0.0.0 Safari/537.36 0.010
0:0:0:0:0:0:0:1 - - [26/Jun/2023:09:26:02 +0500] GET /api/am/devportal/v2/applications/5ceac273-9f7d-4f15-9a59-71cf848b596b/oauth-keys HTTP/1.1 200 21 https://localhost:9443/devportal/applications/5ceac273-9f7d-4f15-9a59-71cf848b596b/sandboxkeys/oauth Mozilla/5.0 (Windows NT 10.0; Win64; x64) AppleWebKit/537.36 (KHTML, like Gecko) Chrome/114.0.0.0 Safari/537.36 0.008
127.0.0.1 - - [26/Jun/2023:09:26:05 +0500] POST /keymanager-operations/dcr/register HTTP/1.1 201 515 - Apache-HttpClient/4.5.13 (Java/11.0.18) 0.304
127.0.0.1 - - [26/Jun/2023:09:26:05 +0500] POST /oauth2/token HTTP/1.1 200 1022 - Apache-HttpClient/4.5.13 (Java/11.0.18) 0.011
0:0:0:0:0:0:0:1 - - [26/Jun/2023:09:26:05 +0500] POST /api/am/devportal/v2/applications/5ceac273-9f7d-4f15-9a59-71cf848b596b/generate-keys HTTP/1.1 200 1130 https://localhost:9443/devportal/applications/5ceac273-9f7d-4f15-9a59-71cf848b596b/sandboxkeys/oauth Mozilla/5.0 (Windows NT 10.0; Win64; x64) AppleWebKit/537.36 (KHTML, like Gecko) Chrome/114.0.0.0 Safari/537.36 0.390
127.0.0.1 - - [26/Jun/2023:09:26:05 +0500] GET /oauth2/token/.well-known/openid-configuration HTTP/1.1 200 2245 - Apache-HttpClient/4.5.13 (Java/11.0.18) 0.003
0:0:0:0:0:0:0:1 - - [26/Jun/2023:09:26:05 +0500] GET /api/am/devportal/v2/key-managers HTTP/1.1 200 755 https://localhost:9443/devportal/applications/5ceac273-9f7d-4f15-9a59-71cf848b596b/sandboxkeys/oauth Mozilla/5.0 (Windows NT 10.0; Win64; x64) AppleWebKit/537.36 (KHTML, like Gecko) Chrome/114.0.0.0 Safari/537.36 0.038
127.0.0.1 - - [26/Jun/2023:09:26:05 +0500] GET /keymanager-operations/dcr/register/WHlMZkN2djZITW0yT3hydGtOTW51b0xPZFNVYQ%3D%3D HTTP/1.1 200 515 - Apache-HttpClient/4.5.13 (Java/11.0.18) 0.008
0:0:0:0:0:0:0:1 - - [26/Jun/2023:09:26:05 +0500] GET /api/am/devportal/v2/applications/5ceac273-9f7d-4f15-9a59-71cf848b596b/oauth-keys HTTP/1.1 200 663 https://localhost:9443/devportal/applications/5ceac273-9f7d-4f15-9a59-71cf848b596b/sandboxkeys/oauth Mozilla/5.0 (Windows NT 10.0; Win64; x64) AppleWebKit/537.36 (KHTML, like Gecko) Chrome/114.0.0.0 Safari/537.36 0.016
127.0.0.1 - - [26/Jun/2023:09:26:06 +0500] GET /keymanager-operations/dcr/register/WHlMZkN2djZITW0yT3hydGtOTW51b0xPZFNVYQ%3D%3D HTTP/1.1 200 515 - Apache-HttpClient/4.5.13 (Java/11.0.18) 0.004
127.0.0.1 - - [26/Jun/2023:09:26:06 +0500] GET /keymanager-operations/dcr/register/WHlMZkN2djZITW0yT3hydGtOTW51b0xPZFNVYQ%3D%3D HTTP/1.1 200 515 - Apache-HttpClient/4.5.13 (Java/11.0.18) 0.003
127.0.0.1 - - [26/Jun/2023:09:26:06 +0500] PUT /keymanager-operations/dcr/register/WHlMZkN2djZITW0yT3hydGtOTW51b0xPZFNVYQ%3D%3D HTTP/1.1 200 515 - Apache-HttpClient/4.5.13 (Java/11.0.18) 0.102
0:0:0:0:0:0:0:1 - - [26/Jun/2023:09:26:06 +0500] PUT /api/am/devportal/v2/applications/5ceac273-9f7d-4f15-9a59-71cf848b596b/oauth-keys/c354454c-96f1-46b8-9c2d-d9437d1e4166 HTTP/1.1 200 580 https://localhost:9443/devportal/applications/5ceac273-9f7d-4f15-9a59-71cf848b596b/sandboxkeys/oauth Mozilla/5.0 (Windows NT 10.0; Win64; x64) AppleWebKit/537.36 (KHTML, like Gecko) Chrome/114.0.0.0 Safari/537.36 0.130
127.0.0.1 - - [26/Jun/2023:09:26:10 +0500] GET /keymanager-operations/dcr/register/WHlMZkN2djZITW0yT3hydGtOTW51b0xPZFNVYQ%3D%3D HTTP/1.1 200 515 - Apache-HttpClient/4.5.13 (Java/11.0.18) 0.007
0:0:0:0:0:0:0:1 - - [26/Jun/2023:09:26:10 +0500] GET /api/am/devportal/v2/applications/5ceac273-9f7d-4f15-9a59-71cf848b596b/oauth-keys HTTP/1.1 200 663 https://localhost:9443/devportal/applications/5ceac273-9f7d-4f15-9a59-71cf848b596b/sandboxkeys/oauth Mozilla/5.0 (Windows NT 10.0; Win64; x64) AppleWebKit/537.36 (KHTML, like Gecko) Chrome/114.0.0.0 Safari/537.36 0.020
127.0.0.1 - - [26/Jun/2023:09:26:10 +0500] GET /keymanager-operations/dcr/register/WHlMZkN2djZITW0yT3hydGtOTW51b0xPZFNVYQ%3D%3D HTTP/1.1 200 515 - Apache-HttpClient/4.5.13 (Java/11.0.18) 0.002
127.0.0.1 - - [26/Jun/2023:09:26:10 +0500] GET /keymanager-operations/dcr/register/WHlMZkN2djZITW0yT3hydGtOTW51b0xPZFNVYQ%3D%3D HTTP/1.1 200 515 - Apache-HttpClient/4.5.13 (Java/11.0.18) 0.002
127.0.0.1 - - [26/Jun/2023:09:26:11 +0500] POST /oauth2/token HTTP/1.1 200 1022 - Apache-HttpClient/4.5.13 (Java/11.0.18) 0.018
0:0:0:0:0:0:0:1 - - [26/Jun/2023:09:26:11 +0500] POST /api/am/devportal/v2/applications/5ceac273-9f7d-4f15-9a59-71cf848b596b/oauth-keys/c354454c-96f1-46b8-9c2d-d9437d1e4166/generate-token HTTP/1.1 200 1009 https://localhost:9443/devportal/applications/5ceac273-9f7d-4f15-9a59-71cf848b596b/sandboxkeys/oauth Mozilla/5.0 (Windows NT 10.0; Win64; x64) AppleWebKit/537.36 (KHTML, like Gecko) Chrome/114.0.0.0 Safari/537.36 0.045
127.0.0.1 - - [26/Jun/2023:09:26:11 +0500] POST /internal/data/v1/notify HTTP/1.1 200 - - Apache-HttpClient/4.5.13 (Java/11.0.18) 0.011
127.0.0.1 - - [26/Jun/2023:09:26:14 +0500] GET /keymanager-operations/dcr/register/WHlMZkN2djZITW0yT3hydGtOTW51b0xPZFNVYQ%3D%3D HTTP/1.1 200 515 - Apache-HttpClient/4.5.13 (Java/11.0.18) 0.006
0:0:0:0:0:0:0:1 - - [26/Jun/2023:09:26:14 +0500] GET /api/am/devportal/v2/applications/5ceac273-9f7d-4f15-9a59-71cf848b596b HTTP/1.1 200 277 https://localhost:9443/devportal/applications/5ceac273-9f7d-4f15-9a59-71cf848b596b/overview Mozilla/5.0 (Windows NT 10.0; Win64; x64) AppleWebKit/537.36 (KHTML, like Gecko) Chrome/114.0.0.0 Safari/537.36 0.023
0:0:0:0:0:0:0:1 - - [26/Jun/2023:09:26:14 +0500] GET /api/am/devportal/v2/throttling-policies/application/Unlimited HTTP/1.1 200 490 https://localhost:9443/devportal/applications/5ceac273-9f7d-4f15-9a59-71cf848b596b/overview Mozilla/5.0 (Windows NT 10.0; Win64; x64) AppleWebKit/537.36 (KHTML, like Gecko) Chrome/114.0.0.0 Safari/537.36 0.004
0:0:0:0:0:0:0:1 - - [26/Jun/2023:09:26:17 +0500] GET /api/am/devportal/v2/api-categories HTTP/1.1 200 21 https://localhost:9443/devportal/apis Mozilla/5.0 (Windows NT 10.0; Win64; x64) AppleWebKit/537.36 (KHTML, like Gecko) Chrome/114.0.0.0 Safari/537.36 0.008
0:0:0:0:0:0:0:1 - - [26/Jun/2023:09:26:17 +0500] GET /api/am/devportal/v2/tags HTTP/1.1 200 119 https://localhost:9443/devportal/apis Mozilla/5.0 (Windows NT 10.0; Win64; x64) AppleWebKit/537.36 (KHTML, like Gecko) Chrome/114.0.0.0 Safari/537.36 0.044
0:0:0:0:0:0:0:1 - - [26/Jun/2023:09:26:17 +0500] GET /api/am/devportal/v2/apis?limit=10&offset=0 HTTP/1.1 200 751 https://localhost:9443/devportal/apis Mozilla/5.0 (Windows NT 10.0; Win64; x64) AppleWebKit/537.36 (KHTML, like Gecko) Chrome/114.0.0.0 Safari/537.36 0.064
0:0:0:0:0:0:0:1 - - [26/Jun/2023:09:26:17 +0500] GET /api/am/devportal/v2/apis/a9eff00c-8aee-4ca5-8e6e-3d5df6468875/ratings HTTP/1.1 200 125 https://localhost:9443/devportal/apis Mozilla/5.0 (Windows NT 10.0; Win64; x64) AppleWebKit/537.36 (KHTML, like Gecko) Chrome/114.0.0.0 Safari/537.36 0.014
0:0:0:0:0:0:0:1 - - [26/Jun/2023:09:26:17 +0500] GET /api/am/devportal/v2/apis/a9eff00c-8aee-4ca5-8e6e-3d5df6468875/thumbnail HTTP/1.1 204 - https://localhost:9443/devportal/apis Mozilla/5.0 (Windows NT 10.0; Win64; x64) AppleWebKit/537.36 (KHTML, like Gecko) Chrome/114.0.0.0 Safari/537.36 0.014
0:0:0:0:0:0:0:1 - - [26/Jun/2023:09:26:17 +0500] GET /api/am/devportal/v2/apis/f166cc64-02b1-488c-b6e7-2e00befe5d92/ratings HTTP/1.1 200 125 https://localhost:9443/devportal/apis Mozilla/5.0 (Windows NT 10.0; Win64; x64) AppleWebKit/537.36 (KHTML, like Gecko) Chrome/114.0.0.0 Safari/537.36 0.015
0:0:0:0:0:0:0:1 - - [26/Jun/2023:09:26:17 +0500] GET /api/am/devportal/v2/apis/a7a6f198-2961-422a-9ba4-7dd81d27f2dc/ratings HTTP/1.1 200 125 https://localhost:9443/devportal/apis Mozilla/5.0 (Windows NT 10.0; Win64; x64) AppleWebKit/537.36 (KHTML, like Gecko) Chrome/114.0.0.0 Safari/537.36 0.025
0:0:0:0:0:0:0:1 - - [26/Jun/2023:09:26:17 +0500] GET /api/am/devportal/v2/apis/d440f6b9-22c1-4326-8625-16eff1a0354e/ratings HTTP/1.1 200 125 https://localhost:9443/devportal/apis Mozilla/5.0 (Windows NT 10.0; Win64; x64) AppleWebKit/537.36 (KHTML, like Gecko) Chrome/114.0.0.0 Safari/537.36 0.022
0:0:0:0:0:0:0:1 - - [26/Jun/2023:09:26:17 +0500] GET /api/am/devportal/v2/apis/f166cc64-02b1-488c-b6e7-2e00befe5d92/thumbnail HTTP/1.1 204 - https://localhost:9443/devportal/apis Mozilla/5.0 (Windows NT 10.0; Win64; x64) AppleWebKit/537.36 (KHTML, like Gecko) Chrome/114.0.0.0 Safari/537.36 0.031
0:0:0:0:0:0:0:1 - - [26/Jun/2023:09:26:17 +0500] GET /api/am/devportal/v2/apis/a7a6f198-2961-422a-9ba4-7dd81d27f2dc/thumbnail HTTP/1.1 204 - https://localhost:9443/devportal/apis Mozilla/5.0 (Windows NT 10.0; Win64; x64) AppleWebKit/537.36 (KHTML, like Gecko) Chrome/114.0.0.0 Safari/537.36 0.031
0:0:0:0:0:0:0:1 - - [26/Jun/2023:09:26:17 +0500] GET /api/am/devportal/v2/apis/d440f6b9-22c1-4326-8625-16eff1a0354e/thumbnail HTTP/1.1 204 - https://localhost:9443/devportal/apis Mozilla/5.0 (Windows NT 10.0; Win64; x64) AppleWebKit/537.36 (KHTML, like Gecko) Chrome/114.0.0.0 Safari/537.36 0.022
0:0:0:0:0:0:0:1 - - [26/Jun/2023:09:26:17 +0500] GET /api/am/devportal/v2/apis/2d15ab04-b0b2-4820-8b7c-052e4997dcce/ratings HTTP/1.1 200 125 https://localhost:9443/devportal/apis Mozilla/5.0 (Windows NT 10.0; Win64; x64) AppleWebKit/537.36 (KHTML, like Gecko) Chrome/114.0.0.0 Safari/537.36 0.021
0:0:0:0:0:0:0:1 - - [26/Jun/2023:09:26:17 +0500] GET /api/am/devportal/v2/apis/2d15ab04-b0b2-4820-8b7c-052e4997dcce/thumbnail HTTP/1.1 204 - https://localhost:9443/devportal/apis Mozilla/5.0 (Windows NT 10.0; Win64; x64) AppleWebKit/537.36 (KHTML, like Gecko) Chrome/114.0.0.0 Safari/537.36 0.020
127.0.0.1 - - [26/Jun/2023:09:26:18 +0500] GET /keymanager-operations/dcr/register/UFVWc0NGcThwVXZfTXB0ZmFCYUZzRFR2QURNYQ%3D%3D HTTP/1.1 200 515 - Apache-HttpClient/4.5.13 (Java/11.0.18) 0.006
0:0:0:0:0:0:0:1 - - [26/Jun/2023:09:26:18 +0500] GET /api/am/devportal/v2/applications?limit=5000 HTTP/1.1 200 436 https://localhost:9443/devportal/apis/d440f6b9-22c1-4326-8625-16eff1a0354e Mozilla/5.0 (Windows NT 10.0; Win64; x64) AppleWebKit/537.36 (KHTML, like Gecko) Chrome/114.0.0.0 Safari/537.36 0.023
0:0:0:0:0:0:0:1 - - [26/Jun/2023:09:26:18 +0500] GET /api/am/devportal/v2/subscriptions?apiId=d440f6b9-22c1-4326-8625-16eff1a0354e&limit=25 HTTP/1.1 200 674 https://localhost:9443/devportal/apis/d440f6b9-22c1-4326-8625-16eff1a0354e Mozilla/5.0 (Windows NT 10.0; Win64; x64) AppleWebKit/537.36 (KHTML, like Gecko) Chrome/114.0.0.0 Safari/537.36 0.054
0:0:0:0:0:0:0:1 - - [26/Jun/2023:09:26:18 +0500] GET /api/am/devportal/v2/apis/d440f6b9-22c1-4326-8625-16eff1a0354e HTTP/1.1 200 1133 https://localhost:9443/devportal/apis/d440f6b9-22c1-4326-8625-16eff1a0354e Mozilla/5.0 (Windows NT 10.0; Win64; x64) AppleWebKit/537.36 (KHTML, like Gecko) Chrome/114.0.0.0 Safari/537.36 0.058
127.0.0.1 - - [26/Jun/2023:09:26:18 +0500] GET /keymanager-operations/dcr/register/UFVWc0NGcThwVXZfTXB0ZmFCYUZzRFR2QURNYQ%3D%3D HTTP/1.1 200 515 - Apache-HttpClient/4.5.13 (Java/11.0.18) 0.005
0:0:0:0:0:0:0:1 - - [26/Jun/2023:09:26:18 +0500] GET /api/am/devportal/v2/subscriptions?apiId=d440f6b9-22c1-4326-8625-16eff1a0354e&limit=5000 HTTP/1.1 200 675 https://localhost:9443/devportal/apis/d440f6b9-22c1-4326-8625-16eff1a0354e Mozilla/5.0 (Windows NT 10.0; Win64; x64) AppleWebKit/537.36 (KHTML, like Gecko) Chrome/114.0.0.0 Safari/537.36 0.057
0:0:0:0:0:0:0:1 - - [26/Jun/2023:09:26:18 +0500] GET /api/am/devportal/v2/throttling-policies/subscription HTTP/1.1 200 634 https://localhost:9443/devportal/apis/d440f6b9-22c1-4326-8625-16eff1a0354e/overview Mozilla/5.0 (Windows NT 10.0; Win64; x64) AppleWebKit/537.36 (KHTML, like Gecko) Chrome/114.0.0.0 Safari/537.36 0.007
0:0:0:0:0:0:0:1 - - [26/Jun/2023:09:26:18 +0500] GET /api/am/devportal/v2/throttling-policies/subscription HTTP/1.1 200 634 https://localhost:9443/devportal/apis/d440f6b9-22c1-4326-8625-16eff1a0354e/overview Mozilla/5.0 (Windows NT 10.0; Win64; x64) AppleWebKit/537.36 (KHTML, like Gecko) Chrome/114.0.0.0 Safari/537.36 0.008
0:0:0:0:0:0:0:1 - - [26/Jun/2023:09:26:18 +0500] GET /api/am/devportal/v2/apis/d440f6b9-22c1-4326-8625-16eff1a0354e/documents HTTP/1.1 200 92 https://localhost:9443/devportal/apis/d440f6b9-22c1-4326-8625-16eff1a0354e/overview Mozilla/5.0 (Windows NT 10.0; Win64; x64) AppleWebKit/537.36 (KHTML, like Gecko) Chrome/114.0.0.0 Safari/537.36 0.019
0:0:0:0:0:0:0:1 - - [26/Jun/2023:09:26:18 +0500] GET /api/am/devportal/v2/apis/d440f6b9-22c1-4326-8625-16eff1a0354e/documents HTTP/1.1 200 92 https://localhost:9443/devportal/apis/d440f6b9-22c1-4326-8625-16eff1a0354e/overview Mozilla/5.0 (Windows NT 10.0; Win64; x64) AppleWebKit/537.36 (KHTML, like Gecko) Chrome/114.0.0.0 Safari/537.36 0.018
0:0:0:0:0:0:0:1 - - [26/Jun/2023:09:26:18 +0500] GET /api/am/devportal/v2/apis/d440f6b9-22c1-4326-8625-16eff1a0354e/ratings HTTP/1.1 200 125 https://localhost:9443/devportal/apis/d440f6b9-22c1-4326-8625-16eff1a0354e/overview Mozilla/5.0 (Windows NT 10.0; Win64; x64) AppleWebKit/537.36 (KHTML, like Gecko) Chrome/114.0.0.0 Safari/537.36 0.011
0:0:0:0:0:0:0:1 - - [26/Jun/2023:09:26:18 +0500] GET /api/am/devportal/v2/apis/d440f6b9-22c1-4326-8625-16eff1a0354e/thumbnail HTTP/1.1 204 - https://localhost:9443/devportal/apis/d440f6b9-22c1-4326-8625-16eff1a0354e/overview Mozilla/5.0 (Windows NT 10.0; Win64; x64) AppleWebKit/537.36 (KHTML, like Gecko) Chrome/114.0.0.0 Safari/537.36 0.015
0:0:0:0:0:0:0:1 - - [26/Jun/2023:09:26:18 +0500] GET /api/am/devportal/v2/apis/d440f6b9-22c1-4326-8625-16eff1a0354e/comments?limit=5&offset=0 HTTP/1.1 200 101 https://localhost:9443/devportal/apis/d440f6b9-22c1-4326-8625-16eff1a0354e/overview Mozilla/5.0 (Windows NT 10.0; Win64; x64) AppleWebKit/537.36 (KHTML, like Gecko) Chrome/114.0.0.0 Safari/537.36 0.016
0:0:0:0:0:0:0:1 - - [26/Jun/2023:09:26:25 +0500] DELETE /api/am/devportal/v2/subscriptions/7ce505d2-158c-4211-845b-4e5b9a3c82d9 HTTP/1.1 200 - https://localhost:9443/devportal/apis/d440f6b9-22c1-4326-8625-16eff1a0354e/credentials Mozilla/5.0 (Windows NT 10.0; Win64; x64) AppleWebKit/537.36 (KHTML, like Gecko) Chrome/114.0.0.0 Safari/537.36 0.012
0:0:0:0:0:0:0:1 - - [26/Jun/2023:09:26:25 +0500] GET /api/am/devportal/v2/apis/d440f6b9-22c1-4326-8625-16eff1a0354e HTTP/1.1 200 1133 https://localhost:9443/devportal/apis/d440f6b9-22c1-4326-8625-16eff1a0354e/credentials Mozilla/5.0 (Windows NT 10.0; Win64; x64) AppleWebKit/537.36 (KHTML, like Gecko) Chrome/114.0.0.0 Safari/537.36 0.013
0:0:0:0:0:0:0:1 - - [26/Jun/2023:09:26:25 +0500] GET /api/am/devportal/v2/subscriptions?apiId=d440f6b9-22c1-4326-8625-16eff1a0354e&limit=25 HTTP/1.1 200 92 https://localhost:9443/devportal/apis/d440f6b9-22c1-4326-8625-16eff1a0354e/credentials Mozilla/5.0 (Windows NT 10.0; Win64; x64) AppleWebKit/537.36 (KHTML, like Gecko) Chrome/114.0.0.0 Safari/537.36 0.014
0:0:0:0:0:0:0:1 - - [26/Jun/2023:09:26:25 +0500] GET /api/am/devportal/v2/subscriptions?apiId=d440f6b9-22c1-4326-8625-16eff1a0354e&limit=5000 HTTP/1.1 200 94 https://localhost:9443/devportal/apis/d440f6b9-22c1-4326-8625-16eff1a0354e/credentials Mozilla/5.0 (Windows NT 10.0; Win64; x64) AppleWebKit/537.36 (KHTML, like Gecko) Chrome/114.0.0.0 Safari/537.36 0.014
0:0:0:0:0:0:0:1 - - [26/Jun/2023:09:26:25 +0500] GET /api/am/devportal/v2/applications?limit=5000 HTTP/1.1 200 438 https://localhost:9443/devportal/apis/d440f6b9-22c1-4326-8625-16eff1a0354e/credentials Mozilla/5.0 (Windows NT 10.0; Win64; x64) AppleWebKit/537.36 (KHTML, like Gecko) Chrome/114.0.0.0 Safari/537.36 0.008
127.0.0.1 - - [26/Jun/2023:09:26:30 +0500] GET /keymanager-operations/dcr/register/WHlMZkN2djZITW0yT3hydGtOTW51b0xPZFNVYQ%3D%3D HTTP/1.1 200 515 - Apache-HttpClient/4.5.13 (Java/11.0.18) 0.006
0:0:0:0:0:0:0:1 - - [26/Jun/2023:09:26:30 +0500] POST /api/am/devportal/v2/subscriptions HTTP/1.1 201 602 https://localhost:9443/devportal/apis/d440f6b9-22c1-4326-8625-16eff1a0354e/credentials Mozilla/5.0 (Windows NT 10.0; Win64; x64) AppleWebKit/537.36 (KHTML, like Gecko) Chrome/114.0.0.0 Safari/537.36 0.047
0:0:0:0:0:0:0:1 - - [26/Jun/2023:09:26:30 +0500] GET /api/am/devportal/v2/apis/d440f6b9-22c1-4326-8625-16eff1a0354e HTTP/1.1 200 1133 https://localhost:9443/devportal/apis/d440f6b9-22c1-4326-8625-16eff1a0354e/credentials Mozilla/5.0 (Windows NT 10.0; Win64; x64) AppleWebKit/537.36 (KHTML, like Gecko) Chrome/114.0.0.0 Safari/537.36 0.020
127.0.0.1 - - [26/Jun/2023:09:26:30 +0500] GET /keymanager-operations/dcr/register/WHlMZkN2djZITW0yT3hydGtOTW51b0xPZFNVYQ%3D%3D HTTP/1.1 200 515 - Apache-HttpClient/4.5.13 (Java/11.0.18) 0.006
0:0:0:0:0:0:0:1 - - [26/Jun/2023:09:26:30 +0500] GET /api/am/devportal/v2/subscriptions?apiId=d440f6b9-22c1-4326-8625-16eff1a0354e&limit=25 HTTP/1.1 200 654 https://localhost:9443/devportal/apis/d440f6b9-22c1-4326-8625-16eff1a0354e/credentials Mozilla/5.0 (Windows NT 10.0; Win64; x64) AppleWebKit/537.36 (KHTML, like Gecko) Chrome/114.0.0.0 Safari/537.36 0.035
0:0:0:0:0:0:0:1 - - [26/Jun/2023:09:26:30 +0500] GET /api/am/devportal/v2/applications?limit=5000 HTTP/1.1 200 440 https://localhost:9443/devportal/apis/d440f6b9-22c1-4326-8625-16eff1a0354e/credentials Mozilla/5.0 (Windows NT 10.0; Win64; x64) AppleWebKit/537.36 (KHTML, like Gecko) Chrome/114.0.0.0 Safari/537.36 0.013
127.0.0.1 - - [26/Jun/2023:09:26:30 +0500] GET /keymanager-operations/dcr/register/WHlMZkN2djZITW0yT3hydGtOTW51b0xPZFNVYQ%3D%3D HTTP/1.1 200 515 - Apache-HttpClient/4.5.13 (Java/11.0.18) 0.008
0:0:0:0:0:0:0:1 - - [26/Jun/2023:09:26:30 +0500] GET /api/am/devportal/v2/subscriptions?apiId=d440f6b9-22c1-4326-8625-16eff1a0354e&limit=5000 HTTP/1.1 200 655 https://localhost:9443/devportal/apis/d440f6b9-22c1-4326-8625-16eff1a0354e/credentials Mozilla/5.0 (Windows NT 10.0; Win64; x64) AppleWebKit/537.36 (KHTML, like Gecko) Chrome/114.0.0.0 Safari/537.36 0.058
0:0:0:0:0:0:0:1 - - [26/Jun/2023:09:26:46 +0500] GET /api/am/devportal/v2/apis/d440f6b9-22c1-4326-8625-16eff1a0354e HTTP/1.1 200 1133 https://localhost:9443/devportal/apis/d440f6b9-22c1-4326-8625-16eff1a0354e/test Mozilla/5.0 (Windows NT 10.0; Win64; x64) AppleWebKit/537.36 (KHTML, like Gecko) Chrome/114.0.0.0 Safari/537.36 0.020
0:0:0:0:0:0:0:1 - - [26/Jun/2023:09:26:46 +0500] GET /api/am/devportal/v2/apis/d440f6b9-22c1-4326-8625-16eff1a0354e/swagger?environmentName=Default HTTP/1.1 200 485 https://localhost:9443/devportal/apis/d440f6b9-22c1-4326-8625-16eff1a0354e/test Mozilla/5.0 (Windows NT 10.0; Win64; x64) AppleWebKit/537.36 (KHTML, like Gecko) Chrome/114.0.0.0 Safari/537.36 0.009
0:0:0:0:0:0:0:1 - - [26/Jun/2023:09:26:46 +0500] GET /api/am/devportal/v2/swagger.yaml HTTP/1.1 200 23493 https://localhost:9443/devportal/apis/d440f6b9-22c1-4326-8625-16eff1a0354e/test Mozilla/5.0 (Windows NT 10.0; Win64; x64) AppleWebKit/537.36 (KHTML, like Gecko) Chrome/114.0.0.0 Safari/537.36 0.011
127.0.0.1 - - [26/Jun/2023:09:26:46 +0500] GET /oauth2/token/.well-known/openid-configuration HTTP/1.1 200 2245 - Apache-HttpClient/4.5.13 (Java/11.0.18) 0.004
0:0:0:0:0:0:0:1 - - [26/Jun/2023:09:26:46 +0500] GET /api/am/devportal/v2/key-managers HTTP/1.1 200 755 https://localhost:9443/devportal/apis/d440f6b9-22c1-4326-8625-16eff1a0354e/test Mozilla/5.0 (Windows NT 10.0; Win64; x64) AppleWebKit/537.36 (KHTML, like Gecko) Chrome/114.0.0.0 Safari/537.36 0.035
127.0.0.1 - - [26/Jun/2023:09:26:46 +0500] GET /keymanager-operations/dcr/register/WHlMZkN2djZITW0yT3hydGtOTW51b0xPZFNVYQ%3D%3D HTTP/1.1 200 515 - Apache-HttpClient/4.5.13 (Java/11.0.18) 0.011
0:0:0:0:0:0:0:1 - - [26/Jun/2023:09:26:46 +0500] GET /api/am/devportal/v2/subscriptions?apiId=d440f6b9-22c1-4326-8625-16eff1a0354e&limit=25 HTTP/1.1 200 654 https://localhost:9443/devportal/apis/d440f6b9-22c1-4326-8625-16eff1a0354e/test Mozilla/5.0 (Windows NT 10.0; Win64; x64) AppleWebKit/537.36 (KHTML, like Gecko) Chrome/114.0.0.0 Safari/537.36 0.049
127.0.0.1 - - [26/Jun/2023:09:26:46 +0500] GET /keymanager-operations/dcr/register/WHlMZkN2djZITW0yT3hydGtOTW51b0xPZFNVYQ%3D%3D HTTP/1.1 200 515 - Apache-HttpClient/4.5.13 (Java/11.0.18) 0.005
0:0:0:0:0:0:0:1 - - [26/Jun/2023:09:26:46 +0500] GET /api/am/devportal/v2/subscriptions?apiId=d440f6b9-22c1-4326-8625-16eff1a0354e&limit=25 HTTP/1.1 200 654 https://localhost:9443/devportal/apis/d440f6b9-22c1-4326-8625-16eff1a0354e/test Mozilla/5.0 (Windows NT 10.0; Win64; x64) AppleWebKit/537.36 (KHTML, like Gecko) Chrome/114.0.0.0 Safari/537.36 0.035
0:0:0:0:0:0:0:1 - - [26/Jun/2023:09:26:46 +0500] GET /api/am/devportal/v2/applications/ HTTP/1.1 200 439 https://localhost:9443/devportal/apis/d440f6b9-22c1-4326-8625-16eff1a0354e/test Mozilla/5.0 (Windows NT 10.0; Win64; x64) AppleWebKit/537.36 (KHTML, like Gecko) Chrome/114.0.0.0 Safari/537.36 0.009
0:0:0:0:0:0:0:1 - - [26/Jun/2023:09:26:46 +0500] GET /api/am/devportal/v2/swagger.yaml HTTP/1.1 200 23493 https://localhost:9443/devportal/apis/d440f6b9-22c1-4326-8625-16eff1a0354e/test Mozilla/5.0 (Windows NT 10.0; Win64; x64) AppleWebKit/537.36 (KHTML, like Gecko) Chrome/114.0.0.0 Safari/537.36 0.007
127.0.0.1 - - [26/Jun/2023:09:26:47 +0500] GET /keymanager-operations/dcr/register/WHlMZkN2djZITW0yT3hydGtOTW51b0xPZFNVYQ%3D%3D HTTP/1.1 200 515 - Apache-HttpClient/4.5.13 (Java/11.0.18) 0.004
0:0:0:0:0:0:0:1 - - [26/Jun/2023:09:26:47 +0500] GET /api/am/devportal/v2/applications/5ceac273-9f7d-4f15-9a59-71cf848b596b HTTP/1.1 200 277 https://localhost:9443/devportal/apis/d440f6b9-22c1-4326-8625-16eff1a0354e/test Mozilla/5.0 (Windows NT 10.0; Win64; x64) AppleWebKit/537.36 (KHTML, like Gecko) Chrome/114.0.0.0 Safari/537.36 0.018
127.0.0.1 - - [26/Jun/2023:09:26:47 +0500] GET /keymanager-operations/dcr/register/WHlMZkN2djZITW0yT3hydGtOTW51b0xPZFNVYQ%3D%3D HTTP/1.1 200 515 - Apache-HttpClient/4.5.13 (Java/11.0.18) 0.004
0:0:0:0:0:0:0:1 - - [26/Jun/2023:09:26:47 +0500] GET /api/am/devportal/v2/applications/5ceac273-9f7d-4f15-9a59-71cf848b596b/oauth-keys HTTP/1.1 200 663 https://localhost:9443/devportal/apis/d440f6b9-22c1-4326-8625-16eff1a0354e/test Mozilla/5.0 (Windows NT 10.0; Win64; x64) AppleWebKit/537.36 (KHTML, like Gecko) Chrome/114.0.0.0 Safari/537.36 0.014
0:0:0:0:0:0:0:1 - - [26/Jun/2023:09:26:47 +0500] GET /api/am/devportal/v2/swagger.yaml HTTP/1.1 200 23493 https://localhost:9443/devportal/apis/d440f6b9-22c1-4326-8625-16eff1a0354e/test Mozilla/5.0 (Windows NT 10.0; Win64; x64) AppleWebKit/537.36 (KHTML, like Gecko) Chrome/114.0.0.0 Safari/537.36 0.010
0:0:0:0:0:0:0:1 - - [26/Jun/2023:09:26:47 +0500] GET /api/am/devportal/v2/swagger.yaml HTTP/1.1 200 23493 https://localhost:9443/devportal/apis/d440f6b9-22c1-4326-8625-16eff1a0354e/test Mozilla/5.0 (Windows NT 10.0; Win64; x64) AppleWebKit/537.36 (KHTML, like Gecko) Chrome/114.0.0.0 Safari/537.36 0.011
127.0.0.1 - - [26/Jun/2023:09:26:47 +0500] GET /keymanager-operations/dcr/register/WHlMZkN2djZITW0yT3hydGtOTW51b0xPZFNVYQ%3D%3D HTTP/1.1 200 515 - Apache-HttpClient/4.5.13 (Java/11.0.18) 0.004
0:0:0:0:0:0:0:1 - - [26/Jun/2023:09:26:47 +0500] GET /api/am/devportal/v2/applications/5ceac273-9f7d-4f15-9a59-71cf848b596b HTTP/1.1 200 277 https://localhost:9443/devportal/apis/d440f6b9-22c1-4326-8625-16eff1a0354e/test Mozilla/5.0 (Windows NT 10.0; Win64; x64) AppleWebKit/537.36 (KHTML, like Gecko) Chrome/114.0.0.0 Safari/537.36 0.011
127.0.0.1 - - [26/Jun/2023:09:26:47 +0500] GET /keymanager-operations/dcr/register/WHlMZkN2djZITW0yT3hydGtOTW51b0xPZFNVYQ%3D%3D HTTP/1.1 200 515 - Apache-HttpClient/4.5.13 (Java/11.0.18) 0.003
0:0:0:0:0:0:0:1 - - [26/Jun/2023:09:26:47 +0500] GET /api/am/devportal/v2/applications/5ceac273-9f7d-4f15-9a59-71cf848b596b HTTP/1.1 200 277 https://localhost:9443/devportal/apis/d440f6b9-22c1-4326-8625-16eff1a0354e/test Mozilla/5.0 (Windows NT 10.0; Win64; x64) AppleWebKit/537.36 (KHTML, like Gecko) Chrome/114.0.0.0 Safari/537.36 0.011
127.0.0.1 - - [26/Jun/2023:09:26:47 +0500] GET /keymanager-operations/dcr/register/WHlMZkN2djZITW0yT3hydGtOTW51b0xPZFNVYQ%3D%3D HTTP/1.1 200 515 - Apache-HttpClient/4.5.13 (Java/11.0.18) 0.004
0:0:0:0:0:0:0:1 - - [26/Jun/2023:09:26:47 +0500] GET /api/am/devportal/v2/applications/5ceac273-9f7d-4f15-9a59-71cf848b596b/oauth-keys HTTP/1.1 200 663 https://localhost:9443/devportal/apis/d440f6b9-22c1-4326-8625-16eff1a0354e/test Mozilla/5.0 (Windows NT 10.0; Win64; x64) AppleWebKit/537.36 (KHTML, like Gecko) Chrome/114.0.0.0 Safari/537.36 0.011
127.0.0.1 - - [26/Jun/2023:09:26:47 +0500] GET /keymanager-operations/dcr/register/WHlMZkN2djZITW0yT3hydGtOTW51b0xPZFNVYQ%3D%3D HTTP/1.1 200 515 - Apache-HttpClient/4.5.13 (Java/11.0.18) 0.005
0:0:0:0:0:0:0:1 - - [26/Jun/2023:09:26:47 +0500] GET /api/am/devportal/v2/applications/5ceac273-9f7d-4f15-9a59-71cf848b596b/oauth-keys HTTP/1.1 200 663 https://localhost:9443/devportal/apis/d440f6b9-22c1-4326-8625-16eff1a0354e/test Mozilla/5.0 (Windows NT 10.0; Win64; x64) AppleWebKit/537.36 (KHTML, like Gecko) Chrome/114.0.0.0 Safari/537.36 0.008
0:0:0:0:0:0:0:1 - - [26/Jun/2023:09:29:09 +0500] - 400 - - - 0.000
0:0:0:0:0:0:0:1 - - [26/Jun/2023:09:29:09 +0500] PUT /api/am/publisher/v3/apis/d440f6b9-22c1-4326-8625-16eff1a0354e/swagger HTTP/1.1 200 794 https://localhost:9443/publisher/apis/d440f6b9-22c1-4326-8625-16eff1a0354e/resources Mozilla/5.0 (Windows NT 10.0; Win64; x64) AppleWebKit/537.36 (KHTML, like Gecko) Chrome/114.0.0.0 Safari/537.36 0.266
0:0:0:0:0:0:0:1 - - [26/Jun/2023:09:29:09 +0500] GET /api/am/publisher/v3/apis/d440f6b9-22c1-4326-8625-16eff1a0354e HTTP/1.1 200 1171 https://localhost:9443/publisher/apis/d440f6b9-22c1-4326-8625-16eff1a0354e/resources Mozilla/5.0 (Windows NT 10.0; Win64; x64) AppleWebKit/537.36 (KHTML, like Gecko) Chrome/114.0.0.0 Safari/537.36 0.026
0:0:0:0:0:0:0:1 - - [26/Jun/2023:09:29:12 +0500] GET /api/am/publisher/v3/apis/d440f6b9-22c1-4326-8625-16eff1a0354e/swagger HTTP/1.1 200 794 https://localhost:9443/publisher/apis/d440f6b9-22c1-4326-8625-16eff1a0354e/endpoints Mozilla/5.0 (Windows NT 10.0; Win64; x64) AppleWebKit/537.36 (KHTML, like Gecko) Chrome/114.0.0.0 Safari/537.36 0.021
0:0:0:0:0:0:0:1 - - [26/Jun/2023:09:29:12 +0500] - 400 - - - 0.000
0:0:0:0:0:0:0:1 - - [26/Jun/2023:09:29:12 +0500] GET /api/am/publisher/v3/endpoint-certificates?endpoint=http%3A%2F%2Flocalhost%3A8290%2Fservices%2FProxyForEchoService HTTP/1.1 200 100 https://localhost:9443/publisher/apis/d440f6b9-22c1-4326-8625-16eff1a0354e/endpoints Mozilla/5.0 (Windows NT 10.0; Win64; x64) AppleWebKit/537.36 (KHTML, like Gecko) Chrome/114.0.0.0 Safari/537.36 0.031
0:0:0:0:0:0:0:1 - - [26/Jun/2023:09:29:19 +0500] - 400 - - - 0.000
0:0:0:0:0:0:0:1 - - [26/Jun/2023:09:29:19 +0500] GET /api/am/publisher/v3/apis/d440f6b9-22c1-4326-8625-16eff1a0354e/client-certificates HTTP/1.1 200 104 https://localhost:9443/publisher/apis/d440f6b9-22c1-4326-8625-16eff1a0354e/runtime-configuration Mozilla/5.0 (Windows NT 10.0; Win64; x64) AppleWebKit/537.36 (KHTML, like Gecko) Chrome/114.0.0.0 Safari/537.36 0.010
127.0.0.1 - - [26/Jun/2023:09:29:19 +0500] GET /oauth2/token/.well-known/openid-configuration HTTP/1.1 200 2245 - Apache-HttpClient/4.5.13 (Java/11.0.18) 0.003
0:0:0:0:0:0:0:1 - - [26/Jun/2023:09:29:19 +0500] GET /api/am/publisher/v3/key-managers HTTP/1.1 200 218 https://localhost:9443/publisher/apis/d440f6b9-22c1-4326-8625-16eff1a0354e/runtime-configuration Mozilla/5.0 (Windows NT 10.0; Win64; x64) AppleWebKit/537.36 (KHTML, like Gecko) Chrome/114.0.0.0 Safari/537.36 0.064
127.0.0.1 - - [26/Jun/2023:09:29:19 +0500] GET /oauth2/token/.well-known/openid-configuration HTTP/1.1 200 2245 - Apache-HttpClient/4.5.13 (Java/11.0.18) 0.003
0:0:0:0:0:0:0:1 - - [26/Jun/2023:09:29:19 +0500] GET /api/am/publisher/v3/key-managers HTTP/1.1 200 218 https://localhost:9443/publisher/apis/d440f6b9-22c1-4326-8625-16eff1a0354e/runtime-configuration Mozilla/5.0 (Windows NT 10.0; Win64; x64) AppleWebKit/537.36 (KHTML, like Gecko) Chrome/114.0.0.0 Safari/537.36 0.025
0:0:0:0:0:0:0:1 - - [26/Jun/2023:09:29:22 +0500] PUT /api/am/publisher/v3/apis/d440f6b9-22c1-4326-8625-16eff1a0354e HTTP/1.1 200 1174 https://localhost:9443/publisher/apis/d440f6b9-22c1-4326-8625-16eff1a0354e/runtime-configuration Mozilla/5.0 (Windows NT 10.0; Win64; x64) AppleWebKit/537.36 (KHTML, like Gecko) Chrome/114.0.0.0 Safari/537.36 0.199
0:0:0:0:0:0:0:1 - - [26/Jun/2023:09:29:22 +0500] GET /api/am/publisher/v3/apis/d440f6b9-22c1-4326-8625-16eff1a0354e/client-certificates HTTP/1.1 200 104 https://localhost:9443/publisher/apis/d440f6b9-22c1-4326-8625-16eff1a0354e/runtime-configuration Mozilla/5.0 (Windows NT 10.0; Win64; x64) AppleWebKit/537.36 (KHTML, like Gecko) Chrome/114.0.0.0 Safari/537.36 0.005
127.0.0.1 - - [26/Jun/2023:09:29:22 +0500] GET /oauth2/token/.well-known/openid-configuration HTTP/1.1 200 2245 - Apache-HttpClient/4.5.13 (Java/11.0.18) 0.003
0:0:0:0:0:0:0:1 - - [26/Jun/2023:09:29:22 +0500] GET /api/am/publisher/v3/key-managers HTTP/1.1 200 218 https://localhost:9443/publisher/apis/d440f6b9-22c1-4326-8625-16eff1a0354e/runtime-configuration Mozilla/5.0 (Windows NT 10.0; Win64; x64) AppleWebKit/537.36 (KHTML, like Gecko) Chrome/114.0.0.0 Safari/537.36 0.022
127.0.0.1 - - [26/Jun/2023:09:29:22 +0500] GET /oauth2/token/.well-known/openid-configuration HTTP/1.1 200 2245 - Apache-HttpClient/4.5.13 (Java/11.0.18) 0.003
0:0:0:0:0:0:0:1 - - [26/Jun/2023:09:29:22 +0500] GET /api/am/publisher/v3/key-managers HTTP/1.1 200 218 https://localhost:9443/publisher/apis/d440f6b9-22c1-4326-8625-16eff1a0354e/runtime-configuration Mozilla/5.0 (Windows NT 10.0; Win64; x64) AppleWebKit/537.36 (KHTML, like Gecko) Chrome/114.0.0.0 Safari/537.36 0.036
0:0:0:0:0:0:0:1 - - [26/Jun/2023:09:29:26 +0500] GET /devportal/apis/d440f6b9-22c1-4326-8625-16eff1a0354e/overview HTTP/1.1 200 2034 - Mozilla/5.0 (Windows NT 10.0; Win64; x64) AppleWebKit/537.36 (KHTML, like Gecko) Chrome/114.0.0.0 Safari/537.36 0.012
0:0:0:0:0:0:0:1 - - [26/Jun/2023:09:29:26 +0500] GET /devportal/site/public/css/main.css HTTP/1.1 200 1791 https://localhost:9443/devportal/apis/d440f6b9-22c1-4326-8625-16eff1a0354e/overview Mozilla/5.0 (Windows NT 10.0; Win64; x64) AppleWebKit/537.36 (KHTML, like Gecko) Chrome/114.0.0.0 Safari/537.36 0.003
0:0:0:0:0:0:0:1 - - [26/Jun/2023:09:29:26 +0500] GET /devportal/site/public/theme/userTheme.js HTTP/1.1 200 951 https://localhost:9443/devportal/apis/d440f6b9-22c1-4326-8625-16eff1a0354e/overview Mozilla/5.0 (Windows NT 10.0; Win64; x64) AppleWebKit/537.36 (KHTML, like Gecko) Chrome/114.0.0.0 Safari/537.36 0.002
0:0:0:0:0:0:0:1 - - [26/Jun/2023:09:29:26 +0500] - 400 - - - 0.000
0:0:0:0:0:0:0:1 - - [26/Jun/2023:09:29:26 +0500] - 400 - - - 0.000
0:0:0:0:0:0:0:1 - - [26/Jun/2023:09:29:26 +0500] - 400 - - - 0.000
0:0:0:0:0:0:0:1 - - [26/Jun/2023:09:29:26 +0500] - 400 - - - 0.000
0:0:0:0:0:0:0:1 - - [26/Jun/2023:09:29:26 +0500] - 400 - - - 0.000
0:0:0:0:0:0:0:1 - - [26/Jun/2023:09:29:26 +0500] GET /devportal/site/public/fonts/iconfont/MaterialIcons.js HTTP/1.1 200 6703 https://localhost:9443/devportal/apis/d440f6b9-22c1-4326-8625-16eff1a0354e/overview Mozilla/5.0 (Windows NT 10.0; Win64; x64) AppleWebKit/537.36 (KHTML, like Gecko) Chrome/114.0.0.0 Safari/537.36 0.007
0:0:0:0:0:0:0:1 - - [26/Jun/2023:09:29:26 +0500] GET /devportal/site/public/css/overrides.css HTTP/1.1 200 - https://localhost:9443/devportal/apis/d440f6b9-22c1-4326-8625-16eff1a0354e/overview Mozilla/5.0 (Windows NT 10.0; Win64; x64) AppleWebKit/537.36 (KHTML, like Gecko) Chrome/114.0.0.0 Safari/537.36 0.001
0:0:0:0:0:0:0:1 - - [26/Jun/2023:09:29:26 +0500] GET /devportal/services/settings/settings.js HTTP/1.1 200 1036 https://localhost:9443/devportal/apis/d440f6b9-22c1-4326-8625-16eff1a0354e/overview Mozilla/5.0 (Windows NT 10.0; Win64; x64) AppleWebKit/537.36 (KHTML, like Gecko) Chrome/114.0.0.0 Safari/537.36 0.012
0:0:0:0:0:0:0:1 - - [26/Jun/2023:09:29:26 +0500] GET /devportal/site/public/fonts/iconfont/material-icons.css HTTP/1.1 200 970 https://localhost:9443/devportal/apis/d440f6b9-22c1-4326-8625-16eff1a0354e/overview Mozilla/5.0 (Windows NT 10.0; Win64; x64) AppleWebKit/537.36 (KHTML, like Gecko) Chrome/114.0.0.0 Safari/537.36 0.003
0:0:0:0:0:0:0:1 - - [26/Jun/2023:09:29:26 +0500] GET /devportal/site/public/dist/index.bb5a154b1face8797bc3.bundle.js HTTP/1.1 200 259795 https://localhost:9443/devportal/apis/d440f6b9-22c1-4326-8625-16eff1a0354e/overview Mozilla/5.0 (Windows NT 10.0; Win64; x64) AppleWebKit/537.36 (KHTML, like Gecko) Chrome/114.0.0.0 Safari/537.36 0.088
0:0:0:0:0:0:0:1 - - [26/Jun/2023:09:29:27 +0500] GET /devportal/site/public/locales/en.json HTTP/1.1 200 56514 https://localhost:9443/devportal/apis/d440f6b9-22c1-4326-8625-16eff1a0354e/overview Mozilla/5.0 (Windows NT 10.0; Win64; x64) AppleWebKit/537.36 (KHTML, like Gecko) Chrome/114.0.0.0 Safari/537.36 0.003
0:0:0:0:0:0:0:1 - - [26/Jun/2023:09:29:27 +0500] GET /api/am/devportal/v2/swagger.yaml HTTP/1.1 200 23493 https://localhost:9443/devportal/apis/d440f6b9-22c1-4326-8625-16eff1a0354e/overview Mozilla/5.0 (Windows NT 10.0; Win64; x64) AppleWebKit/537.36 (KHTML, like Gecko) Chrome/114.0.0.0 Safari/537.36 0.010
0:0:0:0:0:0:0:1 - - [26/Jun/2023:09:29:27 +0500] GET /api/am/devportal/v2/settings HTTP/1.1 200 868 https://localhost:9443/devportal/apis/d440f6b9-22c1-4326-8625-16eff1a0354e/overview Mozilla/5.0 (Windows NT 10.0; Win64; x64) AppleWebKit/537.36 (KHTML, like Gecko) Chrome/114.0.0.0 Safari/537.36 0.069
0:0:0:0:0:0:0:1 - - [26/Jun/2023:09:29:27 +0500] GET /devportal/site/public/dist/ProtectedApp.85246914c5a864cd3b25.bundle.js HTTP/1.1 200 70400 https://localhost:9443/devportal/apis/d440f6b9-22c1-4326-8625-16eff1a0354e/overview Mozilla/5.0 (Windows NT 10.0; Win64; x64) AppleWebKit/537.36 (KHTML, like Gecko) Chrome/114.0.0.0 Safari/537.36 0.020
0:0:0:0:0:0:0:1 - - [26/Jun/2023:09:29:27 +0500] GET /devportal/site/public/dist/vendors~ProtectedApp.f5062f21efd7a7d46a01.bundle.js HTTP/1.1 200 179913 https://localhost:9443/devportal/apis/d440f6b9-22c1-4326-8625-16eff1a0354e/overview Mozilla/5.0 (Windows NT 10.0; Win64; x64) AppleWebKit/537.36 (KHTML, like Gecko) Chrome/114.0.0.0 Safari/537.36 0.059
0:0:0:0:0:0:0:1 - - [26/Jun/2023:09:29:27 +0500] GET /devportal/site/public/theme/temporary_environments_config.json HTTP/1.1 200 - https://localhost:9443/devportal/apis/d440f6b9-22c1-4326-8625-16eff1a0354e/overview Mozilla/5.0 (Windows NT 10.0; Win64; x64) AppleWebKit/537.36 (KHTML, like Gecko) Chrome/114.0.0.0 Safari/537.36 0.003
0:0:0:0:0:0:0:1 - - [26/Jun/2023:09:29:27 +0500] GET /devportal/site/public/theme/temporary_features_config.json HTTP/1.1 200 - https://localhost:9443/devportal/apis/d440f6b9-22c1-4326-8625-16eff1a0354e/overview Mozilla/5.0 (Windows NT 10.0; Win64; x64) AppleWebKit/537.36 (KHTML, like Gecko) Chrome/114.0.0.0 Safari/537.36 0.002
0:0:0:0:0:0:0:1 - - [26/Jun/2023:09:29:27 +0500] GET /api/am/devportal/v2/tenants?state=active HTTP/1.1 200 96 https://localhost:9443/devportal/apis/d440f6b9-22c1-4326-8625-16eff1a0354e/overview Mozilla/5.0 (Windows NT 10.0; Win64; x64) AppleWebKit/537.36 (KHTML, like Gecko) Chrome/114.0.0.0 Safari/537.36 0.004
0:0:0:0:0:0:0:1 - - [26/Jun/2023:09:29:27 +0500] GET /devportal/site/public/dist/vendors~ApiListing~Apis~ApplicationDetails.085bc8cf7979cfcae9cd.bundle.js HTTP/1.1 200 3838 https://localhost:9443/devportal/apis/d440f6b9-22c1-4326-8625-16eff1a0354e/overview Mozilla/5.0 (Windows NT 10.0; Win64; x64) AppleWebKit/537.36 (KHTML, like Gecko) Chrome/114.0.0.0 Safari/537.36 0.005
0:0:0:0:0:0:0:1 - - [26/Jun/2023:09:29:27 +0500] GET /devportal/site/public/dist/vendors~Apis~Landing.3ed7aaee9d420a079083.bundle.js HTTP/1.1 200 3784 https://localhost:9443/devportal/apis/d440f6b9-22c1-4326-8625-16eff1a0354e/overview Mozilla/5.0 (Windows NT 10.0; Win64; x64) AppleWebKit/537.36 (KHTML, like Gecko) Chrome/114.0.0.0 Safari/537.36 0.003
0:0:0:0:0:0:0:1 - - [26/Jun/2023:09:29:27 +0500] GET /devportal/site/public/dist/vendors~Apis.c6057c04cc4bfea77c3f.bundle.js HTTP/1.1 200 17153 https://localhost:9443/devportal/apis/d440f6b9-22c1-4326-8625-16eff1a0354e/overview Mozilla/5.0 (Windows NT 10.0; Win64; x64) AppleWebKit/537.36 (KHTML, like Gecko) Chrome/114.0.0.0 Safari/537.36 0.011
0:0:0:0:0:0:0:1 - - [26/Jun/2023:09:29:27 +0500] GET /devportal/site/public/dist/Apis.fdf1eccb253de572570e.bundle.js HTTP/1.1 200 30555 https://localhost:9443/devportal/apis/d440f6b9-22c1-4326-8625-16eff1a0354e/overview Mozilla/5.0 (Windows NT 10.0; Win64; x64) AppleWebKit/537.36 (KHTML, like Gecko) Chrome/114.0.0.0 Safari/537.36 0.011
0:0:0:0:0:0:0:1 - - [26/Jun/2023:09:29:27 +0500] GET /devportal/site/public/dist/vendors~Apis~ApplicationDetails.be38cbbdbc60426eae7a.bundle.js HTTP/1.1 200 71039 https://localhost:9443/devportal/apis/d440f6b9-22c1-4326-8625-16eff1a0354e/overview Mozilla/5.0 (Windows NT 10.0; Win64; x64) AppleWebKit/537.36 (KHTML, like Gecko) Chrome/114.0.0.0 Safari/537.36 0.021
0:0:0:0:0:0:0:1 - - [26/Jun/2023:09:29:27 +0500] GET /oidc/checksession?client_id=1gMVqRyMGgEkZ3coeBEcN12K_zca&redirect_uri=https://localhost:9443/devportal/services/auth/callback/login HTTP/1.1 200 3133 https://localhost:9443/devportal/apis/d440f6b9-22c1-4326-8625-16eff1a0354e/overview Mozilla/5.0 (Windows NT 10.0; Win64; x64) AppleWebKit/537.36 (KHTML, like Gecko) Chrome/114.0.0.0 Safari/537.36 0.003
0:0:0:0:0:0:0:1 - - [26/Jun/2023:09:29:28 +0500] GET /devportal/site/public/images/zong_logo.svg HTTP/1.1 200 5917 https://localhost:9443/devportal/apis/d440f6b9-22c1-4326-8625-16eff1a0354e/overview Mozilla/5.0 (Windows NT 10.0; Win64; x64) AppleWebKit/537.36 (KHTML, like Gecko) Chrome/114.0.0.0 Safari/537.36 0.002
0:0:0:0:0:0:0:1 - - [26/Jun/2023:09:29:28 +0500] GET /devportal HTTP/1.1 302 - https://localhost:9443/devportal/apis/d440f6b9-22c1-4326-8625-16eff1a0354e/overview Mozilla/5.0 (Windows NT 10.0; Win64; x64) AppleWebKit/537.36 (KHTML, like Gecko) Chrome/114.0.0.0 Safari/537.36 0.000
0:0:0:0:0:0:0:1 - - [26/Jun/2023:09:29:28 +0500] GET /devportal/site/public/images/appbarBack.png HTTP/1.1 200 1964 https://localhost:9443/devportal/apis/d440f6b9-22c1-4326-8625-16eff1a0354e/overview Mozilla/5.0 (Windows NT 10.0; Win64; x64) AppleWebKit/537.36 (KHTML, like Gecko) Chrome/114.0.0.0 Safari/537.36 0.002
0:0:0:0:0:0:0:1 - - [26/Jun/2023:09:29:28 +0500] GET /devportal/ HTTP/1.1 200 2034 https://localhost:9443/devportal/apis/d440f6b9-22c1-4326-8625-16eff1a0354e/overview Mozilla/5.0 (Windows NT 10.0; Win64; x64) AppleWebKit/537.36 (KHTML, like Gecko) Chrome/114.0.0.0 Safari/537.36 0.004
0:0:0:0:0:0:0:1 - - [26/Jun/2023:09:29:28 +0500] GET /devportal/site/public/fonts/Open_Sans/mem8YaGs126MiZpBA-UFVZ0bf8pkAg.woff2 HTTP/1.1 200 8892 https://localhost:9443/devportal/site/public/css/main.css Mozilla/5.0 (Windows NT 10.0; Win64; x64) AppleWebKit/537.36 (KHTML, like Gecko) Chrome/114.0.0.0 Safari/537.36 0.004
0:0:0:0:0:0:0:1 - - [26/Jun/2023:09:29:28 +0500] GET /devportal/site/public/fonts/Open_Sans/mem5YaGs126MiZpBA-UN7rgOUuhpKKSTjw.woff2 HTTP/1.1 200 8800 https://localhost:9443/devportal/site/public/css/main.css Mozilla/5.0 (Windows NT 10.0; Win64; x64) AppleWebKit/537.36 (KHTML, like Gecko) Chrome/114.0.0.0 Safari/537.36 0.002
0:0:0:0:0:0:0:1 - - [26/Jun/2023:09:29:28 +0500] GET /devportal/site/public/fonts/iconfont/MaterialIcons-Regular.woff2 HTTP/1.1 200 60840 https://localhost:9443/devportal/site/public/fonts/iconfont/material-icons.css Mozilla/5.0 (Windows NT 10.0; Win64; x64) AppleWebKit/537.36 (KHTML, like Gecko) Chrome/114.0.0.0 Safari/537.36 0.002
0:0:0:0:0:0:0:1 - - [26/Jun/2023:09:29:28 +0500] GET /api/am/devportal/v2/apis/d440f6b9-22c1-4326-8625-16eff1a0354e HTTP/1.1 200 1137 https://localhost:9443/devportal/apis/d440f6b9-22c1-4326-8625-16eff1a0354e/overview Mozilla/5.0 (Windows NT 10.0; Win64; x64) AppleWebKit/537.36 (KHTML, like Gecko) Chrome/114.0.0.0 Safari/537.36 0.033
0:0:0:0:0:0:0:1 - - [26/Jun/2023:09:29:28 +0500] GET /api/am/devportal/v2/applications?limit=5000 HTTP/1.1 200 440 https://localhost:9443/devportal/apis/d440f6b9-22c1-4326-8625-16eff1a0354e/overview Mozilla/5.0 (Windows NT 10.0; Win64; x64) AppleWebKit/537.36 (KHTML, like Gecko) Chrome/114.0.0.0 Safari/537.36 0.011
127.0.0.1 - - [26/Jun/2023:09:29:28 +0500] GET /keymanager-operations/dcr/register/WHlMZkN2djZITW0yT3hydGtOTW51b0xPZFNVYQ%3D%3D HTTP/1.1 200 515 - Apache-HttpClient/4.5.13 (Java/11.0.18) 0.005
127.0.0.1 - - [26/Jun/2023:09:29:28 +0500] GET /keymanager-operations/dcr/register/WHlMZkN2djZITW0yT3hydGtOTW51b0xPZFNVYQ%3D%3D HTTP/1.1 200 515 - Apache-HttpClient/4.5.13 (Java/11.0.18) 0.018
0:0:0:0:0:0:0:1 - - [26/Jun/2023:09:29:28 +0500] GET /api/am/devportal/v2/subscriptions?apiId=d440f6b9-22c1-4326-8625-16eff1a0354e&limit=25 HTTP/1.1 200 654 https://localhost:9443/devportal/apis/d440f6b9-22c1-4326-8625-16eff1a0354e/overview Mozilla/5.0 (Windows NT 10.0; Win64; x64) AppleWebKit/537.36 (KHTML, like Gecko) Chrome/114.0.0.0 Safari/537.36 0.079
0:0:0:0:0:0:0:1 - - [26/Jun/2023:09:29:28 +0500] GET /api/am/devportal/v2/subscriptions?apiId=d440f6b9-22c1-4326-8625-16eff1a0354e&limit=5000 HTTP/1.1 200 655 https://localhost:9443/devportal/apis/d440f6b9-22c1-4326-8625-16eff1a0354e/overview Mozilla/5.0 (Windows NT 10.0; Win64; x64) AppleWebKit/537.36 (KHTML, like Gecko) Chrome/114.0.0.0 Safari/537.36 0.083
0:0:0:0:0:0:0:1 - - [26/Jun/2023:09:29:28 +0500] GET /devportal/site/public/dist/vendors~APIComments~APIOverview~ApplicationDetails.87a2f2161f16e1ebc95c.bundle.js HTTP/1.1 200 5400 https://localhost:9443/devportal/apis/d440f6b9-22c1-4326-8625-16eff1a0354e/overview Mozilla/5.0 (Windows NT 10.0; Win64; x64) AppleWebKit/537.36 (KHTML, like Gecko) Chrome/114.0.0.0 Safari/537.36 0.006
0:0:0:0:0:0:0:1 - - [26/Jun/2023:09:29:28 +0500] GET /devportal/site/public/dist/APIComments.556f8b209379e7d93f7a.bundle.js HTTP/1.1 200 8382 https://localhost:9443/devportal/apis/d440f6b9-22c1-4326-8625-16eff1a0354e/overview Mozilla/5.0 (Windows NT 10.0; Win64; x64) AppleWebKit/537.36 (KHTML, like Gecko) Chrome/114.0.0.0 Safari/537.36 0.008
0:0:0:0:0:0:0:1 - - [26/Jun/2023:09:29:28 +0500] GET /devportal/site/public/dist/vendors~APIDocuments~APIOverview.6e9016b2541da23523a5.bundle.js HTTP/1.1 200 86891 https://localhost:9443/devportal/apis/d440f6b9-22c1-4326-8625-16eff1a0354e/overview Mozilla/5.0 (Windows NT 10.0; Win64; x64) AppleWebKit/537.36 (KHTML, like Gecko) Chrome/114.0.0.0 Safari/537.36 0.027
0:0:0:0:0:0:0:1 - - [26/Jun/2023:09:29:28 +0500] GET /devportal/site/public/dist/APIOverview.f8126125ca0837b4fd59.bundle.js HTTP/1.1 200 11676 https://localhost:9443/devportal/apis/d440f6b9-22c1-4326-8625-16eff1a0354e/overview Mozilla/5.0 (Windows NT 10.0; Win64; x64) AppleWebKit/537.36 (KHTML, like Gecko) Chrome/114.0.0.0 Safari/537.36 0.004
0:0:0:0:0:0:0:1 - - [26/Jun/2023:09:29:28 +0500] GET /api/am/devportal/v2/throttling-policies/subscription HTTP/1.1 200 634 https://localhost:9443/devportal/apis/d440f6b9-22c1-4326-8625-16eff1a0354e/overview Mozilla/5.0 (Windows NT 10.0; Win64; x64) AppleWebKit/537.36 (KHTML, like Gecko) Chrome/114.0.0.0 Safari/537.36 0.006
0:0:0:0:0:0:0:1 - - [26/Jun/2023:09:29:28 +0500] GET /api/am/devportal/v2/apis/d440f6b9-22c1-4326-8625-16eff1a0354e/documents HTTP/1.1 200 92 https://localhost:9443/devportal/apis/d440f6b9-22c1-4326-8625-16eff1a0354e/overview Mozilla/5.0 (Windows NT 10.0; Win64; x64) AppleWebKit/537.36 (KHTML, like Gecko) Chrome/114.0.0.0 Safari/537.36 0.016
0:0:0:0:0:0:0:1 - - [26/Jun/2023:09:29:28 +0500] GET /api/am/devportal/v2/throttling-policies/subscription HTTP/1.1 200 634 https://localhost:9443/devportal/apis/d440f6b9-22c1-4326-8625-16eff1a0354e/overview Mozilla/5.0 (Windows NT 10.0; Win64; x64) AppleWebKit/537.36 (KHTML, like Gecko) Chrome/114.0.0.0 Safari/537.36 0.006
0:0:0:0:0:0:0:1 - - [26/Jun/2023:09:29:28 +0500] GET /api/am/devportal/v2/apis/d440f6b9-22c1-4326-8625-16eff1a0354e/documents HTTP/1.1 200 92 https://localhost:9443/devportal/apis/d440f6b9-22c1-4326-8625-16eff1a0354e/overview Mozilla/5.0 (Windows NT 10.0; Win64; x64) AppleWebKit/537.36 (KHTML, like Gecko) Chrome/114.0.0.0 Safari/537.36 0.019
0:0:0:0:0:0:0:1 - - [26/Jun/2023:09:29:28 +0500] GET /api/am/devportal/v2/apis/d440f6b9-22c1-4326-8625-16eff1a0354e/thumbnail HTTP/1.1 204 - https://localhost:9443/devportal/apis/d440f6b9-22c1-4326-8625-16eff1a0354e/overview Mozilla/5.0 (Windows NT 10.0; Win64; x64) AppleWebKit/537.36 (KHTML, like Gecko) Chrome/114.0.0.0 Safari/537.36 0.015
0:0:0:0:0:0:0:1 - - [26/Jun/2023:09:29:28 +0500] GET /api/am/devportal/v2/apis/d440f6b9-22c1-4326-8625-16eff1a0354e/comments?limit=5&offset=0 HTTP/1.1 200 101 https://localhost:9443/devportal/apis/d440f6b9-22c1-4326-8625-16eff1a0354e/overview Mozilla/5.0 (Windows NT 10.0; Win64; x64) AppleWebKit/537.36 (KHTML, like Gecko) Chrome/114.0.0.0 Safari/537.36 0.017
0:0:0:0:0:0:0:1 - - [26/Jun/2023:09:29:28 +0500] GET /api/am/devportal/v2/apis/d440f6b9-22c1-4326-8625-16eff1a0354e/ratings HTTP/1.1 200 125 https://localhost:9443/devportal/apis/d440f6b9-22c1-4326-8625-16eff1a0354e/overview Mozilla/5.0 (Windows NT 10.0; Win64; x64) AppleWebKit/537.36 (KHTML, like Gecko) Chrome/114.0.0.0 Safari/537.36 0.012
0:0:0:0:0:0:0:1 - - [26/Jun/2023:09:29:29 +0500] GET /devportal/site/public/images/leftMenuBack.png HTTP/1.1 200 5308 https://localhost:9443/devportal/apis/d440f6b9-22c1-4326-8625-16eff1a0354e/overview Mozilla/5.0 (Windows NT 10.0; Win64; x64) AppleWebKit/537.36 (KHTML, like Gecko) Chrome/114.0.0.0 Safari/537.36 0.005
0:0:0:0:0:0:0:1 - - [26/Jun/2023:09:29:31 +0500] GET /api/am/publisher/v3/apis/d440f6b9-22c1-4326-8625-16eff1a0354e/asyncapi HTTP/1.1 200 - https://localhost:9443/publisher/apis/d440f6b9-22c1-4326-8625-16eff1a0354e/deployments Mozilla/5.0 (Windows NT 10.0; Win64; x64) AppleWebKit/537.36 (KHTML, like Gecko) Chrome/114.0.0.0 Safari/537.36 0.012
0:0:0:0:0:0:0:1 - - [26/Jun/2023:09:29:36 +0500] POST /api/am/publisher/v3/apis/d440f6b9-22c1-4326-8625-16eff1a0354e/revisions HTTP/1.1 201 193 https://localhost:9443/publisher/apis/d440f6b9-22c1-4326-8625-16eff1a0354e/deployments Mozilla/5.0 (Windows NT 10.0; Win64; x64) AppleWebKit/537.36 (KHTML, like Gecko) Chrome/114.0.0.0 Safari/537.36 0.092
