0:0:0:0:0:0:0:1 - - [26/Jun/2023:09:23:47 +0500] GET /api/am/devportal/v2/applications?limit=5000 HTTP/1.1 200 981 https://localhost:9443/devportal/apis/d440f6b9-22c1-4326-8625-16eff1a0354e/credentials Mozilla/5.0 (Windows NT 10.0; Win64; x64) AppleWebKit/537.36 (KHTML, like Gecko) Chrome/114.0.0.0 Safari/537.36 0.019
127.0.0.1 - - [26/Jun/2023:09:23:47 +0500] GET /keymanager-operations/dcr/register/UFVWc0NGcThwVXZfTXB0ZmFCYUZzRFR2QURNYQ%3D%3D HTTP/1.1 200 515 - Apache-HttpClient/4.5.13 (Java/11.0.18) 0.006
127.0.0.1 - - [26/Jun/2023:09:23:47 +0500] GET /keymanager-operations/dcr/register/UFVWc0NGcThwVXZfTXB0ZmFCYUZzRFR2QURNYQ%3D%3D HTTP/1.1 200 515 - Apache-HttpClient/4.5.13 (Java/11.0.18) 0.010
0:0:0:0:0:0:0:1 - - [26/Jun/2023:09:23:47 +0500] GET /api/am/devportal/v2/subscriptions?apiId=d440f6b9-22c1-4326-8625-16eff1a0354e&limit=5000 HTTP/1.1 200 675 https://localhost:9443/devportal/apis/d440f6b9-22c1-4326-8625-16eff1a0354e/credentials Mozilla/5.0 (Windows NT 10.0; Win64; x64) AppleWebKit/537.36 (KHTML, like Gecko) Chrome/114.0.0.0 Safari/537.36 0.071
0:0:0:0:0:0:0:1 - - [26/Jun/2023:09:23:47 +0500] GET /api/am/devportal/v2/subscriptions?apiId=d440f6b9-22c1-4326-8625-16eff1a0354e&limit=25 HTTP/1.1 200 674 https://localhost:9443/devportal/apis/d440f6b9-22c1-4326-8625-16eff1a0354e/credentials Mozilla/5.0 (Windows NT 10.0; Win64; x64) AppleWebKit/537.36 (KHTML, like Gecko) Chrome/114.0.0.0 Safari/537.36 0.093
0:0:0:0:0:0:0:1 - - [26/Jun/2023:09:23:47 +0500] GET /api/am/publisher/v3/apis/d440f6b9-22c1-4326-8625-16eff1a0354e/revisions?query=deployed%3Atrue HTTP/1.1 200 388 https://localhost:9443/publisher/apis/d440f6b9-22c1-4326-8625-16eff1a0354e/overview Mozilla/5.0 (Windows NT 10.0; Win64; x64) AppleWebKit/537.36 (KHTML, like Gecko) Chrome/114.0.0.0 Safari/537.36 0.007
0:0:0:0:0:0:0:1 - - [26/Jun/2023:09:23:47 +0500] GET /api/am/publisher/v3/apis/d440f6b9-22c1-4326-8625-16eff1a0354e/swagger HTTP/1.1 200 741 https://localhost:9443/publisher/apis/d440f6b9-22c1-4326-8625-16eff1a0354e/overview Mozilla/5.0 (Windows NT 10.0; Win64; x64) AppleWebKit/537.36 (KHTML, like Gecko) Chrome/114.0.0.0 Safari/537.36 0.021
0:0:0:0:0:0:0:1 - - [26/Jun/2023:09:23:47 +0500] GET /api/am/publisher/v3/apis/d440f6b9-22c1-4326-8625-16eff1a0354e/revisions?query=deployed%3Atrue HTTP/1.1 200 388 https://localhost:9443/publisher/apis/d440f6b9-22c1-4326-8625-16eff1a0354e/overview Mozilla/5.0 (Windows NT 10.0; Win64; x64) AppleWebKit/537.36 (KHTML, like Gecko) Chrome/114.0.0.0 Safari/537.36 0.005
0:0:0:0:0:0:0:1 - - [26/Jun/2023:09:23:47 +0500] GET /api/am/publisher/v3/apis/d440f6b9-22c1-4326-8625-16eff1a0354e/swagger HTTP/1.1 200 741 https://localhost:9443/publisher/apis/d440f6b9-22c1-4326-8625-16eff1a0354e/overview Mozilla/5.0 (Windows NT 10.0; Win64; x64) AppleWebKit/537.36 (KHTML, like Gecko) Chrome/114.0.0.0 Safari/537.36 0.016
0:0:0:0:0:0:0:1 - - [26/Jun/2023:09:23:48 +0500] GET /api/am/publisher/v3/apis/d440f6b9-22c1-4326-8625-16eff1a0354e/revisions?query=deployed%3Atrue HTTP/1.1 200 388 https://localhost:9443/publisher/apis/d440f6b9-22c1-4326-8625-16eff1a0354e/overview Mozilla/5.0 (Windows NT 10.0; Win64; x64) AppleWebKit/537.36 (KHTML, like Gecko) Chrome/114.0.0.0 Safari/537.36 0.008
0:0:0:0:0:0:0:1 - - [26/Jun/2023:09:23:48 +0500] GET /api/am/publisher/v3/apis/d440f6b9-22c1-4326-8625-16eff1a0354e/swagger HTTP/1.1 200 741 https://localhost:9443/publisher/apis/d440f6b9-22c1-4326-8625-16eff1a0354e/overview Mozilla/5.0 (Windows NT 10.0; Win64; x64) AppleWebKit/537.36 (KHTML, like Gecko) Chrome/114.0.0.0 Safari/537.36 0.021
0:0:0:0:0:0:0:1 - - [26/Jun/2023:09:23:49 +0500] GET /devportal/site/public/dist/APIConsole.e692d99b83731b72dbe6.bundle.js HTTP/1.1 200 4237 https://localhost:9443/devportal/apis/d440f6b9-22c1-4326-8625-16eff1a0354e/test Mozilla/5.0 (Windows NT 10.0; Win64; x64) AppleWebKit/537.36 (KHTML, like Gecko) Chrome/114.0.0.0 Safari/537.36 0.003
0:0:0:0:0:0:0:1 - - [26/Jun/2023:09:23:49 +0500] GET /devportal/site/public/dist/3.5fb775e73b1459555d1d.bundle.js HTTP/1.1 200 5285 https://localhost:9443/devportal/apis/d440f6b9-22c1-4326-8625-16eff1a0354e/test Mozilla/5.0 (Windows NT 10.0; Win64; x64) AppleWebKit/537.36 (KHTML, like Gecko) Chrome/114.0.0.0 Safari/537.36 0.008
0:0:0:0:0:0:0:1 - - [26/Jun/2023:09:23:49 +0500] GET /devportal/site/public/dist/9.19a62cd6a9c3410d8be6.bundle.js HTTP/1.1 200 89623 https://localhost:9443/devportal/apis/d440f6b9-22c1-4326-8625-16eff1a0354e/test Mozilla/5.0 (Windows NT 10.0; Win64; x64) AppleWebKit/537.36 (KHTML, like Gecko) Chrome/114.0.0.0 Safari/537.36 0.036
0:0:0:0:0:0:0:1 - - [26/Jun/2023:09:23:49 +0500] GET /devportal/site/public/dist/vendors~APIConsole~GraphQLConsole.c00ffdb9a4bac0f7794e.bundle.js HTTP/1.1 200 364418 https://localhost:9443/devportal/apis/d440f6b9-22c1-4326-8625-16eff1a0354e/test Mozilla/5.0 (Windows NT 10.0; Win64; x64) AppleWebKit/537.36 (KHTML, like Gecko) Chrome/114.0.0.0 Safari/537.36 0.141
0:0:0:0:0:0:0:1 - - [26/Jun/2023:09:23:49 +0500] GET /devportal/site/public/dist/vendors~APIConsole.b84bc27def35d6c9dee0.bundle.js HTTP/1.1 200 1577542 https://localhost:9443/devportal/apis/d440f6b9-22c1-4326-8625-16eff1a0354e/test Mozilla/5.0 (Windows NT 10.0; Win64; x64) AppleWebKit/537.36 (KHTML, like Gecko) Chrome/114.0.0.0 Safari/537.36 0.406
0:0:0:0:0:0:0:1 - - [26/Jun/2023:09:23:50 +0500] GET /api/am/devportal/v2/apis/d440f6b9-22c1-4326-8625-16eff1a0354e HTTP/1.1 200 1077 https://localhost:9443/devportal/apis/d440f6b9-22c1-4326-8625-16eff1a0354e/test Mozilla/5.0 (Windows NT 10.0; Win64; x64) AppleWebKit/537.36 (KHTML, like Gecko) Chrome/114.0.0.0 Safari/537.36 0.017
0:0:0:0:0:0:0:1 - - [26/Jun/2023:09:23:50 +0500] GET /api/am/devportal/v2/apis/d440f6b9-22c1-4326-8625-16eff1a0354e/swagger?environmentName=Default HTTP/1.1 200 431 https://localhost:9443/devportal/apis/d440f6b9-22c1-4326-8625-16eff1a0354e/test Mozilla/5.0 (Windows NT 10.0; Win64; x64) AppleWebKit/537.36 (KHTML, like Gecko) Chrome/114.0.0.0 Safari/537.36 0.026
0:0:0:0:0:0:0:1 - - [26/Jun/2023:09:23:50 +0500] GET /api/am/devportal/v2/swagger.yaml HTTP/1.1 200 23493 https://localhost:9443/devportal/apis/d440f6b9-22c1-4326-8625-16eff1a0354e/test Mozilla/5.0 (Windows NT 10.0; Win64; x64) AppleWebKit/537.36 (KHTML, like Gecko) Chrome/114.0.0.0 Safari/537.36 0.010
127.0.0.1 - - [26/Jun/2023:09:23:50 +0500] GET /keymanager-operations/dcr/register/UFVWc0NGcThwVXZfTXB0ZmFCYUZzRFR2QURNYQ%3D%3D HTTP/1.1 200 515 - Apache-HttpClient/4.5.13 (Java/11.0.18) 0.003
0:0:0:0:0:0:0:1 - - [26/Jun/2023:09:23:50 +0500] GET /api/am/devportal/v2/subscriptions?apiId=d440f6b9-22c1-4326-8625-16eff1a0354e&limit=25 HTTP/1.1 200 674 https://localhost:9443/devportal/apis/d440f6b9-22c1-4326-8625-16eff1a0354e/test Mozilla/5.0 (Windows NT 10.0; Win64; x64) AppleWebKit/537.36 (KHTML, like Gecko) Chrome/114.0.0.0 Safari/537.36 0.043
127.0.0.1 - - [26/Jun/2023:09:23:50 +0500] GET /keymanager-operations/dcr/register/UFVWc0NGcThwVXZfTXB0ZmFCYUZzRFR2QURNYQ%3D%3D HTTP/1.1 200 515 - Apache-HttpClient/4.5.13 (Java/11.0.18) 0.004
0:0:0:0:0:0:0:1 - - [26/Jun/2023:09:23:50 +0500] GET /api/am/devportal/v2/subscriptions?apiId=d440f6b9-22c1-4326-8625-16eff1a0354e&limit=25 HTTP/1.1 200 674 https://localhost:9443/devportal/apis/d440f6b9-22c1-4326-8625-16eff1a0354e/test Mozilla/5.0 (Windows NT 10.0; Win64; x64) AppleWebKit/537.36 (KHTML, like Gecko) Chrome/114.0.0.0 Safari/537.36 0.027
127.0.0.1 - - [26/Jun/2023:09:23:50 +0500] GET /oauth2/token/.well-known/openid-configuration HTTP/1.1 200 2245 - Apache-HttpClient/4.5.13 (Java/11.0.18) 0.004
0:0:0:0:0:0:0:1 - - [26/Jun/2023:09:23:50 +0500] GET /api/am/devportal/v2/key-managers HTTP/1.1 200 755 https://localhost:9443/devportal/apis/d440f6b9-22c1-4326-8625-16eff1a0354e/test Mozilla/5.0 (Windows NT 10.0; Win64; x64) AppleWebKit/537.36 (KHTML, like Gecko) Chrome/114.0.0.0 Safari/537.36 0.102
0:0:0:0:0:0:0:1 - - [26/Jun/2023:09:23:50 +0500] GET /api/am/devportal/v2/applications/ HTTP/1.1 200 979 https://localhost:9443/devportal/apis/d440f6b9-22c1-4326-8625-16eff1a0354e/test Mozilla/5.0 (Windows NT 10.0; Win64; x64) AppleWebKit/537.36 (KHTML, like Gecko) Chrome/114.0.0.0 Safari/537.36 0.007
0:0:0:0:0:0:0:1 - - [26/Jun/2023:09:23:50 +0500] GET /api/am/devportal/v2/swagger.yaml HTTP/1.1 200 23493 https://localhost:9443/devportal/apis/d440f6b9-22c1-4326-8625-16eff1a0354e/test Mozilla/5.0 (Windows NT 10.0; Win64; x64) AppleWebKit/537.36 (KHTML, like Gecko) Chrome/114.0.0.0 Safari/537.36 0.010
127.0.0.1 - - [26/Jun/2023:09:23:50 +0500] GET /keymanager-operations/dcr/register/UFVWc0NGcThwVXZfTXB0ZmFCYUZzRFR2QURNYQ%3D%3D HTTP/1.1 200 515 - Apache-HttpClient/4.5.13 (Java/11.0.18) 0.003
0:0:0:0:0:0:0:1 - - [26/Jun/2023:09:23:50 +0500] GET /api/am/devportal/v2/applications/96638a86-ec8a-4925-8a02-077077d3dd78 HTTP/1.1 200 321 https://localhost:9443/devportal/apis/d440f6b9-22c1-4326-8625-16eff1a0354e/test Mozilla/5.0 (Windows NT 10.0; Win64; x64) AppleWebKit/537.36 (KHTML, like Gecko) Chrome/114.0.0.0 Safari/537.36 0.009
127.0.0.1 - - [26/Jun/2023:09:23:50 +0500] GET /keymanager-operations/dcr/register/UFVWc0NGcThwVXZfTXB0ZmFCYUZzRFR2QURNYQ%3D%3D HTTP/1.1 200 515 - Apache-HttpClient/4.5.13 (Java/11.0.18) 0.003
0:0:0:0:0:0:0:1 - - [26/Jun/2023:09:23:50 +0500] GET /api/am/devportal/v2/applications/96638a86-ec8a-4925-8a02-077077d3dd78/oauth-keys HTTP/1.1 200 663 https://localhost:9443/devportal/apis/d440f6b9-22c1-4326-8625-16eff1a0354e/test Mozilla/5.0 (Windows NT 10.0; Win64; x64) AppleWebKit/537.36 (KHTML, like Gecko) Chrome/114.0.0.0 Safari/537.36 0.010
0:0:0:0:0:0:0:1 - - [26/Jun/2023:09:23:50 +0500] GET /api/am/devportal/v2/swagger.yaml HTTP/1.1 200 23493 https://localhost:9443/devportal/apis/d440f6b9-22c1-4326-8625-16eff1a0354e/test Mozilla/5.0 (Windows NT 10.0; Win64; x64) AppleWebKit/537.36 (KHTML, like Gecko) Chrome/114.0.0.0 Safari/537.36 0.008
0:0:0:0:0:0:0:1 - - [26/Jun/2023:09:23:50 +0500] GET /api/am/devportal/v2/swagger.yaml HTTP/1.1 200 23493 https://localhost:9443/devportal/apis/d440f6b9-22c1-4326-8625-16eff1a0354e/test Mozilla/5.0 (Windows NT 10.0; Win64; x64) AppleWebKit/537.36 (KHTML, like Gecko) Chrome/114.0.0.0 Safari/537.36 0.013
127.0.0.1 - - [26/Jun/2023:09:23:51 +0500] GET /keymanager-operations/dcr/register/UFVWc0NGcThwVXZfTXB0ZmFCYUZzRFR2QURNYQ%3D%3D HTTP/1.1 200 515 - Apache-HttpClient/4.5.13 (Java/11.0.18) 0.005
0:0:0:0:0:0:0:1 - - [26/Jun/2023:09:23:51 +0500] GET /api/am/devportal/v2/applications/96638a86-ec8a-4925-8a02-077077d3dd78 HTTP/1.1 200 321 https://localhost:9443/devportal/apis/d440f6b9-22c1-4326-8625-16eff1a0354e/test Mozilla/5.0 (Windows NT 10.0; Win64; x64) AppleWebKit/537.36 (KHTML, like Gecko) Chrome/114.0.0.0 Safari/537.36 0.012
127.0.0.1 - - [26/Jun/2023:09:23:51 +0500] GET /keymanager-operations/dcr/register/UFVWc0NGcThwVXZfTXB0ZmFCYUZzRFR2QURNYQ%3D%3D HTTP/1.1 200 515 - Apache-HttpClient/4.5.13 (Java/11.0.18) 0.005
0:0:0:0:0:0:0:1 - - [26/Jun/2023:09:23:51 +0500] GET /api/am/devportal/v2/applications/96638a86-ec8a-4925-8a02-077077d3dd78 HTTP/1.1 200 321 https://localhost:9443/devportal/apis/d440f6b9-22c1-4326-8625-16eff1a0354e/test Mozilla/5.0 (Windows NT 10.0; Win64; x64) AppleWebKit/537.36 (KHTML, like Gecko) Chrome/114.0.0.0 Safari/537.36 0.018
127.0.0.1 - - [26/Jun/2023:09:23:51 +0500] GET /keymanager-operations/dcr/register/UFVWc0NGcThwVXZfTXB0ZmFCYUZzRFR2QURNYQ%3D%3D HTTP/1.1 200 515 - Apache-HttpClient/4.5.13 (Java/11.0.18) 0.005
0:0:0:0:0:0:0:1 - - [26/Jun/2023:09:23:51 +0500] GET /api/am/devportal/v2/applications/96638a86-ec8a-4925-8a02-077077d3dd78/oauth-keys HTTP/1.1 200 663 https://localhost:9443/devportal/apis/d440f6b9-22c1-4326-8625-16eff1a0354e/test Mozilla/5.0 (Windows NT 10.0; Win64; x64) AppleWebKit/537.36 (KHTML, like Gecko) Chrome/114.0.0.0 Safari/537.36 0.013
127.0.0.1 - - [26/Jun/2023:09:23:51 +0500] GET /keymanager-operations/dcr/register/UFVWc0NGcThwVXZfTXB0ZmFCYUZzRFR2QURNYQ%3D%3D HTTP/1.1 200 515 - Apache-HttpClient/4.5.13 (Java/11.0.18) 0.005
0:0:0:0:0:0:0:1 - - [26/Jun/2023:09:23:51 +0500] GET /api/am/devportal/v2/applications/96638a86-ec8a-4925-8a02-077077d3dd78/oauth-keys HTTP/1.1 200 663 https://localhost:9443/devportal/apis/d440f6b9-22c1-4326-8625-16eff1a0354e/test Mozilla/5.0 (Windows NT 10.0; Win64; x64) AppleWebKit/537.36 (KHTML, like Gecko) Chrome/114.0.0.0 Safari/537.36 0.013
0:0:0:0:0:0:0:1 - - [26/Jun/2023:09:23:53 +0500] GET /api/am/devportal/v2/swagger.yaml HTTP/1.1 200 23493 https://localhost:9443/devportal/apis/d440f6b9-22c1-4326-8625-16eff1a0354e/test Mozilla/5.0 (Windows NT 10.0; Win64; x64) AppleWebKit/537.36 (KHTML, like Gecko) Chrome/114.0.0.0 Safari/537.36 0.009
127.0.0.1 - - [26/Jun/2023:09:23:53 +0500] GET /keymanager-operations/dcr/register/UFVWc0NGcThwVXZfTXB0ZmFCYUZzRFR2QURNYQ%3D%3D HTTP/1.1 200 515 - Apache-HttpClient/4.5.13 (Java/11.0.18) 0.009
0:0:0:0:0:0:0:1 - - [26/Jun/2023:09:23:53 +0500] GET /api/am/devportal/v2/applications/96638a86-ec8a-4925-8a02-077077d3dd78 HTTP/1.1 200 321 https://localhost:9443/devportal/apis/d440f6b9-22c1-4326-8625-16eff1a0354e/test Mozilla/5.0 (Windows NT 10.0; Win64; x64) AppleWebKit/537.36 (KHTML, like Gecko) Chrome/114.0.0.0 Safari/537.36 0.032
127.0.0.1 - - [26/Jun/2023:09:23:53 +0500] GET /keymanager-operations/dcr/register/UFVWc0NGcThwVXZfTXB0ZmFCYUZzRFR2QURNYQ%3D%3D HTTP/1.1 200 515 - Apache-HttpClient/4.5.13 (Java/11.0.18) 0.006
0:0:0:0:0:0:0:1 - - [26/Jun/2023:09:23:53 +0500] GET /api/am/devportal/v2/applications/96638a86-ec8a-4925-8a02-077077d3dd78/oauth-keys HTTP/1.1 200 663 https://localhost:9443/devportal/apis/d440f6b9-22c1-4326-8625-16eff1a0354e/test Mozilla/5.0 (Windows NT 10.0; Win64; x64) AppleWebKit/537.36 (KHTML, like Gecko) Chrome/114.0.0.0 Safari/537.36 0.016
127.0.0.1 - - [26/Jun/2023:09:23:53 +0500] GET /keymanager-operations/dcr/register/UFVWc0NGcThwVXZfTXB0ZmFCYUZzRFR2QURNYQ%3D%3D HTTP/1.1 200 515 - Apache-HttpClient/4.5.13 (Java/11.0.18) 0.005
127.0.0.1 - - [26/Jun/2023:09:23:53 +0500] GET /keymanager-operations/dcr/register/UFVWc0NGcThwVXZfTXB0ZmFCYUZzRFR2QURNYQ%3D%3D HTTP/1.1 200 515 - Apache-HttpClient/4.5.13 (Java/11.0.18) 0.006
127.0.0.1 - - [26/Jun/2023:09:23:53 +0500] POST /oauth2/token HTTP/1.1 200 1022 - Apache-HttpClient/4.5.13 (Java/11.0.18) 0.017
0:0:0:0:0:0:0:1 - - [26/Jun/2023:09:23:53 +0500] POST /api/am/devportal/v2/applications/96638a86-ec8a-4925-8a02-077077d3dd78/oauth-keys/6790ace9-69d0-43c6-a9a4-51ca2df0bb75/generate-token HTTP/1.1 200 1009 https://localhost:9443/devportal/apis/d440f6b9-22c1-4326-8625-16eff1a0354e/test Mozilla/5.0 (Windows NT 10.0; Win64; x64) AppleWebKit/537.36 (KHTML, like Gecko) Chrome/114.0.0.0 Safari/537.36 0.098
127.0.0.1 - - [26/Jun/2023:09:23:54 +0500] POST /internal/data/v1/notify HTTP/1.1 200 - - Apache-HttpClient/4.5.13 (Java/11.0.18) 0.014
0:0:0:0:0:0:0:1 - - [26/Jun/2023:09:24:05 +0500] GET /api/am/publisher/v3/apis/d440f6b9-22c1-4326-8625-16eff1a0354e/swagger HTTP/1.1 200 741 https://localhost:9443/publisher/apis/d440f6b9-22c1-4326-8625-16eff1a0354e/resources Mozilla/5.0 (Windows NT 10.0; Win64; x64) AppleWebKit/537.36 (KHTML, like Gecko) Chrome/114.0.0.0 Safari/537.36 0.022
0:0:0:0:0:0:0:1 - - [26/Jun/2023:09:24:05 +0500] GET /api/am/publisher/v3/throttling-policies/api?limit=80 HTTP/1.1 200 395 https://localhost:9443/publisher/apis/d440f6b9-22c1-4326-8625-16eff1a0354e/resources Mozilla/5.0 (Windows NT 10.0; Win64; x64) AppleWebKit/537.36 (KHTML, like Gecko) Chrome/114.0.0.0 Safari/537.36 0.005
0:0:0:0:0:0:0:1 - - [26/Jun/2023:09:24:05 +0500] GET /api/am/publisher/v3/scopes HTTP/1.1 200 92 https://localhost:9443/publisher/apis/d440f6b9-22c1-4326-8625-16eff1a0354e/resources Mozilla/5.0 (Windows NT 10.0; Win64; x64) AppleWebKit/537.36 (KHTML, like Gecko) Chrome/114.0.0.0 Safari/537.36 0.009
0:0:0:0:0:0:0:1 - - [26/Jun/2023:09:24:05 +0500] GET /api/am/publisher/v3/apis/d440f6b9-22c1-4326-8625-16eff1a0354e/amznResourceNames HTTP/1.1 204 - https://localhost:9443/publisher/apis/d440f6b9-22c1-4326-8625-16eff1a0354e/resources Mozilla/5.0 (Windows NT 10.0; Win64; x64) AppleWebKit/537.36 (KHTML, like Gecko) Chrome/114.0.0.0 Safari/537.36 0.013
0:0:0:0:0:0:0:1 - - [26/Jun/2023:09:24:28 +0500] PUT /api/am/publisher/v3/apis/d440f6b9-22c1-4326-8625-16eff1a0354e/swagger HTTP/1.1 200 794 https://localhost:9443/publisher/apis/d440f6b9-22c1-4326-8625-16eff1a0354e/resources Mozilla/5.0 (Windows NT 10.0; Win64; x64) AppleWebKit/537.36 (KHTML, like Gecko) Chrome/114.0.0.0 Safari/537.36 0.216
0:0:0:0:0:0:0:1 - - [26/Jun/2023:09:24:28 +0500] GET /api/am/publisher/v3/apis/d440f6b9-22c1-4326-8625-16eff1a0354e HTTP/1.1 200 1169 https://localhost:9443/publisher/apis/d440f6b9-22c1-4326-8625-16eff1a0354e/resources Mozilla/5.0 (Windows NT 10.0; Win64; x64) AppleWebKit/537.36 (KHTML, like Gecko) Chrome/114.0.0.0 Safari/537.36 0.022
0:0:0:0:0:0:0:1 - - [26/Jun/2023:09:24:31 +0500] GET /api/am/devportal/v2/api-categories HTTP/1.1 200 21 https://localhost:9443/devportal/apis Mozilla/5.0 (Windows NT 10.0; Win64; x64) AppleWebKit/537.36 (KHTML, like Gecko) Chrome/114.0.0.0 Safari/537.36 0.008
0:0:0:0:0:0:0:1 - - [26/Jun/2023:09:24:31 +0500] GET /api/am/devportal/v2/tags HTTP/1.1 200 119 https://localhost:9443/devportal/apis Mozilla/5.0 (Windows NT 10.0; Win64; x64) AppleWebKit/537.36 (KHTML, like Gecko) Chrome/114.0.0.0 Safari/537.36 0.037
0:0:0:0:0:0:0:1 - - [26/Jun/2023:09:24:31 +0500] GET /api/am/devportal/v2/apis?limit=10&offset=0 HTTP/1.1 200 751 https://localhost:9443/devportal/apis Mozilla/5.0 (Windows NT 10.0; Win64; x64) AppleWebKit/537.36 (KHTML, like Gecko) Chrome/114.0.0.0 Safari/537.36 0.064
0:0:0:0:0:0:0:1 - - [26/Jun/2023:09:24:31 +0500] GET /api/am/devportal/v2/apis/a9eff00c-8aee-4ca5-8e6e-3d5df6468875/ratings HTTP/1.1 200 125 https://localhost:9443/devportal/apis Mozilla/5.0 (Windows NT 10.0; Win64; x64) AppleWebKit/537.36 (KHTML, like Gecko) Chrome/114.0.0.0 Safari/537.36 0.020
0:0:0:0:0:0:0:1 - - [26/Jun/2023:09:24:31 +0500] GET /api/am/devportal/v2/apis/a9eff00c-8aee-4ca5-8e6e-3d5df6468875/thumbnail HTTP/1.1 204 - https://localhost:9443/devportal/apis Mozilla/5.0 (Windows NT 10.0; Win64; x64) AppleWebKit/537.36 (KHTML, like Gecko) Chrome/114.0.0.0 Safari/537.36 0.018
0:0:0:0:0:0:0:1 - - [26/Jun/2023:09:24:31 +0500] GET /api/am/devportal/v2/apis/a7a6f198-2961-422a-9ba4-7dd81d27f2dc/ratings HTTP/1.1 200 125 https://localhost:9443/devportal/apis Mozilla/5.0 (Windows NT 10.0; Win64; x64) AppleWebKit/537.36 (KHTML, like Gecko) Chrome/114.0.0.0 Safari/537.36 0.020
0:0:0:0:0:0:0:1 - - [26/Jun/2023:09:24:31 +0500] GET /api/am/devportal/v2/apis/f166cc64-02b1-488c-b6e7-2e00befe5d92/ratings HTTP/1.1 200 125 https://localhost:9443/devportal/apis Mozilla/5.0 (Windows NT 10.0; Win64; x64) AppleWebKit/537.36 (KHTML, like Gecko) Chrome/114.0.0.0 Safari/537.36 0.027
0:0:0:0:0:0:0:1 - - [26/Jun/2023:09:24:31 +0500] GET /api/am/devportal/v2/apis/d440f6b9-22c1-4326-8625-16eff1a0354e/thumbnail HTTP/1.1 204 - https://localhost:9443/devportal/apis Mozilla/5.0 (Windows NT 10.0; Win64; x64) AppleWebKit/537.36 (KHTML, like Gecko) Chrome/114.0.0.0 Safari/537.36 0.016
0:0:0:0:0:0:0:1 - - [26/Jun/2023:09:24:31 +0500] GET /api/am/devportal/v2/apis/f166cc64-02b1-488c-b6e7-2e00befe5d92/thumbnail HTTP/1.1 204 - https://localhost:9443/devportal/apis Mozilla/5.0 (Windows NT 10.0; Win64; x64) AppleWebKit/537.36 (KHTML, like Gecko) Chrome/114.0.0.0 Safari/537.36 0.033
0:0:0:0:0:0:0:1 - - [26/Jun/2023:09:24:31 +0500] GET /api/am/devportal/v2/apis/a7a6f198-2961-422a-9ba4-7dd81d27f2dc/thumbnail HTTP/1.1 204 - https://localhost:9443/devportal/apis Mozilla/5.0 (Windows NT 10.0; Win64; x64) AppleWebKit/537.36 (KHTML, like Gecko) Chrome/114.0.0.0 Safari/537.36 0.031
0:0:0:0:0:0:0:1 - - [26/Jun/2023:09:24:31 +0500] GET /api/am/devportal/v2/apis/d440f6b9-22c1-4326-8625-16eff1a0354e/ratings HTTP/1.1 200 125 https://localhost:9443/devportal/apis Mozilla/5.0 (Windows NT 10.0; Win64; x64) AppleWebKit/537.36 (KHTML, like Gecko) Chrome/114.0.0.0 Safari/537.36 0.036
0:0:0:0:0:0:0:1 - - [26/Jun/2023:09:24:31 +0500] GET /api/am/devportal/v2/apis/2d15ab04-b0b2-4820-8b7c-052e4997dcce/ratings HTTP/1.1 200 125 https://localhost:9443/devportal/apis Mozilla/5.0 (Windows NT 10.0; Win64; x64) AppleWebKit/537.36 (KHTML, like Gecko) Chrome/114.0.0.0 Safari/537.36 0.015
0:0:0:0:0:0:0:1 - - [26/Jun/2023:09:24:31 +0500] GET /api/am/devportal/v2/apis/2d15ab04-b0b2-4820-8b7c-052e4997dcce/thumbnail HTTP/1.1 204 - https://localhost:9443/devportal/apis Mozilla/5.0 (Windows NT 10.0; Win64; x64) AppleWebKit/537.36 (KHTML, like Gecko) Chrome/114.0.0.0 Safari/537.36 0.017
0:0:0:0:0:0:0:1 - - [26/Jun/2023:09:24:33 +0500] GET /api/am/devportal/v2/apis/d440f6b9-22c1-4326-8625-16eff1a0354e HTTP/1.1 200 1133 https://localhost:9443/devportal/apis/d440f6b9-22c1-4326-8625-16eff1a0354e Mozilla/5.0 (Windows NT 10.0; Win64; x64) AppleWebKit/537.36 (KHTML, like Gecko) Chrome/114.0.0.0 Safari/537.36 0.027
0:0:0:0:0:0:0:1 - - [26/Jun/2023:09:24:33 +0500] GET /api/am/devportal/v2/applications?limit=5000 HTTP/1.1 200 981 https://localhost:9443/devportal/apis/d440f6b9-22c1-4326-8625-16eff1a0354e Mozilla/5.0 (Windows NT 10.0; Win64; x64) AppleWebKit/537.36 (KHTML, like Gecko) Chrome/114.0.0.0 Safari/537.36 0.014
127.0.0.1 - - [26/Jun/2023:09:24:33 +0500] GET /keymanager-operations/dcr/register/UFVWc0NGcThwVXZfTXB0ZmFCYUZzRFR2QURNYQ%3D%3D HTTP/1.1 200 515 - Apache-HttpClient/4.5.13 (Java/11.0.18) 0.009
127.0.0.1 - - [26/Jun/2023:09:24:33 +0500] GET /keymanager-operations/dcr/register/UFVWc0NGcThwVXZfTXB0ZmFCYUZzRFR2QURNYQ%3D%3D HTTP/1.1 200 515 - Apache-HttpClient/4.5.13 (Java/11.0.18) 0.010
0:0:0:0:0:0:0:1 - - [26/Jun/2023:09:24:33 +0500] GET /api/am/devportal/v2/subscriptions?apiId=d440f6b9-22c1-4326-8625-16eff1a0354e&limit=5000 HTTP/1.1 200 675 https://localhost:9443/devportal/apis/d440f6b9-22c1-4326-8625-16eff1a0354e Mozilla/5.0 (Windows NT 10.0; Win64; x64) AppleWebKit/537.36 (KHTML, like Gecko) Chrome/114.0.0.0 Safari/537.36 0.054
0:0:0:0:0:0:0:1 - - [26/Jun/2023:09:24:33 +0500] GET /api/am/devportal/v2/subscriptions?apiId=d440f6b9-22c1-4326-8625-16eff1a0354e&limit=25 HTTP/1.1 200 674 https://localhost:9443/devportal/apis/d440f6b9-22c1-4326-8625-16eff1a0354e Mozilla/5.0 (Windows NT 10.0; Win64; x64) AppleWebKit/537.36 (KHTML, like Gecko) Chrome/114.0.0.0 Safari/537.36 0.055
0:0:0:0:0:0:0:1 - - [26/Jun/2023:09:24:33 +0500] GET /api/am/devportal/v2/throttling-policies/subscription HTTP/1.1 200 634 https://localhost:9443/devportal/apis/d440f6b9-22c1-4326-8625-16eff1a0354e/overview Mozilla/5.0 (Windows NT 10.0; Win64; x64) AppleWebKit/537.36 (KHTML, like Gecko) Chrome/114.0.0.0 Safari/537.36 0.010
0:0:0:0:0:0:0:1 - - [26/Jun/2023:09:24:33 +0500] GET /api/am/devportal/v2/apis/d440f6b9-22c1-4326-8625-16eff1a0354e/documents HTTP/1.1 200 92 https://localhost:9443/devportal/apis/d440f6b9-22c1-4326-8625-16eff1a0354e/overview Mozilla/5.0 (Windows NT 10.0; Win64; x64) AppleWebKit/537.36 (KHTML, like Gecko) Chrome/114.0.0.0 Safari/537.36 0.023
0:0:0:0:0:0:0:1 - - [26/Jun/2023:09:24:33 +0500] GET /api/am/devportal/v2/throttling-policies/subscription HTTP/1.1 200 634 https://localhost:9443/devportal/apis/d440f6b9-22c1-4326-8625-16eff1a0354e/overview Mozilla/5.0 (Windows NT 10.0; Win64; x64) AppleWebKit/537.36 (KHTML, like Gecko) Chrome/114.0.0.0 Safari/537.36 0.007
0:0:0:0:0:0:0:1 - - [26/Jun/2023:09:24:33 +0500] GET /api/am/devportal/v2/apis/d440f6b9-22c1-4326-8625-16eff1a0354e/documents HTTP/1.1 200 92 https://localhost:9443/devportal/apis/d440f6b9-22c1-4326-8625-16eff1a0354e/overview Mozilla/5.0 (Windows NT 10.0; Win64; x64) AppleWebKit/537.36 (KHTML, like Gecko) Chrome/114.0.0.0 Safari/537.36 0.023
0:0:0:0:0:0:0:1 - - [26/Jun/2023:09:24:33 +0500] GET /api/am/devportal/v2/apis/d440f6b9-22c1-4326-8625-16eff1a0354e/comments?limit=5&offset=0 HTTP/1.1 200 101 https://localhost:9443/devportal/apis/d440f6b9-22c1-4326-8625-16eff1a0354e/overview Mozilla/5.0 (Windows NT 10.0; Win64; x64) AppleWebKit/537.36 (KHTML, like Gecko) Chrome/114.0.0.0 Safari/537.36 0.015
0:0:0:0:0:0:0:1 - - [26/Jun/2023:09:24:33 +0500] GET /api/am/devportal/v2/apis/d440f6b9-22c1-4326-8625-16eff1a0354e/thumbnail HTTP/1.1 204 - https://localhost:9443/devportal/apis/d440f6b9-22c1-4326-8625-16eff1a0354e/overview Mozilla/5.0 (Windows NT 10.0; Win64; x64) AppleWebKit/537.36 (KHTML, like Gecko) Chrome/114.0.0.0 Safari/537.36 0.016
0:0:0:0:0:0:0:1 - - [26/Jun/2023:09:24:33 +0500] GET /api/am/devportal/v2/apis/d440f6b9-22c1-4326-8625-16eff1a0354e/ratings HTTP/1.1 200 125 https://localhost:9443/devportal/apis/d440f6b9-22c1-4326-8625-16eff1a0354e/overview Mozilla/5.0 (Windows NT 10.0; Win64; x64) AppleWebKit/537.36 (KHTML, like Gecko) Chrome/114.0.0.0 Safari/537.36 0.016
0:0:0:0:0:0:0:1 - - [26/Jun/2023:09:24:37 +0500] GET /api/am/devportal/v2/apis/d440f6b9-22c1-4326-8625-16eff1a0354e HTTP/1.1 200 1133 https://localhost:9443/devportal/apis/d440f6b9-22c1-4326-8625-16eff1a0354e/test Mozilla/5.0 (Windows NT 10.0; Win64; x64) AppleWebKit/537.36 (KHTML, like Gecko) Chrome/114.0.0.0 Safari/537.36 0.030
0:0:0:0:0:0:0:1 - - [26/Jun/2023:09:24:37 +0500] GET /api/am/devportal/v2/apis/d440f6b9-22c1-4326-8625-16eff1a0354e/swagger?environmentName=Default HTTP/1.1 200 485 https://localhost:9443/devportal/apis/d440f6b9-22c1-4326-8625-16eff1a0354e/test Mozilla/5.0 (Windows NT 10.0; Win64; x64) AppleWebKit/537.36 (KHTML, like Gecko) Chrome/114.0.0.0 Safari/537.36 0.019
0:0:0:0:0:0:0:1 - - [26/Jun/2023:09:24:37 +0500] GET /api/am/devportal/v2/swagger.yaml HTTP/1.1 200 23493 https://localhost:9443/devportal/apis/d440f6b9-22c1-4326-8625-16eff1a0354e/test Mozilla/5.0 (Windows NT 10.0; Win64; x64) AppleWebKit/537.36 (KHTML, like Gecko) Chrome/114.0.0.0 Safari/537.36 0.025
0:0:0:0:0:0:0:1 - - [26/Jun/2023:09:24:37 +0500] GET /api/am/devportal/v2/key-managers HTTP/1.1 200 755 https://localhost:9443/devportal/apis/d440f6b9-22c1-4326-8625-16eff1a0354e/test Mozilla/5.0 (Windows NT 10.0; Win64; x64) AppleWebKit/537.36 (KHTML, like Gecko) Chrome/114.0.0.0 Safari/537.36 0.041
127.0.0.1 - - [26/Jun/2023:09:24:37 +0500] GET /keymanager-operations/dcr/register/UFVWc0NGcThwVXZfTXB0ZmFCYUZzRFR2QURNYQ%3D%3D HTTP/1.1 200 515 - Apache-HttpClient/4.5.13 (Java/11.0.18) 0.008
127.0.0.1 - - [26/Jun/2023:09:24:37 +0500] GET /oauth2/token/.well-known/openid-configuration HTTP/1.1 200 2245 - Apache-HttpClient/4.5.13 (Java/11.0.18) 0.010
0:0:0:0:0:0:0:1 - - [26/Jun/2023:09:24:37 +0500] GET /api/am/devportal/v2/subscriptions?apiId=d440f6b9-22c1-4326-8625-16eff1a0354e&limit=25 HTTP/1.1 200 674 https://localhost:9443/devportal/apis/d440f6b9-22c1-4326-8625-16eff1a0354e/test Mozilla/5.0 (Windows NT 10.0; Win64; x64) AppleWebKit/537.36 (KHTML, like Gecko) Chrome/114.0.0.0 Safari/537.36 0.065
127.0.0.1 - - [26/Jun/2023:09:24:37 +0500] GET /keymanager-operations/dcr/register/UFVWc0NGcThwVXZfTXB0ZmFCYUZzRFR2QURNYQ%3D%3D HTTP/1.1 200 515 - Apache-HttpClient/4.5.13 (Java/11.0.18) 0.005
0:0:0:0:0:0:0:1 - - [26/Jun/2023:09:24:37 +0500] GET /api/am/devportal/v2/subscriptions?apiId=d440f6b9-22c1-4326-8625-16eff1a0354e&limit=25 HTTP/1.1 200 674 https://localhost:9443/devportal/apis/d440f6b9-22c1-4326-8625-16eff1a0354e/test Mozilla/5.0 (Windows NT 10.0; Win64; x64) AppleWebKit/537.36 (KHTML, like Gecko) Chrome/114.0.0.0 Safari/537.36 0.035
0:0:0:0:0:0:0:1 - - [26/Jun/2023:09:24:37 +0500] GET /api/am/devportal/v2/applications/ HTTP/1.1 200 979 https://localhost:9443/devportal/apis/d440f6b9-22c1-4326-8625-16eff1a0354e/test Mozilla/5.0 (Windows NT 10.0; Win64; x64) AppleWebKit/537.36 (KHTML, like Gecko) Chrome/114.0.0.0 Safari/537.36 0.011
0:0:0:0:0:0:0:1 - - [26/Jun/2023:09:24:37 +0500] GET /api/am/devportal/v2/swagger.yaml HTTP/1.1 200 23493 https://localhost:9443/devportal/apis/d440f6b9-22c1-4326-8625-16eff1a0354e/test Mozilla/5.0 (Windows NT 10.0; Win64; x64) AppleWebKit/537.36 (KHTML, like Gecko) Chrome/114.0.0.0 Safari/537.36 0.009
127.0.0.1 - - [26/Jun/2023:09:24:38 +0500] GET /keymanager-operations/dcr/register/UFVWc0NGcThwVXZfTXB0ZmFCYUZzRFR2QURNYQ%3D%3D HTTP/1.1 200 515 - Apache-HttpClient/4.5.13 (Java/11.0.18) 0.004
0:0:0:0:0:0:0:1 - - [26/Jun/2023:09:24:38 +0500] GET /api/am/devportal/v2/applications/96638a86-ec8a-4925-8a02-077077d3dd78 HTTP/1.1 200 321 https://localhost:9443/devportal/apis/d440f6b9-22c1-4326-8625-16eff1a0354e/test Mozilla/5.0 (Windows NT 10.0; Win64; x64) AppleWebKit/537.36 (KHTML, like Gecko) Chrome/114.0.0.0 Safari/537.36 0.034
127.0.0.1 - - [26/Jun/2023:09:24:38 +0500] GET /keymanager-operations/dcr/register/UFVWc0NGcThwVXZfTXB0ZmFCYUZzRFR2QURNYQ%3D%3D HTTP/1.1 200 515 - Apache-HttpClient/4.5.13 (Java/11.0.18) 0.005
0:0:0:0:0:0:0:1 - - [26/Jun/2023:09:24:38 +0500] GET /api/am/devportal/v2/applications/96638a86-ec8a-4925-8a02-077077d3dd78/oauth-keys HTTP/1.1 200 663 https://localhost:9443/devportal/apis/d440f6b9-22c1-4326-8625-16eff1a0354e/test Mozilla/5.0 (Windows NT 10.0; Win64; x64) AppleWebKit/537.36 (KHTML, like Gecko) Chrome/114.0.0.0 Safari/537.36 0.080
0:0:0:0:0:0:0:1 - - [26/Jun/2023:09:24:38 +0500] GET /api/am/devportal/v2/swagger.yaml HTTP/1.1 200 23493 https://localhost:9443/devportal/apis/d440f6b9-22c1-4326-8625-16eff1a0354e/test Mozilla/5.0 (Windows NT 10.0; Win64; x64) AppleWebKit/537.36 (KHTML, like Gecko) Chrome/114.0.0.0 Safari/537.36 0.011
0:0:0:0:0:0:0:1 - - [26/Jun/2023:09:24:38 +0500] GET /api/am/devportal/v2/swagger.yaml HTTP/1.1 200 23493 https://localhost:9443/devportal/apis/d440f6b9-22c1-4326-8625-16eff1a0354e/test Mozilla/5.0 (Windows NT 10.0; Win64; x64) AppleWebKit/537.36 (KHTML, like Gecko) Chrome/114.0.0.0 Safari/537.36 0.027
127.0.0.1 - - [26/Jun/2023:09:24:38 +0500] GET /keymanager-operations/dcr/register/UFVWc0NGcThwVXZfTXB0ZmFCYUZzRFR2QURNYQ%3D%3D HTTP/1.1 200 515 - Apache-HttpClient/4.5.13 (Java/11.0.18) 0.004
0:0:0:0:0:0:0:1 - - [26/Jun/2023:09:24:38 +0500] GET /api/am/devportal/v2/applications/96638a86-ec8a-4925-8a02-077077d3dd78 HTTP/1.1 200 321 https://localhost:9443/devportal/apis/d440f6b9-22c1-4326-8625-16eff1a0354e/test Mozilla/5.0 (Windows NT 10.0; Win64; x64) AppleWebKit/537.36 (KHTML, like Gecko) Chrome/114.0.0.0 Safari/537.36 0.016
127.0.0.1 - - [26/Jun/2023:09:24:38 +0500] GET /keymanager-operations/dcr/register/UFVWc0NGcThwVXZfTXB0ZmFCYUZzRFR2QURNYQ%3D%3D HTTP/1.1 200 515 - Apache-HttpClient/4.5.13 (Java/11.0.18) 0.004
0:0:0:0:0:0:0:1 - - [26/Jun/2023:09:24:38 +0500] GET /api/am/devportal/v2/applications/96638a86-ec8a-4925-8a02-077077d3dd78 HTTP/1.1 200 321 https://localhost:9443/devportal/apis/d440f6b9-22c1-4326-8625-16eff1a0354e/test Mozilla/5.0 (Windows NT 10.0; Win64; x64) AppleWebKit/537.36 (KHTML, like Gecko) Chrome/114.0.0.0 Safari/537.36 0.013
127.0.0.1 - - [26/Jun/2023:09:24:38 +0500] GET /keymanager-operations/dcr/register/UFVWc0NGcThwVXZfTXB0ZmFCYUZzRFR2QURNYQ%3D%3D HTTP/1.1 200 515 - Apache-HttpClient/4.5.13 (Java/11.0.18) 0.003
0:0:0:0:0:0:0:1 - - [26/Jun/2023:09:24:38 +0500] GET /api/am/devportal/v2/applications/96638a86-ec8a-4925-8a02-077077d3dd78/oauth-keys HTTP/1.1 200 663 https://localhost:9443/devportal/apis/d440f6b9-22c1-4326-8625-16eff1a0354e/test Mozilla/5.0 (Windows NT 10.0; Win64; x64) AppleWebKit/537.36 (KHTML, like Gecko) Chrome/114.0.0.0 Safari/537.36 0.024
127.0.0.1 - - [26/Jun/2023:09:24:38 +0500] GET /keymanager-operations/dcr/register/UFVWc0NGcThwVXZfTXB0ZmFCYUZzRFR2QURNYQ%3D%3D HTTP/1.1 200 515 - Apache-HttpClient/4.5.13 (Java/11.0.18) 0.005
0:0:0:0:0:0:0:1 - - [26/Jun/2023:09:24:38 +0500] GET /api/am/devportal/v2/applications/96638a86-ec8a-4925-8a02-077077d3dd78/oauth-keys HTTP/1.1 200 663 https://localhost:9443/devportal/apis/d440f6b9-22c1-4326-8625-16eff1a0354e/test Mozilla/5.0 (Windows NT 10.0; Win64; x64) AppleWebKit/537.36 (KHTML, like Gecko) Chrome/114.0.0.0 Safari/537.36 0.012
0:0:0:0:0:0:0:1 - - [26/Jun/2023:09:24:39 +0500] GET /api/am/devportal/v2/swagger.yaml HTTP/1.1 200 23493 https://localhost:9443/devportal/apis/d440f6b9-22c1-4326-8625-16eff1a0354e/test Mozilla/5.0 (Windows NT 10.0; Win64; x64) AppleWebKit/537.36 (KHTML, like Gecko) Chrome/114.0.0.0 Safari/537.36 0.010
127.0.0.1 - - [26/Jun/2023:09:24:39 +0500] GET /keymanager-operations/dcr/register/UFVWc0NGcThwVXZfTXB0ZmFCYUZzRFR2QURNYQ%3D%3D HTTP/1.1 200 515 - Apache-HttpClient/4.5.13 (Java/11.0.18) 0.005
0:0:0:0:0:0:0:1 - - [26/Jun/2023:09:24:39 +0500] GET /api/am/devportal/v2/applications/96638a86-ec8a-4925-8a02-077077d3dd78 HTTP/1.1 200 321 https://localhost:9443/devportal/apis/d440f6b9-22c1-4326-8625-16eff1a0354e/test Mozilla/5.0 (Windows NT 10.0; Win64; x64) AppleWebKit/537.36 (KHTML, like Gecko) Chrome/114.0.0.0 Safari/537.36 0.014
127.0.0.1 - - [26/Jun/2023:09:24:39 +0500] GET /keymanager-operations/dcr/register/UFVWc0NGcThwVXZfTXB0ZmFCYUZzRFR2QURNYQ%3D%3D HTTP/1.1 200 515 - Apache-HttpClient/4.5.13 (Java/11.0.18) 0.005
0:0:0:0:0:0:0:1 - - [26/Jun/2023:09:24:39 +0500] GET /api/am/devportal/v2/applications/96638a86-ec8a-4925-8a02-077077d3dd78/oauth-keys HTTP/1.1 200 663 https://localhost:9443/devportal/apis/d440f6b9-22c1-4326-8625-16eff1a0354e/test Mozilla/5.0 (Windows NT 10.0; Win64; x64) AppleWebKit/537.36 (KHTML, like Gecko) Chrome/114.0.0.0 Safari/537.36 0.012
127.0.0.1 - - [26/Jun/2023:09:24:40 +0500] GET /keymanager-operations/dcr/register/UFVWc0NGcThwVXZfTXB0ZmFCYUZzRFR2QURNYQ%3D%3D HTTP/1.1 200 515 - Apache-HttpClient/4.5.13 (Java/11.0.18) 0.005
127.0.0.1 - - [26/Jun/2023:09:24:40 +0500] GET /keymanager-operations/dcr/register/UFVWc0NGcThwVXZfTXB0ZmFCYUZzRFR2QURNYQ%3D%3D HTTP/1.1 200 515 - Apache-HttpClient/4.5.13 (Java/11.0.18) 0.004
127.0.0.1 - - [26/Jun/2023:09:24:40 +0500] POST /oauth2/token HTTP/1.1 200 1022 - Apache-HttpClient/4.5.13 (Java/11.0.18) 0.029
0:0:0:0:0:0:0:1 - - [26/Jun/2023:09:24:40 +0500] POST /api/am/devportal/v2/applications/96638a86-ec8a-4925-8a02-077077d3dd78/oauth-keys/6790ace9-69d0-43c6-a9a4-51ca2df0bb75/generate-token HTTP/1.1 200 1009 https://localhost:9443/devportal/apis/d440f6b9-22c1-4326-8625-16eff1a0354e/test Mozilla/5.0 (Windows NT 10.0; Win64; x64) AppleWebKit/537.36 (KHTML, like Gecko) Chrome/114.0.0.0 Safari/537.36 0.075
127.0.0.1 - - [26/Jun/2023:09:24:40 +0500] POST /internal/data/v1/notify HTTP/1.1 200 - - Apache-HttpClient/4.5.13 (Java/11.0.18) 0.010
0:0:0:0:0:0:0:1 - - [26/Jun/2023:09:25:37 +0500] GET /api/am/devportal/v2/api-categories HTTP/1.1 200 21 https://localhost:9443/devportal/apis Mozilla/5.0 (Windows NT 10.0; Win64; x64) AppleWebKit/537.36 (KHTML, like Gecko) Chrome/114.0.0.0 Safari/537.36 0.011
0:0:0:0:0:0:0:1 - - [26/Jun/2023:09:25:37 +0500] GET /api/am/devportal/v2/tags HTTP/1.1 200 119 https://localhost:9443/devportal/apis Mozilla/5.0 (Windows NT 10.0; Win64; x64) AppleWebKit/537.36 (KHTML, like Gecko) Chrome/114.0.0.0 Safari/537.36 0.030
0:0:0:0:0:0:0:1 - - [26/Jun/2023:09:25:37 +0500] GET /api/am/devportal/v2/apis?limit=10&offset=0 HTTP/1.1 200 751 https://localhost:9443/devportal/apis Mozilla/5.0 (Windows NT 10.0; Win64; x64) AppleWebKit/537.36 (KHTML, like Gecko) Chrome/114.0.0.0 Safari/537.36 0.050
0:0:0:0:0:0:0:1 - - [26/Jun/2023:09:25:37 +0500] - 400 - - - 0.000
0:0:0:0:0:0:0:1 - - [26/Jun/2023:09:25:37 +0500] - 400 - - - 0.000
0:0:0:0:0:0:0:1 - - [26/Jun/2023:09:25:37 +0500] GET /api/am/devportal/v2/apis/a9eff00c-8aee-4ca5-8e6e-3d5df6468875/ratings HTTP/1.1 200 125 https://localhost:9443/devportal/apis Mozilla/5.0 (Windows NT 10.0; Win64; x64) AppleWebKit/537.36 (KHTML, like Gecko) Chrome/114.0.0.0 Safari/537.36 0.025
0:0:0:0:0:0:0:1 - - [26/Jun/2023:09:25:37 +0500] - 400 - - - 0.000
0:0:0:0:0:0:0:1 - - [26/Jun/2023:09:25:37 +0500] GET /api/am/devportal/v2/apis/a9eff00c-8aee-4ca5-8e6e-3d5df6468875/thumbnail HTTP/1.1 204 - https://localhost:9443/devportal/apis Mozilla/5.0 (Windows NT 10.0; Win64; x64) AppleWebKit/537.36 (KHTML, like Gecko) Chrome/114.0.0.0 Safari/537.36 0.033
0:0:0:0:0:0:0:1 - - [26/Jun/2023:09:25:37 +0500] GET /api/am/devportal/v2/apis/2d15ab04-b0b2-4820-8b7c-052e4997dcce/ratings HTTP/1.1 200 125 https://localhost:9443/devportal/apis Mozilla/5.0 (Windows NT 10.0; Win64; x64) AppleWebKit/537.36 (KHTML, like Gecko) Chrome/114.0.0.0 Safari/537.36 0.014
0:0:0:0:0:0:0:1 - - [26/Jun/2023:09:25:37 +0500] - 400 - - - 0.000
0:0:0:0:0:0:0:1 - - [26/Jun/2023:09:25:37 +0500] - 400 - - - 0.000
0:0:0:0:0:0:0:1 - - [26/Jun/2023:09:25:37 +0500] GET /api/am/devportal/v2/apis/f166cc64-02b1-488c-b6e7-2e00befe5d92/ratings HTTP/1.1 200 125 https://localhost:9443/devportal/apis Mozilla/5.0 (Windows NT 10.0; Win64; x64) AppleWebKit/537.36 (KHTML, like Gecko) Chrome/114.0.0.0 Safari/537.36 0.059
0:0:0:0:0:0:0:1 - - [26/Jun/2023:09:25:37 +0500] GET /api/am/devportal/v2/apis/a7a6f198-2961-422a-9ba4-7dd81d27f2dc/ratings HTTP/1.1 200 125 https://localhost:9443/devportal/apis Mozilla/5.0 (Windows NT 10.0; Win64; x64) AppleWebKit/537.36 (KHTML, like Gecko) Chrome/114.0.0.0 Safari/537.36 0.016
0:0:0:0:0:0:0:1 - - [26/Jun/2023:09:25:37 +0500] - 400 - - - 0.000
0:0:0:0:0:0:0:1 - - [26/Jun/2023:09:25:37 +0500] - 400 - - - 0.000
0:0:0:0:0:0:0:1 - - [26/Jun/2023:09:25:37 +0500] GET /api/am/devportal/v2/apis/f166cc64-02b1-488c-b6e7-2e00befe5d92/thumbnail HTTP/1.1 204 - https://localhost:9443/devportal/apis Mozilla/5.0 (Windows NT 10.0; Win64; x64) AppleWebKit/537.36 (KHTML, like Gecko) Chrome/114.0.0.0 Safari/537.36 0.044
0:0:0:0:0:0:0:1 - - [26/Jun/2023:09:25:37 +0500] GET /api/am/devportal/v2/apis/d440f6b9-22c1-4326-8625-16eff1a0354e/ratings HTTP/1.1 200 125 https://localhost:9443/devportal/apis Mozilla/5.0 (Windows NT 10.0; Win64; x64) AppleWebKit/537.36 (KHTML, like Gecko) Chrome/114.0.0.0 Safari/537.36 0.017
0:0:0:0:0:0:0:1 - - [26/Jun/2023:09:25:37 +0500] GET /api/am/devportal/v2/apis/d440f6b9-22c1-4326-8625-16eff1a0354e/thumbnail HTTP/1.1 204 - https://localhost:9443/devportal/apis Mozilla/5.0 (Windows NT 10.0; Win64; x64) AppleWebKit/537.36 (KHTML, like Gecko) Chrome/114.0.0.0 Safari/537.36 0.032
0:0:0:0:0:0:0:1 - - [26/Jun/2023:09:25:37 +0500] GET /api/am/devportal/v2/apis/a7a6f198-2961-422a-9ba4-7dd81d27f2dc/thumbnail HTTP/1.1 204 - https://localhost:9443/devportal/apis Mozilla/5.0 (Windows NT 10.0; Win64; x64) AppleWebKit/537.36 (KHTML, like Gecko) Chrome/114.0.0.0 Safari/537.36 0.025
0:0:0:0:0:0:0:1 - - [26/Jun/2023:09:25:37 +0500] GET /api/am/devportal/v2/apis/2d15ab04-b0b2-4820-8b7c-052e4997dcce/thumbnail HTTP/1.1 204 - https://localhost:9443/devportal/apis Mozilla/5.0 (Windows NT 10.0; Win64; x64) AppleWebKit/537.36 (KHTML, like Gecko) Chrome/114.0.0.0 Safari/537.36 0.021
0:0:0:0:0:0:0:1 - - [26/Jun/2023:09:25:39 +0500] GET /devportal/site/public/dist/ApiListing.ab5e7538060911081eae.bundle.js HTTP/1.1 200 7790 https://localhost:9443/devportal/applications Mozilla/5.0 (Windows NT 10.0; Win64; x64) AppleWebKit/537.36 (KHTML, like Gecko) Chrome/114.0.0.0 Safari/537.36 0.009
0:0:0:0:0:0:0:1 - - [26/Jun/2023:09:25:39 +0500] GET /api/am/devportal/v2/swagger.yaml HTTP/1.1 200 23493 https://localhost:9443/devportal/applications Mozilla/5.0 (Windows NT 10.0; Win64; x64) AppleWebKit/537.36 (KHTML, like Gecko) Chrome/114.0.0.0 Safari/537.36 0.010
0:0:0:0:0:0:0:1 - - [26/Jun/2023:09:25:39 +0500] GET /api/am/devportal/v2/applications?sortBy=name&sortOrder=asc&limit=10&offset=0 HTTP/1.1 200 979 https://localhost:9443/devportal/applications Mozilla/5.0 (Windows NT 10.0; Win64; x64) AppleWebKit/537.36 (KHTML, like Gecko) Chrome/114.0.0.0 Safari/537.36 0.007
0:0:0:0:0:0:0:1 - - [26/Jun/2023:09:25:42 +0500] GET /api/am/devportal/v2/swagger.yaml HTTP/1.1 200 23493 https://localhost:9443/devportal/applications/96638a86-ec8a-4925-8a02-077077d3dd78/edit/ Mozilla/5.0 (Windows NT 10.0; Win64; x64) AppleWebKit/537.36 (KHTML, like Gecko) Chrome/114.0.0.0 Safari/537.36 0.012
0:0:0:0:0:0:0:1 - - [26/Jun/2023:09:25:42 +0500] GET /api/am/devportal/v2/settings/application-attributes HTTP/1.1 200 21 https://localhost:9443/devportal/applications/96638a86-ec8a-4925-8a02-077077d3dd78/edit/ Mozilla/5.0 (Windows NT 10.0; Win64; x64) AppleWebKit/537.36 (KHTML, like Gecko) Chrome/114.0.0.0 Safari/537.36 0.008
0:0:0:0:0:0:0:1 - - [26/Jun/2023:09:25:42 +0500] GET /api/am/devportal/v2/throttling-policies/application HTTP/1.1 200 473 https://localhost:9443/devportal/applications/96638a86-ec8a-4925-8a02-077077d3dd78/edit/ Mozilla/5.0 (Windows NT 10.0; Win64; x64) AppleWebKit/537.36 (KHTML, like Gecko) Chrome/114.0.0.0 Safari/537.36 0.021
127.0.0.1 - - [26/Jun/2023:09:25:42 +0500] GET /keymanager-operations/dcr/register/UFVWc0NGcThwVXZfTXB0ZmFCYUZzRFR2QURNYQ%3D%3D HTTP/1.1 200 515 - Apache-HttpClient/4.5.13 (Java/11.0.18) 0.006
0:0:0:0:0:0:0:1 - - [26/Jun/2023:09:25:42 +0500] GET /api/am/devportal/v2/applications/96638a86-ec8a-4925-8a02-077077d3dd78 HTTP/1.1 200 321 https://localhost:9443/devportal/applications/96638a86-ec8a-4925-8a02-077077d3dd78/edit/ Mozilla/5.0 (Windows NT 10.0; Win64; x64) AppleWebKit/537.36 (KHTML, like Gecko) Chrome/114.0.0.0 Safari/537.36 0.022
0:0:0:0:0:0:0:1 - - [26/Jun/2023:09:25:43 +0500] GET /api/am/devportal/v2/api-categories HTTP/1.1 200 21 https://localhost:9443/devportal/apis Mozilla/5.0 (Windows NT 10.0; Win64; x64) AppleWebKit/537.36 (KHTML, like Gecko) Chrome/114.0.0.0 Safari/537.36 0.003
0:0:0:0:0:0:0:1 - - [26/Jun/2023:09:25:43 +0500] GET /api/am/devportal/v2/tags HTTP/1.1 200 119 https://localhost:9443/devportal/apis Mozilla/5.0 (Windows NT 10.0; Win64; x64) AppleWebKit/537.36 (KHTML, like Gecko) Chrome/114.0.0.0 Safari/537.36 0.010
0:0:0:0:0:0:0:1 - - [26/Jun/2023:09:25:43 +0500] GET /api/am/devportal/v2/apis?limit=10&offset=0 HTTP/1.1 200 751 https://localhost:9443/devportal/apis Mozilla/5.0 (Windows NT 10.0; Win64; x64) AppleWebKit/537.36 (KHTML, like Gecko) Chrome/114.0.0.0 Safari/537.36 0.024
0:0:0:0:0:0:0:1 - - [26/Jun/2023:09:25:43 +0500] GET /api/am/devportal/v2/apis/a9eff00c-8aee-4ca5-8e6e-3d5df6468875/ratings HTTP/1.1 200 125 https://localhost:9443/devportal/apis Mozilla/5.0 (Windows NT 10.0; Win64; x64) AppleWebKit/537.36 (KHTML, like Gecko) Chrome/114.0.0.0 Safari/537.36 0.015
0:0:0:0:0:0:0:1 - - [26/Jun/2023:09:25:43 +0500] GET /api/am/devportal/v2/apis/f166cc64-02b1-488c-b6e7-2e00befe5d92/ratings HTTP/1.1 200 125 https://localhost:9443/devportal/apis Mozilla/5.0 (Windows NT 10.0; Win64; x64) AppleWebKit/537.36 (KHTML, like Gecko) Chrome/114.0.0.0 Safari/537.36 0.012
0:0:0:0:0:0:0:1 - - [26/Jun/2023:09:25:43 +0500] GET /api/am/devportal/v2/apis/f166cc64-02b1-488c-b6e7-2e00befe5d92/thumbnail HTTP/1.1 204 - https://localhost:9443/devportal/apis Mozilla/5.0 (Windows NT 10.0; Win64; x64) AppleWebKit/537.36 (KHTML, like Gecko) Chrome/114.0.0.0 Safari/537.36 0.012
0:0:0:0:0:0:0:1 - - [26/Jun/2023:09:25:43 +0500] GET /api/am/devportal/v2/apis/a7a6f198-2961-422a-9ba4-7dd81d27f2dc/ratings HTTP/1.1 200 125 https://localhost:9443/devportal/apis Mozilla/5.0 (Windows NT 10.0; Win64; x64) AppleWebKit/537.36 (KHTML, like Gecko) Chrome/114.0.0.0 Safari/537.36 0.011
0:0:0:0:0:0:0:1 - - [26/Jun/2023:09:25:43 +0500] GET /api/am/devportal/v2/apis/a9eff00c-8aee-4ca5-8e6e-3d5df6468875/thumbnail HTTP/1.1 204 - https://localhost:9443/devportal/apis Mozilla/5.0 (Windows NT 10.0; Win64; x64) AppleWebKit/537.36 (KHTML, like Gecko) Chrome/114.0.0.0 Safari/537.36 0.025
0:0:0:0:0:0:0:1 - - [26/Jun/2023:09:25:43 +0500] GET /api/am/devportal/v2/apis/a7a6f198-2961-422a-9ba4-7dd81d27f2dc/thumbnail HTTP/1.1 204 - https://localhost:9443/devportal/apis Mozilla/5.0 (Windows NT 10.0; Win64; x64) AppleWebKit/537.36 (KHTML, like Gecko) Chrome/114.0.0.0 Safari/537.36 0.015
0:0:0:0:0:0:0:1 - - [26/Jun/2023:09:25:43 +0500] GET /api/am/devportal/v2/apis/d440f6b9-22c1-4326-8625-16eff1a0354e/ratings HTTP/1.1 200 125 https://localhost:9443/devportal/apis Mozilla/5.0 (Windows NT 10.0; Win64; x64) AppleWebKit/537.36 (KHTML, like Gecko) Chrome/114.0.0.0 Safari/537.36 0.014
0:0:0:0:0:0:0:1 - - [26/Jun/2023:09:25:43 +0500] GET /api/am/devportal/v2/apis/2d15ab04-b0b2-4820-8b7c-052e4997dcce/ratings HTTP/1.1 200 125 https://localhost:9443/devportal/apis Mozilla/5.0 (Windows NT 10.0; Win64; x64) AppleWebKit/537.36 (KHTML, like Gecko) Chrome/114.0.0.0 Safari/537.36 0.012
0:0:0:0:0:0:0:1 - - [26/Jun/2023:09:25:43 +0500] GET /api/am/devportal/v2/apis/d440f6b9-22c1-4326-8625-16eff1a0354e/thumbnail HTTP/1.1 204 - https://localhost:9443/devportal/apis Mozilla/5.0 (Windows NT 10.0; Win64; x64) AppleWebKit/537.36 (KHTML, like Gecko) Chrome/114.0.0.0 Safari/537.36 0.015
0:0:0:0:0:0:0:1 - - [26/Jun/2023:09:25:43 +0500] GET /api/am/devportal/v2/apis/2d15ab04-b0b2-4820-8b7c-052e4997dcce/thumbnail HTTP/1.1 204 - https://localhost:9443/devportal/apis Mozilla/5.0 (Windows NT 10.0; Win64; x64) AppleWebKit/537.36 (KHTML, like Gecko) Chrome/114.0.0.0 Safari/537.36 0.014
0:0:0:0:0:0:0:1 - - [26/Jun/2023:09:25:47 +0500] GET /api/am/devportal/v2/apis/d440f6b9-22c1-4326-8625-16eff1a0354e HTTP/1.1 200 1133 https://localhost:9443/devportal/apis/d440f6b9-22c1-4326-8625-16eff1a0354e Mozilla/5.0 (Windows NT 10.0; Win64; x64) AppleWebKit/537.36 (KHTML, like Gecko) Chrome/114.0.0.0 Safari/537.36 0.049
127.0.0.1 - - [26/Jun/2023:09:25:47 +0500] GET /keymanager-operations/dcr/register/UFVWc0NGcThwVXZfTXB0ZmFCYUZzRFR2QURNYQ%3D%3D HTTP/1.1 200 515 - Apache-HttpClient/4.5.13 (Java/11.0.18) 0.009
0:0:0:0:0:0:0:1 - - [26/Jun/2023:09:25:47 +0500] GET /api/am/devportal/v2/applications?limit=5000 HTTP/1.1 200 981 https://localhost:9443/devportal/apis/d440f6b9-22c1-4326-8625-16eff1a0354e Mozilla/5.0 (Windows NT 10.0; Win64; x64) AppleWebKit/537.36 (KHTML, like Gecko) Chrome/114.0.0.0 Safari/537.36 0.029
127.0.0.1 - - [26/Jun/2023:09:25:47 +0500] GET /keymanager-operations/dcr/register/UFVWc0NGcThwVXZfTXB0ZmFCYUZzRFR2QURNYQ%3D%3D HTTP/1.1 200 515 - Apache-HttpClient/4.5.13 (Java/11.0.18) 0.010
0:0:0:0:0:0:0:1 - - [26/Jun/2023:09:25:47 +0500] GET /api/am/devportal/v2/subscriptions?apiId=d440f6b9-22c1-4326-8625-16eff1a0354e&limit=25 HTTP/1.1 200 674 https://localhost:9443/devportal/apis/d440f6b9-22c1-4326-8625-16eff1a0354e Mozilla/5.0 (Windows NT 10.0; Win64; x64) AppleWebKit/537.36 (KHTML, like Gecko) Chrome/114.0.0.0 Safari/537.36 0.068
0:0:0:0:0:0:0:1 - - [26/Jun/2023:09:25:47 +0500] GET /api/am/devportal/v2/subscriptions?apiId=d440f6b9-22c1-4326-8625-16eff1a0354e&limit=5000 HTTP/1.1 200 675 https://localhost:9443/devportal/apis/d440f6b9-22c1-4326-8625-16eff1a0354e Mozilla/5.0 (Windows NT 10.0; Win64; x64) AppleWebKit/537.36 (KHTML, like Gecko) Chrome/114.0.0.0 Safari/537.36 0.072
0:0:0:0:0:0:0:1 - - [26/Jun/2023:09:25:47 +0500] GET /devportal/site/public/images/leftMenuBack.png HTTP/1.1 200 5308 https://localhost:9443/devportal/apis/d440f6b9-22c1-4326-8625-16eff1a0354e/overview Mozilla/5.0 (Windows NT 10.0; Win64; x64) AppleWebKit/537.36 (KHTML, like Gecko) Chrome/114.0.0.0 Safari/537.36 0.003
0:0:0:0:0:0:0:1 - - [26/Jun/2023:09:25:47 +0500] GET /api/am/devportal/v2/apis/d440f6b9-22c1-4326-8625-16eff1a0354e/documents HTTP/1.1 200 92 https://localhost:9443/devportal/apis/d440f6b9-22c1-4326-8625-16eff1a0354e/overview Mozilla/5.0 (Windows NT 10.0; Win64; x64) AppleWebKit/537.36 (KHTML, like Gecko) Chrome/114.0.0.0 Safari/537.36 0.019
0:0:0:0:0:0:0:1 - - [26/Jun/2023:09:25:47 +0500] GET /api/am/devportal/v2/throttling-policies/subscription HTTP/1.1 200 634 https://localhost:9443/devportal/apis/d440f6b9-22c1-4326-8625-16eff1a0354e/overview Mozilla/5.0 (Windows NT 10.0; Win64; x64) AppleWebKit/537.36 (KHTML, like Gecko) Chrome/114.0.0.0 Safari/537.36 0.008
0:0:0:0:0:0:0:1 - - [26/Jun/2023:09:25:47 +0500] GET /api/am/devportal/v2/apis/d440f6b9-22c1-4326-8625-16eff1a0354e/documents HTTP/1.1 200 92 https://localhost:9443/devportal/apis/d440f6b9-22c1-4326-8625-16eff1a0354e/overview Mozilla/5.0 (Windows NT 10.0; Win64; x64) AppleWebKit/537.36 (KHTML, like Gecko) Chrome/114.0.0.0 Safari/537.36 0.018
0:0:0:0:0:0:0:1 - - [26/Jun/2023:09:25:47 +0500] GET /api/am/devportal/v2/throttling-policies/subscription HTTP/1.1 200 634 https://localhost:9443/devportal/apis/d440f6b9-22c1-4326-8625-16eff1a0354e/overview Mozilla/5.0 (Windows NT 10.0; Win64; x64) AppleWebKit/537.36 (KHTML, like Gecko) Chrome/114.0.0.0 Safari/537.36 0.006
0:0:0:0:0:0:0:1 - - [26/Jun/2023:09:25:47 +0500] GET /api/am/devportal/v2/apis/d440f6b9-22c1-4326-8625-16eff1a0354e/comments?limit=5&offset=0 HTTP/1.1 200 101 https://localhost:9443/devportal/apis/d440f6b9-22c1-4326-8625-16eff1a0354e/overview Mozilla/5.0 (Windows NT 10.0; Win64; x64) AppleWebKit/537.36 (KHTML, like Gecko) Chrome/114.0.0.0 Safari/537.36 0.018
0:0:0:0:0:0:0:1 - - [26/Jun/2023:09:25:47 +0500] GET /api/am/devportal/v2/apis/d440f6b9-22c1-4326-8625-16eff1a0354e/thumbnail HTTP/1.1 204 - https://localhost:9443/devportal/apis/d440f6b9-22c1-4326-8625-16eff1a0354e/overview Mozilla/5.0 (Windows NT 10.0; Win64; x64) AppleWebKit/537.36 (KHTML, like Gecko) Chrome/114.0.0.0 Safari/537.36 0.032
0:0:0:0:0:0:0:1 - - [26/Jun/2023:09:25:47 +0500] GET /api/am/devportal/v2/apis/d440f6b9-22c1-4326-8625-16eff1a0354e/ratings HTTP/1.1 200 125 https://localhost:9443/devportal/apis/d440f6b9-22c1-4326-8625-16eff1a0354e/overview Mozilla/5.0 (Windows NT 10.0; Win64; x64) AppleWebKit/537.36 (KHTML, like Gecko) Chrome/114.0.0.0 Safari/537.36 0.037
0:0:0:0:0:0:0:1 - - [26/Jun/2023:09:25:49 +0500] GET /api/am/devportal/v2/swagger.yaml HTTP/1.1 200 23493 https://localhost:9443/devportal/applications Mozilla/5.0 (Windows NT 10.0; Win64; x64) AppleWebKit/537.36 (KHTML, like Gecko) Chrome/114.0.0.0 Safari/537.36 0.015
0:0:0:0:0:0:0:1 - - [26/Jun/2023:09:25:49 +0500] GET /api/am/devportal/v2/applications?sortBy=name&sortOrder=asc&limit=10&offset=0 HTTP/1.1 200 979 https://localhost:9443/devportal/applications Mozilla/5.0 (Windows NT 10.0; Win64; x64) AppleWebKit/537.36 (KHTML, like Gecko) Chrome/114.0.0.0 Safari/537.36 0.010
0:0:0:0:0:0:0:1 - - [26/Jun/2023:09:25:50 +0500] GET /api/am/devportal/v2/throttling-policies/application HTTP/1.1 200 473 https://localhost:9443/devportal/applications/create Mozilla/5.0 (Windows NT 10.0; Win64; x64) AppleWebKit/537.36 (KHTML, like Gecko) Chrome/114.0.0.0 Safari/537.36 0.006
0:0:0:0:0:0:0:1 - - [26/Jun/2023:09:25:50 +0500] GET /api/am/devportal/v2/settings/application-attributes HTTP/1.1 200 21 https://localhost:9443/devportal/applications/create Mozilla/5.0 (Windows NT 10.0; Win64; x64) AppleWebKit/537.36 (KHTML, like Gecko) Chrome/114.0.0.0 Safari/537.36 0.022
