0:0:0:0:0:0:0:1 - - [03/Jul/2023:10:11:26 +0500] GET /api/am/devportal/v2/applications/ HTTP/1.1 401 101 https://localhost:9443/devportal/apis/d440f6b9-22c1-4326-8625-16eff1a0354e/test Mozilla/5.0 (Windows NT 10.0; Win64; x64) AppleWebKit/537.36 (KHTML, like Gecko) Chrome/114.0.0.0 Safari/537.36 0.012
0:0:0:0:0:0:0:1 - - [03/Jul/2023:10:11:36 +0500] GET /api/am/publisher/v3/apis/d440f6b9-22c1-4326-8625-16eff1a0354e/swagger HTTP/1.1 200 797 https://localhost:9443/publisher/apis/d440f6b9-22c1-4326-8625-16eff1a0354e/endpoints Mozilla/5.0 (Windows NT 10.0; Win64; x64) AppleWebKit/537.36 (KHTML, like Gecko) Chrome/114.0.0.0 Safari/537.36 0.130
0:0:0:0:0:0:0:1 - - [03/Jul/2023:10:11:36 +0500] GET /api/am/publisher/v3/endpoint-certificates?endpoint=http%3A%2F%2Flocalhost%3A8290%2Fservices%2FProxyForEchoService HTTP/1.1 200 100 https://localhost:9443/publisher/apis/d440f6b9-22c1-4326-8625-16eff1a0354e/endpoints Mozilla/5.0 (Windows NT 10.0; Win64; x64) AppleWebKit/537.36 (KHTML, like Gecko) Chrome/114.0.0.0 Safari/537.36 0.185
0:0:0:0:0:0:0:1 - - [03/Jul/2023:10:11:43 +0500] POST /api/am/publisher/v3/apis/validate-endpoint?endpointUrl=http%3A%2F%2Flocalhost%3A8290%2Fservices%2FProxyForEchoService&apiId=d440f6b9-22c1-4326-8625-16eff1a0354e HTTP/1.1 200 52 https://localhost:9443/publisher/apis/d440f6b9-22c1-4326-8625-16eff1a0354e/endpoints Mozilla/5.0 (Windows NT 10.0; Win64; x64) AppleWebKit/537.36 (KHTML, like Gecko) Chrome/114.0.0.0 Safari/537.36 0.584
0:0:0:0:0:0:0:1 - - [03/Jul/2023:10:13:48 +0500] - 400 - - - 0.000
0:0:0:0:0:0:0:1 - - [03/Jul/2023:10:13:48 +0500] - 400 - - - 0.000
0:0:0:0:0:0:0:1 - - [03/Jul/2023:10:13:48 +0500] - 400 - - - 0.000
0:0:0:0:0:0:0:1 - - [03/Jul/2023:10:13:48 +0500] - 400 - - - 0.000
0:0:0:0:0:0:0:1 - - [03/Jul/2023:10:13:48 +0500] GET /api/am/publisher/v3/scopes HTTP/1.1 200 92 https://localhost:9443/publisher/apis/d440f6b9-22c1-4326-8625-16eff1a0354e/resources Mozilla/5.0 (Windows NT 10.0; Win64; x64) AppleWebKit/537.36 (KHTML, like Gecko) Chrome/114.0.0.0 Safari/537.36 0.390
0:0:0:0:0:0:0:1 - - [03/Jul/2023:10:13:48 +0500] GET /api/am/publisher/v3/apis/d440f6b9-22c1-4326-8625-16eff1a0354e/amznResourceNames HTTP/1.1 204 - https://localhost:9443/publisher/apis/d440f6b9-22c1-4326-8625-16eff1a0354e/resources Mozilla/5.0 (Windows NT 10.0; Win64; x64) AppleWebKit/537.36 (KHTML, like Gecko) Chrome/114.0.0.0 Safari/537.36 0.415
0:0:0:0:0:0:0:1 - - [03/Jul/2023:10:13:48 +0500] GET /api/am/publisher/v3/apis/d440f6b9-22c1-4326-8625-16eff1a0354e/swagger HTTP/1.1 200 797 https://localhost:9443/publisher/apis/d440f6b9-22c1-4326-8625-16eff1a0354e/resources Mozilla/5.0 (Windows NT 10.0; Win64; x64) AppleWebKit/537.36 (KHTML, like Gecko) Chrome/114.0.0.0 Safari/537.36 0.418
0:0:0:0:0:0:0:1 - - [03/Jul/2023:10:13:48 +0500] GET /api/am/publisher/v3/throttling-policies/api?limit=80 HTTP/1.1 200 395 https://localhost:9443/publisher/apis/d440f6b9-22c1-4326-8625-16eff1a0354e/resources Mozilla/5.0 (Windows NT 10.0; Win64; x64) AppleWebKit/537.36 (KHTML, like Gecko) Chrome/114.0.0.0 Safari/537.36 0.478
0:0:0:0:0:0:0:1 - - [03/Jul/2023:11:31:13 +0500] - 400 - - - 0.000
0:0:0:0:0:0:0:1 - - [03/Jul/2023:11:31:13 +0500] - 400 - - - 0.000
127.0.0.1 - - [03/Jul/2023:11:31:16 +0500] GET /api/am/devportal/v2/settings HTTP/1.1 200 604 - Jakarta Commons-HttpClient/3.1 1.634
0:0:0:0:0:0:0:1 - - [03/Jul/2023:11:31:16 +0500] GET /devportal/services/configs HTTP/1.1 302 - https://localhost:9443/devportal/apis/d440f6b9-22c1-4326-8625-16eff1a0354e/test Mozilla/5.0 (Windows NT 10.0; Win64; x64) AppleWebKit/537.36 (KHTML, like Gecko) Chrome/114.0.0.0 Safari/537.36 2.235
0:0:0:0:0:0:0:1 - - [03/Jul/2023:11:31:16 +0500] GET /oauth2/authorize?response_type=code&client_id=1gMVqRyMGgEkZ3coeBEcN12K_zca&scope=apim:admin%20apim:api_key%20apim:app_import_export%20apim:app_manage%20apim:store_settings%20apim:sub_alert_manage%20apim:sub_manage%20apim:subscribe%20openid&state=/apis/d440f6b9-22c1-4326-8625-16eff1a0354e/test&redirect_uri=https://localhost:9443/devportal/services/auth/callback/login HTTP/1.1 302 - https://localhost:9443/devportal/apis/d440f6b9-22c1-4326-8625-16eff1a0354e/test Mozilla/5.0 (Windows NT 10.0; Win64; x64) AppleWebKit/537.36 (KHTML, like Gecko) Chrome/114.0.0.0 Safari/537.36 0.270
0:0:0:0:0:0:0:1 - - [03/Jul/2023:11:31:16 +0500] GET /authenticationendpoint/login.do?client_id=1gMVqRyMGgEkZ3coeBEcN12K_zca&commonAuthCallerPath=%2Foauth2%2Fauthorize&forceAuth=false&passiveAuth=false&redirect_uri=https%3A%2F%2Flocalhost%3A9443%2Fdevportal%2Fservices%2Fauth%2Fcallback%2Flogin&response_type=code&scope=apim%3Aadmin+apim%3Aapi_key+apim%3Aapp_import_export+apim%3Aapp_manage+apim%3Astore_settings+apim%3Asub_alert_manage+apim%3Asub_manage+apim%3Asubscribe+openid&state=%2Fapis%2Fd440f6b9-22c1-4326-8625-16eff1a0354e%2Ftest&tenantDomain=carbon.super&sessionDataKey=7bcf2ecc-c4a3-43ea-926f-5f9c713190b2&relyingParty=1gMVqRyMGgEkZ3coeBEcN12K_zca&type=oidc&sp=apim_devportal&isSaaSApp=true&authenticators=BasicAuthenticator%3ALOCAL HTTP/1.1 200 5796 https://localhost:9443/devportal/apis/d440f6b9-22c1-4326-8625-16eff1a0354e/test Mozilla/5.0 (Windows NT 10.0; Win64; x64) AppleWebKit/537.36 (KHTML, like Gecko) Chrome/114.0.0.0 Safari/537.36 0.124
0:0:0:0:0:0:0:1 - - [03/Jul/2023:11:31:16 +0500] - 400 - - - 0.000
0:0:0:0:0:0:0:1 - - [03/Jul/2023:11:31:16 +0500] - 400 - - - 0.000
0:0:0:0:0:0:0:1 - - [03/Jul/2023:11:31:16 +0500] GET /authenticationendpoint/libs/themes/default/assets/images/zong_logo.svg HTTP/1.1 200 5917 https://localhost:9443/authenticationendpoint/login.do?client_id=1gMVqRyMGgEkZ3coeBEcN12K_zca&commonAuthCallerPath=%2Foauth2%2Fauthorize&forceAuth=false&passiveAuth=false&redirect_uri=https%3A%2F%2Flocalhost%3A9443%2Fdevportal%2Fservices%2Fauth%2Fcallback%2Flogin&response_type=code&scope=apim%3Aadmin+apim%3Aapi_key+apim%3Aapp_import_export+apim%3Aapp_manage+apim%3Astore_settings+apim%3Asub_alert_manage+apim%3Asub_manage+apim%3Asubscribe+openid&state=%2Fapis%2Fd440f6b9-22c1-4326-8625-16eff1a0354e%2Ftest&tenantDomain=carbon.super&sessionDataKey=7bcf2ecc-c4a3-43ea-926f-5f9c713190b2&relyingParty=1gMVqRyMGgEkZ3coeBEcN12K_zca&type=oidc&sp=apim_devportal&isSaaSApp=true&authenticators=BasicAuthenticator%3ALOCAL Mozilla/5.0 (Windows NT 10.0; Win64; x64) AppleWebKit/537.36 (KHTML, like Gecko) Chrome/114.0.0.0 Safari/537.36 0.040
0:0:0:0:0:0:0:1 - - [03/Jul/2023:11:31:16 +0500] GET /authenticationendpoint/libs/jquery_3.6.0/jquery-3.6.0.js HTTP/1.1 200 86327 https://localhost:9443/authenticationendpoint/login.do?client_id=1gMVqRyMGgEkZ3coeBEcN12K_zca&commonAuthCallerPath=%2Foauth2%2Fauthorize&forceAuth=false&passiveAuth=false&redirect_uri=https%3A%2F%2Flocalhost%3A9443%2Fdevportal%2Fservices%2Fauth%2Fcallback%2Flogin&response_type=code&scope=apim%3Aadmin+apim%3Aapi_key+apim%3Aapp_import_export+apim%3Aapp_manage+apim%3Astore_settings+apim%3Asub_alert_manage+apim%3Asub_manage+apim%3Asubscribe+openid&state=%2Fapis%2Fd440f6b9-22c1-4326-8625-16eff1a0354e%2Ftest&tenantDomain=carbon.super&sessionDataKey=7bcf2ecc-c4a3-43ea-926f-5f9c713190b2&relyingParty=1gMVqRyMGgEkZ3coeBEcN12K_zca&type=oidc&sp=apim_devportal&isSaaSApp=true&authenticators=BasicAuthenticator%3ALOCAL Mozilla/5.0 (Windows NT 10.0; Win64; x64) AppleWebKit/537.36 (KHTML, like Gecko) Chrome/114.0.0.0 Safari/537.36 0.069
0:0:0:0:0:0:0:1 - - [03/Jul/2023:11:31:16 +0500] GET /authenticationendpoint/libs/themes/default/theme.min.css HTTP/1.1 200 124246 https://localhost:9443/authenticationendpoint/login.do?client_id=1gMVqRyMGgEkZ3coeBEcN12K_zca&commonAuthCallerPath=%2Foauth2%2Fauthorize&forceAuth=false&passiveAuth=false&redirect_uri=https%3A%2F%2Flocalhost%3A9443%2Fdevportal%2Fservices%2Fauth%2Fcallback%2Flogin&response_type=code&scope=apim%3Aadmin+apim%3Aapi_key+apim%3Aapp_import_export+apim%3Aapp_manage+apim%3Astore_settings+apim%3Asub_alert_manage+apim%3Asub_manage+apim%3Asubscribe+openid&state=%2Fapis%2Fd440f6b9-22c1-4326-8625-16eff1a0354e%2Ftest&tenantDomain=carbon.super&sessionDataKey=7bcf2ecc-c4a3-43ea-926f-5f9c713190b2&relyingParty=1gMVqRyMGgEkZ3coeBEcN12K_zca&type=oidc&sp=apim_devportal&isSaaSApp=true&authenticators=BasicAuthenticator%3ALOCAL Mozilla/5.0 (Windows NT 10.0; Win64; x64) AppleWebKit/537.36 (KHTML, like Gecko) Chrome/114.0.0.0 Safari/537.36 0.113
0:0:0:0:0:0:0:1 - - [03/Jul/2023:11:31:16 +0500] GET /authenticationendpoint/libs/themes/default/semantic.min.js HTTP/1.1 200 72294 https://localhost:9443/authenticationendpoint/login.do?client_id=1gMVqRyMGgEkZ3coeBEcN12K_zca&commonAuthCallerPath=%2Foauth2%2Fauthorize&forceAuth=false&passiveAuth=false&redirect_uri=https%3A%2F%2Flocalhost%3A9443%2Fdevportal%2Fservices%2Fauth%2Fcallback%2Flogin&response_type=code&scope=apim%3Aadmin+apim%3Aapi_key+apim%3Aapp_import_export+apim%3Aapp_manage+apim%3Astore_settings+apim%3Asub_alert_manage+apim%3Asub_manage+apim%3Asubscribe+openid&state=%2Fapis%2Fd440f6b9-22c1-4326-8625-16eff1a0354e%2Ftest&tenantDomain=carbon.super&sessionDataKey=7bcf2ecc-c4a3-43ea-926f-5f9c713190b2&relyingParty=1gMVqRyMGgEkZ3coeBEcN12K_zca&type=oidc&sp=apim_devportal&isSaaSApp=true&authenticators=BasicAuthenticator%3ALOCAL Mozilla/5.0 (Windows NT 10.0; Win64; x64) AppleWebKit/537.36 (KHTML, like Gecko) Chrome/114.0.0.0 Safari/537.36 0.026
0:0:0:0:0:0:0:1 - - [03/Jul/2023:11:31:17 +0500] GET /authenticationendpoint/libs/themes/default/assets/fonts/icons.woff2 HTTP/1.1 200 40148 https://localhost:9443/authenticationendpoint/libs/themes/default/theme.min.css Mozilla/5.0 (Windows NT 10.0; Win64; x64) AppleWebKit/537.36 (KHTML, like Gecko) Chrome/114.0.0.0 Safari/537.36 0.005
0:0:0:0:0:0:0:1 - - [03/Jul/2023:11:31:17 +0500] GET /logincontext?sessionDataKey=7bcf2ecc-c4a3-43ea-926f-5f9c713190b2&relyingParty=1gMVqRyMGgEkZ3coeBEcN12K_zca&tenantDomain=carbon.super&_=1688365876955 HTTP/1.1 200 20 https://localhost:9443/authenticationendpoint/login.do?client_id=1gMVqRyMGgEkZ3coeBEcN12K_zca&commonAuthCallerPath=%2Foauth2%2Fauthorize&forceAuth=false&passiveAuth=false&redirect_uri=https%3A%2F%2Flocalhost%3A9443%2Fdevportal%2Fservices%2Fauth%2Fcallback%2Flogin&response_type=code&scope=apim%3Aadmin+apim%3Aapi_key+apim%3Aapp_import_export+apim%3Aapp_manage+apim%3Astore_settings+apim%3Asub_alert_manage+apim%3Asub_manage+apim%3Asubscribe+openid&state=%2Fapis%2Fd440f6b9-22c1-4326-8625-16eff1a0354e%2Ftest&tenantDomain=carbon.super&sessionDataKey=7bcf2ecc-c4a3-43ea-926f-5f9c713190b2&relyingParty=1gMVqRyMGgEkZ3coeBEcN12K_zca&type=oidc&sp=apim_devportal&isSaaSApp=true&authenticators=BasicAuthenticator%3ALOCAL Mozilla/5.0 (Windows NT 10.0; Win64; x64) AppleWebKit/537.36 (KHTML, like Gecko) Chrome/114.0.0.0 Safari/537.36 0.008
0:0:0:0:0:0:0:1 - - [03/Jul/2023:11:31:44 +0500] GET /logincontext?sessionDataKey=7bcf2ecc-c4a3-43ea-926f-5f9c713190b2&relyingParty=1gMVqRyMGgEkZ3coeBEcN12K_zca&tenantDomain=carbon.super&_=1688365876956 HTTP/1.1 200 20 https://localhost:9443/authenticationendpoint/login.do?client_id=1gMVqRyMGgEkZ3coeBEcN12K_zca&commonAuthCallerPath=%2Foauth2%2Fauthorize&forceAuth=false&passiveAuth=false&redirect_uri=https%3A%2F%2Flocalhost%3A9443%2Fdevportal%2Fservices%2Fauth%2Fcallback%2Flogin&response_type=code&scope=apim%3Aadmin+apim%3Aapi_key+apim%3Aapp_import_export+apim%3Aapp_manage+apim%3Astore_settings+apim%3Asub_alert_manage+apim%3Asub_manage+apim%3Asubscribe+openid&state=%2Fapis%2Fd440f6b9-22c1-4326-8625-16eff1a0354e%2Ftest&tenantDomain=carbon.super&sessionDataKey=7bcf2ecc-c4a3-43ea-926f-5f9c713190b2&relyingParty=1gMVqRyMGgEkZ3coeBEcN12K_zca&type=oidc&sp=apim_devportal&isSaaSApp=true&authenticators=BasicAuthenticator%3ALOCAL Mozilla/5.0 (Windows NT 10.0; Win64; x64) AppleWebKit/537.36 (KHTML, like Gecko) Chrome/114.0.0.0 Safari/537.36 0.003
0:0:0:0:0:0:0:1 - - [03/Jul/2023:11:31:44 +0500] POST /commonauth HTTP/1.1 302 - https://localhost:9443/authenticationendpoint/login.do?client_id=1gMVqRyMGgEkZ3coeBEcN12K_zca&commonAuthCallerPath=%2Foauth2%2Fauthorize&forceAuth=false&passiveAuth=false&redirect_uri=https%3A%2F%2Flocalhost%3A9443%2Fdevportal%2Fservices%2Fauth%2Fcallback%2Flogin&response_type=code&scope=apim%3Aadmin+apim%3Aapi_key+apim%3Aapp_import_export+apim%3Aapp_manage+apim%3Astore_settings+apim%3Asub_alert_manage+apim%3Asub_manage+apim%3Asubscribe+openid&state=%2Fapis%2Fd440f6b9-22c1-4326-8625-16eff1a0354e%2Ftest&tenantDomain=carbon.super&sessionDataKey=7bcf2ecc-c4a3-43ea-926f-5f9c713190b2&relyingParty=1gMVqRyMGgEkZ3coeBEcN12K_zca&type=oidc&sp=apim_devportal&isSaaSApp=true&authenticators=BasicAuthenticator%3ALOCAL Mozilla/5.0 (Windows NT 10.0; Win64; x64) AppleWebKit/537.36 (KHTML, like Gecko) Chrome/114.0.0.0 Safari/537.36 0.209
0:0:0:0:0:0:0:1 - - [03/Jul/2023:11:31:44 +0500] GET /oauth2/authorize?sessionDataKey=1f64c6eb-a619-4fba-b2d4-b51abab29ca0 HTTP/1.1 302 - https://localhost:9443/authenticationendpoint/login.do?client_id=1gMVqRyMGgEkZ3coeBEcN12K_zca&commonAuthCallerPath=%2Foauth2%2Fauthorize&forceAuth=false&passiveAuth=false&redirect_uri=https%3A%2F%2Flocalhost%3A9443%2Fdevportal%2Fservices%2Fauth%2Fcallback%2Flogin&response_type=code&scope=apim%3Aadmin+apim%3Aapi_key+apim%3Aapp_import_export+apim%3Aapp_manage+apim%3Astore_settings+apim%3Asub_alert_manage+apim%3Asub_manage+apim%3Asubscribe+openid&state=%2Fapis%2Fd440f6b9-22c1-4326-8625-16eff1a0354e%2Ftest&tenantDomain=carbon.super&sessionDataKey=7bcf2ecc-c4a3-43ea-926f-5f9c713190b2&relyingParty=1gMVqRyMGgEkZ3coeBEcN12K_zca&type=oidc&sp=apim_devportal&isSaaSApp=true&authenticators=BasicAuthenticator%3ALOCAL Mozilla/5.0 (Windows NT 10.0; Win64; x64) AppleWebKit/537.36 (KHTML, like Gecko) Chrome/114.0.0.0 Safari/537.36 0.156
127.0.0.1 - - [03/Jul/2023:11:31:44 +0500] POST /oauth2/token HTTP/1.1 200 1282 - Jakarta Commons-HttpClient/3.1 0.058
0:0:0:0:0:0:0:1 - - [03/Jul/2023:11:31:44 +0500] GET /devportal/services/auth/callback/login?code=46f69bba-de1d-3dec-83b7-9399f5f933ed&state=%2Fapis%2Fd440f6b9-22c1-4326-8625-16eff1a0354e%2Ftest&session_state=5506bbcdd61b7f4d43407b5e89dbc118be4cd2d5d41447de90747b811d259a27.4ayRqVgPlcm5w80QAEuigA HTTP/1.1 302 - https://localhost:9443/authenticationendpoint/login.do?client_id=1gMVqRyMGgEkZ3coeBEcN12K_zca&commonAuthCallerPath=%2Foauth2%2Fauthorize&forceAuth=false&passiveAuth=false&redirect_uri=https%3A%2F%2Flocalhost%3A9443%2Fdevportal%2Fservices%2Fauth%2Fcallback%2Flogin&response_type=code&scope=apim%3Aadmin+apim%3Aapi_key+apim%3Aapp_import_export+apim%3Aapp_manage+apim%3Astore_settings+apim%3Asub_alert_manage+apim%3Asub_manage+apim%3Asubscribe+openid&state=%2Fapis%2Fd440f6b9-22c1-4326-8625-16eff1a0354e%2Ftest&tenantDomain=carbon.super&sessionDataKey=7bcf2ecc-c4a3-43ea-926f-5f9c713190b2&relyingParty=1gMVqRyMGgEkZ3coeBEcN12K_zca&type=oidc&sp=apim_devportal&isSaaSApp=true&authenticators=BasicAuthenticator%3ALOCAL Mozilla/5.0 (Windows NT 10.0; Win64; x64) AppleWebKit/537.36 (KHTML, like Gecko) Chrome/114.0.0.0 Safari/537.36 0.250
0:0:0:0:0:0:0:1 - - [03/Jul/2023:11:31:44 +0500] GET /devportal/apis/d440f6b9-22c1-4326-8625-16eff1a0354e/test HTTP/1.1 200 2034 https://localhost:9443/authenticationendpoint/login.do?client_id=1gMVqRyMGgEkZ3coeBEcN12K_zca&commonAuthCallerPath=%2Foauth2%2Fauthorize&forceAuth=false&passiveAuth=false&redirect_uri=https%3A%2F%2Flocalhost%3A9443%2Fdevportal%2Fservices%2Fauth%2Fcallback%2Flogin&response_type=code&scope=apim%3Aadmin+apim%3Aapi_key+apim%3Aapp_import_export+apim%3Aapp_manage+apim%3Astore_settings+apim%3Asub_alert_manage+apim%3Asub_manage+apim%3Asubscribe+openid&state=%2Fapis%2Fd440f6b9-22c1-4326-8625-16eff1a0354e%2Ftest&tenantDomain=carbon.super&sessionDataKey=7bcf2ecc-c4a3-43ea-926f-5f9c713190b2&relyingParty=1gMVqRyMGgEkZ3coeBEcN12K_zca&type=oidc&sp=apim_devportal&isSaaSApp=true&authenticators=BasicAuthenticator%3ALOCAL Mozilla/5.0 (Windows NT 10.0; Win64; x64) AppleWebKit/537.36 (KHTML, like Gecko) Chrome/114.0.0.0 Safari/537.36 0.123
0:0:0:0:0:0:0:1 - - [03/Jul/2023:11:31:44 +0500] GET /devportal/site/public/theme/userTheme.js HTTP/1.1 200 951 https://localhost:9443/devportal/apis/d440f6b9-22c1-4326-8625-16eff1a0354e/test Mozilla/5.0 (Windows NT 10.0; Win64; x64) AppleWebKit/537.36 (KHTML, like Gecko) Chrome/114.0.0.0 Safari/537.36 0.012
0:0:0:0:0:0:0:1 - - [03/Jul/2023:11:31:44 +0500] - 400 - - - 0.000
0:0:0:0:0:0:0:1 - - [03/Jul/2023:11:31:44 +0500] - 400 - - - 0.000
0:0:0:0:0:0:0:1 - - [03/Jul/2023:11:31:44 +0500] - 400 - - - 0.000
0:0:0:0:0:0:0:1 - - [03/Jul/2023:11:31:44 +0500] GET /devportal/site/public/fonts/iconfont/MaterialIcons.js HTTP/1.1 200 6703 https://localhost:9443/devportal/apis/d440f6b9-22c1-4326-8625-16eff1a0354e/test Mozilla/5.0 (Windows NT 10.0; Win64; x64) AppleWebKit/537.36 (KHTML, like Gecko) Chrome/114.0.0.0 Safari/537.36 0.037
0:0:0:0:0:0:0:1 - - [03/Jul/2023:11:31:44 +0500] GET /devportal/site/public/css/overrides.css HTTP/1.1 200 - https://localhost:9443/devportal/apis/d440f6b9-22c1-4326-8625-16eff1a0354e/test Mozilla/5.0 (Windows NT 10.0; Win64; x64) AppleWebKit/537.36 (KHTML, like Gecko) Chrome/114.0.0.0 Safari/537.36 0.010
0:0:0:0:0:0:0:1 - - [03/Jul/2023:11:31:45 +0500] GET /devportal/services/settings/settings.js HTTP/1.1 200 1036 https://localhost:9443/devportal/apis/d440f6b9-22c1-4326-8625-16eff1a0354e/test Mozilla/5.0 (Windows NT 10.0; Win64; x64) AppleWebKit/537.36 (KHTML, like Gecko) Chrome/114.0.0.0 Safari/537.36 0.088
0:0:0:0:0:0:0:1 - - [03/Jul/2023:11:31:45 +0500] GET /devportal/site/public/fonts/iconfont/material-icons.css HTTP/1.1 200 970 https://localhost:9443/devportal/apis/d440f6b9-22c1-4326-8625-16eff1a0354e/test Mozilla/5.0 (Windows NT 10.0; Win64; x64) AppleWebKit/537.36 (KHTML, like Gecko) Chrome/114.0.0.0 Safari/537.36 0.105
0:0:0:0:0:0:0:1 - - [03/Jul/2023:11:31:45 +0500] GET /devportal/site/public/css/main.css HTTP/1.1 200 1791 https://localhost:9443/devportal/apis/d440f6b9-22c1-4326-8625-16eff1a0354e/test Mozilla/5.0 (Windows NT 10.0; Win64; x64) AppleWebKit/537.36 (KHTML, like Gecko) Chrome/114.0.0.0 Safari/537.36 0.171
0:0:0:0:0:0:0:1 - - [03/Jul/2023:11:31:45 +0500] GET /devportal/site/public/dist/index.bb5a154b1face8797bc3.bundle.js HTTP/1.1 200 259795 https://localhost:9443/devportal/apis/d440f6b9-22c1-4326-8625-16eff1a0354e/test Mozilla/5.0 (Windows NT 10.0; Win64; x64) AppleWebKit/537.36 (KHTML, like Gecko) Chrome/114.0.0.0 Safari/537.36 0.181
0:0:0:0:0:0:0:1 - - [03/Jul/2023:11:31:45 +0500] GET /api/am/devportal/v2/swagger.yaml HTTP/1.1 200 23493 https://localhost:9443/devportal/apis/d440f6b9-22c1-4326-8625-16eff1a0354e/test Mozilla/5.0 (Windows NT 10.0; Win64; x64) AppleWebKit/537.36 (KHTML, like Gecko) Chrome/114.0.0.0 Safari/537.36 0.021
0:0:0:0:0:0:0:1 - - [03/Jul/2023:11:31:45 +0500] GET /devportal/site/public/locales/en.json HTTP/1.1 200 56514 https://localhost:9443/devportal/apis/d440f6b9-22c1-4326-8625-16eff1a0354e/test Mozilla/5.0 (Windows NT 10.0; Win64; x64) AppleWebKit/537.36 (KHTML, like Gecko) Chrome/114.0.0.0 Safari/537.36 0.042
0:0:0:0:0:0:0:1 - - [03/Jul/2023:11:31:46 +0500] GET /api/am/devportal/v2/settings HTTP/1.1 200 592 https://localhost:9443/devportal/apis/d440f6b9-22c1-4326-8625-16eff1a0354e/test Mozilla/5.0 (Windows NT 10.0; Win64; x64) AppleWebKit/537.36 (KHTML, like Gecko) Chrome/114.0.0.0 Safari/537.36 0.134
0:0:0:0:0:0:0:1 - - [03/Jul/2023:11:31:46 +0500] GET /devportal/site/public/dist/ProtectedApp.85246914c5a864cd3b25.bundle.js HTTP/1.1 200 70400 https://localhost:9443/devportal/apis/d440f6b9-22c1-4326-8625-16eff1a0354e/test Mozilla/5.0 (Windows NT 10.0; Win64; x64) AppleWebKit/537.36 (KHTML, like Gecko) Chrome/114.0.0.0 Safari/537.36 0.114
0:0:0:0:0:0:0:1 - - [03/Jul/2023:11:31:46 +0500] GET /devportal/services/configs?loginPrompt=false HTTP/1.1 302 - https://localhost:9443/devportal/apis/d440f6b9-22c1-4326-8625-16eff1a0354e/test Mozilla/5.0 (Windows NT 10.0; Win64; x64) AppleWebKit/537.36 (KHTML, like Gecko) Chrome/114.0.0.0 Safari/537.36 0.149
127.0.0.1 - - [03/Jul/2023:11:31:46 +0500] GET /api/am/devportal/v2/settings HTTP/1.1 200 604 - Jakarta Commons-HttpClient/3.1 0.131
0:0:0:0:0:0:0:1 - - [03/Jul/2023:11:31:46 +0500] GET /devportal/site/public/dist/vendors~ProtectedApp.f5062f21efd7a7d46a01.bundle.js HTTP/1.1 200 179913 https://localhost:9443/devportal/apis/d440f6b9-22c1-4326-8625-16eff1a0354e/test Mozilla/5.0 (Windows NT 10.0; Win64; x64) AppleWebKit/537.36 (KHTML, like Gecko) Chrome/114.0.0.0 Safari/537.36 0.279
0:0:0:0:0:0:0:1 - - [03/Jul/2023:11:31:46 +0500] GET /oauth2/authorize?response_type=code&client_id=1gMVqRyMGgEkZ3coeBEcN12K_zca&scope=apim:admin%20apim:api_key%20apim:app_import_export%20apim:app_manage%20apim:store_settings%20apim:sub_alert_manage%20apim:sub_manage%20apim:subscribe%20openid&state=/apis/d440f6b9-22c1-4326-8625-16eff1a0354e/test&redirect_uri=https://localhost:9443/devportal/services/auth/callback/login&prompt=none HTTP/1.1 302 - https://localhost:9443/devportal/apis/d440f6b9-22c1-4326-8625-16eff1a0354e/test Mozilla/5.0 (Windows NT 10.0; Win64; x64) AppleWebKit/537.36 (KHTML, like Gecko) Chrome/114.0.0.0 Safari/537.36 0.130
127.0.0.1 - - [03/Jul/2023:11:31:46 +0500] POST /oauth2/token HTTP/1.1 200 1282 - Jakarta Commons-HttpClient/3.1 0.017
0:0:0:0:0:0:0:1 - - [03/Jul/2023:11:31:46 +0500] GET /devportal/services/auth/callback/login?code=cdafa9b7-5995-3f0b-93a9-532a5e178bf3&state=%2Fapis%2Fd440f6b9-22c1-4326-8625-16eff1a0354e%2Ftest&session_state=c5f231feedb33fec58b8c051a7fdb1014cd4e96871c49ba18a72b6649c1066c7.dP4mvVYofimLCtzCdnAx6w HTTP/1.1 302 - https://localhost:9443/devportal/apis/d440f6b9-22c1-4326-8625-16eff1a0354e/test Mozilla/5.0 (Windows NT 10.0; Win64; x64) AppleWebKit/537.36 (KHTML, like Gecko) Chrome/114.0.0.0 Safari/537.36 0.064
0:0:0:0:0:0:0:1 - - [03/Jul/2023:11:31:46 +0500] GET /devportal/apis/d440f6b9-22c1-4326-8625-16eff1a0354e/test HTTP/1.1 200 2034 https://localhost:9443/devportal/apis/d440f6b9-22c1-4326-8625-16eff1a0354e/test Mozilla/5.0 (Windows NT 10.0; Win64; x64) AppleWebKit/537.36 (KHTML, like Gecko) Chrome/114.0.0.0 Safari/537.36 0.006
0:0:0:0:0:0:0:1 - - [03/Jul/2023:11:31:46 +0500] GET /devportal/services/settings/settings.js HTTP/1.1 200 1036 https://localhost:9443/devportal/apis/d440f6b9-22c1-4326-8625-16eff1a0354e/test Mozilla/5.0 (Windows NT 10.0; Win64; x64) AppleWebKit/537.36 (KHTML, like Gecko) Chrome/114.0.0.0 Safari/537.36 0.006
0:0:0:0:0:0:0:1 - - [03/Jul/2023:11:31:46 +0500] GET /devportal/site/public/locales/en.json HTTP/1.1 200 56514 https://localhost:9443/devportal/apis/d440f6b9-22c1-4326-8625-16eff1a0354e/test Mozilla/5.0 (Windows NT 10.0; Win64; x64) AppleWebKit/537.36 (KHTML, like Gecko) Chrome/114.0.0.0 Safari/537.36 0.005
0:0:0:0:0:0:0:1 - - [03/Jul/2023:11:31:46 +0500] GET /api/am/devportal/v2/swagger.yaml HTTP/1.1 200 23493 https://localhost:9443/devportal/apis/d440f6b9-22c1-4326-8625-16eff1a0354e/test Mozilla/5.0 (Windows NT 10.0; Win64; x64) AppleWebKit/537.36 (KHTML, like Gecko) Chrome/114.0.0.0 Safari/537.36 0.016
0:0:0:0:0:0:0:1 - - [03/Jul/2023:11:31:47 +0500] GET /api/am/devportal/v2/settings HTTP/1.1 200 592 https://localhost:9443/devportal/apis/d440f6b9-22c1-4326-8625-16eff1a0354e/test Mozilla/5.0 (Windows NT 10.0; Win64; x64) AppleWebKit/537.36 (KHTML, like Gecko) Chrome/114.0.0.0 Safari/537.36 0.158
0:0:0:0:0:0:0:1 - - [03/Jul/2023:11:31:47 +0500] GET /devportal/site/public/theme/temporary_environments_config.json HTTP/1.1 200 - https://localhost:9443/devportal/apis/d440f6b9-22c1-4326-8625-16eff1a0354e/test Mozilla/5.0 (Windows NT 10.0; Win64; x64) AppleWebKit/537.36 (KHTML, like Gecko) Chrome/114.0.0.0 Safari/537.36 0.003
0:0:0:0:0:0:0:1 - - [03/Jul/2023:11:31:47 +0500] GET /devportal/site/public/theme/temporary_features_config.json HTTP/1.1 200 - https://localhost:9443/devportal/apis/d440f6b9-22c1-4326-8625-16eff1a0354e/test Mozilla/5.0 (Windows NT 10.0; Win64; x64) AppleWebKit/537.36 (KHTML, like Gecko) Chrome/114.0.0.0 Safari/537.36 0.003
0:0:0:0:0:0:0:1 - - [03/Jul/2023:11:31:47 +0500] GET /api/am/devportal/v2/tenants?state=active HTTP/1.1 200 96 https://localhost:9443/devportal/apis/d440f6b9-22c1-4326-8625-16eff1a0354e/test Mozilla/5.0 (Windows NT 10.0; Win64; x64) AppleWebKit/537.36 (KHTML, like Gecko) Chrome/114.0.0.0 Safari/537.36 0.076
127.0.0.1 - - [03/Jul/2023:11:31:48 +0500] GET /oauth2/userinfo HTTP/1.1 200 15 - Jakarta Commons-HttpClient/3.1 0.020
127.0.0.1 - - [03/Jul/2023:11:31:48 +0500] POST /oauth2/introspect HTTP/1.1 200 341 - Jakarta Commons-HttpClient/3.1 0.015
0:0:0:0:0:0:0:1 - - [03/Jul/2023:11:31:48 +0500] GET /devportal/services/auth/introspect HTTP/1.1 200 354 https://localhost:9443/devportal/apis/d440f6b9-22c1-4326-8625-16eff1a0354e/test Mozilla/5.0 (Windows NT 10.0; Win64; x64) AppleWebKit/537.36 (KHTML, like Gecko) Chrome/114.0.0.0 Safari/537.36 0.219
0:0:0:0:0:0:0:1 - - [03/Jul/2023:11:31:48 +0500] GET /devportal/site/public/dist/vendors~ApiListing~Apis~ApplicationDetails.085bc8cf7979cfcae9cd.bundle.js HTTP/1.1 200 3838 https://localhost:9443/devportal/apis/d440f6b9-22c1-4326-8625-16eff1a0354e/test Mozilla/5.0 (Windows NT 10.0; Win64; x64) AppleWebKit/537.36 (KHTML, like Gecko) Chrome/114.0.0.0 Safari/537.36 0.014
0:0:0:0:0:0:0:1 - - [03/Jul/2023:11:31:48 +0500] GET /devportal/site/public/dist/vendors~Apis~Landing.3ed7aaee9d420a079083.bundle.js HTTP/1.1 200 3784 https://localhost:9443/devportal/apis/d440f6b9-22c1-4326-8625-16eff1a0354e/test Mozilla/5.0 (Windows NT 10.0; Win64; x64) AppleWebKit/537.36 (KHTML, like Gecko) Chrome/114.0.0.0 Safari/537.36 0.015
0:0:0:0:0:0:0:1 - - [03/Jul/2023:11:31:48 +0500] GET /devportal/site/public/dist/vendors~Apis~ApplicationDetails.be38cbbdbc60426eae7a.bundle.js HTTP/1.1 200 71039 https://localhost:9443/devportal/apis/d440f6b9-22c1-4326-8625-16eff1a0354e/test Mozilla/5.0 (Windows NT 10.0; Win64; x64) AppleWebKit/537.36 (KHTML, like Gecko) Chrome/114.0.0.0 Safari/537.36 0.034
0:0:0:0:0:0:0:1 - - [03/Jul/2023:11:31:48 +0500] GET /oidc/checksession?client_id=1gMVqRyMGgEkZ3coeBEcN12K_zca&redirect_uri=https://localhost:9443/devportal/services/auth/callback/login HTTP/1.1 200 3133 https://localhost:9443/devportal/apis/d440f6b9-22c1-4326-8625-16eff1a0354e/test Mozilla/5.0 (Windows NT 10.0; Win64; x64) AppleWebKit/537.36 (KHTML, like Gecko) Chrome/114.0.0.0 Safari/537.36 0.007
0:0:0:0:0:0:0:1 - - [03/Jul/2023:11:31:48 +0500] GET /devportal/site/public/dist/vendors~Apis.c6057c04cc4bfea77c3f.bundle.js HTTP/1.1 200 17153 https://localhost:9443/devportal/apis/d440f6b9-22c1-4326-8625-16eff1a0354e/test Mozilla/5.0 (Windows NT 10.0; Win64; x64) AppleWebKit/537.36 (KHTML, like Gecko) Chrome/114.0.0.0 Safari/537.36 0.019
0:0:0:0:0:0:0:1 - - [03/Jul/2023:11:31:48 +0500] GET /devportal/site/public/dist/Apis.fdf1eccb253de572570e.bundle.js HTTP/1.1 200 30555 https://localhost:9443/devportal/apis/d440f6b9-22c1-4326-8625-16eff1a0354e/test Mozilla/5.0 (Windows NT 10.0; Win64; x64) AppleWebKit/537.36 (KHTML, like Gecko) Chrome/114.0.0.0 Safari/537.36 0.032
0:0:0:0:0:0:0:1 - - [03/Jul/2023:11:31:48 +0500] GET /devportal/site/public/images/zong_logo.svg HTTP/1.1 200 5917 https://localhost:9443/devportal/apis/d440f6b9-22c1-4326-8625-16eff1a0354e/test Mozilla/5.0 (Windows NT 10.0; Win64; x64) AppleWebKit/537.36 (KHTML, like Gecko) Chrome/114.0.0.0 Safari/537.36 0.025
0:0:0:0:0:0:0:1 - - [03/Jul/2023:11:31:48 +0500] GET /devportal HTTP/1.1 302 - https://localhost:9443/devportal/apis/d440f6b9-22c1-4326-8625-16eff1a0354e/test Mozilla/5.0 (Windows NT 10.0; Win64; x64) AppleWebKit/537.36 (KHTML, like Gecko) Chrome/114.0.0.0 Safari/537.36 0.000
0:0:0:0:0:0:0:1 - - [03/Jul/2023:11:31:48 +0500] GET /devportal/site/public/images/appbarBack.png HTTP/1.1 200 1964 https://localhost:9443/devportal/apis/d440f6b9-22c1-4326-8625-16eff1a0354e/test Mozilla/5.0 (Windows NT 10.0; Win64; x64) AppleWebKit/537.36 (KHTML, like Gecko) Chrome/114.0.0.0 Safari/537.36 0.015
0:0:0:0:0:0:0:1 - - [03/Jul/2023:11:31:48 +0500] GET /api/am/devportal/v2/settings HTTP/1.1 200 868 https://localhost:9443/devportal/apis/d440f6b9-22c1-4326-8625-16eff1a0354e/test Mozilla/5.0 (Windows NT 10.0; Win64; x64) AppleWebKit/537.36 (KHTML, like Gecko) Chrome/114.0.0.0 Safari/537.36 0.146
0:0:0:0:0:0:0:1 - - [03/Jul/2023:11:31:48 +0500] GET /devportal/ HTTP/1.1 200 2034 https://localhost:9443/devportal/apis/d440f6b9-22c1-4326-8625-16eff1a0354e/test Mozilla/5.0 (Windows NT 10.0; Win64; x64) AppleWebKit/537.36 (KHTML, like Gecko) Chrome/114.0.0.0 Safari/537.36 0.016
0:0:0:0:0:0:0:1 - - [03/Jul/2023:11:31:48 +0500] GET /devportal/site/public/fonts/Open_Sans/mem8YaGs126MiZpBA-UFVZ0bf8pkAg.woff2 HTTP/1.1 200 8892 https://localhost:9443/devportal/site/public/css/main.css Mozilla/5.0 (Windows NT 10.0; Win64; x64) AppleWebKit/537.36 (KHTML, like Gecko) Chrome/114.0.0.0 Safari/537.36 0.019
0:0:0:0:0:0:0:1 - - [03/Jul/2023:11:31:48 +0500] GET /devportal/site/public/fonts/Open_Sans/mem5YaGs126MiZpBA-UN7rgOUuhpKKSTjw.woff2 HTTP/1.1 200 8800 https://localhost:9443/devportal/site/public/css/main.css Mozilla/5.0 (Windows NT 10.0; Win64; x64) AppleWebKit/537.36 (KHTML, like Gecko) Chrome/114.0.0.0 Safari/537.36 0.019
0:0:0:0:0:0:0:1 - - [03/Jul/2023:11:31:48 +0500] GET /devportal/site/public/fonts/iconfont/MaterialIcons-Regular.woff2 HTTP/1.1 200 60840 https://localhost:9443/devportal/site/public/fonts/iconfont/material-icons.css Mozilla/5.0 (Windows NT 10.0; Win64; x64) AppleWebKit/537.36 (KHTML, like Gecko) Chrome/114.0.0.0 Safari/537.36 0.024
0:0:0:0:0:0:0:1 - - [03/Jul/2023:11:31:48 +0500] GET /api/am/devportal/v2/applications?limit=5000 HTTP/1.1 200 440 https://localhost:9443/devportal/apis/d440f6b9-22c1-4326-8625-16eff1a0354e/test Mozilla/5.0 (Windows NT 10.0; Win64; x64) AppleWebKit/537.36 (KHTML, like Gecko) Chrome/114.0.0.0 Safari/537.36 0.124
0:0:0:0:0:0:0:1 - - [03/Jul/2023:11:31:48 +0500] GET /api/am/devportal/v2/apis/d440f6b9-22c1-4326-8625-16eff1a0354e HTTP/1.1 200 1137 https://localhost:9443/devportal/apis/d440f6b9-22c1-4326-8625-16eff1a0354e/test Mozilla/5.0 (Windows NT 10.0; Win64; x64) AppleWebKit/537.36 (KHTML, like Gecko) Chrome/114.0.0.0 Safari/537.36 0.229
0:0:0:0:0:0:0:1 - - [03/Jul/2023:11:31:49 +0500] GET /devportal/site/public/dist/9.19a62cd6a9c3410d8be6.bundle.js HTTP/1.1 200 89623 https://localhost:9443/devportal/apis/d440f6b9-22c1-4326-8625-16eff1a0354e/test Mozilla/5.0 (Windows NT 10.0; Win64; x64) AppleWebKit/537.36 (KHTML, like Gecko) Chrome/114.0.0.0 Safari/537.36 0.057
0:0:0:0:0:0:0:1 - - [03/Jul/2023:11:31:49 +0500] GET /devportal/site/public/images/leftMenuBack.png HTTP/1.1 200 5308 https://localhost:9443/devportal/apis/d440f6b9-22c1-4326-8625-16eff1a0354e/test Mozilla/5.0 (Windows NT 10.0; Win64; x64) AppleWebKit/537.36 (KHTML, like Gecko) Chrome/114.0.0.0 Safari/537.36 0.014
127.0.0.1 - - [03/Jul/2023:11:31:49 +0500] GET /keymanager-operations/dcr/register/WHlMZkN2djZITW0yT3hydGtOTW51b0xPZFNVYQ%3D%3D HTTP/1.1 200 515 - Apache-HttpClient/4.5.13 (Java/11.0.18) 0.225
0:0:0:0:0:0:0:1 - - [03/Jul/2023:11:31:49 +0500] GET /api/am/devportal/v2/subscriptions?apiId=d440f6b9-22c1-4326-8625-16eff1a0354e&limit=5000 HTTP/1.1 200 655 https://localhost:9443/devportal/apis/d440f6b9-22c1-4326-8625-16eff1a0354e/test Mozilla/5.0 (Windows NT 10.0; Win64; x64) AppleWebKit/537.36 (KHTML, like Gecko) Chrome/114.0.0.0 Safari/537.36 0.626
127.0.0.1 - - [03/Jul/2023:11:31:49 +0500] GET /keymanager-operations/dcr/register/WHlMZkN2djZITW0yT3hydGtOTW51b0xPZFNVYQ%3D%3D HTTP/1.1 200 515 - Apache-HttpClient/4.5.13 (Java/11.0.18) 0.249
0:0:0:0:0:0:0:1 - - [03/Jul/2023:11:31:49 +0500] GET /api/am/devportal/v2/subscriptions?apiId=d440f6b9-22c1-4326-8625-16eff1a0354e&limit=25 HTTP/1.1 200 654 https://localhost:9443/devportal/apis/d440f6b9-22c1-4326-8625-16eff1a0354e/test Mozilla/5.0 (Windows NT 10.0; Win64; x64) AppleWebKit/537.36 (KHTML, like Gecko) Chrome/114.0.0.0 Safari/537.36 0.677
0:0:0:0:0:0:0:1 - - [03/Jul/2023:11:31:49 +0500] GET /devportal/site/public/dist/APIConsole.e692d99b83731b72dbe6.bundle.js HTTP/1.1 200 4237 https://localhost:9443/devportal/apis/d440f6b9-22c1-4326-8625-16eff1a0354e/test Mozilla/5.0 (Windows NT 10.0; Win64; x64) AppleWebKit/537.36 (KHTML, like Gecko) Chrome/114.0.0.0 Safari/537.36 0.010
0:0:0:0:0:0:0:1 - - [03/Jul/2023:11:31:49 +0500] GET /devportal/site/public/dist/3.5fb775e73b1459555d1d.bundle.js HTTP/1.1 200 5285 https://localhost:9443/devportal/apis/d440f6b9-22c1-4326-8625-16eff1a0354e/test Mozilla/5.0 (Windows NT 10.0; Win64; x64) AppleWebKit/537.36 (KHTML, like Gecko) Chrome/114.0.0.0 Safari/537.36 0.018
0:0:0:0:0:0:0:1 - - [03/Jul/2023:11:31:49 +0500] GET /devportal/site/public/dist/vendors~APIConsole~GraphQLConsole.c00ffdb9a4bac0f7794e.bundle.js HTTP/1.1 200 364418 https://localhost:9443/devportal/apis/d440f6b9-22c1-4326-8625-16eff1a0354e/test Mozilla/5.0 (Windows NT 10.0; Win64; x64) AppleWebKit/537.36 (KHTML, like Gecko) Chrome/114.0.0.0 Safari/537.36 0.393
0:0:0:0:0:0:0:1 - - [03/Jul/2023:11:31:50 +0500] GET /devportal/site/public/dist/vendors~APIConsole.b84bc27def35d6c9dee0.bundle.js HTTP/1.1 200 1577542 https://localhost:9443/devportal/apis/d440f6b9-22c1-4326-8625-16eff1a0354e/test Mozilla/5.0 (Windows NT 10.0; Win64; x64) AppleWebKit/537.36 (KHTML, like Gecko) Chrome/114.0.0.0 Safari/537.36 0.783
0:0:0:0:0:0:0:1 - - [03/Jul/2023:11:31:51 +0500] GET /api/am/devportal/v2/apis/d440f6b9-22c1-4326-8625-16eff1a0354e HTTP/1.1 200 1137 https://localhost:9443/devportal/apis/d440f6b9-22c1-4326-8625-16eff1a0354e/test Mozilla/5.0 (Windows NT 10.0; Win64; x64) AppleWebKit/537.36 (KHTML, like Gecko) Chrome/114.0.0.0 Safari/537.36 0.026
0:0:0:0:0:0:0:1 - - [03/Jul/2023:11:31:51 +0500] GET /api/am/devportal/v2/apis/d440f6b9-22c1-4326-8625-16eff1a0354e/swagger?environmentName=Default HTTP/1.1 200 489 https://localhost:9443/devportal/apis/d440f6b9-22c1-4326-8625-16eff1a0354e/test Mozilla/5.0 (Windows NT 10.0; Win64; x64) AppleWebKit/537.36 (KHTML, like Gecko) Chrome/114.0.0.0 Safari/537.36 0.034
0:0:0:0:0:0:0:1 - - [03/Jul/2023:11:31:52 +0500] GET /api/am/devportal/v2/swagger.yaml HTTP/1.1 200 23493 https://localhost:9443/devportal/apis/d440f6b9-22c1-4326-8625-16eff1a0354e/test Mozilla/5.0 (Windows NT 10.0; Win64; x64) AppleWebKit/537.36 (KHTML, like Gecko) Chrome/114.0.0.0 Safari/537.36 0.015
127.0.0.1 - - [03/Jul/2023:11:31:52 +0500] GET /keymanager-operations/dcr/register/WHlMZkN2djZITW0yT3hydGtOTW51b0xPZFNVYQ%3D%3D HTTP/1.1 200 515 - Apache-HttpClient/4.5.13 (Java/11.0.18) 0.026
0:0:0:0:0:0:0:1 - - [03/Jul/2023:11:31:52 +0500] GET /api/am/devportal/v2/subscriptions?apiId=d440f6b9-22c1-4326-8625-16eff1a0354e&limit=25 HTTP/1.1 200 654 https://localhost:9443/devportal/apis/d440f6b9-22c1-4326-8625-16eff1a0354e/test Mozilla/5.0 (Windows NT 10.0; Win64; x64) AppleWebKit/537.36 (KHTML, like Gecko) Chrome/114.0.0.0 Safari/537.36 0.078
127.0.0.1 - - [03/Jul/2023:11:31:52 +0500] GET /keymanager-operations/dcr/register/WHlMZkN2djZITW0yT3hydGtOTW51b0xPZFNVYQ%3D%3D HTTP/1.1 200 515 - Apache-HttpClient/4.5.13 (Java/11.0.18) 0.017
0:0:0:0:0:0:0:1 - - [03/Jul/2023:11:31:52 +0500] GET /api/am/devportal/v2/subscriptions?apiId=d440f6b9-22c1-4326-8625-16eff1a0354e&limit=25 HTTP/1.1 200 654 https://localhost:9443/devportal/apis/d440f6b9-22c1-4326-8625-16eff1a0354e/test Mozilla/5.0 (Windows NT 10.0; Win64; x64) AppleWebKit/537.36 (KHTML, like Gecko) Chrome/114.0.0.0 Safari/537.36 0.044
127.0.0.1 - - [03/Jul/2023:11:31:52 +0500] GET /oauth2/token/.well-known/openid-configuration HTTP/1.1 200 2245 - Apache-HttpClient/4.5.13 (Java/11.0.18) 0.007
0:0:0:0:0:0:0:1 - - [03/Jul/2023:11:31:52 +0500] GET /api/am/devportal/v2/key-managers HTTP/1.1 200 755 https://localhost:9443/devportal/apis/d440f6b9-22c1-4326-8625-16eff1a0354e/test Mozilla/5.0 (Windows NT 10.0; Win64; x64) AppleWebKit/537.36 (KHTML, like Gecko) Chrome/114.0.0.0 Safari/537.36 0.291
0:0:0:0:0:0:0:1 - - [03/Jul/2023:11:31:52 +0500] GET /api/am/devportal/v2/applications/ HTTP/1.1 200 439 https://localhost:9443/devportal/apis/d440f6b9-22c1-4326-8625-16eff1a0354e/test Mozilla/5.0 (Windows NT 10.0; Win64; x64) AppleWebKit/537.36 (KHTML, like Gecko) Chrome/114.0.0.0 Safari/537.36 0.010
0:0:0:0:0:0:0:1 - - [03/Jul/2023:11:31:52 +0500] GET /api/am/devportal/v2/swagger.yaml HTTP/1.1 200 23493 https://localhost:9443/devportal/apis/d440f6b9-22c1-4326-8625-16eff1a0354e/test Mozilla/5.0 (Windows NT 10.0; Win64; x64) AppleWebKit/537.36 (KHTML, like Gecko) Chrome/114.0.0.0 Safari/537.36 0.022
127.0.0.1 - - [03/Jul/2023:11:31:53 +0500] GET /keymanager-operations/dcr/register/WHlMZkN2djZITW0yT3hydGtOTW51b0xPZFNVYQ%3D%3D HTTP/1.1 200 515 - Apache-HttpClient/4.5.13 (Java/11.0.18) 0.006
0:0:0:0:0:0:0:1 - - [03/Jul/2023:11:31:53 +0500] GET /api/am/devportal/v2/applications/5ceac273-9f7d-4f15-9a59-71cf848b596b HTTP/1.1 200 277 https://localhost:9443/devportal/apis/d440f6b9-22c1-4326-8625-16eff1a0354e/test Mozilla/5.0 (Windows NT 10.0; Win64; x64) AppleWebKit/537.36 (KHTML, like Gecko) Chrome/114.0.0.0 Safari/537.36 0.018
127.0.0.1 - - [03/Jul/2023:11:31:53 +0500] GET /keymanager-operations/dcr/register/WHlMZkN2djZITW0yT3hydGtOTW51b0xPZFNVYQ%3D%3D HTTP/1.1 200 515 - Apache-HttpClient/4.5.13 (Java/11.0.18) 0.006
0:0:0:0:0:0:0:1 - - [03/Jul/2023:11:31:53 +0500] GET /api/am/devportal/v2/applications/5ceac273-9f7d-4f15-9a59-71cf848b596b/oauth-keys HTTP/1.1 200 663 https://localhost:9443/devportal/apis/d440f6b9-22c1-4326-8625-16eff1a0354e/test Mozilla/5.0 (Windows NT 10.0; Win64; x64) AppleWebKit/537.36 (KHTML, like Gecko) Chrome/114.0.0.0 Safari/537.36 0.018
0:0:0:0:0:0:0:1 - - [03/Jul/2023:11:31:53 +0500] GET /api/am/devportal/v2/swagger.yaml HTTP/1.1 200 23493 https://localhost:9443/devportal/apis/d440f6b9-22c1-4326-8625-16eff1a0354e/test Mozilla/5.0 (Windows NT 10.0; Win64; x64) AppleWebKit/537.36 (KHTML, like Gecko) Chrome/114.0.0.0 Safari/537.36 0.013
0:0:0:0:0:0:0:1 - - [03/Jul/2023:11:31:53 +0500] GET /api/am/devportal/v2/swagger.yaml HTTP/1.1 200 23493 https://localhost:9443/devportal/apis/d440f6b9-22c1-4326-8625-16eff1a0354e/test Mozilla/5.0 (Windows NT 10.0; Win64; x64) AppleWebKit/537.36 (KHTML, like Gecko) Chrome/114.0.0.0 Safari/537.36 0.015
127.0.0.1 - - [03/Jul/2023:11:31:53 +0500] GET /keymanager-operations/dcr/register/WHlMZkN2djZITW0yT3hydGtOTW51b0xPZFNVYQ%3D%3D HTTP/1.1 200 515 - Apache-HttpClient/4.5.13 (Java/11.0.18) 0.006
0:0:0:0:0:0:0:1 - - [03/Jul/2023:11:31:53 +0500] GET /api/am/devportal/v2/applications/5ceac273-9f7d-4f15-9a59-71cf848b596b HTTP/1.1 200 277 https://localhost:9443/devportal/apis/d440f6b9-22c1-4326-8625-16eff1a0354e/test Mozilla/5.0 (Windows NT 10.0; Win64; x64) AppleWebKit/537.36 (KHTML, like Gecko) Chrome/114.0.0.0 Safari/537.36 0.017
127.0.0.1 - - [03/Jul/2023:11:31:54 +0500] GET /keymanager-operations/dcr/register/WHlMZkN2djZITW0yT3hydGtOTW51b0xPZFNVYQ%3D%3D HTTP/1.1 200 515 - Apache-HttpClient/4.5.13 (Java/11.0.18) 0.007
0:0:0:0:0:0:0:1 - - [03/Jul/2023:11:31:54 +0500] GET /api/am/devportal/v2/applications/5ceac273-9f7d-4f15-9a59-71cf848b596b HTTP/1.1 200 277 https://localhost:9443/devportal/apis/d440f6b9-22c1-4326-8625-16eff1a0354e/test Mozilla/5.0 (Windows NT 10.0; Win64; x64) AppleWebKit/537.36 (KHTML, like Gecko) Chrome/114.0.0.0 Safari/537.36 0.017
127.0.0.1 - - [03/Jul/2023:11:31:54 +0500] GET /keymanager-operations/dcr/register/WHlMZkN2djZITW0yT3hydGtOTW51b0xPZFNVYQ%3D%3D HTTP/1.1 200 515 - Apache-HttpClient/4.5.13 (Java/11.0.18) 0.007
0:0:0:0:0:0:0:1 - - [03/Jul/2023:11:31:54 +0500] GET /api/am/devportal/v2/applications/5ceac273-9f7d-4f15-9a59-71cf848b596b/oauth-keys HTTP/1.1 200 663 https://localhost:9443/devportal/apis/d440f6b9-22c1-4326-8625-16eff1a0354e/test Mozilla/5.0 (Windows NT 10.0; Win64; x64) AppleWebKit/537.36 (KHTML, like Gecko) Chrome/114.0.0.0 Safari/537.36 0.022
127.0.0.1 - - [03/Jul/2023:11:31:54 +0500] GET /keymanager-operations/dcr/register/WHlMZkN2djZITW0yT3hydGtOTW51b0xPZFNVYQ%3D%3D HTTP/1.1 200 515 - Apache-HttpClient/4.5.13 (Java/11.0.18) 0.008
0:0:0:0:0:0:0:1 - - [03/Jul/2023:11:31:54 +0500] GET /api/am/devportal/v2/applications/5ceac273-9f7d-4f15-9a59-71cf848b596b/oauth-keys HTTP/1.1 200 663 https://localhost:9443/devportal/apis/d440f6b9-22c1-4326-8625-16eff1a0354e/test Mozilla/5.0 (Windows NT 10.0; Win64; x64) AppleWebKit/537.36 (KHTML, like Gecko) Chrome/114.0.0.0 Safari/537.36 0.019
0:0:0:0:0:0:0:1 - - [03/Jul/2023:11:32:57 +0500] - 400 - - - 0.000
0:0:0:0:0:0:0:1 - - [03/Jul/2023:11:32:57 +0500] GET /api/am/devportal/v2/swagger.yaml HTTP/1.1 200 23493 https://localhost:9443/devportal/apis/d440f6b9-22c1-4326-8625-16eff1a0354e/test Mozilla/5.0 (Windows NT 10.0; Win64; x64) AppleWebKit/537.36 (KHTML, like Gecko) Chrome/114.0.0.0 Safari/537.36 0.013
127.0.0.1 - - [03/Jul/2023:11:32:58 +0500] GET /keymanager-operations/dcr/register/WHlMZkN2djZITW0yT3hydGtOTW51b0xPZFNVYQ%3D%3D HTTP/1.1 200 515 - Apache-HttpClient/4.5.13 (Java/11.0.18) 0.011
0:0:0:0:0:0:0:1 - - [03/Jul/2023:11:32:58 +0500] GET /api/am/devportal/v2/applications/5ceac273-9f7d-4f15-9a59-71cf848b596b HTTP/1.1 200 277 https://localhost:9443/devportal/apis/d440f6b9-22c1-4326-8625-16eff1a0354e/test Mozilla/5.0 (Windows NT 10.0; Win64; x64) AppleWebKit/537.36 (KHTML, like Gecko) Chrome/114.0.0.0 Safari/537.36 0.247
127.0.0.1 - - [03/Jul/2023:11:32:58 +0500] GET /keymanager-operations/dcr/register/WHlMZkN2djZITW0yT3hydGtOTW51b0xPZFNVYQ%3D%3D HTTP/1.1 200 515 - Apache-HttpClient/4.5.13 (Java/11.0.18) 0.006
0:0:0:0:0:0:0:1 - - [03/Jul/2023:11:32:58 +0500] GET /api/am/devportal/v2/applications/5ceac273-9f7d-4f15-9a59-71cf848b596b/oauth-keys HTTP/1.1 200 663 https://localhost:9443/devportal/apis/d440f6b9-22c1-4326-8625-16eff1a0354e/test Mozilla/5.0 (Windows NT 10.0; Win64; x64) AppleWebKit/537.36 (KHTML, like Gecko) Chrome/114.0.0.0 Safari/537.36 0.021
127.0.0.1 - - [03/Jul/2023:11:32:58 +0500] GET /keymanager-operations/dcr/register/WHlMZkN2djZITW0yT3hydGtOTW51b0xPZFNVYQ%3D%3D HTTP/1.1 200 515 - Apache-HttpClient/4.5.13 (Java/11.0.18) 0.011
127.0.0.1 - - [03/Jul/2023:11:32:58 +0500] GET /keymanager-operations/dcr/register/WHlMZkN2djZITW0yT3hydGtOTW51b0xPZFNVYQ%3D%3D HTTP/1.1 200 515 - Apache-HttpClient/4.5.13 (Java/11.0.18) 0.008
127.0.0.1 - - [03/Jul/2023:11:32:58 +0500] POST /oauth2/token HTTP/1.1 200 1022 - Apache-HttpClient/4.5.13 (Java/11.0.18) 0.025
0:0:0:0:0:0:0:1 - - [03/Jul/2023:11:32:58 +0500] POST /api/am/devportal/v2/applications/5ceac273-9f7d-4f15-9a59-71cf848b596b/oauth-keys/c354454c-96f1-46b8-9c2d-d9437d1e4166/generate-token HTTP/1.1 200 1009 https://localhost:9443/devportal/apis/d440f6b9-22c1-4326-8625-16eff1a0354e/test Mozilla/5.0 (Windows NT 10.0; Win64; x64) AppleWebKit/537.36 (KHTML, like Gecko) Chrome/114.0.0.0 Safari/537.36 0.210
127.0.0.1 - - [03/Jul/2023:11:32:58 +0500] POST /internal/data/v1/notify HTTP/1.1 200 - - Apache-HttpClient/4.5.13 (Java/11.0.18) 0.100
127.0.0.1 - - [03/Jul/2023:17:18:22 +0500] GET /internal/data/v1/application-policies HTTP/1.1 200 259 - Apache-HttpClient/4.5.13 (Java/11.0.18) 8.602
127.0.0.1 - - [03/Jul/2023:17:18:22 +0500] GET /internal/data/v1/endpoint-certificates HTTP/1.1 200 2 - Apache-HttpClient/4.5.13 (Java/11.0.18) 8.623
127.0.0.1 - - [03/Jul/2023:17:18:22 +0500] GET /internal/data/v1/subscriptions HTTP/1.1 200 549 - Apache-HttpClient/4.5.13 (Java/11.0.18) 8.706
127.0.0.1 - - [03/Jul/2023:17:18:22 +0500] GET /internal/data/v1/block HTTP/1.1 200 75 - Apache-HttpClient/4.5.13 (Java/11.0.18) 7.813
127.0.0.1 - - [03/Jul/2023:17:18:22 +0500] GET /oauth2/token/.well-known/openid-configuration HTTP/1.1 200 2245 - Apache-HttpClient/4.5.13 (Java/11.0.18) 1.692
127.0.0.1 - - [03/Jul/2023:17:18:22 +0500] GET /internal/data/v1/subscription-policies HTTP/1.1 200 483 - Apache-HttpClient/4.5.13 (Java/11.0.18) 8.742
127.0.0.1 - - [03/Jul/2023:17:18:22 +0500] GET /internal/data/v1/apis?gatewayLabel=Default HTTP/1.1 200 713 - Apache-HttpClient/4.5.13 (Java/11.0.18) 8.604
127.0.0.1 - - [03/Jul/2023:17:18:22 +0500] GET /internal/data/v1/ga-config HTTP/1.1 200 396 - Apache-HttpClient/4.5.13 (Java/11.0.18) 0.222
127.0.0.1 - - [03/Jul/2023:17:18:22 +0500] GET /internal/data/v1/subscription-policies HTTP/1.1 200 483 - Apache-HttpClient/4.5.13 (Java/11.0.18) 8.699
127.0.0.1 - - [03/Jul/2023:17:18:22 +0500] GET /internal/data/v1/webhooks-subscriptions HTTP/1.1 200 29 - Apache-HttpClient/4.5.13 (Java/11.0.18) 8.689
127.0.0.1 - - [03/Jul/2023:17:18:22 +0500] GET /internal/data/v1/api-policies HTTP/1.1 200 320 - Apache-HttpClient/4.5.13 (Java/11.0.18) 8.706
127.0.0.1 - - [03/Jul/2023:17:18:22 +0500] GET /internal/data/v1/application-key-mappings HTTP/1.1 200 928 - Apache-HttpClient/4.5.13 (Java/11.0.18) 8.775
127.0.0.1 - - [03/Jul/2023:17:18:22 +0500] GET /internal/data/v1/api-logging-configs HTTP/1.1 200 11 - Apache-HttpClient/4.5.13 (Java/11.0.18) 8.768
127.0.0.1 - - [03/Jul/2023:17:18:22 +0500] GET /internal/data/v1/applications HTTP/1.1 200 1006 - Apache-HttpClient/4.5.13 (Java/11.0.18) 8.826
127.0.0.1 - - [03/Jul/2023:17:18:22 +0500] GET /internal/data/v1/revokedjwt HTTP/1.1 200 2 - Apache-HttpClient/4.5.13 (Java/11.0.18) 7.908
127.0.0.1 - - [03/Jul/2023:17:18:22 +0500] GET /internal/data/v1/keyTemplates HTTP/1.1 200 2 - Apache-HttpClient/4.5.13 (Java/11.0.18) 8.018
127.0.0.1 - - [03/Jul/2023:17:18:22 +0500] GET /internal/data/v1/scopes HTTP/1.1 200 39 - Apache-HttpClient/4.5.13 (Java/11.0.18) 0.203
127.0.0.1 - - [03/Jul/2023:17:18:22 +0500] GET /internal/data/v1/keymanagers HTTP/1.1 200 921 - Apache-HttpClient/4.5.13 (Java/11.0.18) 9.107
127.0.0.1 - - [03/Jul/2023:17:18:25 +0500] GET /internal/data/v1/application-policies HTTP/1.1 200 259 - Apache-HttpClient/4.5.13 (Java/11.0.18) 0.165
127.0.0.1 - - [03/Jul/2023:17:18:26 +0500] GET /internal/data/v1/api-policies HTTP/1.1 200 320 - Apache-HttpClient/4.5.13 (Java/11.0.18) 0.030
127.0.0.1 - - [03/Jul/2023:17:18:27 +0500] GET /internal/data/v1/global-policies HTTP/1.1 200 39 - Apache-HttpClient/4.5.13 (Java/11.0.18) 0.026
127.0.0.1 - - [03/Jul/2023:17:18:29 +0500] GET /internal/data/v1/runtime-artifacts?gatewayLabel=RGVmYXVsdA&type=Synapse HTTP/1.1 200 14113 - Apache-HttpClient/4.5.13 (Java/11.0.18) 15.357
0:0:0:0:0:0:0:1 - - [03/Jul/2023:17:49:11 +0500] - 400 - - - 0.000
0:0:0:0:0:0:0:1 - - [03/Jul/2023:17:49:11 +0500] - 400 - - - 0.000
127.0.0.1 - - [03/Jul/2023:17:49:13 +0500] POST /oauth2/token HTTP/1.1 200 1230 - Jakarta Commons-HttpClient/3.1 0.701
0:0:0:0:0:0:0:1 - - [03/Jul/2023:17:49:13 +0500] POST /devportal/services/refresh/refresh.jag HTTP/1.1 200 2 https://localhost:9443/devportal/apis Mozilla/5.0 (Windows NT 10.0; Win64; x64) AppleWebKit/537.36 (KHTML, like Gecko) Chrome/114.0.0.0 Safari/537.36 1.993
0:0:0:0:0:0:0:1 - - [03/Jul/2023:17:49:13 +0500] - 400 - - - 0.000
127.0.0.1 - - [03/Jul/2023:17:49:13 +0500] POST /internal/data/v1/notify HTTP/1.1 200 - - Apache-HttpClient/4.5.13 (Java/11.0.18) 0.437
0:0:0:0:0:0:0:1 - - [03/Jul/2023:17:49:14 +0500] - 400 - - - 0.000
0:0:0:0:0:0:0:1 - - [03/Jul/2023:17:49:14 +0500] - 400 - - - 0.000
127.0.0.1 - - [03/Jul/2023:17:49:14 +0500] POST /oauth2/token HTTP/1.1 200 2152 - Jakarta Commons-HttpClient/3.1 0.048
0:0:0:0:0:0:0:1 - - [03/Jul/2023:17:49:14 +0500] POST /publisher/services/refresh/refresh.jag HTTP/1.1 200 2 https://localhost:9443/publisher/apis Mozilla/5.0 (Windows NT 10.0; Win64; x64) AppleWebKit/537.36 (KHTML, like Gecko) Chrome/114.0.0.0 Safari/537.36 0.282
127.0.0.1 - - [03/Jul/2023:17:49:14 +0500] POST /internal/data/v1/notify HTTP/1.1 200 - - Apache-HttpClient/4.5.13 (Java/11.0.18) 0.016
0:0:0:0:0:0:0:1 - - [03/Jul/2023:17:49:17 +0500] GET /api/am/devportal/v2/api-categories HTTP/1.1 200 21 https://localhost:9443/devportal/apis Mozilla/5.0 (Windows NT 10.0; Win64; x64) AppleWebKit/537.36 (KHTML, like Gecko) Chrome/114.0.0.0 Safari/537.36 3.263
0:0:0:0:0:0:0:1 - - [03/Jul/2023:17:49:17 +0500] GET /api/am/devportal/v2/apis?limit=10&offset=0 HTTP/1.1 200 751 https://localhost:9443/devportal/apis Mozilla/5.0 (Windows NT 10.0; Win64; x64) AppleWebKit/537.36 (KHTML, like Gecko) Chrome/114.0.0.0 Safari/537.36 3.815
0:0:0:0:0:0:0:1 - - [03/Jul/2023:17:49:17 +0500] GET /api/am/devportal/v2/tags HTTP/1.1 200 119 https://localhost:9443/devportal/apis Mozilla/5.0 (Windows NT 10.0; Win64; x64) AppleWebKit/537.36 (KHTML, like Gecko) Chrome/114.0.0.0 Safari/537.36 3.865
0:0:0:0:0:0:0:1 - - [03/Jul/2023:17:49:19 +0500] GET /api/am/publisher/v3/apis?limit=10&offset=0 HTTP/1.1 200 752 https://localhost:9443/publisher/apis Mozilla/5.0 (Windows NT 10.0; Win64; x64) AppleWebKit/537.36 (KHTML, like Gecko) Chrome/114.0.0.0 Safari/537.36 4.628
0:0:0:0:0:0:0:1 - - [03/Jul/2023:17:49:19 +0500] - 400 - - - 0.000
0:0:0:0:0:0:0:1 - - [03/Jul/2023:17:49:19 +0500] - 400 - - - 0.000
0:0:0:0:0:0:0:1 - - [03/Jul/2023:17:49:19 +0500] - 400 - - - 0.000
0:0:0:0:0:0:0:1 - - [03/Jul/2023:17:49:19 +0500] - 400 - - - 0.000
0:0:0:0:0:0:0:1 - - [03/Jul/2023:17:49:19 +0500] GET /api/am/devportal/v2/apis/f166cc64-02b1-488c-b6e7-2e00befe5d92/ratings HTTP/1.1 200 125 https://localhost:9443/devportal/apis Mozilla/5.0 (Windows NT 10.0; Win64; x64) AppleWebKit/537.36 (KHTML, like Gecko) Chrome/114.0.0.0 Safari/537.36 0.188
0:0:0:0:0:0:0:1 - - [03/Jul/2023:17:49:19 +0500] GET /api/am/devportal/v2/apis/a7a6f198-2961-422a-9ba4-7dd81d27f2dc/thumbnail HTTP/1.1 204 - https://localhost:9443/devportal/apis Mozilla/5.0 (Windows NT 10.0; Win64; x64) AppleWebKit/537.36 (KHTML, like Gecko) Chrome/114.0.0.0 Safari/537.36 0.083
0:0:0:0:0:0:0:1 - - [03/Jul/2023:17:49:19 +0500] GET /api/am/devportal/v2/apis/f166cc64-02b1-488c-b6e7-2e00befe5d92/thumbnail HTTP/1.1 204 - https://localhost:9443/devportal/apis Mozilla/5.0 (Windows NT 10.0; Win64; x64) AppleWebKit/537.36 (KHTML, like Gecko) Chrome/114.0.0.0 Safari/537.36 0.229
0:0:0:0:0:0:0:1 - - [03/Jul/2023:17:49:19 +0500] GET /api/am/devportal/v2/apis/a7a6f198-2961-422a-9ba4-7dd81d27f2dc/ratings HTTP/1.1 200 125 https://localhost:9443/devportal/apis Mozilla/5.0 (Windows NT 10.0; Win64; x64) AppleWebKit/537.36 (KHTML, like Gecko) Chrome/114.0.0.0 Safari/537.36 0.118
0:0:0:0:0:0:0:1 - - [03/Jul/2023:17:49:19 +0500] GET /api/am/devportal/v2/apis/a9eff00c-8aee-4ca5-8e6e-3d5df6468875/ratings HTTP/1.1 200 125 https://localhost:9443/devportal/apis Mozilla/5.0 (Windows NT 10.0; Win64; x64) AppleWebKit/537.36 (KHTML, like Gecko) Chrome/114.0.0.0 Safari/537.36 0.256
