0:0:0:0:0:0:0:1 - - [21/Jun/2023:16:09:45 +0500] GET /oauth2/authorize?response_type=code&client_id=sDkjqOFQo4a1bfhfzMumgDi7hawa&scope=apim:admin%20apim:api_create%20apim:api_definition_view%20apim:api_delete%20apim:api_generate_key%20apim:api_import_export%20apim:api_list_view%20apim:api_manage%20apim:api_mediation_policy_manage%20apim:api_product_import_export%20apim:api_publish%20apim:api_view%20apim:app_import_export%20apim:client_certificates_add%20apim:client_certificates_manage%20apim:client_certificates_update%20apim:client_certificates_view%20apim:comment_manage%20apim:comment_view%20apim:comment_write%20apim:common_operation_policy_manage%20apim:common_operation_policy_view%20apim:document_create%20apim:document_manage%20apim:ep_certificates_add%20apim:ep_certificates_manage%20apim:ep_certificates_update%20apim:ep_certificates_view%20apim:mediation_policy_create%20apim:mediation_policy_manage%20apim:mediation_policy_view%20apim:pub_alert_manage%20apim:publisher_settings%20apim:shared_scope_manage%20apim:subscription_block%20apim:subscription_manage%20apim:subscription_view%20apim:threat_protection_policy_create%20apim:threat_protection_policy_manage%20apim:tier_manage%20apim:tier_view%20openid%20apim:api_view%20service_catalog:service_view%20service_catalog:service_write&state=/apis/2d15ab04-b0b2-4820-8b7c-052e4997dcce/overview&redirect_uri=https://localhost:9443/publisher/services/auth/callback/login&prompt=none HTTP/1.1 302 - https://localhost:9443/publisher/apis/2d15ab04-b0b2-4820-8b7c-052e4997dcce/overview Mozilla/5.0 (Windows NT 10.0; Win64; x64) AppleWebKit/537.36 (KHTML, like Gecko) Chrome/114.0.0.0 Safari/537.36 0.030
127.0.0.1 - - [21/Jun/2023:16:09:45 +0500] POST /oauth2/token HTTP/1.1 200 2203 - Jakarta Commons-HttpClient/3.1 0.021
0:0:0:0:0:0:0:1 - - [21/Jun/2023:16:09:45 +0500] GET /publisher/services/auth/callback/login?code=49a3e701-53bd-349c-9ec4-f638279211e7&state=%2Fapis%2F2d15ab04-b0b2-4820-8b7c-052e4997dcce%2Foverview&session_state=4ba85c0947fc49e057e0bf4f6c64f214ed52253ec6848b46cd02b1145349c464.TQnYbq29vB90tPCNfsam7w HTTP/1.1 302 - https://localhost:9443/publisher/apis/2d15ab04-b0b2-4820-8b7c-052e4997dcce/overview Mozilla/5.0 (Windows NT 10.0; Win64; x64) AppleWebKit/537.36 (KHTML, like Gecko) Chrome/114.0.0.0 Safari/537.36 0.042
0:0:0:0:0:0:0:1 - - [21/Jun/2023:16:09:45 +0500] GET /publisher/apis/2d15ab04-b0b2-4820-8b7c-052e4997dcce/overview HTTP/1.1 200 1068 https://localhost:9443/publisher/apis/2d15ab04-b0b2-4820-8b7c-052e4997dcce/overview Mozilla/5.0 (Windows NT 10.0; Win64; x64) AppleWebKit/537.36 (KHTML, like Gecko) Chrome/114.0.0.0 Safari/537.36 0.006
0:0:0:0:0:0:0:1 - - [21/Jun/2023:16:09:45 +0500] GET /publisher/services/settings/settings.js HTTP/1.1 200 1037 https://localhost:9443/publisher/apis/2d15ab04-b0b2-4820-8b7c-052e4997dcce/overview Mozilla/5.0 (Windows NT 10.0; Win64; x64) AppleWebKit/537.36 (KHTML, like Gecko) Chrome/114.0.0.0 Safari/537.36 0.011
0:0:0:0:0:0:0:1 - - [21/Jun/2023:16:09:45 +0500] GET /publisher/site/public/fonts/iconfont/material-icons.css HTTP/1.1 200 970 https://localhost:9443/publisher/apis/2d15ab04-b0b2-4820-8b7c-052e4997dcce/overview Mozilla/5.0 (Windows NT 10.0; Win64; x64) AppleWebKit/537.36 (KHTML, like Gecko) Chrome/114.0.0.0 Safari/537.36 0.004
0:0:0:0:0:0:0:1 - - [21/Jun/2023:16:09:46 +0500] GET /publisher/site/public/locales/en.json HTTP/1.1 200 220913 https://localhost:9443/publisher/apis/2d15ab04-b0b2-4820-8b7c-052e4997dcce/overview Mozilla/5.0 (Windows NT 10.0; Win64; x64) AppleWebKit/537.36 (KHTML, like Gecko) Chrome/114.0.0.0 Safari/537.36 0.005
0:0:0:0:0:0:0:1 - - [21/Jun/2023:16:09:46 +0500] GET /oidc/checksession?client_id=sDkjqOFQo4a1bfhfzMumgDi7hawa&redirect_uri=https://localhost:9443/publisher/services/auth/callback/login HTTP/1.1 200 3133 https://localhost:9443/publisher/apis/2d15ab04-b0b2-4820-8b7c-052e4997dcce/overview Mozilla/5.0 (Windows NT 10.0; Win64; x64) AppleWebKit/537.36 (KHTML, like Gecko) Chrome/114.0.0.0 Safari/537.36 0.003
0:0:0:0:0:0:0:1 - - [21/Jun/2023:16:09:46 +0500] GET /publisher/site/public/dist/ProtectedApps.7971e885d70b991d74fd.bundle.js HTTP/1.1 200 123487 https://localhost:9443/publisher/apis/2d15ab04-b0b2-4820-8b7c-052e4997dcce/overview Mozilla/5.0 (Windows NT 10.0; Win64; x64) AppleWebKit/537.36 (KHTML, like Gecko) Chrome/114.0.0.0 Safari/537.36 0.034
0:0:0:0:0:0:0:1 - - [21/Jun/2023:16:09:46 +0500] GET /publisher/site/public/dist/vendors~ProtectedApps.10ca35e6eb5e72a5c159.bundle.js HTTP/1.1 200 359501 https://localhost:9443/publisher/apis/2d15ab04-b0b2-4820-8b7c-052e4997dcce/overview Mozilla/5.0 (Windows NT 10.0; Win64; x64) AppleWebKit/537.36 (KHTML, like Gecko) Chrome/114.0.0.0 Safari/537.36 0.123
0:0:0:0:0:0:0:1 - - [21/Jun/2023:16:09:47 +0500] GET /publisher/site/public/dist/DeferredAPIs.19a013db8d140b85d876.bundle.js HTTP/1.1 200 32348 https://localhost:9443/publisher/apis/2d15ab04-b0b2-4820-8b7c-052e4997dcce/overview Mozilla/5.0 (Windows NT 10.0; Win64; x64) AppleWebKit/537.36 (KHTML, like Gecko) Chrome/114.0.0.0 Safari/537.36 0.015
0:0:0:0:0:0:0:1 - - [21/Jun/2023:16:09:48 +0500] GET /publisher/site/public/dist/vendors~APICreateRoutes.af1a060c415d21ca7eaa.bundle.js HTTP/1.1 200 5559 https://localhost:9443/publisher/apis/2d15ab04-b0b2-4820-8b7c-052e4997dcce/overview Mozilla/5.0 (Windows NT 10.0; Win64; x64) AppleWebKit/537.36 (KHTML, like Gecko) Chrome/114.0.0.0 Safari/537.36 0.004
0:0:0:0:0:0:0:1 - - [21/Jun/2023:16:09:48 +0500] GET /publisher/site/public/dist/APICreateRoutes~DeferredDetails.244151c74d1c2f1757ae.bundle.js HTTP/1.1 200 12101 https://localhost:9443/publisher/apis/2d15ab04-b0b2-4820-8b7c-052e4997dcce/overview Mozilla/5.0 (Windows NT 10.0; Win64; x64) AppleWebKit/537.36 (KHTML, like Gecko) Chrome/114.0.0.0 Safari/537.36 0.008
0:0:0:0:0:0:0:1 - - [21/Jun/2023:16:09:48 +0500] GET /publisher/site/public/dist/APICreateRoutes.579f85211cdf00564e90.bundle.js HTTP/1.1 200 15465 https://localhost:9443/publisher/apis/2d15ab04-b0b2-4820-8b7c-052e4997dcce/overview Mozilla/5.0 (Windows NT 10.0; Win64; x64) AppleWebKit/537.36 (KHTML, like Gecko) Chrome/114.0.0.0 Safari/537.36 0.008
0:0:0:0:0:0:0:1 - - [21/Jun/2023:16:09:48 +0500] GET /publisher/site/public/dist/vendors~DeferredDetails~ServiceOverviewSwaggerUI.1f47dbe9c68e243fb17e.bundle.js HTTP/1.1 200 59967 https://localhost:9443/publisher/apis/2d15ab04-b0b2-4820-8b7c-052e4997dcce/overview Mozilla/5.0 (Windows NT 10.0; Win64; x64) AppleWebKit/537.36 (KHTML, like Gecko) Chrome/114.0.0.0 Safari/537.36 0.023
0:0:0:0:0:0:0:1 - - [21/Jun/2023:16:09:48 +0500] DELETE /api/am/devportal/v2/subscriptions/ea2f4d7d-98f4-4846-b45f-ddcd400f5b2d HTTP/1.1 200 - https://localhost:9443/devportal/apis/2d15ab04-b0b2-4820-8b7c-052e4997dcce/credentials Mozilla/5.0 (Windows NT 10.0; Win64; x64) AppleWebKit/537.36 (KHTML, like Gecko) Chrome/114.0.0.0 Safari/537.36 0.018
0:0:0:0:0:0:0:1 - - [21/Jun/2023:16:09:48 +0500] GET /api/am/devportal/v2/applications?limit=5000 HTTP/1.1 200 553 https://localhost:9443/devportal/apis/2d15ab04-b0b2-4820-8b7c-052e4997dcce/credentials Mozilla/5.0 (Windows NT 10.0; Win64; x64) AppleWebKit/537.36 (KHTML, like Gecko) Chrome/114.0.0.0 Safari/537.36 0.017
0:0:0:0:0:0:0:1 - - [21/Jun/2023:16:09:48 +0500] GET /api/am/devportal/v2/subscriptions?apiId=2d15ab04-b0b2-4820-8b7c-052e4997dcce&limit=25 HTTP/1.1 200 92 https://localhost:9443/devportal/apis/2d15ab04-b0b2-4820-8b7c-052e4997dcce/credentials Mozilla/5.0 (Windows NT 10.0; Win64; x64) AppleWebKit/537.36 (KHTML, like Gecko) Chrome/114.0.0.0 Safari/537.36 0.022
0:0:0:0:0:0:0:1 - - [21/Jun/2023:16:09:48 +0500] GET /api/am/devportal/v2/subscriptions?apiId=2d15ab04-b0b2-4820-8b7c-052e4997dcce&limit=5000 HTTP/1.1 200 94 https://localhost:9443/devportal/apis/2d15ab04-b0b2-4820-8b7c-052e4997dcce/credentials Mozilla/5.0 (Windows NT 10.0; Win64; x64) AppleWebKit/537.36 (KHTML, like Gecko) Chrome/114.0.0.0 Safari/537.36 0.026
0:0:0:0:0:0:0:1 - - [21/Jun/2023:16:09:48 +0500] GET /api/am/devportal/v2/apis/2d15ab04-b0b2-4820-8b7c-052e4997dcce HTTP/1.1 200 2423 https://localhost:9443/devportal/apis/2d15ab04-b0b2-4820-8b7c-052e4997dcce/credentials Mozilla/5.0 (Windows NT 10.0; Win64; x64) AppleWebKit/537.36 (KHTML, like Gecko) Chrome/114.0.0.0 Safari/537.36 0.038
0:0:0:0:0:0:0:1 - - [21/Jun/2023:16:09:48 +0500] GET /publisher/site/public/dist/vendors~DeferredDetails.5e950ee2de9ff5d2eee1.bundle.js HTTP/1.1 200 427751 https://localhost:9443/publisher/apis/2d15ab04-b0b2-4820-8b7c-052e4997dcce/overview Mozilla/5.0 (Windows NT 10.0; Win64; x64) AppleWebKit/537.36 (KHTML, like Gecko) Chrome/114.0.0.0 Safari/537.36 0.243
0:0:0:0:0:0:0:1 - - [21/Jun/2023:16:09:48 +0500] GET /publisher/site/public/dist/vendors~APIDefMonacoEditor~DeferredDetails.817d7c0f8fdfedd0ab60.bundle.js HTTP/1.1 200 600260 https://localhost:9443/publisher/apis/2d15ab04-b0b2-4820-8b7c-052e4997dcce/overview Mozilla/5.0 (Windows NT 10.0; Win64; x64) AppleWebKit/537.36 (KHTML, like Gecko) Chrome/114.0.0.0 Safari/537.36 0.331
0:0:0:0:0:0:0:1 - - [21/Jun/2023:16:09:48 +0500] GET /publisher/site/public/dist/APICreateRoutes~DeferredDetails.244151c74d1c2f1757ae.bundle.js HTTP/1.1 200 12101 https://localhost:9443/publisher/apis/2d15ab04-b0b2-4820-8b7c-052e4997dcce/overview Mozilla/5.0 (Windows NT 10.0; Win64; x64) AppleWebKit/537.36 (KHTML, like Gecko) Chrome/114.0.0.0 Safari/537.36 0.007
0:0:0:0:0:0:0:1 - - [21/Jun/2023:16:09:48 +0500] GET /publisher/site/public/dist/DeferredDetails.6f0d0b270d6a5cd40e52.bundle.js HTTP/1.1 200 270802 https://localhost:9443/publisher/apis/2d15ab04-b0b2-4820-8b7c-052e4997dcce/overview Mozilla/5.0 (Windows NT 10.0; Win64; x64) AppleWebKit/537.36 (KHTML, like Gecko) Chrome/114.0.0.0 Safari/537.36 0.141
0:0:0:0:0:0:0:1 - - [21/Jun/2023:16:09:50 +0500] GET /api/am/publisher/v3/swagger.yaml HTTP/1.1 200 43144 https://localhost:9443/publisher/apis/2d15ab04-b0b2-4820-8b7c-052e4997dcce/overview Mozilla/5.0 (Windows NT 10.0; Win64; x64) AppleWebKit/537.36 (KHTML, like Gecko) Chrome/114.0.0.0 Safari/537.36 0.026
0:0:0:0:0:0:0:1 - - [21/Jun/2023:16:09:51 +0500] GET /devportal/site/public/dist/ApiListing.ab5e7538060911081eae.bundle.js HTTP/1.1 200 7790 https://localhost:9443/devportal/applications Mozilla/5.0 (Windows NT 10.0; Win64; x64) AppleWebKit/537.36 (KHTML, like Gecko) Chrome/114.0.0.0 Safari/537.36 0.027
0:0:0:0:0:0:0:1 - - [21/Jun/2023:16:09:51 +0500] GET /api/am/devportal/v2/swagger.yaml HTTP/1.1 200 23493 https://localhost:9443/devportal/applications Mozilla/5.0 (Windows NT 10.0; Win64; x64) AppleWebKit/537.36 (KHTML, like Gecko) Chrome/114.0.0.0 Safari/537.36 0.013
0:0:0:0:0:0:0:1 - - [21/Jun/2023:16:09:51 +0500] GET /api/am/devportal/v2/applications?sortBy=name&sortOrder=asc&limit=10&offset=0 HTTP/1.1 200 551 https://localhost:9443/devportal/applications Mozilla/5.0 (Windows NT 10.0; Win64; x64) AppleWebKit/537.36 (KHTML, like Gecko) Chrome/114.0.0.0 Safari/537.36 0.011
0:0:0:0:0:0:0:1 - - [21/Jun/2023:16:09:52 +0500] GET /api/am/publisher/v3/tenants?state=active HTTP/1.1 200 96 https://localhost:9443/publisher/apis/2d15ab04-b0b2-4820-8b7c-052e4997dcce/overview Mozilla/5.0 (Windows NT 10.0; Win64; x64) AppleWebKit/537.36 (KHTML, like Gecko) Chrome/114.0.0.0 Safari/537.36 0.011
0:0:0:0:0:0:0:1 - - [21/Jun/2023:16:09:52 +0500] GET /api/am/publisher/v3/apis/2d15ab04-b0b2-4820-8b7c-052e4997dcce HTTP/1.1 200 1306 https://localhost:9443/publisher/apis/2d15ab04-b0b2-4820-8b7c-052e4997dcce/overview Mozilla/5.0 (Windows NT 10.0; Win64; x64) AppleWebKit/537.36 (KHTML, like Gecko) Chrome/114.0.0.0 Safari/537.36 0.156
0:0:0:0:0:0:0:1 - - [21/Jun/2023:16:09:52 +0500] GET /api/am/devportal/v2/throttling-policies/application HTTP/1.1 200 473 https://localhost:9443/devportal/applications/create Mozilla/5.0 (Windows NT 10.0; Win64; x64) AppleWebKit/537.36 (KHTML, like Gecko) Chrome/114.0.0.0 Safari/537.36 0.007
0:0:0:0:0:0:0:1 - - [21/Jun/2023:16:09:52 +0500] GET /api/am/devportal/v2/settings/application-attributes HTTP/1.1 200 21 https://localhost:9443/devportal/applications/create Mozilla/5.0 (Windows NT 10.0; Win64; x64) AppleWebKit/537.36 (KHTML, like Gecko) Chrome/114.0.0.0 Safari/537.36 0.059
0:0:0:0:0:0:0:1 - - [21/Jun/2023:16:09:52 +0500] GET /api/am/publisher/v3/settings HTTP/1.1 200 665 https://localhost:9443/publisher/apis/2d15ab04-b0b2-4820-8b7c-052e4997dcce/overview Mozilla/5.0 (Windows NT 10.0; Win64; x64) AppleWebKit/537.36 (KHTML, like Gecko) Chrome/114.0.0.0 Safari/537.36 0.309
0:0:0:0:0:0:0:1 - - [21/Jun/2023:16:09:53 +0500] GET /api/am/publisher/v3/apis/2d15ab04-b0b2-4820-8b7c-052e4997dcce/revisions?query=deployed%3Atrue HTTP/1.1 200 388 https://localhost:9443/publisher/apis/2d15ab04-b0b2-4820-8b7c-052e4997dcce/overview Mozilla/5.0 (Windows NT 10.0; Win64; x64) AppleWebKit/537.36 (KHTML, like Gecko) Chrome/114.0.0.0 Safari/537.36 0.008
0:0:0:0:0:0:0:1 - - [21/Jun/2023:16:09:53 +0500] GET /api/am/publisher/v3/apis/2d15ab04-b0b2-4820-8b7c-052e4997dcce/revisions HTTP/1.1 200 388 https://localhost:9443/publisher/apis/2d15ab04-b0b2-4820-8b7c-052e4997dcce/overview Mozilla/5.0 (Windows NT 10.0; Win64; x64) AppleWebKit/537.36 (KHTML, like Gecko) Chrome/114.0.0.0 Safari/537.36 0.009
0:0:0:0:0:0:0:1 - - [21/Jun/2023:16:09:54 +0500] GET /api/am/publisher/v3/apis/2d15ab04-b0b2-4820-8b7c-052e4997dcce/revisions?query=deployed%3Atrue HTTP/1.1 200 388 https://localhost:9443/publisher/apis/2d15ab04-b0b2-4820-8b7c-052e4997dcce/overview Mozilla/5.0 (Windows NT 10.0; Win64; x64) AppleWebKit/537.36 (KHTML, like Gecko) Chrome/114.0.0.0 Safari/537.36 0.008
0:0:0:0:0:0:0:1 - - [21/Jun/2023:16:09:54 +0500] GET /api/am/publisher/v3/apis/2d15ab04-b0b2-4820-8b7c-052e4997dcce/swagger HTTP/1.1 200 2021 https://localhost:9443/publisher/apis/2d15ab04-b0b2-4820-8b7c-052e4997dcce/overview Mozilla/5.0 (Windows NT 10.0; Win64; x64) AppleWebKit/537.36 (KHTML, like Gecko) Chrome/114.0.0.0 Safari/537.36 0.067
0:0:0:0:0:0:0:1 - - [21/Jun/2023:16:09:54 +0500] GET /api/am/devportal/v2/api-categories HTTP/1.1 200 21 https://localhost:9443/devportal/apis Mozilla/5.0 (Windows NT 10.0; Win64; x64) AppleWebKit/537.36 (KHTML, like Gecko) Chrome/114.0.0.0 Safari/537.36 0.008
0:0:0:0:0:0:0:1 - - [21/Jun/2023:16:09:54 +0500] GET /api/am/devportal/v2/tags HTTP/1.1 200 119 https://localhost:9443/devportal/apis Mozilla/5.0 (Windows NT 10.0; Win64; x64) AppleWebKit/537.36 (KHTML, like Gecko) Chrome/114.0.0.0 Safari/537.36 0.034
0:0:0:0:0:0:0:1 - - [21/Jun/2023:16:09:55 +0500] GET /api/am/devportal/v2/apis?limit=10&offset=0 HTTP/1.1 200 601 https://localhost:9443/devportal/apis Mozilla/5.0 (Windows NT 10.0; Win64; x64) AppleWebKit/537.36 (KHTML, like Gecko) Chrome/114.0.0.0 Safari/537.36 0.090
0:0:0:0:0:0:0:1 - - [21/Jun/2023:16:09:55 +0500] GET /api/am/devportal/v2/apis/a7a6f198-2961-422a-9ba4-7dd81d27f2dc/ratings HTTP/1.1 200 125 https://localhost:9443/devportal/apis Mozilla/5.0 (Windows NT 10.0; Win64; x64) AppleWebKit/537.36 (KHTML, like Gecko) Chrome/114.0.0.0 Safari/537.36 0.021
0:0:0:0:0:0:0:1 - - [21/Jun/2023:16:09:55 +0500] GET /api/am/devportal/v2/apis/a7a6f198-2961-422a-9ba4-7dd81d27f2dc/thumbnail HTTP/1.1 204 - https://localhost:9443/devportal/apis Mozilla/5.0 (Windows NT 10.0; Win64; x64) AppleWebKit/537.36 (KHTML, like Gecko) Chrome/114.0.0.0 Safari/537.36 0.038
0:0:0:0:0:0:0:1 - - [21/Jun/2023:16:09:55 +0500] GET /api/am/devportal/v2/apis/2d15ab04-b0b2-4820-8b7c-052e4997dcce/ratings HTTP/1.1 200 125 https://localhost:9443/devportal/apis Mozilla/5.0 (Windows NT 10.0; Win64; x64) AppleWebKit/537.36 (KHTML, like Gecko) Chrome/114.0.0.0 Safari/537.36 0.019
0:0:0:0:0:0:0:1 - - [21/Jun/2023:16:09:55 +0500] GET /api/am/devportal/v2/apis/2d15ab04-b0b2-4820-8b7c-052e4997dcce/thumbnail HTTP/1.1 204 - https://localhost:9443/devportal/apis Mozilla/5.0 (Windows NT 10.0; Win64; x64) AppleWebKit/537.36 (KHTML, like Gecko) Chrome/114.0.0.0 Safari/537.36 0.022
0:0:0:0:0:0:0:1 - - [21/Jun/2023:16:09:56 +0500] GET /api/am/publisher/v3/apis/2d15ab04-b0b2-4820-8b7c-052e4997dcce/revisions?query=deployed%3Atrue HTTP/1.1 200 388 https://localhost:9443/publisher/apis/2d15ab04-b0b2-4820-8b7c-052e4997dcce/overview Mozilla/5.0 (Windows NT 10.0; Win64; x64) AppleWebKit/537.36 (KHTML, like Gecko) Chrome/114.0.0.0 Safari/537.36 0.010
0:0:0:0:0:0:0:1 - - [21/Jun/2023:16:09:56 +0500] GET /api/am/publisher/v3/apis/2d15ab04-b0b2-4820-8b7c-052e4997dcce/swagger HTTP/1.1 200 2021 https://localhost:9443/publisher/apis/2d15ab04-b0b2-4820-8b7c-052e4997dcce/overview Mozilla/5.0 (Windows NT 10.0; Win64; x64) AppleWebKit/537.36 (KHTML, like Gecko) Chrome/114.0.0.0 Safari/537.36 0.067
0:0:0:0:0:0:0:1 - - [21/Jun/2023:16:09:56 +0500] GET /api/am/devportal/v2/applications?limit=5000 HTTP/1.1 200 553 https://localhost:9443/devportal/apis/2d15ab04-b0b2-4820-8b7c-052e4997dcce Mozilla/5.0 (Windows NT 10.0; Win64; x64) AppleWebKit/537.36 (KHTML, like Gecko) Chrome/114.0.0.0 Safari/537.36 0.013
0:0:0:0:0:0:0:1 - - [21/Jun/2023:16:09:56 +0500] GET /api/am/devportal/v2/apis/2d15ab04-b0b2-4820-8b7c-052e4997dcce HTTP/1.1 200 2423 https://localhost:9443/devportal/apis/2d15ab04-b0b2-4820-8b7c-052e4997dcce Mozilla/5.0 (Windows NT 10.0; Win64; x64) AppleWebKit/537.36 (KHTML, like Gecko) Chrome/114.0.0.0 Safari/537.36 0.033
0:0:0:0:0:0:0:1 - - [21/Jun/2023:16:09:56 +0500] GET /api/am/devportal/v2/subscriptions?apiId=2d15ab04-b0b2-4820-8b7c-052e4997dcce&limit=25 HTTP/1.1 200 92 https://localhost:9443/devportal/apis/2d15ab04-b0b2-4820-8b7c-052e4997dcce Mozilla/5.0 (Windows NT 10.0; Win64; x64) AppleWebKit/537.36 (KHTML, like Gecko) Chrome/114.0.0.0 Safari/537.36 0.037
0:0:0:0:0:0:0:1 - - [21/Jun/2023:16:09:56 +0500] GET /api/am/devportal/v2/subscriptions?apiId=2d15ab04-b0b2-4820-8b7c-052e4997dcce&limit=5000 HTTP/1.1 200 94 https://localhost:9443/devportal/apis/2d15ab04-b0b2-4820-8b7c-052e4997dcce Mozilla/5.0 (Windows NT 10.0; Win64; x64) AppleWebKit/537.36 (KHTML, like Gecko) Chrome/114.0.0.0 Safari/537.36 0.049
0:0:0:0:0:0:0:1 - - [21/Jun/2023:16:09:56 +0500] GET /api/am/devportal/v2/apis/2d15ab04-b0b2-4820-8b7c-052e4997dcce/documents HTTP/1.1 200 92 https://localhost:9443/devportal/apis/2d15ab04-b0b2-4820-8b7c-052e4997dcce/overview Mozilla/5.0 (Windows NT 10.0; Win64; x64) AppleWebKit/537.36 (KHTML, like Gecko) Chrome/114.0.0.0 Safari/537.36 0.020
0:0:0:0:0:0:0:1 - - [21/Jun/2023:16:09:56 +0500] GET /api/am/devportal/v2/throttling-policies/subscription HTTP/1.1 200 634 https://localhost:9443/devportal/apis/2d15ab04-b0b2-4820-8b7c-052e4997dcce/overview Mozilla/5.0 (Windows NT 10.0; Win64; x64) AppleWebKit/537.36 (KHTML, like Gecko) Chrome/114.0.0.0 Safari/537.36 0.016
0:0:0:0:0:0:0:1 - - [21/Jun/2023:16:09:56 +0500] GET /api/am/devportal/v2/apis/2d15ab04-b0b2-4820-8b7c-052e4997dcce/documents HTTP/1.1 200 92 https://localhost:9443/devportal/apis/2d15ab04-b0b2-4820-8b7c-052e4997dcce/overview Mozilla/5.0 (Windows NT 10.0; Win64; x64) AppleWebKit/537.36 (KHTML, like Gecko) Chrome/114.0.0.0 Safari/537.36 0.019
0:0:0:0:0:0:0:1 - - [21/Jun/2023:16:09:56 +0500] GET /api/am/devportal/v2/throttling-policies/subscription HTTP/1.1 200 634 https://localhost:9443/devportal/apis/2d15ab04-b0b2-4820-8b7c-052e4997dcce/overview Mozilla/5.0 (Windows NT 10.0; Win64; x64) AppleWebKit/537.36 (KHTML, like Gecko) Chrome/114.0.0.0 Safari/537.36 0.006
0:0:0:0:0:0:0:1 - - [21/Jun/2023:16:09:57 +0500] GET /api/am/devportal/v2/apis/2d15ab04-b0b2-4820-8b7c-052e4997dcce/comments?limit=5&offset=0 HTTP/1.1 200 101 https://localhost:9443/devportal/apis/2d15ab04-b0b2-4820-8b7c-052e4997dcce/overview Mozilla/5.0 (Windows NT 10.0; Win64; x64) AppleWebKit/537.36 (KHTML, like Gecko) Chrome/114.0.0.0 Safari/537.36 0.028
0:0:0:0:0:0:0:1 - - [21/Jun/2023:16:09:57 +0500] GET /api/am/devportal/v2/apis/2d15ab04-b0b2-4820-8b7c-052e4997dcce/thumbnail HTTP/1.1 204 - https://localhost:9443/devportal/apis/2d15ab04-b0b2-4820-8b7c-052e4997dcce/overview Mozilla/5.0 (Windows NT 10.0; Win64; x64) AppleWebKit/537.36 (KHTML, like Gecko) Chrome/114.0.0.0 Safari/537.36 0.037
0:0:0:0:0:0:0:1 - - [21/Jun/2023:16:09:57 +0500] GET /api/am/devportal/v2/apis/2d15ab04-b0b2-4820-8b7c-052e4997dcce/ratings HTTP/1.1 200 125 https://localhost:9443/devportal/apis/2d15ab04-b0b2-4820-8b7c-052e4997dcce/overview Mozilla/5.0 (Windows NT 10.0; Win64; x64) AppleWebKit/537.36 (KHTML, like Gecko) Chrome/114.0.0.0 Safari/537.36 0.038
0:0:0:0:0:0:0:1 - - [21/Jun/2023:16:09:57 +0500] GET /api/am/publisher/v3/apis/2d15ab04-b0b2-4820-8b7c-052e4997dcce/revisions?query=deployed%3Atrue HTTP/1.1 200 388 https://localhost:9443/publisher/apis/2d15ab04-b0b2-4820-8b7c-052e4997dcce/overview Mozilla/5.0 (Windows NT 10.0; Win64; x64) AppleWebKit/537.36 (KHTML, like Gecko) Chrome/114.0.0.0 Safari/537.36 0.008
0:0:0:0:0:0:0:1 - - [21/Jun/2023:16:09:57 +0500] GET /api/am/publisher/v3/apis/2d15ab04-b0b2-4820-8b7c-052e4997dcce/swagger HTTP/1.1 200 2021 https://localhost:9443/publisher/apis/2d15ab04-b0b2-4820-8b7c-052e4997dcce/overview Mozilla/5.0 (Windows NT 10.0; Win64; x64) AppleWebKit/537.36 (KHTML, like Gecko) Chrome/114.0.0.0 Safari/537.36 0.050
0:0:0:0:0:0:0:1 - - [21/Jun/2023:16:09:59 +0500] GET /api/am/devportal/v2/swagger.yaml HTTP/1.1 200 23493 https://localhost:9443/devportal/applications Mozilla/5.0 (Windows NT 10.0; Win64; x64) AppleWebKit/537.36 (KHTML, like Gecko) Chrome/114.0.0.0 Safari/537.36 0.027
0:0:0:0:0:0:0:1 - - [21/Jun/2023:16:09:59 +0500] GET /api/am/devportal/v2/applications?sortBy=name&sortOrder=asc&limit=10&offset=0 HTTP/1.1 200 551 https://localhost:9443/devportal/applications Mozilla/5.0 (Windows NT 10.0; Win64; x64) AppleWebKit/537.36 (KHTML, like Gecko) Chrome/114.0.0.0 Safari/537.36 0.029
0:0:0:0:0:0:0:1 - - [21/Jun/2023:16:10:00 +0500] GET /api/am/devportal/v2/settings/application-attributes HTTP/1.1 200 21 https://localhost:9443/devportal/applications/create Mozilla/5.0 (Windows NT 10.0; Win64; x64) AppleWebKit/537.36 (KHTML, like Gecko) Chrome/114.0.0.0 Safari/537.36 0.008
0:0:0:0:0:0:0:1 - - [21/Jun/2023:16:10:00 +0500] GET /api/am/devportal/v2/throttling-policies/application HTTP/1.1 200 473 https://localhost:9443/devportal/applications/create Mozilla/5.0 (Windows NT 10.0; Win64; x64) AppleWebKit/537.36 (KHTML, like Gecko) Chrome/114.0.0.0 Safari/537.36 0.038
0:0:0:0:0:0:0:1 - - [21/Jun/2023:16:10:13 +0500] POST /api/am/devportal/v2/applications HTTP/1.1 201 281 https://localhost:9443/devportal/applications/create Mozilla/5.0 (Windows NT 10.0; Win64; x64) AppleWebKit/537.36 (KHTML, like Gecko) Chrome/114.0.0.0 Safari/537.36 0.114
0:0:0:0:0:0:0:1 - - [21/Jun/2023:16:10:13 +0500] GET /devportal/site/public/dist/ApplicationDetails.31117209c8c9c0d2e29d.bundle.js HTTP/1.1 200 70057 https://localhost:9443/devportal/applications/f2513b58-6e72-49f3-b151-7ba757b2fbeb Mozilla/5.0 (Windows NT 10.0; Win64; x64) AppleWebKit/537.36 (KHTML, like Gecko) Chrome/114.0.0.0 Safari/537.36 0.030
0:0:0:0:0:0:0:1 - - [21/Jun/2023:16:10:13 +0500] GET /api/am/devportal/v2/applications/f2513b58-6e72-49f3-b151-7ba757b2fbeb HTTP/1.1 200 282 https://localhost:9443/devportal/applications/f2513b58-6e72-49f3-b151-7ba757b2fbeb Mozilla/5.0 (Windows NT 10.0; Win64; x64) AppleWebKit/537.36 (KHTML, like Gecko) Chrome/114.0.0.0 Safari/537.36 0.008
0:0:0:0:0:0:0:1 - - [21/Jun/2023:16:10:14 +0500] GET /api/am/devportal/v2/throttling-policies/application/Unlimited HTTP/1.1 200 490 https://localhost:9443/devportal/applications/f2513b58-6e72-49f3-b151-7ba757b2fbeb/overview Mozilla/5.0 (Windows NT 10.0; Win64; x64) AppleWebKit/537.36 (KHTML, like Gecko) Chrome/114.0.0.0 Safari/537.36 0.011
0:0:0:0:0:0:0:1 - - [21/Jun/2023:16:10:14 +0500] GET /api/am/devportal/v2/applications/f2513b58-6e72-49f3-b151-7ba757b2fbeb HTTP/1.1 200 282 https://localhost:9443/devportal/applications/f2513b58-6e72-49f3-b151-7ba757b2fbeb/overview Mozilla/5.0 (Windows NT 10.0; Win64; x64) AppleWebKit/537.36 (KHTML, like Gecko) Chrome/114.0.0.0 Safari/537.36 0.012
0:0:0:0:0:0:0:1 - - [21/Jun/2023:16:10:14 +0500] GET /api/am/devportal/v2/throttling-policies/application/Unlimited HTTP/1.1 200 490 https://localhost:9443/devportal/applications/f2513b58-6e72-49f3-b151-7ba757b2fbeb/overview Mozilla/5.0 (Windows NT 10.0; Win64; x64) AppleWebKit/537.36 (KHTML, like Gecko) Chrome/114.0.0.0 Safari/537.36 0.010
0:0:0:0:0:0:0:1 - - [21/Jun/2023:16:10:16 +0500] GET /api/am/devportal/v2/swagger.yaml HTTP/1.1 200 23493 https://localhost:9443/devportal/applications/f2513b58-6e72-49f3-b151-7ba757b2fbeb/sandboxkeys/oauth Mozilla/5.0 (Windows NT 10.0; Win64; x64) AppleWebKit/537.36 (KHTML, like Gecko) Chrome/114.0.0.0 Safari/537.36 0.019
127.0.0.1 - - [21/Jun/2023:16:10:16 +0500] GET /oauth2/token/.well-known/openid-configuration HTTP/1.1 200 2245 - Apache-HttpClient/4.5.13 (Java/11.0.18) 0.006
0:0:0:0:0:0:0:1 - - [21/Jun/2023:16:10:16 +0500] GET /api/am/devportal/v2/key-managers HTTP/1.1 200 755 https://localhost:9443/devportal/applications/f2513b58-6e72-49f3-b151-7ba757b2fbeb/sandboxkeys/oauth Mozilla/5.0 (Windows NT 10.0; Win64; x64) AppleWebKit/537.36 (KHTML, like Gecko) Chrome/114.0.0.0 Safari/537.36 0.053
0:0:0:0:0:0:0:1 - - [21/Jun/2023:16:10:16 +0500] GET /api/am/devportal/v2/applications/f2513b58-6e72-49f3-b151-7ba757b2fbeb HTTP/1.1 200 282 https://localhost:9443/devportal/applications/f2513b58-6e72-49f3-b151-7ba757b2fbeb/sandboxkeys/oauth Mozilla/5.0 (Windows NT 10.0; Win64; x64) AppleWebKit/537.36 (KHTML, like Gecko) Chrome/114.0.0.0 Safari/537.36 0.011
0:0:0:0:0:0:0:1 - - [21/Jun/2023:16:10:16 +0500] GET /api/am/devportal/v2/applications/f2513b58-6e72-49f3-b151-7ba757b2fbeb/oauth-keys HTTP/1.1 200 21 https://localhost:9443/devportal/applications/f2513b58-6e72-49f3-b151-7ba757b2fbeb/sandboxkeys/oauth Mozilla/5.0 (Windows NT 10.0; Win64; x64) AppleWebKit/537.36 (KHTML, like Gecko) Chrome/114.0.0.0 Safari/537.36 0.012
0:0:0:0:0:0:0:1 - - [21/Jun/2023:16:10:16 +0500] GET /api/am/devportal/v2/swagger.yaml HTTP/1.1 200 23493 https://localhost:9443/devportal/applications/f2513b58-6e72-49f3-b151-7ba757b2fbeb/sandboxkeys/oauth Mozilla/5.0 (Windows NT 10.0; Win64; x64) AppleWebKit/537.36 (KHTML, like Gecko) Chrome/114.0.0.0 Safari/537.36 0.012
0:0:0:0:0:0:0:1 - - [21/Jun/2023:16:10:17 +0500] GET /api/am/devportal/v2/applications/f2513b58-6e72-49f3-b151-7ba757b2fbeb HTTP/1.1 200 282 https://localhost:9443/devportal/applications/f2513b58-6e72-49f3-b151-7ba757b2fbeb/sandboxkeys/oauth Mozilla/5.0 (Windows NT 10.0; Win64; x64) AppleWebKit/537.36 (KHTML, like Gecko) Chrome/114.0.0.0 Safari/537.36 0.015
0:0:0:0:0:0:0:1 - - [21/Jun/2023:16:10:17 +0500] GET /api/am/devportal/v2/applications/f2513b58-6e72-49f3-b151-7ba757b2fbeb/oauth-keys HTTP/1.1 200 21 https://localhost:9443/devportal/applications/f2513b58-6e72-49f3-b151-7ba757b2fbeb/sandboxkeys/oauth Mozilla/5.0 (Windows NT 10.0; Win64; x64) AppleWebKit/537.36 (KHTML, like Gecko) Chrome/114.0.0.0 Safari/537.36 0.006
127.0.0.1 - - [21/Jun/2023:16:10:21 +0500] POST /keymanager-operations/dcr/register HTTP/1.1 201 515 - Apache-HttpClient/4.5.13 (Java/11.0.18) 0.049
127.0.0.1 - - [21/Jun/2023:16:10:21 +0500] POST /oauth2/token HTTP/1.1 200 1022 - Apache-HttpClient/4.5.13 (Java/11.0.18) 0.028
0:0:0:0:0:0:0:1 - - [21/Jun/2023:16:10:21 +0500] POST /api/am/devportal/v2/applications/f2513b58-6e72-49f3-b151-7ba757b2fbeb/generate-keys HTTP/1.1 200 1129 https://localhost:9443/devportal/applications/f2513b58-6e72-49f3-b151-7ba757b2fbeb/sandboxkeys/oauth Mozilla/5.0 (Windows NT 10.0; Win64; x64) AppleWebKit/537.36 (KHTML, like Gecko) Chrome/114.0.0.0 Safari/537.36 0.193
127.0.0.1 - - [21/Jun/2023:16:10:21 +0500] GET /oauth2/token/.well-known/openid-configuration HTTP/1.1 200 2245 - Apache-HttpClient/4.5.13 (Java/11.0.18) 0.004
127.0.0.1 - - [21/Jun/2023:16:10:21 +0500] GET /keymanager-operations/dcr/register/WVFpeUxOcHc5OTVnUFRtUEtFNWo1dHE2M2FJYQ%3D%3D HTTP/1.1 200 515 - Apache-HttpClient/4.5.13 (Java/11.0.18) 0.005
0:0:0:0:0:0:0:1 - - [21/Jun/2023:16:10:21 +0500] GET /api/am/devportal/v2/key-managers HTTP/1.1 200 755 https://localhost:9443/devportal/applications/f2513b58-6e72-49f3-b151-7ba757b2fbeb/sandboxkeys/oauth Mozilla/5.0 (Windows NT 10.0; Win64; x64) AppleWebKit/537.36 (KHTML, like Gecko) Chrome/114.0.0.0 Safari/537.36 0.039
0:0:0:0:0:0:0:1 - - [21/Jun/2023:16:10:21 +0500] GET /api/am/devportal/v2/applications/f2513b58-6e72-49f3-b151-7ba757b2fbeb/oauth-keys HTTP/1.1 200 663 https://localhost:9443/devportal/applications/f2513b58-6e72-49f3-b151-7ba757b2fbeb/sandboxkeys/oauth Mozilla/5.0 (Windows NT 10.0; Win64; x64) AppleWebKit/537.36 (KHTML, like Gecko) Chrome/114.0.0.0 Safari/537.36 0.019
127.0.0.1 - - [21/Jun/2023:16:10:27 +0500] GET /keymanager-operations/dcr/register/WVFpeUxOcHc5OTVnUFRtUEtFNWo1dHE2M2FJYQ%3D%3D HTTP/1.1 200 515 - Apache-HttpClient/4.5.13 (Java/11.0.18) 0.009
0:0:0:0:0:0:0:1 - - [21/Jun/2023:16:10:27 +0500] GET /api/am/devportal/v2/applications/f2513b58-6e72-49f3-b151-7ba757b2fbeb/oauth-keys HTTP/1.1 200 663 https://localhost:9443/devportal/applications/f2513b58-6e72-49f3-b151-7ba757b2fbeb/sandboxkeys/oauth Mozilla/5.0 (Windows NT 10.0; Win64; x64) AppleWebKit/537.36 (KHTML, like Gecko) Chrome/114.0.0.0 Safari/537.36 0.031
127.0.0.1 - - [21/Jun/2023:16:10:27 +0500] GET /keymanager-operations/dcr/register/WVFpeUxOcHc5OTVnUFRtUEtFNWo1dHE2M2FJYQ%3D%3D HTTP/1.1 200 515 - Apache-HttpClient/4.5.13 (Java/11.0.18) 0.015
127.0.0.1 - - [21/Jun/2023:16:10:27 +0500] GET /keymanager-operations/dcr/register/WVFpeUxOcHc5OTVnUFRtUEtFNWo1dHE2M2FJYQ%3D%3D HTTP/1.1 200 515 - Apache-HttpClient/4.5.13 (Java/11.0.18) 0.009
127.0.0.1 - - [21/Jun/2023:16:10:28 +0500] POST /oauth2/token HTTP/1.1 200 1022 - Apache-HttpClient/4.5.13 (Java/11.0.18) 0.028
0:0:0:0:0:0:0:1 - - [21/Jun/2023:16:10:28 +0500] POST /api/am/devportal/v2/applications/f2513b58-6e72-49f3-b151-7ba757b2fbeb/oauth-keys/22facb5b-1b48-420f-88e1-823ef2acd452/generate-token HTTP/1.1 200 1009 https://localhost:9443/devportal/applications/f2513b58-6e72-49f3-b151-7ba757b2fbeb/sandboxkeys/oauth Mozilla/5.0 (Windows NT 10.0; Win64; x64) AppleWebKit/537.36 (KHTML, like Gecko) Chrome/114.0.0.0 Safari/537.36 0.091
127.0.0.1 - - [21/Jun/2023:16:10:28 +0500] POST /internal/data/v1/notify HTTP/1.1 200 - - Apache-HttpClient/4.5.13 (Java/11.0.18) 0.016
0:0:0:0:0:0:0:1 - - [21/Jun/2023:16:10:32 +0500] GET /api/am/devportal/v2/api-categories HTTP/1.1 200 21 https://localhost:9443/devportal/apis Mozilla/5.0 (Windows NT 10.0; Win64; x64) AppleWebKit/537.36 (KHTML, like Gecko) Chrome/114.0.0.0 Safari/537.36 0.013
0:0:0:0:0:0:0:1 - - [21/Jun/2023:16:10:32 +0500] GET /api/am/devportal/v2/tags HTTP/1.1 200 119 https://localhost:9443/devportal/apis Mozilla/5.0 (Windows NT 10.0; Win64; x64) AppleWebKit/537.36 (KHTML, like Gecko) Chrome/114.0.0.0 Safari/537.36 0.023
0:0:0:0:0:0:0:1 - - [21/Jun/2023:16:10:32 +0500] GET /api/am/devportal/v2/apis?limit=10&offset=0 HTTP/1.1 200 601 https://localhost:9443/devportal/apis Mozilla/5.0 (Windows NT 10.0; Win64; x64) AppleWebKit/537.36 (KHTML, like Gecko) Chrome/114.0.0.0 Safari/537.36 0.042
0:0:0:0:0:0:0:1 - - [21/Jun/2023:16:10:32 +0500] GET /api/am/devportal/v2/apis/a7a6f198-2961-422a-9ba4-7dd81d27f2dc/ratings HTTP/1.1 200 125 https://localhost:9443/devportal/apis Mozilla/5.0 (Windows NT 10.0; Win64; x64) AppleWebKit/537.36 (KHTML, like Gecko) Chrome/114.0.0.0 Safari/537.36 0.023
0:0:0:0:0:0:0:1 - - [21/Jun/2023:16:10:32 +0500] GET /api/am/devportal/v2/apis/a7a6f198-2961-422a-9ba4-7dd81d27f2dc/thumbnail HTTP/1.1 204 - https://localhost:9443/devportal/apis Mozilla/5.0 (Windows NT 10.0; Win64; x64) AppleWebKit/537.36 (KHTML, like Gecko) Chrome/114.0.0.0 Safari/537.36 0.031
0:0:0:0:0:0:0:1 - - [21/Jun/2023:16:10:32 +0500] GET /api/am/devportal/v2/apis/2d15ab04-b0b2-4820-8b7c-052e4997dcce/ratings HTTP/1.1 200 125 https://localhost:9443/devportal/apis Mozilla/5.0 (Windows NT 10.0; Win64; x64) AppleWebKit/537.36 (KHTML, like Gecko) Chrome/114.0.0.0 Safari/537.36 0.019
0:0:0:0:0:0:0:1 - - [21/Jun/2023:16:10:32 +0500] GET /api/am/devportal/v2/apis/2d15ab04-b0b2-4820-8b7c-052e4997dcce/thumbnail HTTP/1.1 204 - https://localhost:9443/devportal/apis Mozilla/5.0 (Windows NT 10.0; Win64; x64) AppleWebKit/537.36 (KHTML, like Gecko) Chrome/114.0.0.0 Safari/537.36 0.016
0:0:0:0:0:0:0:1 - - [21/Jun/2023:16:10:34 +0500] GET /api/am/devportal/v2/apis/2d15ab04-b0b2-4820-8b7c-052e4997dcce HTTP/1.1 200 2423 https://localhost:9443/devportal/apis/2d15ab04-b0b2-4820-8b7c-052e4997dcce Mozilla/5.0 (Windows NT 10.0; Win64; x64) AppleWebKit/537.36 (KHTML, like Gecko) Chrome/114.0.0.0 Safari/537.36 0.024
0:0:0:0:0:0:0:1 - - [21/Jun/2023:16:10:34 +0500] GET /api/am/devportal/v2/subscriptions?apiId=2d15ab04-b0b2-4820-8b7c-052e4997dcce&limit=25 HTTP/1.1 200 92 https://localhost:9443/devportal/apis/2d15ab04-b0b2-4820-8b7c-052e4997dcce Mozilla/5.0 (Windows NT 10.0; Win64; x64) AppleWebKit/537.36 (KHTML, like Gecko) Chrome/114.0.0.0 Safari/537.36 0.034
0:0:0:0:0:0:0:1 - - [21/Jun/2023:16:10:34 +0500] GET /api/am/devportal/v2/subscriptions?apiId=2d15ab04-b0b2-4820-8b7c-052e4997dcce&limit=5000 HTTP/1.1 200 94 https://localhost:9443/devportal/apis/2d15ab04-b0b2-4820-8b7c-052e4997dcce Mozilla/5.0 (Windows NT 10.0; Win64; x64) AppleWebKit/537.36 (KHTML, like Gecko) Chrome/114.0.0.0 Safari/537.36 0.022
0:0:0:0:0:0:0:1 - - [21/Jun/2023:16:10:34 +0500] GET /api/am/devportal/v2/applications?limit=5000 HTTP/1.1 200 764 https://localhost:9443/devportal/apis/2d15ab04-b0b2-4820-8b7c-052e4997dcce Mozilla/5.0 (Windows NT 10.0; Win64; x64) AppleWebKit/537.36 (KHTML, like Gecko) Chrome/114.0.0.0 Safari/537.36 0.010
0:0:0:0:0:0:0:1 - - [21/Jun/2023:16:10:34 +0500] GET /api/am/devportal/v2/throttling-policies/subscription HTTP/1.1 200 634 https://localhost:9443/devportal/apis/2d15ab04-b0b2-4820-8b7c-052e4997dcce/overview Mozilla/5.0 (Windows NT 10.0; Win64; x64) AppleWebKit/537.36 (KHTML, like Gecko) Chrome/114.0.0.0 Safari/537.36 0.014
0:0:0:0:0:0:0:1 - - [21/Jun/2023:16:10:34 +0500] GET /api/am/devportal/v2/apis/2d15ab04-b0b2-4820-8b7c-052e4997dcce/documents HTTP/1.1 200 92 https://localhost:9443/devportal/apis/2d15ab04-b0b2-4820-8b7c-052e4997dcce/overview Mozilla/5.0 (Windows NT 10.0; Win64; x64) AppleWebKit/537.36 (KHTML, like Gecko) Chrome/114.0.0.0 Safari/537.36 0.023
0:0:0:0:0:0:0:1 - - [21/Jun/2023:16:10:34 +0500] GET /api/am/devportal/v2/throttling-policies/subscription HTTP/1.1 200 634 https://localhost:9443/devportal/apis/2d15ab04-b0b2-4820-8b7c-052e4997dcce/overview Mozilla/5.0 (Windows NT 10.0; Win64; x64) AppleWebKit/537.36 (KHTML, like Gecko) Chrome/114.0.0.0 Safari/537.36 0.010
0:0:0:0:0:0:0:1 - - [21/Jun/2023:16:10:34 +0500] GET /api/am/devportal/v2/apis/2d15ab04-b0b2-4820-8b7c-052e4997dcce/documents HTTP/1.1 200 92 https://localhost:9443/devportal/apis/2d15ab04-b0b2-4820-8b7c-052e4997dcce/overview Mozilla/5.0 (Windows NT 10.0; Win64; x64) AppleWebKit/537.36 (KHTML, like Gecko) Chrome/114.0.0.0 Safari/537.36 0.020
0:0:0:0:0:0:0:1 - - [21/Jun/2023:16:10:34 +0500] GET /api/am/devportal/v2/apis/2d15ab04-b0b2-4820-8b7c-052e4997dcce/ratings HTTP/1.1 200 125 https://localhost:9443/devportal/apis/2d15ab04-b0b2-4820-8b7c-052e4997dcce/overview Mozilla/5.0 (Windows NT 10.0; Win64; x64) AppleWebKit/537.36 (KHTML, like Gecko) Chrome/114.0.0.0 Safari/537.36 0.013
0:0:0:0:0:0:0:1 - - [21/Jun/2023:16:10:34 +0500] GET /api/am/devportal/v2/apis/2d15ab04-b0b2-4820-8b7c-052e4997dcce/comments?limit=5&offset=0 HTTP/1.1 200 101 https://localhost:9443/devportal/apis/2d15ab04-b0b2-4820-8b7c-052e4997dcce/overview Mozilla/5.0 (Windows NT 10.0; Win64; x64) AppleWebKit/537.36 (KHTML, like Gecko) Chrome/114.0.0.0 Safari/537.36 0.019
0:0:0:0:0:0:0:1 - - [21/Jun/2023:16:10:34 +0500] GET /api/am/devportal/v2/apis/2d15ab04-b0b2-4820-8b7c-052e4997dcce/thumbnail HTTP/1.1 204 - https://localhost:9443/devportal/apis/2d15ab04-b0b2-4820-8b7c-052e4997dcce/overview Mozilla/5.0 (Windows NT 10.0; Win64; x64) AppleWebKit/537.36 (KHTML, like Gecko) Chrome/114.0.0.0 Safari/537.36 0.041
127.0.0.1 - - [21/Jun/2023:16:10:45 +0500] GET /oauth2/token/.well-known/openid-configuration HTTP/1.1 200 2245 - Apache-HttpClient/4.5.13 (Java/11.0.18) 0.005
0:0:0:0:0:0:0:1 - - [21/Jun/2023:16:10:45 +0500] GET /api/am/devportal/v2/key-managers HTTP/1.1 200 755 https://localhost:9443/devportal/apis/2d15ab04-b0b2-4820-8b7c-052e4997dcce/overview Mozilla/5.0 (Windows NT 10.0; Win64; x64) AppleWebKit/537.36 (KHTML, like Gecko) Chrome/114.0.0.0 Safari/537.36 0.062
0:0:0:0:0:0:0:1 - - [21/Jun/2023:16:10:45 +0500] GET /api/am/devportal/v2/swagger.yaml HTTP/1.1 200 23493 https://localhost:9443/devportal/apis/2d15ab04-b0b2-4820-8b7c-052e4997dcce/overview Mozilla/5.0 (Windows NT 10.0; Win64; x64) AppleWebKit/537.36 (KHTML, like Gecko) Chrome/114.0.0.0 Safari/537.36 0.017
127.0.0.1 - - [21/Jun/2023:16:10:45 +0500] GET /keymanager-operations/dcr/register/UFVWc0NGcThwVXZfTXB0ZmFCYUZzRFR2QURNYQ%3D%3D HTTP/1.1 200 515 - Apache-HttpClient/4.5.13 (Java/11.0.18) 0.011
0:0:0:0:0:0:0:1 - - [21/Jun/2023:16:10:45 +0500] GET /api/am/devportal/v2/applications/96638a86-ec8a-4925-8a02-077077d3dd78 HTTP/1.1 200 321 https://localhost:9443/devportal/apis/2d15ab04-b0b2-4820-8b7c-052e4997dcce/overview Mozilla/5.0 (Windows NT 10.0; Win64; x64) AppleWebKit/537.36 (KHTML, like Gecko) Chrome/114.0.0.0 Safari/537.36 0.028
127.0.0.1 - - [21/Jun/2023:16:10:45 +0500] GET /keymanager-operations/dcr/register/UFVWc0NGcThwVXZfTXB0ZmFCYUZzRFR2QURNYQ%3D%3D HTTP/1.1 200 515 - Apache-HttpClient/4.5.13 (Java/11.0.18) 0.008
0:0:0:0:0:0:0:1 - - [21/Jun/2023:16:10:45 +0500] GET /api/am/devportal/v2/applications/96638a86-ec8a-4925-8a02-077077d3dd78/oauth-keys HTTP/1.1 200 663 https://localhost:9443/devportal/apis/2d15ab04-b0b2-4820-8b7c-052e4997dcce/overview Mozilla/5.0 (Windows NT 10.0; Win64; x64) AppleWebKit/537.36 (KHTML, like Gecko) Chrome/114.0.0.0 Safari/537.36 0.021
127.0.0.1 - - [21/Jun/2023:16:10:45 +0500] GET /keymanager-operations/dcr/register/UFVWc0NGcThwVXZfTXB0ZmFCYUZzRFR2QURNYQ%3D%3D HTTP/1.1 200 515 - Apache-HttpClient/4.5.13 (Java/11.0.18) 0.008
0:0:0:0:0:0:0:1 - - [21/Jun/2023:16:10:45 +0500] POST /api/am/devportal/v2/subscriptions HTTP/1.1 201 629 https://localhost:9443/devportal/apis/2d15ab04-b0b2-4820-8b7c-052e4997dcce/overview Mozilla/5.0 (Windows NT 10.0; Win64; x64) AppleWebKit/537.36 (KHTML, like Gecko) Chrome/114.0.0.0 Safari/537.36 0.072
0:0:0:0:0:0:0:1 - - [21/Jun/2023:16:10:47 +0500] GET /devportal/site/public/dist/9.19a62cd6a9c3410d8be6.bundle.js HTTP/1.1 200 89623 https://localhost:9443/devportal/apis/2d15ab04-b0b2-4820-8b7c-052e4997dcce/test Mozilla/5.0 (Windows NT 10.0; Win64; x64) AppleWebKit/537.36 (KHTML, like Gecko) Chrome/114.0.0.0 Safari/537.36 0.033
0:0:0:0:0:0:0:1 - - [21/Jun/2023:16:10:47 +0500] GET /devportal/site/public/dist/3.5fb775e73b1459555d1d.bundle.js HTTP/1.1 200 5285 https://localhost:9443/devportal/apis/2d15ab04-b0b2-4820-8b7c-052e4997dcce/test Mozilla/5.0 (Windows NT 10.0; Win64; x64) AppleWebKit/537.36 (KHTML, like Gecko) Chrome/114.0.0.0 Safari/537.36 0.005
0:0:0:0:0:0:0:1 - - [21/Jun/2023:16:10:47 +0500] GET /devportal/site/public/dist/APIConsole.e692d99b83731b72dbe6.bundle.js HTTP/1.1 200 4237 https://localhost:9443/devportal/apis/2d15ab04-b0b2-4820-8b7c-052e4997dcce/test Mozilla/5.0 (Windows NT 10.0; Win64; x64) AppleWebKit/537.36 (KHTML, like Gecko) Chrome/114.0.0.0 Safari/537.36 0.004
0:0:0:0:0:0:0:1 - - [21/Jun/2023:16:10:47 +0500] GET /api/am/devportal/v2/applications?limit=5000 HTTP/1.1 200 764 https://localhost:9443/devportal/apis/2d15ab04-b0b2-4820-8b7c-052e4997dcce/test Mozilla/5.0 (Windows NT 10.0; Win64; x64) AppleWebKit/537.36 (KHTML, like Gecko) Chrome/114.0.0.0 Safari/537.36 0.014
0:0:0:0:0:0:0:1 - - [21/Jun/2023:16:10:47 +0500] GET /api/am/devportal/v2/apis/2d15ab04-b0b2-4820-8b7c-052e4997dcce HTTP/1.1 200 2423 https://localhost:9443/devportal/apis/2d15ab04-b0b2-4820-8b7c-052e4997dcce/test Mozilla/5.0 (Windows NT 10.0; Win64; x64) AppleWebKit/537.36 (KHTML, like Gecko) Chrome/114.0.0.0 Safari/537.36 0.049
127.0.0.1 - - [21/Jun/2023:16:10:47 +0500] GET /keymanager-operations/dcr/register/UFVWc0NGcThwVXZfTXB0ZmFCYUZzRFR2QURNYQ%3D%3D HTTP/1.1 200 515 - Apache-HttpClient/4.5.13 (Java/11.0.18) 0.017
0:0:0:0:0:0:0:1 - - [21/Jun/2023:16:10:47 +0500] GET /api/am/devportal/v2/subscriptions?apiId=2d15ab04-b0b2-4820-8b7c-052e4997dcce&limit=5000 HTTP/1.1 200 680 https://localhost:9443/devportal/apis/2d15ab04-b0b2-4820-8b7c-052e4997dcce/test Mozilla/5.0 (Windows NT 10.0; Win64; x64) AppleWebKit/537.36 (KHTML, like Gecko) Chrome/114.0.0.0 Safari/537.36 0.068
127.0.0.1 - - [21/Jun/2023:16:10:47 +0500] GET /keymanager-operations/dcr/register/UFVWc0NGcThwVXZfTXB0ZmFCYUZzRFR2QURNYQ%3D%3D HTTP/1.1 200 515 - Apache-HttpClient/4.5.13 (Java/11.0.18) 0.012
0:0:0:0:0:0:0:1 - - [21/Jun/2023:16:10:47 +0500] GET /api/am/devportal/v2/subscriptions?apiId=2d15ab04-b0b2-4820-8b7c-052e4997dcce&limit=25 HTTP/1.1 200 679 https://localhost:9443/devportal/apis/2d15ab04-b0b2-4820-8b7c-052e4997dcce/test Mozilla/5.0 (Windows NT 10.0; Win64; x64) AppleWebKit/537.36 (KHTML, like Gecko) Chrome/114.0.0.0 Safari/537.36 0.096
0:0:0:0:0:0:0:1 - - [21/Jun/2023:16:10:47 +0500] GET /devportal/site/public/dist/vendors~APIConsole~GraphQLConsole.c00ffdb9a4bac0f7794e.bundle.js HTTP/1.1 200 364418 https://localhost:9443/devportal/apis/2d15ab04-b0b2-4820-8b7c-052e4997dcce/test Mozilla/5.0 (Windows NT 10.0; Win64; x64) AppleWebKit/537.36 (KHTML, like Gecko) Chrome/114.0.0.0 Safari/537.36 0.231
0:0:0:0:0:0:0:1 - - [21/Jun/2023:16:10:48 +0500] GET /devportal/site/public/dist/vendors~APIConsole.b84bc27def35d6c9dee0.bundle.js HTTP/1.1 200 1577542 https://localhost:9443/devportal/apis/2d15ab04-b0b2-4820-8b7c-052e4997dcce/test Mozilla/5.0 (Windows NT 10.0; Win64; x64) AppleWebKit/537.36 (KHTML, like Gecko) Chrome/114.0.0.0 Safari/537.36 0.722
0:0:0:0:0:0:0:1 - - [21/Jun/2023:16:10:49 +0500] GET /api/am/devportal/v2/apis/2d15ab04-b0b2-4820-8b7c-052e4997dcce HTTP/1.1 200 2423 https://localhost:9443/devportal/apis/2d15ab04-b0b2-4820-8b7c-052e4997dcce/test Mozilla/5.0 (Windows NT 10.0; Win64; x64) AppleWebKit/537.36 (KHTML, like Gecko) Chrome/114.0.0.0 Safari/537.36 0.024
0:0:0:0:0:0:0:1 - - [21/Jun/2023:16:10:49 +0500] GET /api/am/devportal/v2/apis/2d15ab04-b0b2-4820-8b7c-052e4997dcce/swagger?environmentName=Default HTTP/1.1 200 1688 https://localhost:9443/devportal/apis/2d15ab04-b0b2-4820-8b7c-052e4997dcce/test Mozilla/5.0 (Windows NT 10.0; Win64; x64) AppleWebKit/537.36 (KHTML, like Gecko) Chrome/114.0.0.0 Safari/537.36 0.052
0:0:0:0:0:0:0:1 - - [21/Jun/2023:16:10:49 +0500] GET /api/am/devportal/v2/swagger.yaml HTTP/1.1 200 23493 https://localhost:9443/devportal/apis/2d15ab04-b0b2-4820-8b7c-052e4997dcce/test Mozilla/5.0 (Windows NT 10.0; Win64; x64) AppleWebKit/537.36 (KHTML, like Gecko) Chrome/114.0.0.0 Safari/537.36 0.013
127.0.0.1 - - [21/Jun/2023:16:10:49 +0500] GET /oauth2/token/.well-known/openid-configuration HTTP/1.1 200 2245 - Apache-HttpClient/4.5.13 (Java/11.0.18) 0.004
127.0.0.1 - - [21/Jun/2023:16:10:49 +0500] GET /keymanager-operations/dcr/register/UFVWc0NGcThwVXZfTXB0ZmFCYUZzRFR2QURNYQ%3D%3D HTTP/1.1 200 515 - Apache-HttpClient/4.5.13 (Java/11.0.18) 0.013
0:0:0:0:0:0:0:1 - - [21/Jun/2023:16:10:49 +0500] GET /api/am/devportal/v2/key-managers HTTP/1.1 200 755 https://localhost:9443/devportal/apis/2d15ab04-b0b2-4820-8b7c-052e4997dcce/test Mozilla/5.0 (Windows NT 10.0; Win64; x64) AppleWebKit/537.36 (KHTML, like Gecko) Chrome/114.0.0.0 Safari/537.36 0.080
0:0:0:0:0:0:0:1 - - [21/Jun/2023:16:10:49 +0500] GET /api/am/devportal/v2/subscriptions?apiId=2d15ab04-b0b2-4820-8b7c-052e4997dcce&limit=25 HTTP/1.1 200 679 https://localhost:9443/devportal/apis/2d15ab04-b0b2-4820-8b7c-052e4997dcce/test Mozilla/5.0 (Windows NT 10.0; Win64; x64) AppleWebKit/537.36 (KHTML, like Gecko) Chrome/114.0.0.0 Safari/537.36 0.089
127.0.0.1 - - [21/Jun/2023:16:10:49 +0500] GET /keymanager-operations/dcr/register/UFVWc0NGcThwVXZfTXB0ZmFCYUZzRFR2QURNYQ%3D%3D HTTP/1.1 200 515 - Apache-HttpClient/4.5.13 (Java/11.0.18) 0.007
0:0:0:0:0:0:0:1 - - [21/Jun/2023:16:10:49 +0500] GET /api/am/devportal/v2/subscriptions?apiId=2d15ab04-b0b2-4820-8b7c-052e4997dcce&limit=25 HTTP/1.1 200 679 https://localhost:9443/devportal/apis/2d15ab04-b0b2-4820-8b7c-052e4997dcce/test Mozilla/5.0 (Windows NT 10.0; Win64; x64) AppleWebKit/537.36 (KHTML, like Gecko) Chrome/114.0.0.0 Safari/537.36 0.040
0:0:0:0:0:0:0:1 - - [21/Jun/2023:16:10:49 +0500] GET /api/am/devportal/v2/applications/ HTTP/1.1 200 762 https://localhost:9443/devportal/apis/2d15ab04-b0b2-4820-8b7c-052e4997dcce/test Mozilla/5.0 (Windows NT 10.0; Win64; x64) AppleWebKit/537.36 (KHTML, like Gecko) Chrome/114.0.0.0 Safari/537.36 0.010
0:0:0:0:0:0:0:1 - - [21/Jun/2023:16:10:49 +0500] GET /api/am/devportal/v2/swagger.yaml HTTP/1.1 200 23493 https://localhost:9443/devportal/apis/2d15ab04-b0b2-4820-8b7c-052e4997dcce/test Mozilla/5.0 (Windows NT 10.0; Win64; x64) AppleWebKit/537.36 (KHTML, like Gecko) Chrome/114.0.0.0 Safari/537.36 0.010
127.0.0.1 - - [21/Jun/2023:16:10:50 +0500] GET /keymanager-operations/dcr/register/UFVWc0NGcThwVXZfTXB0ZmFCYUZzRFR2QURNYQ%3D%3D HTTP/1.1 200 515 - Apache-HttpClient/4.5.13 (Java/11.0.18) 0.007
0:0:0:0:0:0:0:1 - - [21/Jun/2023:16:10:50 +0500] GET /api/am/devportal/v2/applications/96638a86-ec8a-4925-8a02-077077d3dd78 HTTP/1.1 200 321 https://localhost:9443/devportal/apis/2d15ab04-b0b2-4820-8b7c-052e4997dcce/test Mozilla/5.0 (Windows NT 10.0; Win64; x64) AppleWebKit/537.36 (KHTML, like Gecko) Chrome/114.0.0.0 Safari/537.36 0.017
127.0.0.1 - - [21/Jun/2023:16:10:50 +0500] GET /keymanager-operations/dcr/register/UFVWc0NGcThwVXZfTXB0ZmFCYUZzRFR2QURNYQ%3D%3D HTTP/1.1 200 515 - Apache-HttpClient/4.5.13 (Java/11.0.18) 0.005
0:0:0:0:0:0:0:1 - - [21/Jun/2023:16:10:50 +0500] GET /api/am/devportal/v2/applications/96638a86-ec8a-4925-8a02-077077d3dd78/oauth-keys HTTP/1.1 200 663 https://localhost:9443/devportal/apis/2d15ab04-b0b2-4820-8b7c-052e4997dcce/test Mozilla/5.0 (Windows NT 10.0; Win64; x64) AppleWebKit/537.36 (KHTML, like Gecko) Chrome/114.0.0.0 Safari/537.36 0.017
0:0:0:0:0:0:0:1 - - [21/Jun/2023:16:10:50 +0500] GET /api/am/devportal/v2/swagger.yaml HTTP/1.1 200 23493 https://localhost:9443/devportal/apis/2d15ab04-b0b2-4820-8b7c-052e4997dcce/test Mozilla/5.0 (Windows NT 10.0; Win64; x64) AppleWebKit/537.36 (KHTML, like Gecko) Chrome/114.0.0.0 Safari/537.36 0.009
0:0:0:0:0:0:0:1 - - [21/Jun/2023:16:10:50 +0500] GET /api/am/devportal/v2/swagger.yaml HTTP/1.1 200 23493 https://localhost:9443/devportal/apis/2d15ab04-b0b2-4820-8b7c-052e4997dcce/test Mozilla/5.0 (Windows NT 10.0; Win64; x64) AppleWebKit/537.36 (KHTML, like Gecko) Chrome/114.0.0.0 Safari/537.36 0.013
127.0.0.1 - - [21/Jun/2023:16:10:50 +0500] GET /keymanager-operations/dcr/register/UFVWc0NGcThwVXZfTXB0ZmFCYUZzRFR2QURNYQ%3D%3D HTTP/1.1 200 515 - Apache-HttpClient/4.5.13 (Java/11.0.18) 0.007
0:0:0:0:0:0:0:1 - - [21/Jun/2023:16:10:50 +0500] GET /api/am/devportal/v2/applications/96638a86-ec8a-4925-8a02-077077d3dd78 HTTP/1.1 200 321 https://localhost:9443/devportal/apis/2d15ab04-b0b2-4820-8b7c-052e4997dcce/test Mozilla/5.0 (Windows NT 10.0; Win64; x64) AppleWebKit/537.36 (KHTML, like Gecko) Chrome/114.0.0.0 Safari/537.36 0.019
127.0.0.1 - - [21/Jun/2023:16:10:50 +0500] GET /keymanager-operations/dcr/register/UFVWc0NGcThwVXZfTXB0ZmFCYUZzRFR2QURNYQ%3D%3D HTTP/1.1 200 515 - Apache-HttpClient/4.5.13 (Java/11.0.18) 0.005
0:0:0:0:0:0:0:1 - - [21/Jun/2023:16:10:50 +0500] GET /api/am/devportal/v2/applications/96638a86-ec8a-4925-8a02-077077d3dd78 HTTP/1.1 200 321 https://localhost:9443/devportal/apis/2d15ab04-b0b2-4820-8b7c-052e4997dcce/test Mozilla/5.0 (Windows NT 10.0; Win64; x64) AppleWebKit/537.36 (KHTML, like Gecko) Chrome/114.0.0.0 Safari/537.36 0.018
127.0.0.1 - - [21/Jun/2023:16:10:50 +0500] GET /keymanager-operations/dcr/register/UFVWc0NGcThwVXZfTXB0ZmFCYUZzRFR2QURNYQ%3D%3D HTTP/1.1 200 515 - Apache-HttpClient/4.5.13 (Java/11.0.18) 0.010
0:0:0:0:0:0:0:1 - - [21/Jun/2023:16:10:50 +0500] GET /api/am/devportal/v2/applications/96638a86-ec8a-4925-8a02-077077d3dd78/oauth-keys HTTP/1.1 200 663 https://localhost:9443/devportal/apis/2d15ab04-b0b2-4820-8b7c-052e4997dcce/test Mozilla/5.0 (Windows NT 10.0; Win64; x64) AppleWebKit/537.36 (KHTML, like Gecko) Chrome/114.0.0.0 Safari/537.36 0.023
127.0.0.1 - - [21/Jun/2023:16:10:50 +0500] GET /keymanager-operations/dcr/register/UFVWc0NGcThwVXZfTXB0ZmFCYUZzRFR2QURNYQ%3D%3D HTTP/1.1 200 515 - Apache-HttpClient/4.5.13 (Java/11.0.18) 0.008
0:0:0:0:0:0:0:1 - - [21/Jun/2023:16:10:50 +0500] GET /api/am/devportal/v2/applications/96638a86-ec8a-4925-8a02-077077d3dd78/oauth-keys HTTP/1.1 200 663 https://localhost:9443/devportal/apis/2d15ab04-b0b2-4820-8b7c-052e4997dcce/test Mozilla/5.0 (Windows NT 10.0; Win64; x64) AppleWebKit/537.36 (KHTML, like Gecko) Chrome/114.0.0.0 Safari/537.36 0.022
