0:0:0:0:0:0:0:1 - - [17/Jul/2023:12:38:51 +0500] GET /api/am/publisher/v3/apis/9db3e05d-9e9d-4ec1-96f5-71ff9cd451e7/lifecycle-history HTTP/1.1 200 239 https://localhost:9443/publisher/apis/9db3e05d-9e9d-4ec1-96f5-71ff9cd451e7/lifecycle Mozilla/5.0 (Windows NT 10.0; Win64; x64) AppleWebKit/537.36 (KHTML, like Gecko) Chrome/114.0.0.0 Safari/537.36 0.027
0:0:0:0:0:0:0:1 - - [17/Jul/2023:12:38:51 +0500] GET /api/am/publisher/v3/apis/9db3e05d-9e9d-4ec1-96f5-71ff9cd451e7 HTTP/1.1 200 1239 https://localhost:9443/publisher/apis/9db3e05d-9e9d-4ec1-96f5-71ff9cd451e7/lifecycle Mozilla/5.0 (Windows NT 10.0; Win64; x64) AppleWebKit/537.36 (KHTML, like Gecko) Chrome/114.0.0.0 Safari/537.36 0.035
0:0:0:0:0:0:0:1 - - [17/Jul/2023:12:38:51 +0500] GET /api/am/publisher/v3/apis/9db3e05d-9e9d-4ec1-96f5-71ff9cd451e7/revisions?query=deployed%3Atrue HTTP/1.1 200 388 https://localhost:9443/publisher/apis/9db3e05d-9e9d-4ec1-96f5-71ff9cd451e7/lifecycle Mozilla/5.0 (Windows NT 10.0; Win64; x64) AppleWebKit/537.36 (KHTML, like Gecko) Chrome/114.0.0.0 Safari/537.36 0.016
127.0.0.1 - - [17/Jul/2023:12:38:51 +0500] GET /internal/data/v1/apis?context=/registration/v1&version=v1&gatewayLabel=Default HTTP/1.1 200 381 - Apache-HttpClient/4.5.13 (Java/11.0.18) 0.017
127.0.0.1 - - [17/Jul/2023:12:38:57 +0500] GET /internal/data/v1/runtime-artifacts?apiId=9db3e05d-9e9d-4ec1-96f5-71ff9cd451e7&gatewayLabel=RGVmYXVsdA&type=Synapse HTTP/1.1 200 2705 - Apache-HttpClient/4.5.13 (Java/11.0.18) 0.175
127.0.0.1 - - [17/Jul/2023:12:38:57 +0500] GET /internal/data/v1/apis?context=/registration/v1&version=v1&gatewayLabel=Default HTTP/1.1 200 381 - Apache-HttpClient/4.5.13 (Java/11.0.18) 0.010
0:0:0:0:0:0:0:1 - - [17/Jul/2023:12:39:12 +0500] GET /api/am/devportal/v2/api-categories HTTP/1.1 200 21 https://localhost:9443/devportal/apis Mozilla/5.0 (Windows NT 10.0; Win64; x64) AppleWebKit/537.36 (KHTML, like Gecko) Chrome/114.0.0.0 Safari/537.36 0.041
0:0:0:0:0:0:0:1 - - [17/Jul/2023:12:39:12 +0500] GET /api/am/devportal/v2/tags HTTP/1.1 200 119 https://localhost:9443/devportal/apis Mozilla/5.0 (Windows NT 10.0; Win64; x64) AppleWebKit/537.36 (KHTML, like Gecko) Chrome/114.0.0.0 Safari/537.36 0.105
0:0:0:0:0:0:0:1 - - [17/Jul/2023:12:39:12 +0500] GET /api/am/devportal/v2/apis?limit=10&offset=0 HTTP/1.1 200 816 https://localhost:9443/devportal/apis Mozilla/5.0 (Windows NT 10.0; Win64; x64) AppleWebKit/537.36 (KHTML, like Gecko) Chrome/114.0.0.0 Safari/537.36 0.192
0:0:0:0:0:0:0:1 - - [17/Jul/2023:12:39:13 +0500] GET /api/am/devportal/v2/apis/9db3e05d-9e9d-4ec1-96f5-71ff9cd451e7/ratings HTTP/1.1 200 125 https://localhost:9443/devportal/apis Mozilla/5.0 (Windows NT 10.0; Win64; x64) AppleWebKit/537.36 (KHTML, like Gecko) Chrome/114.0.0.0 Safari/537.36 0.021
0:0:0:0:0:0:0:1 - - [17/Jul/2023:12:39:13 +0500] GET /api/am/devportal/v2/apis/9db3e05d-9e9d-4ec1-96f5-71ff9cd451e7/thumbnail HTTP/1.1 204 - https://localhost:9443/devportal/apis Mozilla/5.0 (Windows NT 10.0; Win64; x64) AppleWebKit/537.36 (KHTML, like Gecko) Chrome/114.0.0.0 Safari/537.36 0.026
0:0:0:0:0:0:0:1 - - [17/Jul/2023:12:39:13 +0500] GET /api/am/devportal/v2/apis/a9eff00c-8aee-4ca5-8e6e-3d5df6468875/ratings HTTP/1.1 200 125 https://localhost:9443/devportal/apis Mozilla/5.0 (Windows NT 10.0; Win64; x64) AppleWebKit/537.36 (KHTML, like Gecko) Chrome/114.0.0.0 Safari/537.36 0.028
0:0:0:0:0:0:0:1 - - [17/Jul/2023:12:39:13 +0500] GET /api/am/devportal/v2/apis/a9eff00c-8aee-4ca5-8e6e-3d5df6468875/thumbnail HTTP/1.1 204 - https://localhost:9443/devportal/apis Mozilla/5.0 (Windows NT 10.0; Win64; x64) AppleWebKit/537.36 (KHTML, like Gecko) Chrome/114.0.0.0 Safari/537.36 0.019
0:0:0:0:0:0:0:1 - - [17/Jul/2023:12:39:13 +0500] GET /api/am/devportal/v2/apis/f166cc64-02b1-488c-b6e7-2e00befe5d92/ratings HTTP/1.1 200 125 https://localhost:9443/devportal/apis Mozilla/5.0 (Windows NT 10.0; Win64; x64) AppleWebKit/537.36 (KHTML, like Gecko) Chrome/114.0.0.0 Safari/537.36 0.016
0:0:0:0:0:0:0:1 - - [17/Jul/2023:12:39:13 +0500] GET /api/am/devportal/v2/apis/a7a6f198-2961-422a-9ba4-7dd81d27f2dc/ratings HTTP/1.1 200 125 https://localhost:9443/devportal/apis Mozilla/5.0 (Windows NT 10.0; Win64; x64) AppleWebKit/537.36 (KHTML, like Gecko) Chrome/114.0.0.0 Safari/537.36 0.025
0:0:0:0:0:0:0:1 - - [17/Jul/2023:12:39:13 +0500] GET /api/am/devportal/v2/apis/f166cc64-02b1-488c-b6e7-2e00befe5d92/thumbnail HTTP/1.1 204 - https://localhost:9443/devportal/apis Mozilla/5.0 (Windows NT 10.0; Win64; x64) AppleWebKit/537.36 (KHTML, like Gecko) Chrome/114.0.0.0 Safari/537.36 0.032
0:0:0:0:0:0:0:1 - - [17/Jul/2023:12:39:13 +0500] GET /api/am/devportal/v2/apis/d440f6b9-22c1-4326-8625-16eff1a0354e/ratings HTTP/1.1 200 125 https://localhost:9443/devportal/apis Mozilla/5.0 (Windows NT 10.0; Win64; x64) AppleWebKit/537.36 (KHTML, like Gecko) Chrome/114.0.0.0 Safari/537.36 0.018
0:0:0:0:0:0:0:1 - - [17/Jul/2023:12:39:13 +0500] GET /api/am/devportal/v2/apis/a7a6f198-2961-422a-9ba4-7dd81d27f2dc/thumbnail HTTP/1.1 204 - https://localhost:9443/devportal/apis Mozilla/5.0 (Windows NT 10.0; Win64; x64) AppleWebKit/537.36 (KHTML, like Gecko) Chrome/114.0.0.0 Safari/537.36 0.030
0:0:0:0:0:0:0:1 - - [17/Jul/2023:12:39:13 +0500] GET /api/am/devportal/v2/apis/d440f6b9-22c1-4326-8625-16eff1a0354e/thumbnail HTTP/1.1 204 - https://localhost:9443/devportal/apis Mozilla/5.0 (Windows NT 10.0; Win64; x64) AppleWebKit/537.36 (KHTML, like Gecko) Chrome/114.0.0.0 Safari/537.36 0.031
0:0:0:0:0:0:0:1 - - [17/Jul/2023:12:39:13 +0500] GET /api/am/devportal/v2/apis/2d15ab04-b0b2-4820-8b7c-052e4997dcce/ratings HTTP/1.1 200 125 https://localhost:9443/devportal/apis Mozilla/5.0 (Windows NT 10.0; Win64; x64) AppleWebKit/537.36 (KHTML, like Gecko) Chrome/114.0.0.0 Safari/537.36 0.034
0:0:0:0:0:0:0:1 - - [17/Jul/2023:12:39:13 +0500] - 400 - - - 0.000
0:0:0:0:0:0:0:1 - - [17/Jul/2023:12:39:13 +0500] - 400 - - - 0.000
0:0:0:0:0:0:0:1 - - [17/Jul/2023:12:39:13 +0500] GET /api/am/devportal/v2/apis/2d15ab04-b0b2-4820-8b7c-052e4997dcce/thumbnail HTTP/1.1 204 - https://localhost:9443/devportal/apis Mozilla/5.0 (Windows NT 10.0; Win64; x64) AppleWebKit/537.36 (KHTML, like Gecko) Chrome/114.0.0.0 Safari/537.36 0.041
0:0:0:0:0:0:0:1 - - [17/Jul/2023:12:39:13 +0500] - 400 - - - 0.000
0:0:0:0:0:0:0:1 - - [17/Jul/2023:12:39:14 +0500] GET /api/am/devportal/v2/subscriptions?apiId=9db3e05d-9e9d-4ec1-96f5-71ff9cd451e7&limit=25 HTTP/1.1 200 92 https://localhost:9443/devportal/apis/9db3e05d-9e9d-4ec1-96f5-71ff9cd451e7 Mozilla/5.0 (Windows NT 10.0; Win64; x64) AppleWebKit/537.36 (KHTML, like Gecko) Chrome/114.0.0.0 Safari/537.36 0.035
0:0:0:0:0:0:0:1 - - [17/Jul/2023:12:39:14 +0500] GET /api/am/devportal/v2/subscriptions?apiId=9db3e05d-9e9d-4ec1-96f5-71ff9cd451e7&limit=5000 HTTP/1.1 200 94 https://localhost:9443/devportal/apis/9db3e05d-9e9d-4ec1-96f5-71ff9cd451e7 Mozilla/5.0 (Windows NT 10.0; Win64; x64) AppleWebKit/537.36 (KHTML, like Gecko) Chrome/114.0.0.0 Safari/537.36 0.039
0:0:0:0:0:0:0:1 - - [17/Jul/2023:12:39:14 +0500] GET /api/am/devportal/v2/apis/9db3e05d-9e9d-4ec1-96f5-71ff9cd451e7 HTTP/1.1 200 1071 https://localhost:9443/devportal/apis/9db3e05d-9e9d-4ec1-96f5-71ff9cd451e7 Mozilla/5.0 (Windows NT 10.0; Win64; x64) AppleWebKit/537.36 (KHTML, like Gecko) Chrome/114.0.0.0 Safari/537.36 0.051
0:0:0:0:0:0:0:1 - - [17/Jul/2023:12:39:14 +0500] GET /api/am/devportal/v2/applications?limit=5000 HTTP/1.1 200 440 https://localhost:9443/devportal/apis/9db3e05d-9e9d-4ec1-96f5-71ff9cd451e7 Mozilla/5.0 (Windows NT 10.0; Win64; x64) AppleWebKit/537.36 (KHTML, like Gecko) Chrome/114.0.0.0 Safari/537.36 0.019
0:0:0:0:0:0:0:1 - - [17/Jul/2023:12:39:14 +0500] GET /api/am/devportal/v2/apis/9db3e05d-9e9d-4ec1-96f5-71ff9cd451e7/documents HTTP/1.1 200 92 https://localhost:9443/devportal/apis/9db3e05d-9e9d-4ec1-96f5-71ff9cd451e7/overview Mozilla/5.0 (Windows NT 10.0; Win64; x64) AppleWebKit/537.36 (KHTML, like Gecko) Chrome/114.0.0.0 Safari/537.36 0.037
0:0:0:0:0:0:0:1 - - [17/Jul/2023:12:39:14 +0500] GET /api/am/devportal/v2/throttling-policies/subscription HTTP/1.1 200 634 https://localhost:9443/devportal/apis/9db3e05d-9e9d-4ec1-96f5-71ff9cd451e7/overview Mozilla/5.0 (Windows NT 10.0; Win64; x64) AppleWebKit/537.36 (KHTML, like Gecko) Chrome/114.0.0.0 Safari/537.36 0.014
0:0:0:0:0:0:0:1 - - [17/Jul/2023:12:39:14 +0500] GET /api/am/devportal/v2/throttling-policies/subscription HTTP/1.1 200 634 https://localhost:9443/devportal/apis/9db3e05d-9e9d-4ec1-96f5-71ff9cd451e7/overview Mozilla/5.0 (Windows NT 10.0; Win64; x64) AppleWebKit/537.36 (KHTML, like Gecko) Chrome/114.0.0.0 Safari/537.36 0.010
0:0:0:0:0:0:0:1 - - [17/Jul/2023:12:39:14 +0500] GET /api/am/devportal/v2/apis/9db3e05d-9e9d-4ec1-96f5-71ff9cd451e7/documents HTTP/1.1 200 92 https://localhost:9443/devportal/apis/9db3e05d-9e9d-4ec1-96f5-71ff9cd451e7/overview Mozilla/5.0 (Windows NT 10.0; Win64; x64) AppleWebKit/537.36 (KHTML, like Gecko) Chrome/114.0.0.0 Safari/537.36 0.023
0:0:0:0:0:0:0:1 - - [17/Jul/2023:12:39:14 +0500] GET /api/am/devportal/v2/apis/9db3e05d-9e9d-4ec1-96f5-71ff9cd451e7/thumbnail HTTP/1.1 204 - https://localhost:9443/devportal/apis/9db3e05d-9e9d-4ec1-96f5-71ff9cd451e7/overview Mozilla/5.0 (Windows NT 10.0; Win64; x64) AppleWebKit/537.36 (KHTML, like Gecko) Chrome/114.0.0.0 Safari/537.36 0.034
0:0:0:0:0:0:0:1 - - [17/Jul/2023:12:39:14 +0500] GET /api/am/devportal/v2/apis/9db3e05d-9e9d-4ec1-96f5-71ff9cd451e7/comments?limit=5&offset=0 HTTP/1.1 200 101 https://localhost:9443/devportal/apis/9db3e05d-9e9d-4ec1-96f5-71ff9cd451e7/overview Mozilla/5.0 (Windows NT 10.0; Win64; x64) AppleWebKit/537.36 (KHTML, like Gecko) Chrome/114.0.0.0 Safari/537.36 0.031
0:0:0:0:0:0:0:1 - - [17/Jul/2023:12:39:14 +0500] GET /api/am/devportal/v2/apis/9db3e05d-9e9d-4ec1-96f5-71ff9cd451e7/ratings HTTP/1.1 200 125 https://localhost:9443/devportal/apis/9db3e05d-9e9d-4ec1-96f5-71ff9cd451e7/overview Mozilla/5.0 (Windows NT 10.0; Win64; x64) AppleWebKit/537.36 (KHTML, like Gecko) Chrome/114.0.0.0 Safari/537.36 0.026
127.0.0.1 - - [17/Jul/2023:12:39:20 +0500] GET /keymanager-operations/dcr/register/UW1XanBNbUZfYnJYZ2Y5YjQ2eVFUaklubkRnYQ%3D%3D HTTP/1.1 200 515 - Apache-HttpClient/4.5.13 (Java/11.0.18) 0.013
0:0:0:0:0:0:0:1 - - [17/Jul/2023:12:39:20 +0500] POST /api/am/devportal/v2/subscriptions HTTP/1.1 201 613 https://localhost:9443/devportal/apis/9db3e05d-9e9d-4ec1-96f5-71ff9cd451e7/credentials Mozilla/5.0 (Windows NT 10.0; Win64; x64) AppleWebKit/537.36 (KHTML, like Gecko) Chrome/114.0.0.0 Safari/537.36 0.089
0:0:0:0:0:0:0:1 - - [17/Jul/2023:12:39:20 +0500] GET /api/am/devportal/v2/apis/9db3e05d-9e9d-4ec1-96f5-71ff9cd451e7 HTTP/1.1 200 1071 https://localhost:9443/devportal/apis/9db3e05d-9e9d-4ec1-96f5-71ff9cd451e7/credentials Mozilla/5.0 (Windows NT 10.0; Win64; x64) AppleWebKit/537.36 (KHTML, like Gecko) Chrome/114.0.0.0 Safari/537.36 0.032
127.0.0.1 - - [17/Jul/2023:12:39:20 +0500] GET /keymanager-operations/dcr/register/UW1XanBNbUZfYnJYZ2Y5YjQ2eVFUaklubkRnYQ%3D%3D HTTP/1.1 200 515 - Apache-HttpClient/4.5.13 (Java/11.0.18) 0.015
0:0:0:0:0:0:0:1 - - [17/Jul/2023:12:39:20 +0500] GET /api/am/devportal/v2/subscriptions?apiId=9db3e05d-9e9d-4ec1-96f5-71ff9cd451e7&limit=25 HTTP/1.1 200 664 https://localhost:9443/devportal/apis/9db3e05d-9e9d-4ec1-96f5-71ff9cd451e7/credentials Mozilla/5.0 (Windows NT 10.0; Win64; x64) AppleWebKit/537.36 (KHTML, like Gecko) Chrome/114.0.0.0 Safari/537.36 0.062
127.0.0.1 - - [17/Jul/2023:12:39:20 +0500] GET /keymanager-operations/dcr/register/UW1XanBNbUZfYnJYZ2Y5YjQ2eVFUaklubkRnYQ%3D%3D HTTP/1.1 200 515 - Apache-HttpClient/4.5.13 (Java/11.0.18) 0.007
0:0:0:0:0:0:0:1 - - [17/Jul/2023:12:39:20 +0500] GET /api/am/devportal/v2/subscriptions?apiId=9db3e05d-9e9d-4ec1-96f5-71ff9cd451e7&limit=5000 HTTP/1.1 200 666 https://localhost:9443/devportal/apis/9db3e05d-9e9d-4ec1-96f5-71ff9cd451e7/credentials Mozilla/5.0 (Windows NT 10.0; Win64; x64) AppleWebKit/537.36 (KHTML, like Gecko) Chrome/114.0.0.0 Safari/537.36 0.065
0:0:0:0:0:0:0:1 - - [17/Jul/2023:12:39:20 +0500] - 400 - - - 0.000
0:0:0:0:0:0:0:1 - - [17/Jul/2023:12:39:20 +0500] GET /api/am/devportal/v2/applications?limit=5000 HTTP/1.1 200 440 https://localhost:9443/devportal/apis/9db3e05d-9e9d-4ec1-96f5-71ff9cd451e7/credentials Mozilla/5.0 (Windows NT 10.0; Win64; x64) AppleWebKit/537.36 (KHTML, like Gecko) Chrome/114.0.0.0 Safari/537.36 0.040
0:0:0:0:0:0:0:1 - - [17/Jul/2023:12:39:25 +0500] GET /api/am/devportal/v2/throttling-policies/subscription HTTP/1.1 200 634 https://localhost:9443/devportal/apis/9db3e05d-9e9d-4ec1-96f5-71ff9cd451e7/overview Mozilla/5.0 (Windows NT 10.0; Win64; x64) AppleWebKit/537.36 (KHTML, like Gecko) Chrome/114.0.0.0 Safari/537.36 0.017
0:0:0:0:0:0:0:1 - - [17/Jul/2023:12:39:25 +0500] GET /api/am/devportal/v2/apis/9db3e05d-9e9d-4ec1-96f5-71ff9cd451e7/documents HTTP/1.1 200 92 https://localhost:9443/devportal/apis/9db3e05d-9e9d-4ec1-96f5-71ff9cd451e7/overview Mozilla/5.0 (Windows NT 10.0; Win64; x64) AppleWebKit/537.36 (KHTML, like Gecko) Chrome/114.0.0.0 Safari/537.36 0.034
0:0:0:0:0:0:0:1 - - [17/Jul/2023:12:39:25 +0500] GET /api/am/devportal/v2/throttling-policies/subscription HTTP/1.1 200 634 https://localhost:9443/devportal/apis/9db3e05d-9e9d-4ec1-96f5-71ff9cd451e7/overview Mozilla/5.0 (Windows NT 10.0; Win64; x64) AppleWebKit/537.36 (KHTML, like Gecko) Chrome/114.0.0.0 Safari/537.36 0.011
0:0:0:0:0:0:0:1 - - [17/Jul/2023:12:39:25 +0500] GET /api/am/devportal/v2/apis/9db3e05d-9e9d-4ec1-96f5-71ff9cd451e7/documents HTTP/1.1 200 92 https://localhost:9443/devportal/apis/9db3e05d-9e9d-4ec1-96f5-71ff9cd451e7/overview Mozilla/5.0 (Windows NT 10.0; Win64; x64) AppleWebKit/537.36 (KHTML, like Gecko) Chrome/114.0.0.0 Safari/537.36 0.023
0:0:0:0:0:0:0:1 - - [17/Jul/2023:12:39:25 +0500] GET /api/am/devportal/v2/apis/9db3e05d-9e9d-4ec1-96f5-71ff9cd451e7/thumbnail HTTP/1.1 204 - https://localhost:9443/devportal/apis/9db3e05d-9e9d-4ec1-96f5-71ff9cd451e7/overview Mozilla/5.0 (Windows NT 10.0; Win64; x64) AppleWebKit/537.36 (KHTML, like Gecko) Chrome/114.0.0.0 Safari/537.36 0.016
0:0:0:0:0:0:0:1 - - [17/Jul/2023:12:39:25 +0500] GET /api/am/devportal/v2/apis/9db3e05d-9e9d-4ec1-96f5-71ff9cd451e7/comments?limit=5&offset=0 HTTP/1.1 200 101 https://localhost:9443/devportal/apis/9db3e05d-9e9d-4ec1-96f5-71ff9cd451e7/overview Mozilla/5.0 (Windows NT 10.0; Win64; x64) AppleWebKit/537.36 (KHTML, like Gecko) Chrome/114.0.0.0 Safari/537.36 0.018
0:0:0:0:0:0:0:1 - - [17/Jul/2023:12:39:25 +0500] GET /api/am/devportal/v2/apis/9db3e05d-9e9d-4ec1-96f5-71ff9cd451e7/ratings HTTP/1.1 200 125 https://localhost:9443/devportal/apis/9db3e05d-9e9d-4ec1-96f5-71ff9cd451e7/overview Mozilla/5.0 (Windows NT 10.0; Win64; x64) AppleWebKit/537.36 (KHTML, like Gecko) Chrome/114.0.0.0 Safari/537.36 0.017
0:0:0:0:0:0:0:1 - - [17/Jul/2023:12:39:28 +0500] GET /api/am/devportal/v2/apis/9db3e05d-9e9d-4ec1-96f5-71ff9cd451e7 HTTP/1.1 200 1071 https://localhost:9443/devportal/apis/9db3e05d-9e9d-4ec1-96f5-71ff9cd451e7/test Mozilla/5.0 (Windows NT 10.0; Win64; x64) AppleWebKit/537.36 (KHTML, like Gecko) Chrome/114.0.0.0 Safari/537.36 0.044
0:0:0:0:0:0:0:1 - - [17/Jul/2023:12:39:28 +0500] - 400 - - - 0.000
0:0:0:0:0:0:0:1 - - [17/Jul/2023:12:39:28 +0500] GET /api/am/devportal/v2/applications?limit=5000 HTTP/1.1 200 440 https://localhost:9443/devportal/apis/9db3e05d-9e9d-4ec1-96f5-71ff9cd451e7/test Mozilla/5.0 (Windows NT 10.0; Win64; x64) AppleWebKit/537.36 (KHTML, like Gecko) Chrome/114.0.0.0 Safari/537.36 0.019
127.0.0.1 - - [17/Jul/2023:12:39:28 +0500] GET /keymanager-operations/dcr/register/UW1XanBNbUZfYnJYZ2Y5YjQ2eVFUaklubkRnYQ%3D%3D HTTP/1.1 200 515 - Apache-HttpClient/4.5.13 (Java/11.0.18) 0.045
0:0:0:0:0:0:0:1 - - [17/Jul/2023:12:39:28 +0500] GET /api/am/devportal/v2/subscriptions?apiId=9db3e05d-9e9d-4ec1-96f5-71ff9cd451e7&limit=25 HTTP/1.1 200 664 https://localhost:9443/devportal/apis/9db3e05d-9e9d-4ec1-96f5-71ff9cd451e7/test Mozilla/5.0 (Windows NT 10.0; Win64; x64) AppleWebKit/537.36 (KHTML, like Gecko) Chrome/114.0.0.0 Safari/537.36 0.120
0:0:0:0:0:0:0:1 - - [17/Jul/2023:12:39:28 +0500] GET /api/am/devportal/v2/apis/9db3e05d-9e9d-4ec1-96f5-71ff9cd451e7 HTTP/1.1 200 1071 https://localhost:9443/devportal/apis/9db3e05d-9e9d-4ec1-96f5-71ff9cd451e7/test Mozilla/5.0 (Windows NT 10.0; Win64; x64) AppleWebKit/537.36 (KHTML, like Gecko) Chrome/114.0.0.0 Safari/537.36 0.048
127.0.0.1 - - [17/Jul/2023:12:39:28 +0500] GET /keymanager-operations/dcr/register/UW1XanBNbUZfYnJYZ2Y5YjQ2eVFUaklubkRnYQ%3D%3D HTTP/1.1 200 515 - Apache-HttpClient/4.5.13 (Java/11.0.18) 0.013
0:0:0:0:0:0:0:1 - - [17/Jul/2023:12:39:28 +0500] GET /api/am/devportal/v2/subscriptions?apiId=9db3e05d-9e9d-4ec1-96f5-71ff9cd451e7&limit=5000 HTTP/1.1 200 666 https://localhost:9443/devportal/apis/9db3e05d-9e9d-4ec1-96f5-71ff9cd451e7/test Mozilla/5.0 (Windows NT 10.0; Win64; x64) AppleWebKit/537.36 (KHTML, like Gecko) Chrome/114.0.0.0 Safari/537.36 0.181
0:0:0:0:0:0:0:1 - - [17/Jul/2023:12:39:28 +0500] GET /api/am/devportal/v2/apis/9db3e05d-9e9d-4ec1-96f5-71ff9cd451e7/swagger?environmentName=Default HTTP/1.1 200 471 https://localhost:9443/devportal/apis/9db3e05d-9e9d-4ec1-96f5-71ff9cd451e7/test Mozilla/5.0 (Windows NT 10.0; Win64; x64) AppleWebKit/537.36 (KHTML, like Gecko) Chrome/114.0.0.0 Safari/537.36 0.048
0:0:0:0:0:0:0:1 - - [17/Jul/2023:12:39:28 +0500] GET /api/am/devportal/v2/swagger.yaml HTTP/1.1 200 23493 https://localhost:9443/devportal/apis/9db3e05d-9e9d-4ec1-96f5-71ff9cd451e7/test Mozilla/5.0 (Windows NT 10.0; Win64; x64) AppleWebKit/537.36 (KHTML, like Gecko) Chrome/114.0.0.0 Safari/537.36 0.030
127.0.0.1 - - [17/Jul/2023:12:39:28 +0500] GET /keymanager-operations/dcr/register/UW1XanBNbUZfYnJYZ2Y5YjQ2eVFUaklubkRnYQ%3D%3D HTTP/1.1 200 515 - Apache-HttpClient/4.5.13 (Java/11.0.18) 0.017
0:0:0:0:0:0:0:1 - - [17/Jul/2023:12:39:28 +0500] GET /api/am/devportal/v2/subscriptions?apiId=9db3e05d-9e9d-4ec1-96f5-71ff9cd451e7&limit=25 HTTP/1.1 200 664 https://localhost:9443/devportal/apis/9db3e05d-9e9d-4ec1-96f5-71ff9cd451e7/test Mozilla/5.0 (Windows NT 10.0; Win64; x64) AppleWebKit/537.36 (KHTML, like Gecko) Chrome/114.0.0.0 Safari/537.36 0.082
0:0:0:0:0:0:0:1 - - [17/Jul/2023:12:39:28 +0500] GET /api/am/devportal/v2/key-managers HTTP/1.1 200 755 https://localhost:9443/devportal/apis/9db3e05d-9e9d-4ec1-96f5-71ff9cd451e7/test Mozilla/5.0 (Windows NT 10.0; Win64; x64) AppleWebKit/537.36 (KHTML, like Gecko) Chrome/114.0.0.0 Safari/537.36 0.114
127.0.0.1 - - [17/Jul/2023:12:39:28 +0500] GET /oauth2/token/.well-known/openid-configuration HTTP/1.1 200 2245 - Apache-HttpClient/4.5.13 (Java/11.0.18) 0.016
0:0:0:0:0:0:0:1 - - [17/Jul/2023:12:39:28 +0500] GET /api/am/devportal/v2/subscriptions?apiId=9db3e05d-9e9d-4ec1-96f5-71ff9cd451e7&limit=25 HTTP/1.1 200 664 https://localhost:9443/devportal/apis/9db3e05d-9e9d-4ec1-96f5-71ff9cd451e7/test Mozilla/5.0 (Windows NT 10.0; Win64; x64) AppleWebKit/537.36 (KHTML, like Gecko) Chrome/114.0.0.0 Safari/537.36 0.046
127.0.0.1 - - [17/Jul/2023:12:39:28 +0500] GET /keymanager-operations/dcr/register/UW1XanBNbUZfYnJYZ2Y5YjQ2eVFUaklubkRnYQ%3D%3D HTTP/1.1 200 515 - Apache-HttpClient/4.5.13 (Java/11.0.18) 0.013
0:0:0:0:0:0:0:1 - - [17/Jul/2023:12:39:29 +0500] GET /api/am/devportal/v2/applications/ HTTP/1.1 200 438 https://localhost:9443/devportal/apis/9db3e05d-9e9d-4ec1-96f5-71ff9cd451e7/test Mozilla/5.0 (Windows NT 10.0; Win64; x64) AppleWebKit/537.36 (KHTML, like Gecko) Chrome/114.0.0.0 Safari/537.36 0.134
0:0:0:0:0:0:0:1 - - [17/Jul/2023:12:39:29 +0500] GET /api/am/devportal/v2/swagger.yaml HTTP/1.1 200 23493 https://localhost:9443/devportal/apis/9db3e05d-9e9d-4ec1-96f5-71ff9cd451e7/test Mozilla/5.0 (Windows NT 10.0; Win64; x64) AppleWebKit/537.36 (KHTML, like Gecko) Chrome/114.0.0.0 Safari/537.36 0.012
127.0.0.1 - - [17/Jul/2023:12:39:30 +0500] GET /keymanager-operations/dcr/register/UW1XanBNbUZfYnJYZ2Y5YjQ2eVFUaklubkRnYQ%3D%3D HTTP/1.1 200 515 - Apache-HttpClient/4.5.13 (Java/11.0.18) 0.005
0:0:0:0:0:0:0:1 - - [17/Jul/2023:12:39:30 +0500] GET /api/am/devportal/v2/applications/42c4aa1a-258d-44a0-a858-5c2ed1cd2856 HTTP/1.1 200 288 https://localhost:9443/devportal/apis/9db3e05d-9e9d-4ec1-96f5-71ff9cd451e7/test Mozilla/5.0 (Windows NT 10.0; Win64; x64) AppleWebKit/537.36 (KHTML, like Gecko) Chrome/114.0.0.0 Safari/537.36 0.023
127.0.0.1 - - [17/Jul/2023:12:39:30 +0500] GET /keymanager-operations/dcr/register/UW1XanBNbUZfYnJYZ2Y5YjQ2eVFUaklubkRnYQ%3D%3D HTTP/1.1 200 515 - Apache-HttpClient/4.5.13 (Java/11.0.18) 0.007
0:0:0:0:0:0:0:1 - - [17/Jul/2023:12:39:30 +0500] GET /api/am/devportal/v2/applications/42c4aa1a-258d-44a0-a858-5c2ed1cd2856/oauth-keys HTTP/1.1 200 663 https://localhost:9443/devportal/apis/9db3e05d-9e9d-4ec1-96f5-71ff9cd451e7/test Mozilla/5.0 (Windows NT 10.0; Win64; x64) AppleWebKit/537.36 (KHTML, like Gecko) Chrome/114.0.0.0 Safari/537.36 0.016
0:0:0:0:0:0:0:1 - - [17/Jul/2023:12:39:30 +0500] GET /api/am/devportal/v2/swagger.yaml HTTP/1.1 200 23493 https://localhost:9443/devportal/apis/9db3e05d-9e9d-4ec1-96f5-71ff9cd451e7/test Mozilla/5.0 (Windows NT 10.0; Win64; x64) AppleWebKit/537.36 (KHTML, like Gecko) Chrome/114.0.0.0 Safari/537.36 0.027
0:0:0:0:0:0:0:1 - - [17/Jul/2023:12:39:30 +0500] GET /api/am/devportal/v2/swagger.yaml HTTP/1.1 200 23493 https://localhost:9443/devportal/apis/9db3e05d-9e9d-4ec1-96f5-71ff9cd451e7/test Mozilla/5.0 (Windows NT 10.0; Win64; x64) AppleWebKit/537.36 (KHTML, like Gecko) Chrome/114.0.0.0 Safari/537.36 0.012
127.0.0.1 - - [17/Jul/2023:12:39:30 +0500] GET /keymanager-operations/dcr/register/UW1XanBNbUZfYnJYZ2Y5YjQ2eVFUaklubkRnYQ%3D%3D HTTP/1.1 200 515 - Apache-HttpClient/4.5.13 (Java/11.0.18) 0.008
0:0:0:0:0:0:0:1 - - [17/Jul/2023:12:39:30 +0500] GET /api/am/devportal/v2/applications/42c4aa1a-258d-44a0-a858-5c2ed1cd2856 HTTP/1.1 200 288 https://localhost:9443/devportal/apis/9db3e05d-9e9d-4ec1-96f5-71ff9cd451e7/test Mozilla/5.0 (Windows NT 10.0; Win64; x64) AppleWebKit/537.36 (KHTML, like Gecko) Chrome/114.0.0.0 Safari/537.36 0.019
127.0.0.1 - - [17/Jul/2023:12:39:30 +0500] GET /keymanager-operations/dcr/register/UW1XanBNbUZfYnJYZ2Y5YjQ2eVFUaklubkRnYQ%3D%3D HTTP/1.1 200 515 - Apache-HttpClient/4.5.13 (Java/11.0.18) 0.006
0:0:0:0:0:0:0:1 - - [17/Jul/2023:12:39:30 +0500] GET /api/am/devportal/v2/applications/42c4aa1a-258d-44a0-a858-5c2ed1cd2856 HTTP/1.1 200 288 https://localhost:9443/devportal/apis/9db3e05d-9e9d-4ec1-96f5-71ff9cd451e7/test Mozilla/5.0 (Windows NT 10.0; Win64; x64) AppleWebKit/537.36 (KHTML, like Gecko) Chrome/114.0.0.0 Safari/537.36 0.019
127.0.0.1 - - [17/Jul/2023:12:39:30 +0500] GET /keymanager-operations/dcr/register/UW1XanBNbUZfYnJYZ2Y5YjQ2eVFUaklubkRnYQ%3D%3D HTTP/1.1 200 515 - Apache-HttpClient/4.5.13 (Java/11.0.18) 0.006
0:0:0:0:0:0:0:1 - - [17/Jul/2023:12:39:30 +0500] GET /api/am/devportal/v2/applications/42c4aa1a-258d-44a0-a858-5c2ed1cd2856/oauth-keys HTTP/1.1 200 663 https://localhost:9443/devportal/apis/9db3e05d-9e9d-4ec1-96f5-71ff9cd451e7/test Mozilla/5.0 (Windows NT 10.0; Win64; x64) AppleWebKit/537.36 (KHTML, like Gecko) Chrome/114.0.0.0 Safari/537.36 0.022
127.0.0.1 - - [17/Jul/2023:12:39:30 +0500] GET /keymanager-operations/dcr/register/UW1XanBNbUZfYnJYZ2Y5YjQ2eVFUaklubkRnYQ%3D%3D HTTP/1.1 200 515 - Apache-HttpClient/4.5.13 (Java/11.0.18) 0.005
0:0:0:0:0:0:0:1 - - [17/Jul/2023:12:39:30 +0500] GET /api/am/devportal/v2/applications/42c4aa1a-258d-44a0-a858-5c2ed1cd2856/oauth-keys HTTP/1.1 200 663 https://localhost:9443/devportal/apis/9db3e05d-9e9d-4ec1-96f5-71ff9cd451e7/test Mozilla/5.0 (Windows NT 10.0; Win64; x64) AppleWebKit/537.36 (KHTML, like Gecko) Chrome/114.0.0.0 Safari/537.36 0.017
0:0:0:0:0:0:0:1 - - [17/Jul/2023:12:39:33 +0500] GET /api/am/devportal/v2/swagger.yaml HTTP/1.1 200 23493 https://localhost:9443/devportal/apis/9db3e05d-9e9d-4ec1-96f5-71ff9cd451e7/test Mozilla/5.0 (Windows NT 10.0; Win64; x64) AppleWebKit/537.36 (KHTML, like Gecko) Chrome/114.0.0.0 Safari/537.36 0.021
127.0.0.1 - - [17/Jul/2023:12:39:33 +0500] GET /keymanager-operations/dcr/register/UW1XanBNbUZfYnJYZ2Y5YjQ2eVFUaklubkRnYQ%3D%3D HTTP/1.1 200 515 - Apache-HttpClient/4.5.13 (Java/11.0.18) 0.008
0:0:0:0:0:0:0:1 - - [17/Jul/2023:12:39:33 +0500] GET /api/am/devportal/v2/applications/42c4aa1a-258d-44a0-a858-5c2ed1cd2856 HTTP/1.1 200 288 https://localhost:9443/devportal/apis/9db3e05d-9e9d-4ec1-96f5-71ff9cd451e7/test Mozilla/5.0 (Windows NT 10.0; Win64; x64) AppleWebKit/537.36 (KHTML, like Gecko) Chrome/114.0.0.0 Safari/537.36 0.029
127.0.0.1 - - [17/Jul/2023:12:39:33 +0500] GET /keymanager-operations/dcr/register/UW1XanBNbUZfYnJYZ2Y5YjQ2eVFUaklubkRnYQ%3D%3D HTTP/1.1 200 515 - Apache-HttpClient/4.5.13 (Java/11.0.18) 0.009
0:0:0:0:0:0:0:1 - - [17/Jul/2023:12:39:33 +0500] GET /api/am/devportal/v2/applications/42c4aa1a-258d-44a0-a858-5c2ed1cd2856/oauth-keys HTTP/1.1 200 663 https://localhost:9443/devportal/apis/9db3e05d-9e9d-4ec1-96f5-71ff9cd451e7/test Mozilla/5.0 (Windows NT 10.0; Win64; x64) AppleWebKit/537.36 (KHTML, like Gecko) Chrome/114.0.0.0 Safari/537.36 0.023
127.0.0.1 - - [17/Jul/2023:12:39:33 +0500] GET /keymanager-operations/dcr/register/UW1XanBNbUZfYnJYZ2Y5YjQ2eVFUaklubkRnYQ%3D%3D HTTP/1.1 200 515 - Apache-HttpClient/4.5.13 (Java/11.0.18) 0.009
127.0.0.1 - - [17/Jul/2023:12:39:33 +0500] GET /keymanager-operations/dcr/register/UW1XanBNbUZfYnJYZ2Y5YjQ2eVFUaklubkRnYQ%3D%3D HTTP/1.1 200 515 - Apache-HttpClient/4.5.13 (Java/11.0.18) 0.009
127.0.0.1 - - [17/Jul/2023:12:39:33 +0500] POST /oauth2/token HTTP/1.1 200 1022 - Apache-HttpClient/4.5.13 (Java/11.0.18) 0.026
0:0:0:0:0:0:0:1 - - [17/Jul/2023:12:39:33 +0500] POST /api/am/devportal/v2/applications/42c4aa1a-258d-44a0-a858-5c2ed1cd2856/oauth-keys/25276c26-d463-4cde-b264-6ee604b9a049/generate-token HTTP/1.1 200 1009 https://localhost:9443/devportal/apis/9db3e05d-9e9d-4ec1-96f5-71ff9cd451e7/test Mozilla/5.0 (Windows NT 10.0; Win64; x64) AppleWebKit/537.36 (KHTML, like Gecko) Chrome/114.0.0.0 Safari/537.36 0.075
127.0.0.1 - - [17/Jul/2023:12:39:33 +0500] POST /internal/data/v1/notify HTTP/1.1 200 - - Apache-HttpClient/4.5.13 (Java/11.0.18) 0.021
0:0:0:0:0:0:0:1 - - [17/Jul/2023:12:40:18 +0500] GET /api/am/publisher/v3/apis/9db3e05d-9e9d-4ec1-96f5-71ff9cd451e7/wsdl-info HTTP/1.1 200 15 https://localhost:9443/publisher/apis/9db3e05d-9e9d-4ec1-96f5-71ff9cd451e7/wsdl Mozilla/5.0 (Windows NT 10.0; Win64; x64) AppleWebKit/537.36 (KHTML, like Gecko) Chrome/114.0.0.0 Safari/537.36 0.042
0:0:0:0:0:0:0:1 - - [17/Jul/2023:12:40:18 +0500] GET /api/am/publisher/v3/apis/9db3e05d-9e9d-4ec1-96f5-71ff9cd451e7/wsdl HTTP/1.1 200 64575 https://localhost:9443/publisher/apis/9db3e05d-9e9d-4ec1-96f5-71ff9cd451e7/wsdl Mozilla/5.0 (Windows NT 10.0; Win64; x64) AppleWebKit/537.36 (KHTML, like Gecko) Chrome/114.0.0.0 Safari/537.36 0.040
0:0:0:0:0:0:0:1 - - [17/Jul/2023:12:40:18 +0500] GET /publisher/site/public/dist/24.4f5f127a8c267c6b596e.bundle.js HTTP/1.1 200 1802 https://localhost:9443/publisher/apis/9db3e05d-9e9d-4ec1-96f5-71ff9cd451e7/wsdl Mozilla/5.0 (Windows NT 10.0; Win64; x64) AppleWebKit/537.36 (KHTML, like Gecko) Chrome/114.0.0.0 Safari/537.36 0.002
0:0:0:0:0:0:0:1 - - [17/Jul/2023:12:40:18 +0500] GET /publisher/site/public/dist/editor.worker.js HTTP/1.1 200 1068 https://localhost:9443/publisher/apis/9db3e05d-9e9d-4ec1-96f5-71ff9cd451e7/wsdl Mozilla/5.0 (Windows NT 10.0; Win64; x64) AppleWebKit/537.36 (KHTML, like Gecko) Chrome/114.0.0.0 Safari/537.36 0.004
0:0:0:0:0:0:0:1 - - [17/Jul/2023:12:40:19 +0500] GET /publisher/site/public/dist/b3726f0165bf67ac68494ee7a1b9f6ce.ttf HTTP/1.1 200 61024 https://localhost:9443/publisher/apis/9db3e05d-9e9d-4ec1-96f5-71ff9cd451e7/overview Mozilla/5.0 (Windows NT 10.0; Win64; x64) AppleWebKit/537.36 (KHTML, like Gecko) Chrome/114.0.0.0 Safari/537.36 0.002
0:0:0:0:0:0:0:1 - - [17/Jul/2023:12:40:27 +0500] GET /api/am/publisher/v3/endpoint-certificates?endpoint=http%3A%2F%2F172.24.4.43%3A8084%2Fmobiliser%2Fbvsmw HTTP/1.1 200 100 https://localhost:9443/publisher/apis/9db3e05d-9e9d-4ec1-96f5-71ff9cd451e7/endpoints Mozilla/5.0 (Windows NT 10.0; Win64; x64) AppleWebKit/537.36 (KHTML, like Gecko) Chrome/114.0.0.0 Safari/537.36 0.027
0:0:0:0:0:0:0:1 - - [17/Jul/2023:12:40:27 +0500] GET /api/am/publisher/v3/apis/9db3e05d-9e9d-4ec1-96f5-71ff9cd451e7/swagger HTTP/1.1 200 773 https://localhost:9443/publisher/apis/9db3e05d-9e9d-4ec1-96f5-71ff9cd451e7/endpoints Mozilla/5.0 (Windows NT 10.0; Win64; x64) AppleWebKit/537.36 (KHTML, like Gecko) Chrome/114.0.0.0 Safari/537.36 0.061
0:0:0:0:0:0:0:1 - - [17/Jul/2023:12:41:21 +0500] PUT /api/am/publisher/v3/apis/9db3e05d-9e9d-4ec1-96f5-71ff9cd451e7 HTTP/1.1 200 1330 https://localhost:9443/publisher/apis/9db3e05d-9e9d-4ec1-96f5-71ff9cd451e7/endpoints Mozilla/5.0 (Windows NT 10.0; Win64; x64) AppleWebKit/537.36 (KHTML, like Gecko) Chrome/114.0.0.0 Safari/537.36 1.171
0:0:0:0:0:0:0:1 - - [17/Jul/2023:12:41:22 +0500] GET /api/am/publisher/v3/apis/9db3e05d-9e9d-4ec1-96f5-71ff9cd451e7/swagger HTTP/1.1 200 795 https://localhost:9443/publisher/apis/9db3e05d-9e9d-4ec1-96f5-71ff9cd451e7/endpoints Mozilla/5.0 (Windows NT 10.0; Win64; x64) AppleWebKit/537.36 (KHTML, like Gecko) Chrome/114.0.0.0 Safari/537.36 0.088
0:0:0:0:0:0:0:1 - - [17/Jul/2023:12:41:22 +0500] GET /api/am/publisher/v3/endpoint-certificates?endpoint=http%3A%2F%2F172.24.4.43%3A8084%2Fmobiliser%2Fbvsmw HTTP/1.1 200 100 https://localhost:9443/publisher/apis/9db3e05d-9e9d-4ec1-96f5-71ff9cd451e7/endpoints Mozilla/5.0 (Windows NT 10.0; Win64; x64) AppleWebKit/537.36 (KHTML, like Gecko) Chrome/114.0.0.0 Safari/537.36 0.014
0:0:0:0:0:0:0:1 - - [17/Jul/2023:12:41:31 +0500] GET /api/am/devportal/v2/api-categories HTTP/1.1 200 21 https://localhost:9443/devportal/apis Mozilla/5.0 (Windows NT 10.0; Win64; x64) AppleWebKit/537.36 (KHTML, like Gecko) Chrome/114.0.0.0 Safari/537.36 0.017
0:0:0:0:0:0:0:1 - - [17/Jul/2023:12:41:31 +0500] - 400 - - - 0.000
0:0:0:0:0:0:0:1 - - [17/Jul/2023:12:41:31 +0500] GET /api/am/devportal/v2/tags HTTP/1.1 200 119 https://localhost:9443/devportal/apis Mozilla/5.0 (Windows NT 10.0; Win64; x64) AppleWebKit/537.36 (KHTML, like Gecko) Chrome/114.0.0.0 Safari/537.36 0.105
0:0:0:0:0:0:0:1 - - [17/Jul/2023:12:41:31 +0500] GET /api/am/devportal/v2/apis?limit=10&offset=0 HTTP/1.1 200 816 https://localhost:9443/devportal/apis Mozilla/5.0 (Windows NT 10.0; Win64; x64) AppleWebKit/537.36 (KHTML, like Gecko) Chrome/114.0.0.0 Safari/537.36 0.170
0:0:0:0:0:0:0:1 - - [17/Jul/2023:12:41:31 +0500] GET /api/am/devportal/v2/apis/9db3e05d-9e9d-4ec1-96f5-71ff9cd451e7/thumbnail HTTP/1.1 204 - https://localhost:9443/devportal/apis Mozilla/5.0 (Windows NT 10.0; Win64; x64) AppleWebKit/537.36 (KHTML, like Gecko) Chrome/114.0.0.0 Safari/537.36 0.037
0:0:0:0:0:0:0:1 - - [17/Jul/2023:12:41:31 +0500] GET /api/am/devportal/v2/apis/9db3e05d-9e9d-4ec1-96f5-71ff9cd451e7/ratings HTTP/1.1 200 125 https://localhost:9443/devportal/apis Mozilla/5.0 (Windows NT 10.0; Win64; x64) AppleWebKit/537.36 (KHTML, like Gecko) Chrome/114.0.0.0 Safari/537.36 0.040
0:0:0:0:0:0:0:1 - - [17/Jul/2023:12:41:31 +0500] GET /api/am/devportal/v2/apis/a9eff00c-8aee-4ca5-8e6e-3d5df6468875/ratings HTTP/1.1 200 125 https://localhost:9443/devportal/apis Mozilla/5.0 (Windows NT 10.0; Win64; x64) AppleWebKit/537.36 (KHTML, like Gecko) Chrome/114.0.0.0 Safari/537.36 0.031
0:0:0:0:0:0:0:1 - - [17/Jul/2023:12:41:31 +0500] GET /api/am/devportal/v2/apis/f166cc64-02b1-488c-b6e7-2e00befe5d92/thumbnail HTTP/1.1 204 - https://localhost:9443/devportal/apis Mozilla/5.0 (Windows NT 10.0; Win64; x64) AppleWebKit/537.36 (KHTML, like Gecko) Chrome/114.0.0.0 Safari/537.36 0.031
0:0:0:0:0:0:0:1 - - [17/Jul/2023:12:41:31 +0500] GET /api/am/devportal/v2/apis/f166cc64-02b1-488c-b6e7-2e00befe5d92/ratings HTTP/1.1 200 125 https://localhost:9443/devportal/apis Mozilla/5.0 (Windows NT 10.0; Win64; x64) AppleWebKit/537.36 (KHTML, like Gecko) Chrome/114.0.0.0 Safari/537.36 0.041
0:0:0:0:0:0:0:1 - - [17/Jul/2023:12:41:31 +0500] - 400 - - - 0.000
0:0:0:0:0:0:0:1 - - [17/Jul/2023:12:41:31 +0500] - 400 - - - 0.000
0:0:0:0:0:0:0:1 - - [17/Jul/2023:12:41:31 +0500] GET /api/am/devportal/v2/apis/d440f6b9-22c1-4326-8625-16eff1a0354e/ratings HTTP/1.1 200 125 https://localhost:9443/devportal/apis Mozilla/5.0 (Windows NT 10.0; Win64; x64) AppleWebKit/537.36 (KHTML, like Gecko) Chrome/114.0.0.0 Safari/537.36 0.021
0:0:0:0:0:0:0:1 - - [17/Jul/2023:12:41:31 +0500] - 400 - - - 0.000
0:0:0:0:0:0:0:1 - - [17/Jul/2023:12:41:31 +0500] GET /api/am/devportal/v2/apis/a9eff00c-8aee-4ca5-8e6e-3d5df6468875/thumbnail HTTP/1.1 204 - https://localhost:9443/devportal/apis Mozilla/5.0 (Windows NT 10.0; Win64; x64) AppleWebKit/537.36 (KHTML, like Gecko) Chrome/114.0.0.0 Safari/537.36 0.028
0:0:0:0:0:0:0:1 - - [17/Jul/2023:12:41:31 +0500] GET /api/am/devportal/v2/apis/a7a6f198-2961-422a-9ba4-7dd81d27f2dc/ratings HTTP/1.1 200 125 https://localhost:9443/devportal/apis Mozilla/5.0 (Windows NT 10.0; Win64; x64) AppleWebKit/537.36 (KHTML, like Gecko) Chrome/114.0.0.0 Safari/537.36 0.041
0:0:0:0:0:0:0:1 - - [17/Jul/2023:12:41:31 +0500] GET /api/am/devportal/v2/apis/a7a6f198-2961-422a-9ba4-7dd81d27f2dc/thumbnail HTTP/1.1 204 - https://localhost:9443/devportal/apis Mozilla/5.0 (Windows NT 10.0; Win64; x64) AppleWebKit/537.36 (KHTML, like Gecko) Chrome/114.0.0.0 Safari/537.36 0.025
0:0:0:0:0:0:0:1 - - [17/Jul/2023:12:41:31 +0500] GET /api/am/devportal/v2/apis/d440f6b9-22c1-4326-8625-16eff1a0354e/thumbnail HTTP/1.1 204 - https://localhost:9443/devportal/apis Mozilla/5.0 (Windows NT 10.0; Win64; x64) AppleWebKit/537.36 (KHTML, like Gecko) Chrome/114.0.0.0 Safari/537.36 0.020
0:0:0:0:0:0:0:1 - - [17/Jul/2023:12:41:31 +0500] GET /api/am/devportal/v2/apis/2d15ab04-b0b2-4820-8b7c-052e4997dcce/ratings HTTP/1.1 200 125 https://localhost:9443/devportal/apis Mozilla/5.0 (Windows NT 10.0; Win64; x64) AppleWebKit/537.36 (KHTML, like Gecko) Chrome/114.0.0.0 Safari/537.36 0.024
0:0:0:0:0:0:0:1 - - [17/Jul/2023:12:41:31 +0500] GET /api/am/devportal/v2/apis/2d15ab04-b0b2-4820-8b7c-052e4997dcce/thumbnail HTTP/1.1 204 - https://localhost:9443/devportal/apis Mozilla/5.0 (Windows NT 10.0; Win64; x64) AppleWebKit/537.36 (KHTML, like Gecko) Chrome/114.0.0.0 Safari/537.36 0.026
0:0:0:0:0:0:0:1 - - [17/Jul/2023:12:41:36 +0500] GET /api/am/devportal/v2/apis/9db3e05d-9e9d-4ec1-96f5-71ff9cd451e7 HTTP/1.1 200 1173 https://localhost:9443/devportal/apis/9db3e05d-9e9d-4ec1-96f5-71ff9cd451e7 Mozilla/5.0 (Windows NT 10.0; Win64; x64) AppleWebKit/537.36 (KHTML, like Gecko) Chrome/114.0.0.0 Safari/537.36 0.038
0:0:0:0:0:0:0:1 - - [17/Jul/2023:12:41:36 +0500] GET /api/am/devportal/v2/applications?limit=5000 HTTP/1.1 200 440 https://localhost:9443/devportal/apis/9db3e05d-9e9d-4ec1-96f5-71ff9cd451e7 Mozilla/5.0 (Windows NT 10.0; Win64; x64) AppleWebKit/537.36 (KHTML, like Gecko) Chrome/114.0.0.0 Safari/537.36 0.026
127.0.0.1 - - [17/Jul/2023:12:41:36 +0500] GET /keymanager-operations/dcr/register/UW1XanBNbUZfYnJYZ2Y5YjQ2eVFUaklubkRnYQ%3D%3D HTTP/1.1 200 515 - Apache-HttpClient/4.5.13 (Java/11.0.18) 0.031
0:0:0:0:0:0:0:1 - - [17/Jul/2023:12:41:36 +0500] GET /api/am/devportal/v2/subscriptions?apiId=9db3e05d-9e9d-4ec1-96f5-71ff9cd451e7&limit=5000 HTTP/1.1 200 666 https://localhost:9443/devportal/apis/9db3e05d-9e9d-4ec1-96f5-71ff9cd451e7 Mozilla/5.0 (Windows NT 10.0; Win64; x64) AppleWebKit/537.36 (KHTML, like Gecko) Chrome/114.0.0.0 Safari/537.36 0.083
127.0.0.1 - - [17/Jul/2023:12:41:36 +0500] GET /keymanager-operations/dcr/register/UW1XanBNbUZfYnJYZ2Y5YjQ2eVFUaklubkRnYQ%3D%3D HTTP/1.1 200 515 - Apache-HttpClient/4.5.13 (Java/11.0.18) 0.013
0:0:0:0:0:0:0:1 - - [17/Jul/2023:12:41:36 +0500] GET /api/am/devportal/v2/subscriptions?apiId=9db3e05d-9e9d-4ec1-96f5-71ff9cd451e7&limit=25 HTTP/1.1 200 664 https://localhost:9443/devportal/apis/9db3e05d-9e9d-4ec1-96f5-71ff9cd451e7 Mozilla/5.0 (Windows NT 10.0; Win64; x64) AppleWebKit/537.36 (KHTML, like Gecko) Chrome/114.0.0.0 Safari/537.36 0.103
0:0:0:0:0:0:0:1 - - [17/Jul/2023:12:41:36 +0500] GET /api/am/devportal/v2/throttling-policies/subscription HTTP/1.1 200 634 https://localhost:9443/devportal/apis/9db3e05d-9e9d-4ec1-96f5-71ff9cd451e7/overview Mozilla/5.0 (Windows NT 10.0; Win64; x64) AppleWebKit/537.36 (KHTML, like Gecko) Chrome/114.0.0.0 Safari/537.36 0.006
0:0:0:0:0:0:0:1 - - [17/Jul/2023:12:41:36 +0500] GET /api/am/devportal/v2/throttling-policies/subscription HTTP/1.1 200 634 https://localhost:9443/devportal/apis/9db3e05d-9e9d-4ec1-96f5-71ff9cd451e7/overview Mozilla/5.0 (Windows NT 10.0; Win64; x64) AppleWebKit/537.36 (KHTML, like Gecko) Chrome/114.0.0.0 Safari/537.36 0.011
0:0:0:0:0:0:0:1 - - [17/Jul/2023:12:41:36 +0500] GET /api/am/devportal/v2/apis/9db3e05d-9e9d-4ec1-96f5-71ff9cd451e7/documents HTTP/1.1 200 92 https://localhost:9443/devportal/apis/9db3e05d-9e9d-4ec1-96f5-71ff9cd451e7/overview Mozilla/5.0 (Windows NT 10.0; Win64; x64) AppleWebKit/537.36 (KHTML, like Gecko) Chrome/114.0.0.0 Safari/537.36 0.025
0:0:0:0:0:0:0:1 - - [17/Jul/2023:12:41:36 +0500] GET /api/am/devportal/v2/apis/9db3e05d-9e9d-4ec1-96f5-71ff9cd451e7/documents HTTP/1.1 200 92 https://localhost:9443/devportal/apis/9db3e05d-9e9d-4ec1-96f5-71ff9cd451e7/overview Mozilla/5.0 (Windows NT 10.0; Win64; x64) AppleWebKit/537.36 (KHTML, like Gecko) Chrome/114.0.0.0 Safari/537.36 0.021
0:0:0:0:0:0:0:1 - - [17/Jul/2023:12:41:36 +0500] GET /api/am/devportal/v2/apis/9db3e05d-9e9d-4ec1-96f5-71ff9cd451e7/thumbnail HTTP/1.1 204 - https://localhost:9443/devportal/apis/9db3e05d-9e9d-4ec1-96f5-71ff9cd451e7/overview Mozilla/5.0 (Windows NT 10.0; Win64; x64) AppleWebKit/537.36 (KHTML, like Gecko) Chrome/114.0.0.0 Safari/537.36 0.016
0:0:0:0:0:0:0:1 - - [17/Jul/2023:12:41:36 +0500] GET /api/am/devportal/v2/apis/9db3e05d-9e9d-4ec1-96f5-71ff9cd451e7/comments?limit=5&offset=0 HTTP/1.1 200 101 https://localhost:9443/devportal/apis/9db3e05d-9e9d-4ec1-96f5-71ff9cd451e7/overview Mozilla/5.0 (Windows NT 10.0; Win64; x64) AppleWebKit/537.36 (KHTML, like Gecko) Chrome/114.0.0.0 Safari/537.36 0.030
0:0:0:0:0:0:0:1 - - [17/Jul/2023:12:41:36 +0500] GET /api/am/devportal/v2/apis/9db3e05d-9e9d-4ec1-96f5-71ff9cd451e7/ratings HTTP/1.1 200 125 https://localhost:9443/devportal/apis/9db3e05d-9e9d-4ec1-96f5-71ff9cd451e7/overview Mozilla/5.0 (Windows NT 10.0; Win64; x64) AppleWebKit/537.36 (KHTML, like Gecko) Chrome/114.0.0.0 Safari/537.36 0.052
127.0.0.1 - - [17/Jul/2023:12:41:38 +0500] GET /internal/data/v1/apis?context=/registration/v1&version=v1&gatewayLabel=Default HTTP/1.1 200 381 - Apache-HttpClient/4.5.13 (Java/11.0.18) 0.010
0:0:0:0:0:0:0:1 - - [17/Jul/2023:12:41:38 +0500] GET /api/am/devportal/v2/apis/9db3e05d-9e9d-4ec1-96f5-71ff9cd451e7 HTTP/1.1 200 1173 https://localhost:9443/devportal/apis/9db3e05d-9e9d-4ec1-96f5-71ff9cd451e7/test Mozilla/5.0 (Windows NT 10.0; Win64; x64) AppleWebKit/537.36 (KHTML, like Gecko) Chrome/114.0.0.0 Safari/537.36 0.045
0:0:0:0:0:0:0:1 - - [17/Jul/2023:12:41:38 +0500] GET /api/am/devportal/v2/applications?limit=5000 HTTP/1.1 200 440 https://localhost:9443/devportal/apis/9db3e05d-9e9d-4ec1-96f5-71ff9cd451e7/test Mozilla/5.0 (Windows NT 10.0; Win64; x64) AppleWebKit/537.36 (KHTML, like Gecko) Chrome/114.0.0.0 Safari/537.36 0.017
127.0.0.1 - - [17/Jul/2023:12:41:38 +0500] GET /keymanager-operations/dcr/register/UW1XanBNbUZfYnJYZ2Y5YjQ2eVFUaklubkRnYQ%3D%3D HTTP/1.1 200 515 - Apache-HttpClient/4.5.13 (Java/11.0.18) 0.010
0:0:0:0:0:0:0:1 - - [17/Jul/2023:12:41:38 +0500] GET /api/am/devportal/v2/apis/9db3e05d-9e9d-4ec1-96f5-71ff9cd451e7 HTTP/1.1 200 1173 https://localhost:9443/devportal/apis/9db3e05d-9e9d-4ec1-96f5-71ff9cd451e7/test Mozilla/5.0 (Windows NT 10.0; Win64; x64) AppleWebKit/537.36 (KHTML, like Gecko) Chrome/114.0.0.0 Safari/537.36 0.035
0:0:0:0:0:0:0:1 - - [17/Jul/2023:12:41:38 +0500] GET /api/am/devportal/v2/subscriptions?apiId=9db3e05d-9e9d-4ec1-96f5-71ff9cd451e7&limit=25 HTTP/1.1 200 664 https://localhost:9443/devportal/apis/9db3e05d-9e9d-4ec1-96f5-71ff9cd451e7/test Mozilla/5.0 (Windows NT 10.0; Win64; x64) AppleWebKit/537.36 (KHTML, like Gecko) Chrome/114.0.0.0 Safari/537.36 0.070
127.0.0.1 - - [17/Jul/2023:12:41:38 +0500] GET /keymanager-operations/dcr/register/UW1XanBNbUZfYnJYZ2Y5YjQ2eVFUaklubkRnYQ%3D%3D HTTP/1.1 200 515 - Apache-HttpClient/4.5.13 (Java/11.0.18) 0.008
0:0:0:0:0:0:0:1 - - [17/Jul/2023:12:41:38 +0500] GET /api/am/devportal/v2/subscriptions?apiId=9db3e05d-9e9d-4ec1-96f5-71ff9cd451e7&limit=5000 HTTP/1.1 200 666 https://localhost:9443/devportal/apis/9db3e05d-9e9d-4ec1-96f5-71ff9cd451e7/test Mozilla/5.0 (Windows NT 10.0; Win64; x64) AppleWebKit/537.36 (KHTML, like Gecko) Chrome/114.0.0.0 Safari/537.36 0.079
0:0:0:0:0:0:0:1 - - [17/Jul/2023:12:41:38 +0500] GET /api/am/devportal/v2/apis/9db3e05d-9e9d-4ec1-96f5-71ff9cd451e7/swagger?environmentName=Default HTTP/1.1 200 493 https://localhost:9443/devportal/apis/9db3e05d-9e9d-4ec1-96f5-71ff9cd451e7/test Mozilla/5.0 (Windows NT 10.0; Win64; x64) AppleWebKit/537.36 (KHTML, like Gecko) Chrome/114.0.0.0 Safari/537.36 0.024
0:0:0:0:0:0:0:1 - - [17/Jul/2023:12:41:39 +0500] GET /api/am/devportal/v2/swagger.yaml HTTP/1.1 200 23493 https://localhost:9443/devportal/apis/9db3e05d-9e9d-4ec1-96f5-71ff9cd451e7/test Mozilla/5.0 (Windows NT 10.0; Win64; x64) AppleWebKit/537.36 (KHTML, like Gecko) Chrome/114.0.0.0 Safari/537.36 0.012
127.0.0.1 - - [17/Jul/2023:12:41:39 +0500] GET /keymanager-operations/dcr/register/UW1XanBNbUZfYnJYZ2Y5YjQ2eVFUaklubkRnYQ%3D%3D HTTP/1.1 200 515 - Apache-HttpClient/4.5.13 (Java/11.0.18) 0.008
0:0:0:0:0:0:0:1 - - [17/Jul/2023:12:41:39 +0500] GET /api/am/devportal/v2/subscriptions?apiId=9db3e05d-9e9d-4ec1-96f5-71ff9cd451e7&limit=25 HTTP/1.1 200 664 https://localhost:9443/devportal/apis/9db3e05d-9e9d-4ec1-96f5-71ff9cd451e7/test Mozilla/5.0 (Windows NT 10.0; Win64; x64) AppleWebKit/537.36 (KHTML, like Gecko) Chrome/114.0.0.0 Safari/537.36 0.061
127.0.0.1 - - [17/Jul/2023:12:41:39 +0500] GET /oauth2/token/.well-known/openid-configuration HTTP/1.1 200 2245 - Apache-HttpClient/4.5.13 (Java/11.0.18) 0.006
0:0:0:0:0:0:0:1 - - [17/Jul/2023:12:41:39 +0500] GET /api/am/devportal/v2/key-managers HTTP/1.1 200 755 https://localhost:9443/devportal/apis/9db3e05d-9e9d-4ec1-96f5-71ff9cd451e7/test Mozilla/5.0 (Windows NT 10.0; Win64; x64) AppleWebKit/537.36 (KHTML, like Gecko) Chrome/114.0.0.0 Safari/537.36 0.100
127.0.0.1 - - [17/Jul/2023:12:41:39 +0500] GET /keymanager-operations/dcr/register/UW1XanBNbUZfYnJYZ2Y5YjQ2eVFUaklubkRnYQ%3D%3D HTTP/1.1 200 515 - Apache-HttpClient/4.5.13 (Java/11.0.18) 0.004
0:0:0:0:0:0:0:1 - - [17/Jul/2023:12:41:39 +0500] GET /api/am/devportal/v2/subscriptions?apiId=9db3e05d-9e9d-4ec1-96f5-71ff9cd451e7&limit=25 HTTP/1.1 200 664 https://localhost:9443/devportal/apis/9db3e05d-9e9d-4ec1-96f5-71ff9cd451e7/test Mozilla/5.0 (Windows NT 10.0; Win64; x64) AppleWebKit/537.36 (KHTML, like Gecko) Chrome/114.0.0.0 Safari/537.36 0.033
0:0:0:0:0:0:0:1 - - [17/Jul/2023:12:41:39 +0500] GET /api/am/devportal/v2/applications/ HTTP/1.1 200 438 https://localhost:9443/devportal/apis/9db3e05d-9e9d-4ec1-96f5-71ff9cd451e7/test Mozilla/5.0 (Windows NT 10.0; Win64; x64) AppleWebKit/537.36 (KHTML, like Gecko) Chrome/114.0.0.0 Safari/537.36 0.016
0:0:0:0:0:0:0:1 - - [17/Jul/2023:12:41:39 +0500] GET /api/am/devportal/v2/swagger.yaml HTTP/1.1 200 23493 https://localhost:9443/devportal/apis/9db3e05d-9e9d-4ec1-96f5-71ff9cd451e7/test Mozilla/5.0 (Windows NT 10.0; Win64; x64) AppleWebKit/537.36 (KHTML, like Gecko) Chrome/114.0.0.0 Safari/537.36 0.010
127.0.0.1 - - [17/Jul/2023:12:41:40 +0500] GET /keymanager-operations/dcr/register/UW1XanBNbUZfYnJYZ2Y5YjQ2eVFUaklubkRnYQ%3D%3D HTTP/1.1 200 515 - Apache-HttpClient/4.5.13 (Java/11.0.18) 0.006
0:0:0:0:0:0:0:1 - - [17/Jul/2023:12:41:40 +0500] GET /api/am/devportal/v2/applications/42c4aa1a-258d-44a0-a858-5c2ed1cd2856 HTTP/1.1 200 288 https://localhost:9443/devportal/apis/9db3e05d-9e9d-4ec1-96f5-71ff9cd451e7/test Mozilla/5.0 (Windows NT 10.0; Win64; x64) AppleWebKit/537.36 (KHTML, like Gecko) Chrome/114.0.0.0 Safari/537.36 0.016
127.0.0.1 - - [17/Jul/2023:12:41:40 +0500] GET /keymanager-operations/dcr/register/UW1XanBNbUZfYnJYZ2Y5YjQ2eVFUaklubkRnYQ%3D%3D HTTP/1.1 200 515 - Apache-HttpClient/4.5.13 (Java/11.0.18) 0.005
0:0:0:0:0:0:0:1 - - [17/Jul/2023:12:41:40 +0500] GET /api/am/devportal/v2/applications/42c4aa1a-258d-44a0-a858-5c2ed1cd2856/oauth-keys HTTP/1.1 200 663 https://localhost:9443/devportal/apis/9db3e05d-9e9d-4ec1-96f5-71ff9cd451e7/test Mozilla/5.0 (Windows NT 10.0; Win64; x64) AppleWebKit/537.36 (KHTML, like Gecko) Chrome/114.0.0.0 Safari/537.36 0.015
0:0:0:0:0:0:0:1 - - [17/Jul/2023:12:41:40 +0500] GET /api/am/devportal/v2/swagger.yaml HTTP/1.1 200 23493 https://localhost:9443/devportal/apis/9db3e05d-9e9d-4ec1-96f5-71ff9cd451e7/test Mozilla/5.0 (Windows NT 10.0; Win64; x64) AppleWebKit/537.36 (KHTML, like Gecko) Chrome/114.0.0.0 Safari/537.36 0.014
0:0:0:0:0:0:0:1 - - [17/Jul/2023:12:41:40 +0500] GET /api/am/devportal/v2/swagger.yaml HTTP/1.1 200 23493 https://localhost:9443/devportal/apis/9db3e05d-9e9d-4ec1-96f5-71ff9cd451e7/test Mozilla/5.0 (Windows NT 10.0; Win64; x64) AppleWebKit/537.36 (KHTML, like Gecko) Chrome/114.0.0.0 Safari/537.36 0.012
127.0.0.1 - - [17/Jul/2023:12:41:40 +0500] GET /keymanager-operations/dcr/register/UW1XanBNbUZfYnJYZ2Y5YjQ2eVFUaklubkRnYQ%3D%3D HTTP/1.1 200 515 - Apache-HttpClient/4.5.13 (Java/11.0.18) 0.009
0:0:0:0:0:0:0:1 - - [17/Jul/2023:12:41:40 +0500] GET /api/am/devportal/v2/applications/42c4aa1a-258d-44a0-a858-5c2ed1cd2856 HTTP/1.1 200 288 https://localhost:9443/devportal/apis/9db3e05d-9e9d-4ec1-96f5-71ff9cd451e7/test Mozilla/5.0 (Windows NT 10.0; Win64; x64) AppleWebKit/537.36 (KHTML, like Gecko) Chrome/114.0.0.0 Safari/537.36 0.021
127.0.0.1 - - [17/Jul/2023:12:41:40 +0500] GET /keymanager-operations/dcr/register/UW1XanBNbUZfYnJYZ2Y5YjQ2eVFUaklubkRnYQ%3D%3D HTTP/1.1 200 515 - Apache-HttpClient/4.5.13 (Java/11.0.18) 0.014
0:0:0:0:0:0:0:1 - - [17/Jul/2023:12:41:40 +0500] GET /api/am/devportal/v2/applications/42c4aa1a-258d-44a0-a858-5c2ed1cd2856 HTTP/1.1 200 288 https://localhost:9443/devportal/apis/9db3e05d-9e9d-4ec1-96f5-71ff9cd451e7/test Mozilla/5.0 (Windows NT 10.0; Win64; x64) AppleWebKit/537.36 (KHTML, like Gecko) Chrome/114.0.0.0 Safari/537.36 0.028
127.0.0.1 - - [17/Jul/2023:12:41:40 +0500] GET /keymanager-operations/dcr/register/UW1XanBNbUZfYnJYZ2Y5YjQ2eVFUaklubkRnYQ%3D%3D HTTP/1.1 200 515 - Apache-HttpClient/4.5.13 (Java/11.0.18) 0.011
0:0:0:0:0:0:0:1 - - [17/Jul/2023:12:41:40 +0500] GET /api/am/devportal/v2/applications/42c4aa1a-258d-44a0-a858-5c2ed1cd2856/oauth-keys HTTP/1.1 200 663 https://localhost:9443/devportal/apis/9db3e05d-9e9d-4ec1-96f5-71ff9cd451e7/test Mozilla/5.0 (Windows NT 10.0; Win64; x64) AppleWebKit/537.36 (KHTML, like Gecko) Chrome/114.0.0.0 Safari/537.36 0.038
127.0.0.1 - - [17/Jul/2023:12:41:40 +0500] GET /keymanager-operations/dcr/register/UW1XanBNbUZfYnJYZ2Y5YjQ2eVFUaklubkRnYQ%3D%3D HTTP/1.1 200 515 - Apache-HttpClient/4.5.13 (Java/11.0.18) 0.006
0:0:0:0:0:0:0:1 - - [17/Jul/2023:12:41:40 +0500] GET /api/am/devportal/v2/applications/42c4aa1a-258d-44a0-a858-5c2ed1cd2856/oauth-keys HTTP/1.1 200 663 https://localhost:9443/devportal/apis/9db3e05d-9e9d-4ec1-96f5-71ff9cd451e7/test Mozilla/5.0 (Windows NT 10.0; Win64; x64) AppleWebKit/537.36 (KHTML, like Gecko) Chrome/114.0.0.0 Safari/537.36 0.022
0:0:0:0:0:0:0:1 - - [17/Jul/2023:12:41:42 +0500] GET /api/am/devportal/v2/swagger.yaml HTTP/1.1 200 23493 https://localhost:9443/devportal/apis/9db3e05d-9e9d-4ec1-96f5-71ff9cd451e7/test Mozilla/5.0 (Windows NT 10.0; Win64; x64) AppleWebKit/537.36 (KHTML, like Gecko) Chrome/114.0.0.0 Safari/537.36 0.016
127.0.0.1 - - [17/Jul/2023:12:41:42 +0500] GET /keymanager-operations/dcr/register/UW1XanBNbUZfYnJYZ2Y5YjQ2eVFUaklubkRnYQ%3D%3D HTTP/1.1 200 515 - Apache-HttpClient/4.5.13 (Java/11.0.18) 0.032
0:0:0:0:0:0:0:1 - - [17/Jul/2023:12:41:42 +0500] GET /api/am/devportal/v2/applications/42c4aa1a-258d-44a0-a858-5c2ed1cd2856 HTTP/1.1 200 288 https://localhost:9443/devportal/apis/9db3e05d-9e9d-4ec1-96f5-71ff9cd451e7/test Mozilla/5.0 (Windows NT 10.0; Win64; x64) AppleWebKit/537.36 (KHTML, like Gecko) Chrome/114.0.0.0 Safari/537.36 0.045
127.0.0.1 - - [17/Jul/2023:12:41:42 +0500] GET /keymanager-operations/dcr/register/UW1XanBNbUZfYnJYZ2Y5YjQ2eVFUaklubkRnYQ%3D%3D HTTP/1.1 200 515 - Apache-HttpClient/4.5.13 (Java/11.0.18) 0.008
0:0:0:0:0:0:0:1 - - [17/Jul/2023:12:41:42 +0500] GET /api/am/devportal/v2/applications/42c4aa1a-258d-44a0-a858-5c2ed1cd2856/oauth-keys HTTP/1.1 200 663 https://localhost:9443/devportal/apis/9db3e05d-9e9d-4ec1-96f5-71ff9cd451e7/test Mozilla/5.0 (Windows NT 10.0; Win64; x64) AppleWebKit/537.36 (KHTML, like Gecko) Chrome/114.0.0.0 Safari/537.36 0.018
127.0.0.1 - - [17/Jul/2023:12:41:42 +0500] GET /keymanager-operations/dcr/register/UW1XanBNbUZfYnJYZ2Y5YjQ2eVFUaklubkRnYQ%3D%3D HTTP/1.1 200 515 - Apache-HttpClient/4.5.13 (Java/11.0.18) 0.005
127.0.0.1 - - [17/Jul/2023:12:41:42 +0500] GET /keymanager-operations/dcr/register/UW1XanBNbUZfYnJYZ2Y5YjQ2eVFUaklubkRnYQ%3D%3D HTTP/1.1 200 515 - Apache-HttpClient/4.5.13 (Java/11.0.18) 0.011
127.0.0.1 - - [17/Jul/2023:12:41:43 +0500] POST /oauth2/token HTTP/1.1 200 1022 - Apache-HttpClient/4.5.13 (Java/11.0.18) 0.026
0:0:0:0:0:0:0:1 - - [17/Jul/2023:12:41:43 +0500] POST /api/am/devportal/v2/applications/42c4aa1a-258d-44a0-a858-5c2ed1cd2856/oauth-keys/25276c26-d463-4cde-b264-6ee604b9a049/generate-token HTTP/1.1 200 1009 https://localhost:9443/devportal/apis/9db3e05d-9e9d-4ec1-96f5-71ff9cd451e7/test Mozilla/5.0 (Windows NT 10.0; Win64; x64) AppleWebKit/537.36 (KHTML, like Gecko) Chrome/114.0.0.0 Safari/537.36 0.078
127.0.0.1 - - [17/Jul/2023:12:41:43 +0500] POST /internal/data/v1/notify HTTP/1.1 200 - - Apache-HttpClient/4.5.13 (Java/11.0.18) 0.019
