127.0.0.1 - - [20/Jun/2023:14:25:22 +0500] GET /keymanager-operations/dcr/register/NU1taEFTeEo5NEVmYjdxM3V4U0FQTDJpSG84YQ%3D%3D HTTP/1.1 200 568 - Apache-HttpClient/4.5.13 (Java/11.0.18) 2.030
127.0.0.1 - - [20/Jun/2023:14:25:22 +0500] GET /keymanager-operations/dcr/register/NU1taEFTeEo5NEVmYjdxM3V4U0FQTDJpSG84YQ%3D%3D HTTP/1.1 200 568 - Apache-HttpClient/4.5.13 (Java/11.0.18) 2.023
0:0:0:0:0:0:0:1 - - [20/Jun/2023:14:25:22 +0500] GET /api/am/devportal/v2/subscriptions?apiId=a7a6f198-2961-422a-9ba4-7dd81d27f2dc&limit=5000 HTTP/1.1 200 735 https://localhost:9443/devportal/apis/a7a6f198-2961-422a-9ba4-7dd81d27f2dc Mozilla/5.0 (Windows NT 10.0; Win64; x64) AppleWebKit/537.36 (KHTML, like Gecko) Chrome/114.0.0.0 Safari/537.36 2.357
0:0:0:0:0:0:0:1 - - [20/Jun/2023:14:25:22 +0500] GET /api/am/devportal/v2/subscriptions?apiId=a7a6f198-2961-422a-9ba4-7dd81d27f2dc&limit=25 HTTP/1.1 200 735 https://localhost:9443/devportal/apis/a7a6f198-2961-422a-9ba4-7dd81d27f2dc Mozilla/5.0 (Windows NT 10.0; Win64; x64) AppleWebKit/537.36 (KHTML, like Gecko) Chrome/114.0.0.0 Safari/537.36 2.366
0:0:0:0:0:0:0:1 - - [20/Jun/2023:14:25:26 +0500] GET /devportal/site/public/dist/2.9a7b1816aabad5b82d40.bundle.js HTTP/1.1 200 42987 https://localhost:9443/devportal/applications/aa31ee01-3d38-48ed-b044-11c78bfc8bd8/overview Mozilla/5.0 (Windows NT 10.0; Win64; x64) AppleWebKit/537.36 (KHTML, like Gecko) Chrome/114.0.0.0 Safari/537.36 0.038
0:0:0:0:0:0:0:1 - - [20/Jun/2023:14:25:27 +0500] GET /devportal/site/public/dist/ApplicationDetails.31117209c8c9c0d2e29d.bundle.js HTTP/1.1 200 70057 https://localhost:9443/devportal/applications/aa31ee01-3d38-48ed-b044-11c78bfc8bd8/overview Mozilla/5.0 (Windows NT 10.0; Win64; x64) AppleWebKit/537.36 (KHTML, like Gecko) Chrome/114.0.0.0 Safari/537.36 0.028
127.0.0.1 - - [20/Jun/2023:14:25:27 +0500] GET /keymanager-operations/dcr/register/NU1taEFTeEo5NEVmYjdxM3V4U0FQTDJpSG84YQ%3D%3D HTTP/1.1 200 568 - Apache-HttpClient/4.5.13 (Java/11.0.18) 0.014
0:0:0:0:0:0:0:1 - - [20/Jun/2023:14:25:27 +0500] GET /api/am/devportal/v2/applications/aa31ee01-3d38-48ed-b044-11c78bfc8bd8 HTTP/1.1 200 281 https://localhost:9443/devportal/applications/aa31ee01-3d38-48ed-b044-11c78bfc8bd8/overview Mozilla/5.0 (Windows NT 10.0; Win64; x64) AppleWebKit/537.36 (KHTML, like Gecko) Chrome/114.0.0.0 Safari/537.36 0.079
0:0:0:0:0:0:0:1 - - [20/Jun/2023:14:25:27 +0500] GET /api/am/devportal/v2/throttling-policies/application/Unlimited HTTP/1.1 200 490 https://localhost:9443/devportal/applications/aa31ee01-3d38-48ed-b044-11c78bfc8bd8/overview Mozilla/5.0 (Windows NT 10.0; Win64; x64) AppleWebKit/537.36 (KHTML, like Gecko) Chrome/114.0.0.0 Safari/537.36 0.006
127.0.0.1 - - [20/Jun/2023:14:25:27 +0500] GET /keymanager-operations/dcr/register/NU1taEFTeEo5NEVmYjdxM3V4U0FQTDJpSG84YQ%3D%3D HTTP/1.1 200 568 - Apache-HttpClient/4.5.13 (Java/11.0.18) 0.007
0:0:0:0:0:0:0:1 - - [20/Jun/2023:14:25:27 +0500] GET /api/am/devportal/v2/applications/aa31ee01-3d38-48ed-b044-11c78bfc8bd8 HTTP/1.1 200 281 https://localhost:9443/devportal/applications/aa31ee01-3d38-48ed-b044-11c78bfc8bd8/overview Mozilla/5.0 (Windows NT 10.0; Win64; x64) AppleWebKit/537.36 (KHTML, like Gecko) Chrome/114.0.0.0 Safari/537.36 0.023
0:0:0:0:0:0:0:1 - - [20/Jun/2023:14:25:27 +0500] GET /api/am/devportal/v2/throttling-policies/application/Unlimited HTTP/1.1 200 490 https://localhost:9443/devportal/applications/aa31ee01-3d38-48ed-b044-11c78bfc8bd8/overview Mozilla/5.0 (Windows NT 10.0; Win64; x64) AppleWebKit/537.36 (KHTML, like Gecko) Chrome/114.0.0.0 Safari/537.36 0.015
0:0:0:0:0:0:0:1 - - [20/Jun/2023:14:25:30 +0500] GET /api/am/devportal/v2/swagger.yaml HTTP/1.1 200 23493 https://localhost:9443/devportal/applications/aa31ee01-3d38-48ed-b044-11c78bfc8bd8/sandboxkeys/oauth Mozilla/5.0 (Windows NT 10.0; Win64; x64) AppleWebKit/537.36 (KHTML, like Gecko) Chrome/114.0.0.0 Safari/537.36 0.020
127.0.0.1 - - [20/Jun/2023:14:25:30 +0500] GET /oauth2/token/.well-known/openid-configuration HTTP/1.1 200 2245 - Apache-HttpClient/4.5.13 (Java/11.0.18) 0.009
0:0:0:0:0:0:0:1 - - [20/Jun/2023:14:25:30 +0500] GET /api/am/devportal/v2/key-managers HTTP/1.1 200 755 https://localhost:9443/devportal/applications/aa31ee01-3d38-48ed-b044-11c78bfc8bd8/sandboxkeys/oauth Mozilla/5.0 (Windows NT 10.0; Win64; x64) AppleWebKit/537.36 (KHTML, like Gecko) Chrome/114.0.0.0 Safari/537.36 0.096
127.0.0.1 - - [20/Jun/2023:14:25:30 +0500] GET /keymanager-operations/dcr/register/NU1taEFTeEo5NEVmYjdxM3V4U0FQTDJpSG84YQ%3D%3D HTTP/1.1 200 568 - Apache-HttpClient/4.5.13 (Java/11.0.18) 0.011
0:0:0:0:0:0:0:1 - - [20/Jun/2023:14:25:30 +0500] GET /api/am/devportal/v2/applications/aa31ee01-3d38-48ed-b044-11c78bfc8bd8 HTTP/1.1 200 281 https://localhost:9443/devportal/applications/aa31ee01-3d38-48ed-b044-11c78bfc8bd8/sandboxkeys/oauth Mozilla/5.0 (Windows NT 10.0; Win64; x64) AppleWebKit/537.36 (KHTML, like Gecko) Chrome/114.0.0.0 Safari/537.36 0.039
127.0.0.1 - - [20/Jun/2023:14:25:30 +0500] GET /keymanager-operations/dcr/register/NU1taEFTeEo5NEVmYjdxM3V4U0FQTDJpSG84YQ%3D%3D HTTP/1.1 200 568 - Apache-HttpClient/4.5.13 (Java/11.0.18) 0.010
0:0:0:0:0:0:0:1 - - [20/Jun/2023:14:25:31 +0500] GET /api/am/devportal/v2/applications/aa31ee01-3d38-48ed-b044-11c78bfc8bd8/oauth-keys HTTP/1.1 200 716 https://localhost:9443/devportal/applications/aa31ee01-3d38-48ed-b044-11c78bfc8bd8/sandboxkeys/oauth Mozilla/5.0 (Windows NT 10.0; Win64; x64) AppleWebKit/537.36 (KHTML, like Gecko) Chrome/114.0.0.0 Safari/537.36 0.042
0:0:0:0:0:0:0:1 - - [20/Jun/2023:14:25:31 +0500] GET /api/am/devportal/v2/swagger.yaml HTTP/1.1 200 23493 https://localhost:9443/devportal/applications/aa31ee01-3d38-48ed-b044-11c78bfc8bd8/sandboxkeys/oauth Mozilla/5.0 (Windows NT 10.0; Win64; x64) AppleWebKit/537.36 (KHTML, like Gecko) Chrome/114.0.0.0 Safari/537.36 0.010
0:0:0:0:0:0:0:1 - - [20/Jun/2023:14:25:31 +0500] GET /api/am/devportal/v2/applications/aa31ee01-3d38-48ed-b044-11c78bfc8bd8 HTTP/1.1 200 281 https://localhost:9443/devportal/applications/aa31ee01-3d38-48ed-b044-11c78bfc8bd8/sandboxkeys/oauth Mozilla/5.0 (Windows NT 10.0; Win64; x64) AppleWebKit/537.36 (KHTML, like Gecko) Chrome/114.0.0.0 Safari/537.36 0.029
127.0.0.1 - - [20/Jun/2023:14:25:31 +0500] GET /keymanager-operations/dcr/register/NU1taEFTeEo5NEVmYjdxM3V4U0FQTDJpSG84YQ%3D%3D HTTP/1.1 200 568 - Apache-HttpClient/4.5.13 (Java/11.0.18) 0.009
0:0:0:0:0:0:0:1 - - [20/Jun/2023:14:25:31 +0500] GET /api/am/devportal/v2/applications/aa31ee01-3d38-48ed-b044-11c78bfc8bd8/oauth-keys HTTP/1.1 200 716 https://localhost:9443/devportal/applications/aa31ee01-3d38-48ed-b044-11c78bfc8bd8/sandboxkeys/oauth Mozilla/5.0 (Windows NT 10.0; Win64; x64) AppleWebKit/537.36 (KHTML, like Gecko) Chrome/114.0.0.0 Safari/537.36 0.018
127.0.0.1 - - [20/Jun/2023:14:25:31 +0500] GET /keymanager-operations/dcr/register/NU1taEFTeEo5NEVmYjdxM3V4U0FQTDJpSG84YQ%3D%3D HTTP/1.1 200 568 - Apache-HttpClient/4.5.13 (Java/11.0.18) 0.009
0:0:0:0:0:0:0:1 - - [20/Jun/2023:14:28:56 +0500] - 400 - - - 0.000
0:0:0:0:0:0:0:1 - - [20/Jun/2023:14:28:57 +0500] POST /oauth2/authorize HTTP/1.1 302 - - PostmanRuntime/7.32.3 0.367
0:0:0:0:0:0:0:1 - - [20/Jun/2023:14:28:57 +0500] GET /authenticationendpoint/oauth2_error.do?oauthErrorCode=invalid_request&oauthErrorMsg=Redirect+URI+is+not+present+in+the+authorization+request HTTP/1.1 200 2516 https://localhost:9443/oauth2/authorize PostmanRuntime/7.32.3 0.118
0:0:0:0:0:0:0:1 - - [20/Jun/2023:14:29:27 +0500] POST /oauth2/authorize HTTP/1.1 302 - - PostmanRuntime/7.32.3 0.004
0:0:0:0:0:0:0:1 - - [20/Jun/2023:14:29:27 +0500] GET /authenticationendpoint/oauth2_error.do?oauthErrorCode=invalid_request&oauthErrorMsg=Redirect+URI+is+not+present+in+the+authorization+request HTTP/1.1 200 2516 https://localhost:9443/oauth2/authorize PostmanRuntime/7.32.3 0.013
0:0:0:0:0:0:0:1 - - [20/Jun/2023:14:30:06 +0500] POST /oauth2/authorize HTTP/1.1 302 - - PostmanRuntime/7.32.3 0.004
0:0:0:0:0:0:0:1 - - [20/Jun/2023:14:30:06 +0500] GET /authenticationendpoint/oauth2_error.do?oauthErrorCode=invalid_request&oauthErrorMsg=Redirect+URI+is+not+present+in+the+authorization+request HTTP/1.1 200 2516 https://localhost:9443/oauth2/authorize PostmanRuntime/7.32.3 0.016
0:0:0:0:0:0:0:1 - - [20/Jun/2023:14:35:07 +0500] - 400 - - - 0.000
0:0:0:0:0:0:0:1 - - [20/Jun/2023:14:35:07 +0500] POST /oauth2/authorize HTTP/1.1 302 - - PostmanRuntime/7.32.3 0.004
0:0:0:0:0:0:0:1 - - [20/Jun/2023:14:35:07 +0500] GET /authenticationendpoint/oauth2_error.do?oauthErrorCode=invalid_callback&oauthErrorMsg=Registered+callback+does+not+match+with+the+provided+url. HTTP/1.1 200 2519 https://localhost:9443/oauth2/authorize PostmanRuntime/7.32.3 0.017
0:0:0:0:0:0:0:1 - - [20/Jun/2023:14:52:26 +0500] - 400 - - - 0.000
0:0:0:0:0:0:0:1 - - [20/Jun/2023:15:03:18 +0500] - 400 - - - 0.000
0:0:0:0:0:0:0:1 - - [20/Jun/2023:15:03:18 +0500] - 400 - - - 0.000
0:0:0:0:0:0:0:1 - - [20/Jun/2023:15:03:18 +0500] - 400 - - - 0.000
127.0.0.1 - - [20/Jun/2023:15:03:19 +0500] GET /api/am/devportal/v2/settings HTTP/1.1 200 604 - Jakarta Commons-HttpClient/3.1 0.633
0:0:0:0:0:0:0:1 - - [20/Jun/2023:15:03:19 +0500] GET /devportal/services/configs?loginPrompt=false HTTP/1.1 302 - https://localhost:9443/devportal/applications/aa31ee01-3d38-48ed-b044-11c78bfc8bd8/sandboxkeys/oauth Mozilla/5.0 (Windows NT 10.0; Win64; x64) AppleWebKit/537.36 (KHTML, like Gecko) Chrome/114.0.0.0 Safari/537.36 0.685
0:0:0:0:0:0:0:1 - - [20/Jun/2023:15:03:19 +0500] GET /oauth2/authorize?response_type=code&client_id=1gMVqRyMGgEkZ3coeBEcN12K_zca&scope=apim:admin%20apim:api_key%20apim:app_import_export%20apim:app_manage%20apim:store_settings%20apim:sub_alert_manage%20apim:sub_manage%20apim:subscribe%20openid&state=/applications/aa31ee01-3d38-48ed-b044-11c78bfc8bd8/sandboxkeys/oauth&redirect_uri=https://localhost:9443/devportal/services/auth/callback/login&prompt=none HTTP/1.1 302 - https://localhost:9443/devportal/applications/aa31ee01-3d38-48ed-b044-11c78bfc8bd8/sandboxkeys/oauth Mozilla/5.0 (Windows NT 10.0; Win64; x64) AppleWebKit/537.36 (KHTML, like Gecko) Chrome/114.0.0.0 Safari/537.36 0.064
0:0:0:0:0:0:0:1 - - [20/Jun/2023:15:03:19 +0500] GET /devportal/services/auth/callback/login?error_description=Authentication+required&state=%2Fapplications%2Faa31ee01-3d38-48ed-b044-11c78bfc8bd8%2Fsandboxkeys%2Foauth&error=login_required HTTP/1.1 302 - https://localhost:9443/devportal/applications/aa31ee01-3d38-48ed-b044-11c78bfc8bd8/sandboxkeys/oauth Mozilla/5.0 (Windows NT 10.0; Win64; x64) AppleWebKit/537.36 (KHTML, like Gecko) Chrome/114.0.0.0 Safari/537.36 0.020
0:0:0:0:0:0:0:1 - - [20/Jun/2023:15:03:19 +0500] GET /devportal/services/auth/callback/logout?referrer=/apis HTTP/1.1 302 - https://localhost:9443/devportal/applications/aa31ee01-3d38-48ed-b044-11c78bfc8bd8/sandboxkeys/oauth Mozilla/5.0 (Windows NT 10.0; Win64; x64) AppleWebKit/537.36 (KHTML, like Gecko) Chrome/114.0.0.0 Safari/537.36 0.019
0:0:0:0:0:0:0:1 - - [20/Jun/2023:15:03:19 +0500] GET /devportal/logout?referrer=/apis HTTP/1.1 200 2034 https://localhost:9443/devportal/applications/aa31ee01-3d38-48ed-b044-11c78bfc8bd8/sandboxkeys/oauth Mozilla/5.0 (Windows NT 10.0; Win64; x64) AppleWebKit/537.36 (KHTML, like Gecko) Chrome/114.0.0.0 Safari/537.36 0.007
0:0:0:0:0:0:0:1 - - [20/Jun/2023:15:03:20 +0500] GET /devportal/site/public/css/main.css HTTP/1.1 200 1791 https://localhost:9443/devportal/logout?referrer=/apis Mozilla/5.0 (Windows NT 10.0; Win64; x64) AppleWebKit/537.36 (KHTML, like Gecko) Chrome/114.0.0.0 Safari/537.36 0.003
0:0:0:0:0:0:0:1 - - [20/Jun/2023:15:03:20 +0500] GET /devportal/site/public/theme/userTheme.js HTTP/1.1 200 952 https://localhost:9443/devportal/logout?referrer=/apis Mozilla/5.0 (Windows NT 10.0; Win64; x64) AppleWebKit/537.36 (KHTML, like Gecko) Chrome/114.0.0.0 Safari/537.36 0.002
0:0:0:0:0:0:0:1 - - [20/Jun/2023:15:03:20 +0500] GET /devportal/services/settings/settings.js HTTP/1.1 200 1036 https://localhost:9443/devportal/logout?referrer=/apis Mozilla/5.0 (Windows NT 10.0; Win64; x64) AppleWebKit/537.36 (KHTML, like Gecko) Chrome/114.0.0.0 Safari/537.36 0.008
0:0:0:0:0:0:0:1 - - [20/Jun/2023:15:03:20 +0500] GET /devportal/site/public/fonts/iconfont/material-icons.css HTTP/1.1 200 970 https://localhost:9443/devportal/logout?referrer=/apis Mozilla/5.0 (Windows NT 10.0; Win64; x64) AppleWebKit/537.36 (KHTML, like Gecko) Chrome/114.0.0.0 Safari/537.36 0.003
0:0:0:0:0:0:0:1 - - [20/Jun/2023:15:03:20 +0500] GET /devportal/site/public/css/overrides.css HTTP/1.1 200 - https://localhost:9443/devportal/logout?referrer=/apis Mozilla/5.0 (Windows NT 10.0; Win64; x64) AppleWebKit/537.36 (KHTML, like Gecko) Chrome/114.0.0.0 Safari/537.36 0.005
0:0:0:0:0:0:0:1 - - [20/Jun/2023:15:03:20 +0500] - 400 - - - 0.000
0:0:0:0:0:0:0:1 - - [20/Jun/2023:15:03:20 +0500] - 400 - - - 0.000
0:0:0:0:0:0:0:1 - - [20/Jun/2023:15:03:20 +0500] GET /devportal/site/public/fonts/iconfont/MaterialIcons.js HTTP/1.1 200 6703 https://localhost:9443/devportal/logout?referrer=/apis Mozilla/5.0 (Windows NT 10.0; Win64; x64) AppleWebKit/537.36 (KHTML, like Gecko) Chrome/114.0.0.0 Safari/537.36 0.036
0:0:0:0:0:0:0:1 - - [20/Jun/2023:15:03:20 +0500] GET /devportal/site/public/dist/index.bb5a154b1face8797bc3.bundle.js HTTP/1.1 200 259795 https://localhost:9443/devportal/logout?referrer=/apis Mozilla/5.0 (Windows NT 10.0; Win64; x64) AppleWebKit/537.36 (KHTML, like Gecko) Chrome/114.0.0.0 Safari/537.36 0.104
0:0:0:0:0:0:0:1 - - [20/Jun/2023:15:03:21 +0500] GET /devportal/site/public/locales/en.json HTTP/1.1 200 56514 https://localhost:9443/devportal/logout?referrer=/apis Mozilla/5.0 (Windows NT 10.0; Win64; x64) AppleWebKit/537.36 (KHTML, like Gecko) Chrome/114.0.0.0 Safari/537.36 0.003
0:0:0:0:0:0:0:1 - - [20/Jun/2023:15:03:21 +0500] GET /api/am/devportal/v2/swagger.yaml HTTP/1.1 200 23493 https://localhost:9443/devportal/logout?referrer=/apis Mozilla/5.0 (Windows NT 10.0; Win64; x64) AppleWebKit/537.36 (KHTML, like Gecko) Chrome/114.0.0.0 Safari/537.36 0.011
0:0:0:0:0:0:0:1 - - [20/Jun/2023:15:03:23 +0500] GET /api/am/devportal/v2/settings HTTP/1.1 200 592 https://localhost:9443/devportal/logout?referrer=/apis Mozilla/5.0 (Windows NT 10.0; Win64; x64) AppleWebKit/537.36 (KHTML, like Gecko) Chrome/114.0.0.0 Safari/537.36 0.125
0:0:0:0:0:0:0:1 - - [20/Jun/2023:15:03:23 +0500] GET /devportal/site/public/dist/ProtectedApp.85246914c5a864cd3b25.bundle.js HTTP/1.1 200 70400 https://localhost:9443/devportal/apis Mozilla/5.0 (Windows NT 10.0; Win64; x64) AppleWebKit/537.36 (KHTML, like Gecko) Chrome/114.0.0.0 Safari/537.36 0.021
0:0:0:0:0:0:0:1 - - [20/Jun/2023:15:03:23 +0500] - 400 - - - 0.000
0:0:0:0:0:0:0:1 - - [20/Jun/2023:15:03:24 +0500] GET /devportal/site/public/dist/vendors~ProtectedApp.f5062f21efd7a7d46a01.bundle.js HTTP/1.1 200 179913 https://localhost:9443/devportal/apis Mozilla/5.0 (Windows NT 10.0; Win64; x64) AppleWebKit/537.36 (KHTML, like Gecko) Chrome/114.0.0.0 Safari/537.36 0.111
127.0.0.1 - - [20/Jun/2023:15:03:24 +0500] GET /api/am/devportal/v2/settings HTTP/1.1 200 604 - Jakarta Commons-HttpClient/3.1 0.094
0:0:0:0:0:0:0:1 - - [20/Jun/2023:15:03:24 +0500] GET /devportal/services/configs?loginPrompt=false HTTP/1.1 302 - https://localhost:9443/devportal/apis Mozilla/5.0 (Windows NT 10.0; Win64; x64) AppleWebKit/537.36 (KHTML, like Gecko) Chrome/114.0.0.0 Safari/537.36 0.134
0:0:0:0:0:0:0:1 - - [20/Jun/2023:15:03:24 +0500] GET /oauth2/authorize?response_type=code&client_id=1gMVqRyMGgEkZ3coeBEcN12K_zca&scope=apim:admin%20apim:api_key%20apim:app_import_export%20apim:app_manage%20apim:store_settings%20apim:sub_alert_manage%20apim:sub_manage%20apim:subscribe%20openid&state=/apis&redirect_uri=https://localhost:9443/devportal/services/auth/callback/login&prompt=none HTTP/1.1 302 - https://localhost:9443/devportal/apis Mozilla/5.0 (Windows NT 10.0; Win64; x64) AppleWebKit/537.36 (KHTML, like Gecko) Chrome/114.0.0.0 Safari/537.36 0.010
0:0:0:0:0:0:0:1 - - [20/Jun/2023:15:03:24 +0500] GET /devportal/services/auth/callback/login?error_description=Authentication+required&state=%2Fapis&error=login_required HTTP/1.1 302 - https://localhost:9443/devportal/apis Mozilla/5.0 (Windows NT 10.0; Win64; x64) AppleWebKit/537.36 (KHTML, like Gecko) Chrome/114.0.0.0 Safari/537.36 0.006
0:0:0:0:0:0:0:1 - - [20/Jun/2023:15:03:24 +0500] GET /devportal/services/auth/callback/logout?referrer=/apis HTTP/1.1 302 - https://localhost:9443/devportal/apis Mozilla/5.0 (Windows NT 10.0; Win64; x64) AppleWebKit/537.36 (KHTML, like Gecko) Chrome/114.0.0.0 Safari/537.36 0.009
0:0:0:0:0:0:0:1 - - [20/Jun/2023:15:03:24 +0500] GET /devportal/logout?referrer=/apis HTTP/1.1 200 2034 https://localhost:9443/devportal/apis Mozilla/5.0 (Windows NT 10.0; Win64; x64) AppleWebKit/537.36 (KHTML, like Gecko) Chrome/114.0.0.0 Safari/537.36 0.004
0:0:0:0:0:0:0:1 - - [20/Jun/2023:15:03:24 +0500] GET /devportal/site/public/css/main.css HTTP/1.1 200 1791 https://localhost:9443/devportal/logout?referrer=/apis Mozilla/5.0 (Windows NT 10.0; Win64; x64) AppleWebKit/537.36 (KHTML, like Gecko) Chrome/114.0.0.0 Safari/537.36 0.003
0:0:0:0:0:0:0:1 - - [20/Jun/2023:15:03:24 +0500] GET /devportal/services/settings/settings.js HTTP/1.1 200 1036 https://localhost:9443/devportal/logout?referrer=/apis Mozilla/5.0 (Windows NT 10.0; Win64; x64) AppleWebKit/537.36 (KHTML, like Gecko) Chrome/114.0.0.0 Safari/537.36 0.006
0:0:0:0:0:0:0:1 - - [20/Jun/2023:15:03:24 +0500] GET /devportal/site/public/fonts/iconfont/material-icons.css HTTP/1.1 200 970 https://localhost:9443/devportal/logout?referrer=/apis Mozilla/5.0 (Windows NT 10.0; Win64; x64) AppleWebKit/537.36 (KHTML, like Gecko) Chrome/114.0.0.0 Safari/537.36 0.002
0:0:0:0:0:0:0:1 - - [20/Jun/2023:15:03:24 +0500] GET /devportal/site/public/css/overrides.css HTTP/1.1 200 - https://localhost:9443/devportal/logout?referrer=/apis Mozilla/5.0 (Windows NT 10.0; Win64; x64) AppleWebKit/537.36 (KHTML, like Gecko) Chrome/114.0.0.0 Safari/537.36 0.003
0:0:0:0:0:0:0:1 - - [20/Jun/2023:15:03:24 +0500] GET /devportal/site/public/locales/en.json HTTP/1.1 200 56514 https://localhost:9443/devportal/logout?referrer=/apis Mozilla/5.0 (Windows NT 10.0; Win64; x64) AppleWebKit/537.36 (KHTML, like Gecko) Chrome/114.0.0.0 Safari/537.36 0.004
0:0:0:0:0:0:0:1 - - [20/Jun/2023:15:03:24 +0500] GET /api/am/devportal/v2/swagger.yaml HTTP/1.1 200 23493 https://localhost:9443/devportal/logout?referrer=/apis Mozilla/5.0 (Windows NT 10.0; Win64; x64) AppleWebKit/537.36 (KHTML, like Gecko) Chrome/114.0.0.0 Safari/537.36 0.011
0:0:0:0:0:0:0:1 - - [20/Jun/2023:15:03:25 +0500] GET /api/am/devportal/v2/settings HTTP/1.1 200 592 https://localhost:9443/devportal/logout?referrer=/apis Mozilla/5.0 (Windows NT 10.0; Win64; x64) AppleWebKit/537.36 (KHTML, like Gecko) Chrome/114.0.0.0 Safari/537.36 0.076
0:0:0:0:0:0:0:1 - - [20/Jun/2023:15:03:26 +0500] GET /devportal/site/public/dist/ProtectedApp.85246914c5a864cd3b25.bundle.js HTTP/1.1 200 70400 https://localhost:9443/devportal/apis Mozilla/5.0 (Windows NT 10.0; Win64; x64) AppleWebKit/537.36 (KHTML, like Gecko) Chrome/114.0.0.0 Safari/537.36 0.024
0:0:0:0:0:0:0:1 - - [20/Jun/2023:15:03:26 +0500] GET /devportal/site/public/dist/vendors~ProtectedApp.f5062f21efd7a7d46a01.bundle.js HTTP/1.1 200 179913 https://localhost:9443/devportal/apis Mozilla/5.0 (Windows NT 10.0; Win64; x64) AppleWebKit/537.36 (KHTML, like Gecko) Chrome/114.0.0.0 Safari/537.36 0.073
0:0:0:0:0:0:0:1 - - [20/Jun/2023:15:03:26 +0500] GET /devportal/site/public/theme/temporary_environments_config.json HTTP/1.1 200 - https://localhost:9443/devportal/apis Mozilla/5.0 (Windows NT 10.0; Win64; x64) AppleWebKit/537.36 (KHTML, like Gecko) Chrome/114.0.0.0 Safari/537.36 0.003
0:0:0:0:0:0:0:1 - - [20/Jun/2023:15:03:26 +0500] GET /devportal/site/public/theme/temporary_features_config.json HTTP/1.1 200 - https://localhost:9443/devportal/apis Mozilla/5.0 (Windows NT 10.0; Win64; x64) AppleWebKit/537.36 (KHTML, like Gecko) Chrome/114.0.0.0 Safari/537.36 0.004
0:0:0:0:0:0:0:1 - - [20/Jun/2023:15:03:26 +0500] GET /api/am/devportal/v2/tenants?state=active HTTP/1.1 200 96 https://localhost:9443/devportal/apis Mozilla/5.0 (Windows NT 10.0; Win64; x64) AppleWebKit/537.36 (KHTML, like Gecko) Chrome/114.0.0.0 Safari/537.36 0.007
0:0:0:0:0:0:0:1 - - [20/Jun/2023:15:03:26 +0500] GET /devportal/site/public/dist/vendors~ApiListing~Apis~ApplicationDetails.085bc8cf7979cfcae9cd.bundle.js HTTP/1.1 200 3838 https://localhost:9443/devportal/apis Mozilla/5.0 (Windows NT 10.0; Win64; x64) AppleWebKit/537.36 (KHTML, like Gecko) Chrome/114.0.0.0 Safari/537.36 0.005
0:0:0:0:0:0:0:1 - - [20/Jun/2023:15:03:26 +0500] GET /devportal/site/public/dist/vendors~Apis~Landing.3ed7aaee9d420a079083.bundle.js HTTP/1.1 200 3784 https://localhost:9443/devportal/apis Mozilla/5.0 (Windows NT 10.0; Win64; x64) AppleWebKit/537.36 (KHTML, like Gecko) Chrome/114.0.0.0 Safari/537.36 0.005
0:0:0:0:0:0:0:1 - - [20/Jun/2023:15:03:26 +0500] GET /devportal/site/public/dist/vendors~Apis~ApplicationDetails.be38cbbdbc60426eae7a.bundle.js HTTP/1.1 200 71039 https://localhost:9443/devportal/apis Mozilla/5.0 (Windows NT 10.0; Win64; x64) AppleWebKit/537.36 (KHTML, like Gecko) Chrome/114.0.0.0 Safari/537.36 0.027
0:0:0:0:0:0:0:1 - - [20/Jun/2023:15:03:26 +0500] GET /oidc/checksession?client_id=1gMVqRyMGgEkZ3coeBEcN12K_zca&redirect_uri=https://localhost:9443/devportal/services/auth/callback/login HTTP/1.1 200 3133 https://localhost:9443/devportal/apis Mozilla/5.0 (Windows NT 10.0; Win64; x64) AppleWebKit/537.36 (KHTML, like Gecko) Chrome/114.0.0.0 Safari/537.36 0.005
0:0:0:0:0:0:0:1 - - [20/Jun/2023:15:03:26 +0500] GET /devportal/site/public/dist/vendors~Apis.c6057c04cc4bfea77c3f.bundle.js HTTP/1.1 200 17153 https://localhost:9443/devportal/apis Mozilla/5.0 (Windows NT 10.0; Win64; x64) AppleWebKit/537.36 (KHTML, like Gecko) Chrome/114.0.0.0 Safari/537.36 0.008
0:0:0:0:0:0:0:1 - - [20/Jun/2023:15:03:26 +0500] GET /devportal/site/public/dist/Apis.fdf1eccb253de572570e.bundle.js HTTP/1.1 200 30555 https://localhost:9443/devportal/apis Mozilla/5.0 (Windows NT 10.0; Win64; x64) AppleWebKit/537.36 (KHTML, like Gecko) Chrome/114.0.0.0 Safari/537.36 0.013
0:0:0:0:0:0:0:1 - - [20/Jun/2023:15:03:26 +0500] GET /devportal/site/public/images/zong_logo.svg HTTP/1.1 200 5917 https://localhost:9443/devportal/apis Mozilla/5.0 (Windows NT 10.0; Win64; x64) AppleWebKit/537.36 (KHTML, like Gecko) Chrome/114.0.0.0 Safari/537.36 0.003
0:0:0:0:0:0:0:1 - - [20/Jun/2023:15:03:26 +0500] GET /devportal HTTP/1.1 302 - https://localhost:9443/devportal/apis Mozilla/5.0 (Windows NT 10.0; Win64; x64) AppleWebKit/537.36 (KHTML, like Gecko) Chrome/114.0.0.0 Safari/537.36 0.000
0:0:0:0:0:0:0:1 - - [20/Jun/2023:15:03:26 +0500] GET /devportal/ HTTP/1.1 200 2034 https://localhost:9443/devportal/apis Mozilla/5.0 (Windows NT 10.0; Win64; x64) AppleWebKit/537.36 (KHTML, like Gecko) Chrome/114.0.0.0 Safari/537.36 0.007
0:0:0:0:0:0:0:1 - - [20/Jun/2023:15:03:26 +0500] GET /devportal/site/public/images/appbarBack.png HTTP/1.1 200 1964 https://localhost:9443/devportal/apis Mozilla/5.0 (Windows NT 10.0; Win64; x64) AppleWebKit/537.36 (KHTML, like Gecko) Chrome/114.0.0.0 Safari/537.36 0.003
0:0:0:0:0:0:0:1 - - [20/Jun/2023:15:03:26 +0500] GET /devportal/site/public/fonts/Open_Sans/mem8YaGs126MiZpBA-UFVZ0bf8pkAg.woff2 HTTP/1.1 200 8892 https://localhost:9443/devportal/site/public/css/main.css Mozilla/5.0 (Windows NT 10.0; Win64; x64) AppleWebKit/537.36 (KHTML, like Gecko) Chrome/114.0.0.0 Safari/537.36 0.005
0:0:0:0:0:0:0:1 - - [20/Jun/2023:15:03:27 +0500] GET /api/am/devportal/v2/api-categories HTTP/1.1 200 21 https://localhost:9443/devportal/apis Mozilla/5.0 (Windows NT 10.0; Win64; x64) AppleWebKit/537.36 (KHTML, like Gecko) Chrome/114.0.0.0 Safari/537.36 0.007
0:0:0:0:0:0:0:1 - - [20/Jun/2023:15:03:27 +0500] GET /api/am/devportal/v2/tags HTTP/1.1 200 119 https://localhost:9443/devportal/apis Mozilla/5.0 (Windows NT 10.0; Win64; x64) AppleWebKit/537.36 (KHTML, like Gecko) Chrome/114.0.0.0 Safari/537.36 0.043
0:0:0:0:0:0:0:1 - - [20/Jun/2023:15:03:27 +0500] GET /api/am/devportal/v2/apis?limit=10&offset=0 HTTP/1.1 200 814 https://localhost:9443/devportal/apis Mozilla/5.0 (Windows NT 10.0; Win64; x64) AppleWebKit/537.36 (KHTML, like Gecko) Chrome/114.0.0.0 Safari/537.36 0.070
0:0:0:0:0:0:0:1 - - [20/Jun/2023:15:03:27 +0500] GET /devportal/site/public/fonts/iconfont/MaterialIcons-Regular.woff2 HTTP/1.1 200 60840 https://localhost:9443/devportal/site/public/fonts/iconfont/material-icons.css Mozilla/5.0 (Windows NT 10.0; Win64; x64) AppleWebKit/537.36 (KHTML, like Gecko) Chrome/114.0.0.0 Safari/537.36 0.005
0:0:0:0:0:0:0:1 - - [20/Jun/2023:15:03:27 +0500] GET /devportal/site/public/fonts/Open_Sans/mem5YaGs126MiZpBA-UN7rgOUuhpKKSTjw.woff2 HTTP/1.1 200 8800 https://localhost:9443/devportal/site/public/css/main.css Mozilla/5.0 (Windows NT 10.0; Win64; x64) AppleWebKit/537.36 (KHTML, like Gecko) Chrome/114.0.0.0 Safari/537.36 0.003
0:0:0:0:0:0:0:1 - - [20/Jun/2023:15:03:27 +0500] GET /api/am/devportal/v2/apis/a7a6f198-2961-422a-9ba4-7dd81d27f2dc/thumbnail HTTP/1.1 204 - https://localhost:9443/devportal/apis Mozilla/5.0 (Windows NT 10.0; Win64; x64) AppleWebKit/537.36 (KHTML, like Gecko) Chrome/114.0.0.0 Safari/537.36 0.044
0:0:0:0:0:0:0:1 - - [20/Jun/2023:15:20:12 +0500] - 400 - - - 0.000
0:0:0:0:0:0:0:1 - - [20/Jun/2023:15:20:12 +0500] GET /oauth2/authorize?client_id=UTPa2oRgAQyxlVPV6wu02DUjAJca&redirect_uri=http://wso2is.local:8080/playground2/oauth2client&response_type=code&scope=openid HTTP/1.1 302 - - PostmanRuntime/7.32.3 0.386
0:0:0:0:0:0:0:1 - - [20/Jun/2023:15:20:12 +0500] GET /authenticationendpoint/oauth2_error.do?oauthErrorCode=invalid_client&oauthErrorMsg=Cannot+find+an+application+associated+with+the+given+consumer+key+%3A+UTPa2oRgAQyxlVPV6wu02DUjAJca HTTP/1.1 200 2557 https://localhost:9443/oauth2/authorize?client_id=UTPa2oRgAQyxlVPV6wu02DUjAJca&redirect_uri=http://wso2is.local:8080/playground2/oauth2client&response_type=code&scope=openid PostmanRuntime/7.32.3 0.040
