0:0:0:0:0:0:0:1 - - [04/Jul/2023:10:08:31 +0500] - 400 - - - 0.000
127.0.0.1 - - [04/Jul/2023:10:08:31 +0500] POST /oauth2/token HTTP/1.1 200 1230 - Jakarta Commons-HttpClient/3.1 0.053
0:0:0:0:0:0:0:1 - - [04/Jul/2023:10:08:31 +0500] POST /devportal/services/refresh/refresh.jag HTTP/1.1 200 2 https://localhost:9443/devportal/apis/d440f6b9-22c1-4326-8625-16eff1a0354e/test Mozilla/5.0 (Windows NT 10.0; Win64; x64) AppleWebKit/537.36 (KHTML, like Gecko) Chrome/114.0.0.0 Safari/537.36 0.602
127.0.0.1 - - [04/Jul/2023:10:08:31 +0500] POST /internal/data/v1/notify HTTP/1.1 200 - - Apache-HttpClient/4.5.13 (Java/11.0.18) 0.038
0:0:0:0:0:0:0:1 - - [04/Jul/2023:10:08:31 +0500] - 400 - - - 0.000
0:0:0:0:0:0:0:1 - - [04/Jul/2023:10:08:32 +0500] - 400 - - - 0.000
0:0:0:0:0:0:0:1 - - [04/Jul/2023:10:08:32 +0500] - 400 - - - 0.000
0:0:0:0:0:0:0:1 - - [04/Jul/2023:10:08:32 +0500] GET /api/am/devportal/v2/apis/d440f6b9-22c1-4326-8625-16eff1a0354e HTTP/1.1 200 1137 https://localhost:9443/devportal/apis/d440f6b9-22c1-4326-8625-16eff1a0354e/test Mozilla/5.0 (Windows NT 10.0; Win64; x64) AppleWebKit/537.36 (KHTML, like Gecko) Chrome/114.0.0.0 Safari/537.36 0.079
127.0.0.1 - - [04/Jul/2023:10:08:32 +0500] GET /keymanager-operations/dcr/register/WHlMZkN2djZITW0yT3hydGtOTW51b0xPZFNVYQ%3D%3D HTTP/1.1 200 515 - Apache-HttpClient/4.5.13 (Java/11.0.18) 0.334
0:0:0:0:0:0:0:1 - - [04/Jul/2023:10:08:32 +0500] GET /api/am/devportal/v2/applications?limit=5000 HTTP/1.1 200 440 https://localhost:9443/devportal/apis/d440f6b9-22c1-4326-8625-16eff1a0354e/test Mozilla/5.0 (Windows NT 10.0; Win64; x64) AppleWebKit/537.36 (KHTML, like Gecko) Chrome/114.0.0.0 Safari/537.36 0.211
0:0:0:0:0:0:0:1 - - [04/Jul/2023:10:08:32 +0500] GET /api/am/devportal/v2/subscriptions?apiId=d440f6b9-22c1-4326-8625-16eff1a0354e&limit=25 HTTP/1.1 200 654 https://localhost:9443/devportal/apis/d440f6b9-22c1-4326-8625-16eff1a0354e/test Mozilla/5.0 (Windows NT 10.0; Win64; x64) AppleWebKit/537.36 (KHTML, like Gecko) Chrome/114.0.0.0 Safari/537.36 1.015
127.0.0.1 - - [04/Jul/2023:10:08:32 +0500] GET /keymanager-operations/dcr/register/WHlMZkN2djZITW0yT3hydGtOTW51b0xPZFNVYQ%3D%3D HTTP/1.1 200 515 - Apache-HttpClient/4.5.13 (Java/11.0.18) 0.489
0:0:0:0:0:0:0:1 - - [04/Jul/2023:10:08:32 +0500] GET /api/am/devportal/v2/subscriptions?apiId=d440f6b9-22c1-4326-8625-16eff1a0354e&limit=5000 HTTP/1.1 200 655 https://localhost:9443/devportal/apis/d440f6b9-22c1-4326-8625-16eff1a0354e/test Mozilla/5.0 (Windows NT 10.0; Win64; x64) AppleWebKit/537.36 (KHTML, like Gecko) Chrome/114.0.0.0 Safari/537.36 0.559
0:0:0:0:0:0:0:1 - - [04/Jul/2023:10:08:32 +0500] GET /api/am/devportal/v2/apis/d440f6b9-22c1-4326-8625-16eff1a0354e HTTP/1.1 200 1137 https://localhost:9443/devportal/apis/d440f6b9-22c1-4326-8625-16eff1a0354e/test Mozilla/5.0 (Windows NT 10.0; Win64; x64) AppleWebKit/537.36 (KHTML, like Gecko) Chrome/114.0.0.0 Safari/537.36 0.042
0:0:0:0:0:0:0:1 - - [04/Jul/2023:10:08:32 +0500] GET /api/am/devportal/v2/apis/d440f6b9-22c1-4326-8625-16eff1a0354e/swagger?environmentName=Default HTTP/1.1 200 489 https://localhost:9443/devportal/apis/d440f6b9-22c1-4326-8625-16eff1a0354e/test Mozilla/5.0 (Windows NT 10.0; Win64; x64) AppleWebKit/537.36 (KHTML, like Gecko) Chrome/114.0.0.0 Safari/537.36 0.047
0:0:0:0:0:0:0:1 - - [04/Jul/2023:10:08:33 +0500] GET /api/am/devportal/v2/subscriptions?apiId=d440f6b9-22c1-4326-8625-16eff1a0354e&limit=25 HTTP/1.1 200 654 https://localhost:9443/devportal/apis/d440f6b9-22c1-4326-8625-16eff1a0354e/test Mozilla/5.0 (Windows NT 10.0; Win64; x64) AppleWebKit/537.36 (KHTML, like Gecko) Chrome/114.0.0.0 Safari/537.36 0.169
127.0.0.1 - - [04/Jul/2023:10:08:33 +0500] GET /keymanager-operations/dcr/register/WHlMZkN2djZITW0yT3hydGtOTW51b0xPZFNVYQ%3D%3D HTTP/1.1 200 515 - Apache-HttpClient/4.5.13 (Java/11.0.18) 0.069
127.0.0.1 - - [04/Jul/2023:10:08:33 +0500] GET /oauth2/token/.well-known/openid-configuration HTTP/1.1 200 2245 - Apache-HttpClient/4.5.13 (Java/11.0.18) 0.017
0:0:0:0:0:0:0:1 - - [04/Jul/2023:10:08:33 +0500] GET /api/am/devportal/v2/subscriptions?apiId=d440f6b9-22c1-4326-8625-16eff1a0354e&limit=25 HTTP/1.1 200 654 https://localhost:9443/devportal/apis/d440f6b9-22c1-4326-8625-16eff1a0354e/test Mozilla/5.0 (Windows NT 10.0; Win64; x64) AppleWebKit/537.36 (KHTML, like Gecko) Chrome/114.0.0.0 Safari/537.36 0.096
127.0.0.1 - - [04/Jul/2023:10:08:33 +0500] GET /keymanager-operations/dcr/register/WHlMZkN2djZITW0yT3hydGtOTW51b0xPZFNVYQ%3D%3D HTTP/1.1 200 515 - Apache-HttpClient/4.5.13 (Java/11.0.18) 0.032
0:0:0:0:0:0:0:1 - - [04/Jul/2023:10:08:33 +0500] GET /api/am/devportal/v2/key-managers HTTP/1.1 200 755 https://localhost:9443/devportal/apis/d440f6b9-22c1-4326-8625-16eff1a0354e/test Mozilla/5.0 (Windows NT 10.0; Win64; x64) AppleWebKit/537.36 (KHTML, like Gecko) Chrome/114.0.0.0 Safari/537.36 0.430
0:0:0:0:0:0:0:1 - - [04/Jul/2023:10:08:35 +0500] GET /api/am/devportal/v2/swagger.yaml HTTP/1.1 200 23493 https://localhost:9443/devportal/apis/d440f6b9-22c1-4326-8625-16eff1a0354e/test Mozilla/5.0 (Windows NT 10.0; Win64; x64) AppleWebKit/537.36 (KHTML, like Gecko) Chrome/114.0.0.0 Safari/537.36 1.649
0:0:0:0:0:0:0:1 - - [04/Jul/2023:10:08:35 +0500] GET /api/am/devportal/v2/swagger.yaml HTTP/1.1 200 23493 https://localhost:9443/devportal/apis/d440f6b9-22c1-4326-8625-16eff1a0354e/test Mozilla/5.0 (Windows NT 10.0; Win64; x64) AppleWebKit/537.36 (KHTML, like Gecko) Chrome/114.0.0.0 Safari/537.36 0.023
0:0:0:0:0:0:0:1 - - [04/Jul/2023:10:08:35 +0500] GET /api/am/devportal/v2/applications/ HTTP/1.1 200 439 https://localhost:9443/devportal/apis/d440f6b9-22c1-4326-8625-16eff1a0354e/test Mozilla/5.0 (Windows NT 10.0; Win64; x64) AppleWebKit/537.36 (KHTML, like Gecko) Chrome/114.0.0.0 Safari/537.36 0.010
127.0.0.1 - - [04/Jul/2023:10:08:35 +0500] GET /keymanager-operations/dcr/register/WHlMZkN2djZITW0yT3hydGtOTW51b0xPZFNVYQ%3D%3D HTTP/1.1 200 515 - Apache-HttpClient/4.5.13 (Java/11.0.18) 0.009
0:0:0:0:0:0:0:1 - - [04/Jul/2023:10:08:36 +0500] GET /api/am/devportal/v2/applications/5ceac273-9f7d-4f15-9a59-71cf848b596b HTTP/1.1 200 277 https://localhost:9443/devportal/apis/d440f6b9-22c1-4326-8625-16eff1a0354e/test Mozilla/5.0 (Windows NT 10.0; Win64; x64) AppleWebKit/537.36 (KHTML, like Gecko) Chrome/114.0.0.0 Safari/537.36 0.116
127.0.0.1 - - [04/Jul/2023:10:08:36 +0500] GET /keymanager-operations/dcr/register/WHlMZkN2djZITW0yT3hydGtOTW51b0xPZFNVYQ%3D%3D HTTP/1.1 200 515 - Apache-HttpClient/4.5.13 (Java/11.0.18) 0.007
0:0:0:0:0:0:0:1 - - [04/Jul/2023:10:08:36 +0500] GET /api/am/devportal/v2/applications/5ceac273-9f7d-4f15-9a59-71cf848b596b/oauth-keys HTTP/1.1 200 663 https://localhost:9443/devportal/apis/d440f6b9-22c1-4326-8625-16eff1a0354e/test Mozilla/5.0 (Windows NT 10.0; Win64; x64) AppleWebKit/537.36 (KHTML, like Gecko) Chrome/114.0.0.0 Safari/537.36 0.050
0:0:0:0:0:0:0:1 - - [04/Jul/2023:10:08:36 +0500] GET /api/am/devportal/v2/swagger.yaml HTTP/1.1 200 23493 https://localhost:9443/devportal/apis/d440f6b9-22c1-4326-8625-16eff1a0354e/test Mozilla/5.0 (Windows NT 10.0; Win64; x64) AppleWebKit/537.36 (KHTML, like Gecko) Chrome/114.0.0.0 Safari/537.36 0.015
0:0:0:0:0:0:0:1 - - [04/Jul/2023:10:08:36 +0500] GET /api/am/devportal/v2/swagger.yaml HTTP/1.1 200 23493 https://localhost:9443/devportal/apis/d440f6b9-22c1-4326-8625-16eff1a0354e/test Mozilla/5.0 (Windows NT 10.0; Win64; x64) AppleWebKit/537.36 (KHTML, like Gecko) Chrome/114.0.0.0 Safari/537.36 0.019
127.0.0.1 - - [04/Jul/2023:10:08:36 +0500] GET /keymanager-operations/dcr/register/WHlMZkN2djZITW0yT3hydGtOTW51b0xPZFNVYQ%3D%3D HTTP/1.1 200 515 - Apache-HttpClient/4.5.13 (Java/11.0.18) 0.010
0:0:0:0:0:0:0:1 - - [04/Jul/2023:10:08:36 +0500] GET /api/am/devportal/v2/applications/5ceac273-9f7d-4f15-9a59-71cf848b596b HTTP/1.1 200 277 https://localhost:9443/devportal/apis/d440f6b9-22c1-4326-8625-16eff1a0354e/test Mozilla/5.0 (Windows NT 10.0; Win64; x64) AppleWebKit/537.36 (KHTML, like Gecko) Chrome/114.0.0.0 Safari/537.36 0.027
127.0.0.1 - - [04/Jul/2023:10:08:36 +0500] GET /keymanager-operations/dcr/register/WHlMZkN2djZITW0yT3hydGtOTW51b0xPZFNVYQ%3D%3D HTTP/1.1 200 515 - Apache-HttpClient/4.5.13 (Java/11.0.18) 0.008
0:0:0:0:0:0:0:1 - - [04/Jul/2023:10:08:36 +0500] GET /api/am/devportal/v2/applications/5ceac273-9f7d-4f15-9a59-71cf848b596b HTTP/1.1 200 277 https://localhost:9443/devportal/apis/d440f6b9-22c1-4326-8625-16eff1a0354e/test Mozilla/5.0 (Windows NT 10.0; Win64; x64) AppleWebKit/537.36 (KHTML, like Gecko) Chrome/114.0.0.0 Safari/537.36 0.021
127.0.0.1 - - [04/Jul/2023:10:08:36 +0500] GET /keymanager-operations/dcr/register/WHlMZkN2djZITW0yT3hydGtOTW51b0xPZFNVYQ%3D%3D HTTP/1.1 200 515 - Apache-HttpClient/4.5.13 (Java/11.0.18) 0.011
0:0:0:0:0:0:0:1 - - [04/Jul/2023:10:08:36 +0500] GET /api/am/devportal/v2/applications/5ceac273-9f7d-4f15-9a59-71cf848b596b/oauth-keys HTTP/1.1 200 663 https://localhost:9443/devportal/apis/d440f6b9-22c1-4326-8625-16eff1a0354e/test Mozilla/5.0 (Windows NT 10.0; Win64; x64) AppleWebKit/537.36 (KHTML, like Gecko) Chrome/114.0.0.0 Safari/537.36 0.034
127.0.0.1 - - [04/Jul/2023:10:08:36 +0500] GET /keymanager-operations/dcr/register/WHlMZkN2djZITW0yT3hydGtOTW51b0xPZFNVYQ%3D%3D HTTP/1.1 200 515 - Apache-HttpClient/4.5.13 (Java/11.0.18) 0.007
0:0:0:0:0:0:0:1 - - [04/Jul/2023:10:08:36 +0500] GET /api/am/devportal/v2/applications/5ceac273-9f7d-4f15-9a59-71cf848b596b/oauth-keys HTTP/1.1 200 663 https://localhost:9443/devportal/apis/d440f6b9-22c1-4326-8625-16eff1a0354e/test Mozilla/5.0 (Windows NT 10.0; Win64; x64) AppleWebKit/537.36 (KHTML, like Gecko) Chrome/114.0.0.0 Safari/537.36 0.018
0:0:0:0:0:0:0:1 - - [04/Jul/2023:10:08:39 +0500] GET /api/am/devportal/v2/swagger.yaml HTTP/1.1 200 23493 https://localhost:9443/devportal/apis/d440f6b9-22c1-4326-8625-16eff1a0354e/test Mozilla/5.0 (Windows NT 10.0; Win64; x64) AppleWebKit/537.36 (KHTML, like Gecko) Chrome/114.0.0.0 Safari/537.36 0.017
127.0.0.1 - - [04/Jul/2023:10:08:39 +0500] GET /keymanager-operations/dcr/register/WHlMZkN2djZITW0yT3hydGtOTW51b0xPZFNVYQ%3D%3D HTTP/1.1 200 515 - Apache-HttpClient/4.5.13 (Java/11.0.18) 0.009
0:0:0:0:0:0:0:1 - - [04/Jul/2023:10:08:39 +0500] GET /api/am/devportal/v2/applications/5ceac273-9f7d-4f15-9a59-71cf848b596b HTTP/1.1 200 277 https://localhost:9443/devportal/apis/d440f6b9-22c1-4326-8625-16eff1a0354e/test Mozilla/5.0 (Windows NT 10.0; Win64; x64) AppleWebKit/537.36 (KHTML, like Gecko) Chrome/114.0.0.0 Safari/537.36 0.030
127.0.0.1 - - [04/Jul/2023:10:08:39 +0500] GET /keymanager-operations/dcr/register/WHlMZkN2djZITW0yT3hydGtOTW51b0xPZFNVYQ%3D%3D HTTP/1.1 200 515 - Apache-HttpClient/4.5.13 (Java/11.0.18) 0.013
0:0:0:0:0:0:0:1 - - [04/Jul/2023:10:08:39 +0500] GET /api/am/devportal/v2/applications/5ceac273-9f7d-4f15-9a59-71cf848b596b/oauth-keys HTTP/1.1 200 663 https://localhost:9443/devportal/apis/d440f6b9-22c1-4326-8625-16eff1a0354e/test Mozilla/5.0 (Windows NT 10.0; Win64; x64) AppleWebKit/537.36 (KHTML, like Gecko) Chrome/114.0.0.0 Safari/537.36 0.023
127.0.0.1 - - [04/Jul/2023:10:08:40 +0500] GET /keymanager-operations/dcr/register/WHlMZkN2djZITW0yT3hydGtOTW51b0xPZFNVYQ%3D%3D HTTP/1.1 200 515 - Apache-HttpClient/4.5.13 (Java/11.0.18) 0.041
127.0.0.1 - - [04/Jul/2023:10:08:40 +0500] GET /keymanager-operations/dcr/register/WHlMZkN2djZITW0yT3hydGtOTW51b0xPZFNVYQ%3D%3D HTTP/1.1 200 515 - Apache-HttpClient/4.5.13 (Java/11.0.18) 0.018
127.0.0.1 - - [04/Jul/2023:10:08:40 +0500] POST /internal/data/v1/notify HTTP/1.1 200 - - Apache-HttpClient/4.5.13 (Java/11.0.18) 0.038
127.0.0.1 - - [04/Jul/2023:10:08:40 +0500] POST /oauth2/token HTTP/1.1 200 1022 - Apache-HttpClient/4.5.13 (Java/11.0.18) 0.250
0:0:0:0:0:0:0:1 - - [04/Jul/2023:10:08:40 +0500] POST /api/am/devportal/v2/applications/5ceac273-9f7d-4f15-9a59-71cf848b596b/oauth-keys/c354454c-96f1-46b8-9c2d-d9437d1e4166/generate-token HTTP/1.1 200 1009 https://localhost:9443/devportal/apis/d440f6b9-22c1-4326-8625-16eff1a0354e/test Mozilla/5.0 (Windows NT 10.0; Win64; x64) AppleWebKit/537.36 (KHTML, like Gecko) Chrome/114.0.0.0 Safari/537.36 0.758
0:0:0:0:0:0:0:1 - - [04/Jul/2023:10:45:05 +0500] - 400 - - - 0.000
0:0:0:0:0:0:0:1 - - [04/Jul/2023:10:45:05 +0500] - 400 - - - 0.000
0:0:0:0:0:0:0:1 - - [04/Jul/2023:10:45:05 +0500] - 400 - - - 0.000
0:0:0:0:0:0:0:1 - - [04/Jul/2023:10:45:05 +0500] GET /api/am/devportal/v2/api-categories HTTP/1.1 200 21 https://localhost:9443/devportal/apis Mozilla/5.0 (Windows NT 10.0; Win64; x64) AppleWebKit/537.36 (KHTML, like Gecko) Chrome/114.0.0.0 Safari/537.36 0.396
0:0:0:0:0:0:0:1 - - [04/Jul/2023:10:45:06 +0500] GET /api/am/devportal/v2/tags HTTP/1.1 200 119 https://localhost:9443/devportal/apis Mozilla/5.0 (Windows NT 10.0; Win64; x64) AppleWebKit/537.36 (KHTML, like Gecko) Chrome/114.0.0.0 Safari/537.36 0.788
0:0:0:0:0:0:0:1 - - [04/Jul/2023:10:45:06 +0500] GET /api/am/devportal/v2/apis?limit=10&offset=0 HTTP/1.1 200 751 https://localhost:9443/devportal/apis Mozilla/5.0 (Windows NT 10.0; Win64; x64) AppleWebKit/537.36 (KHTML, like Gecko) Chrome/114.0.0.0 Safari/537.36 0.916
0:0:0:0:0:0:0:1 - - [04/Jul/2023:10:45:06 +0500] GET /api/am/devportal/v2/apis/a9eff00c-8aee-4ca5-8e6e-3d5df6468875/ratings HTTP/1.1 200 125 https://localhost:9443/devportal/apis Mozilla/5.0 (Windows NT 10.0; Win64; x64) AppleWebKit/537.36 (KHTML, like Gecko) Chrome/114.0.0.0 Safari/537.36 0.026
0:0:0:0:0:0:0:1 - - [04/Jul/2023:10:45:06 +0500] GET /api/am/devportal/v2/apis/a9eff00c-8aee-4ca5-8e6e-3d5df6468875/thumbnail HTTP/1.1 204 - https://localhost:9443/devportal/apis Mozilla/5.0 (Windows NT 10.0; Win64; x64) AppleWebKit/537.36 (KHTML, like Gecko) Chrome/114.0.0.0 Safari/537.36 0.029
0:0:0:0:0:0:0:1 - - [04/Jul/2023:10:45:06 +0500] GET /api/am/devportal/v2/apis/f166cc64-02b1-488c-b6e7-2e00befe5d92/ratings HTTP/1.1 200 125 https://localhost:9443/devportal/apis Mozilla/5.0 (Windows NT 10.0; Win64; x64) AppleWebKit/537.36 (KHTML, like Gecko) Chrome/114.0.0.0 Safari/537.36 0.029
0:0:0:0:0:0:0:1 - - [04/Jul/2023:10:45:06 +0500] GET /api/am/devportal/v2/apis/f166cc64-02b1-488c-b6e7-2e00befe5d92/thumbnail HTTP/1.1 204 - https://localhost:9443/devportal/apis Mozilla/5.0 (Windows NT 10.0; Win64; x64) AppleWebKit/537.36 (KHTML, like Gecko) Chrome/114.0.0.0 Safari/537.36 0.034
0:0:0:0:0:0:0:1 - - [04/Jul/2023:10:45:06 +0500] GET /api/am/devportal/v2/apis/a7a6f198-2961-422a-9ba4-7dd81d27f2dc/ratings HTTP/1.1 200 125 https://localhost:9443/devportal/apis Mozilla/5.0 (Windows NT 10.0; Win64; x64) AppleWebKit/537.36 (KHTML, like Gecko) Chrome/114.0.0.0 Safari/537.36 0.033
0:0:0:0:0:0:0:1 - - [04/Jul/2023:10:45:06 +0500] GET /api/am/devportal/v2/apis/d440f6b9-22c1-4326-8625-16eff1a0354e/ratings HTTP/1.1 200 125 https://localhost:9443/devportal/apis Mozilla/5.0 (Windows NT 10.0; Win64; x64) AppleWebKit/537.36 (KHTML, like Gecko) Chrome/114.0.0.0 Safari/537.36 0.030
0:0:0:0:0:0:0:1 - - [04/Jul/2023:10:45:06 +0500] GET /api/am/devportal/v2/apis/a7a6f198-2961-422a-9ba4-7dd81d27f2dc/thumbnail HTTP/1.1 204 - https://localhost:9443/devportal/apis Mozilla/5.0 (Windows NT 10.0; Win64; x64) AppleWebKit/537.36 (KHTML, like Gecko) Chrome/114.0.0.0 Safari/537.36 0.059
0:0:0:0:0:0:0:1 - - [04/Jul/2023:10:45:06 +0500] - 400 - - - 0.000
0:0:0:0:0:0:0:1 - - [04/Jul/2023:10:45:06 +0500] GET /api/am/devportal/v2/apis/2d15ab04-b0b2-4820-8b7c-052e4997dcce/ratings HTTP/1.1 200 125 https://localhost:9443/devportal/apis Mozilla/5.0 (Windows NT 10.0; Win64; x64) AppleWebKit/537.36 (KHTML, like Gecko) Chrome/114.0.0.0 Safari/537.36 0.034
0:0:0:0:0:0:0:1 - - [04/Jul/2023:10:45:06 +0500] - 400 - - - 0.000
0:0:0:0:0:0:0:1 - - [04/Jul/2023:10:45:06 +0500] - 400 - - - 0.000
0:0:0:0:0:0:0:1 - - [04/Jul/2023:10:45:06 +0500] GET /api/am/devportal/v2/apis/d440f6b9-22c1-4326-8625-16eff1a0354e/thumbnail HTTP/1.1 204 - https://localhost:9443/devportal/apis Mozilla/5.0 (Windows NT 10.0; Win64; x64) AppleWebKit/537.36 (KHTML, like Gecko) Chrome/114.0.0.0 Safari/537.36 0.028
0:0:0:0:0:0:0:1 - - [04/Jul/2023:10:45:06 +0500] GET /api/am/devportal/v2/apis/2d15ab04-b0b2-4820-8b7c-052e4997dcce/thumbnail HTTP/1.1 204 - https://localhost:9443/devportal/apis Mozilla/5.0 (Windows NT 10.0; Win64; x64) AppleWebKit/537.36 (KHTML, like Gecko) Chrome/114.0.0.0 Safari/537.36 0.030
0:0:0:0:0:0:0:1 - - [04/Jul/2023:11:51:57 +0500] - 400 - - - 0.000
127.0.0.1 - - [04/Jul/2023:11:51:57 +0500] POST /oauth2/token HTTP/1.1 200 1230 - Jakarta Commons-HttpClient/3.1 0.161
0:0:0:0:0:0:0:1 - - [04/Jul/2023:11:51:58 +0500] POST /devportal/services/refresh/refresh.jag HTTP/1.1 200 2 https://localhost:9443/devportal/apis Mozilla/5.0 (Windows NT 10.0; Win64; x64) AppleWebKit/537.36 (KHTML, like Gecko) Chrome/114.0.0.0 Safari/537.36 0.779
127.0.0.1 - - [04/Jul/2023:11:51:58 +0500] POST /internal/data/v1/notify HTTP/1.1 200 - - Apache-HttpClient/4.5.13 (Java/11.0.18) 0.025
0:0:0:0:0:0:0:1 - - [04/Jul/2023:11:51:58 +0500] - 400 - - - 0.000
0:0:0:0:0:0:0:1 - - [04/Jul/2023:11:51:58 +0500] - 400 - - - 0.000
0:0:0:0:0:0:0:1 - - [04/Jul/2023:11:51:58 +0500] GET /api/am/devportal/v2/api-categories HTTP/1.1 200 21 https://localhost:9443/devportal/apis Mozilla/5.0 (Windows NT 10.0; Win64; x64) AppleWebKit/537.36 (KHTML, like Gecko) Chrome/114.0.0.0 Safari/537.36 0.018
0:0:0:0:0:0:0:1 - - [04/Jul/2023:11:51:58 +0500] GET /api/am/devportal/v2/tags HTTP/1.1 200 119 https://localhost:9443/devportal/apis Mozilla/5.0 (Windows NT 10.0; Win64; x64) AppleWebKit/537.36 (KHTML, like Gecko) Chrome/114.0.0.0 Safari/537.36 0.372
0:0:0:0:0:0:0:1 - - [04/Jul/2023:11:51:58 +0500] GET /api/am/devportal/v2/apis?limit=10&offset=0 HTTP/1.1 200 751 https://localhost:9443/devportal/apis Mozilla/5.0 (Windows NT 10.0; Win64; x64) AppleWebKit/537.36 (KHTML, like Gecko) Chrome/114.0.0.0 Safari/537.36 0.167
0:0:0:0:0:0:0:1 - - [04/Jul/2023:11:51:59 +0500] GET /api/am/devportal/v2/apis/a9eff00c-8aee-4ca5-8e6e-3d5df6468875/ratings HTTP/1.1 200 125 https://localhost:9443/devportal/apis Mozilla/5.0 (Windows NT 10.0; Win64; x64) AppleWebKit/537.36 (KHTML, like Gecko) Chrome/114.0.0.0 Safari/537.36 0.026
0:0:0:0:0:0:0:1 - - [04/Jul/2023:11:51:59 +0500] - 400 - - - 0.000
0:0:0:0:0:0:0:1 - - [04/Jul/2023:11:51:59 +0500] GET /api/am/devportal/v2/apis/f166cc64-02b1-488c-b6e7-2e00befe5d92/ratings HTTP/1.1 200 125 https://localhost:9443/devportal/apis Mozilla/5.0 (Windows NT 10.0; Win64; x64) AppleWebKit/537.36 (KHTML, like Gecko) Chrome/114.0.0.0 Safari/537.36 0.037
0:0:0:0:0:0:0:1 - - [04/Jul/2023:11:51:59 +0500] GET /api/am/devportal/v2/apis/a9eff00c-8aee-4ca5-8e6e-3d5df6468875/thumbnail HTTP/1.1 204 - https://localhost:9443/devportal/apis Mozilla/5.0 (Windows NT 10.0; Win64; x64) AppleWebKit/537.36 (KHTML, like Gecko) Chrome/114.0.0.0 Safari/537.36 0.063
0:0:0:0:0:0:0:1 - - [04/Jul/2023:11:51:59 +0500] - 400 - - - 0.000
0:0:0:0:0:0:0:1 - - [04/Jul/2023:11:51:59 +0500] - 400 - - - 0.000
0:0:0:0:0:0:0:1 - - [04/Jul/2023:11:51:59 +0500] GET /api/am/devportal/v2/apis/f166cc64-02b1-488c-b6e7-2e00befe5d92/thumbnail HTTP/1.1 204 - https://localhost:9443/devportal/apis Mozilla/5.0 (Windows NT 10.0; Win64; x64) AppleWebKit/537.36 (KHTML, like Gecko) Chrome/114.0.0.0 Safari/537.36 0.021
0:0:0:0:0:0:0:1 - - [04/Jul/2023:11:51:59 +0500] GET /api/am/devportal/v2/apis/d440f6b9-22c1-4326-8625-16eff1a0354e/ratings HTTP/1.1 200 125 https://localhost:9443/devportal/apis Mozilla/5.0 (Windows NT 10.0; Win64; x64) AppleWebKit/537.36 (KHTML, like Gecko) Chrome/114.0.0.0 Safari/537.36 0.026
0:0:0:0:0:0:0:1 - - [04/Jul/2023:11:51:59 +0500] - 400 - - - 0.000
0:0:0:0:0:0:0:1 - - [04/Jul/2023:11:51:59 +0500] GET /api/am/devportal/v2/apis/d440f6b9-22c1-4326-8625-16eff1a0354e/thumbnail HTTP/1.1 204 - https://localhost:9443/devportal/apis Mozilla/5.0 (Windows NT 10.0; Win64; x64) AppleWebKit/537.36 (KHTML, like Gecko) Chrome/114.0.0.0 Safari/537.36 0.023
0:0:0:0:0:0:0:1 - - [04/Jul/2023:11:51:59 +0500] GET /api/am/devportal/v2/apis/a7a6f198-2961-422a-9ba4-7dd81d27f2dc/ratings HTTP/1.1 200 125 https://localhost:9443/devportal/apis Mozilla/5.0 (Windows NT 10.0; Win64; x64) AppleWebKit/537.36 (KHTML, like Gecko) Chrome/114.0.0.0 Safari/537.36 0.122
0:0:0:0:0:0:0:1 - - [04/Jul/2023:11:51:59 +0500] GET /api/am/devportal/v2/apis/a7a6f198-2961-422a-9ba4-7dd81d27f2dc/thumbnail HTTP/1.1 204 - https://localhost:9443/devportal/apis Mozilla/5.0 (Windows NT 10.0; Win64; x64) AppleWebKit/537.36 (KHTML, like Gecko) Chrome/114.0.0.0 Safari/537.36 0.048
0:0:0:0:0:0:0:1 - - [04/Jul/2023:11:51:59 +0500] - 400 - - - 0.000
0:0:0:0:0:0:0:1 - - [04/Jul/2023:11:51:59 +0500] - 400 - - - 0.000
0:0:0:0:0:0:0:1 - - [04/Jul/2023:11:51:59 +0500] GET /api/am/devportal/v2/apis/2d15ab04-b0b2-4820-8b7c-052e4997dcce/ratings HTTP/1.1 200 125 https://localhost:9443/devportal/apis Mozilla/5.0 (Windows NT 10.0; Win64; x64) AppleWebKit/537.36 (KHTML, like Gecko) Chrome/114.0.0.0 Safari/537.36 0.060
0:0:0:0:0:0:0:1 - - [04/Jul/2023:11:51:59 +0500] GET /api/am/devportal/v2/apis/2d15ab04-b0b2-4820-8b7c-052e4997dcce/thumbnail HTTP/1.1 204 - https://localhost:9443/devportal/apis Mozilla/5.0 (Windows NT 10.0; Win64; x64) AppleWebKit/537.36 (KHTML, like Gecko) Chrome/114.0.0.0 Safari/537.36 0.091
0:0:0:0:0:0:0:1 - - [04/Jul/2023:11:52:02 +0500] GET /api/am/devportal/v2/apis/d440f6b9-22c1-4326-8625-16eff1a0354e HTTP/1.1 200 1137 https://localhost:9443/devportal/apis/d440f6b9-22c1-4326-8625-16eff1a0354e Mozilla/5.0 (Windows NT 10.0; Win64; x64) AppleWebKit/537.36 (KHTML, like Gecko) Chrome/114.0.0.0 Safari/537.36 0.088
0:0:0:0:0:0:0:1 - - [04/Jul/2023:11:52:02 +0500] GET /api/am/devportal/v2/applications?limit=5000 HTTP/1.1 200 440 https://localhost:9443/devportal/apis/d440f6b9-22c1-4326-8625-16eff1a0354e Mozilla/5.0 (Windows NT 10.0; Win64; x64) AppleWebKit/537.36 (KHTML, like Gecko) Chrome/114.0.0.0 Safari/537.36 0.143
127.0.0.1 - - [04/Jul/2023:11:52:02 +0500] GET /keymanager-operations/dcr/register/WHlMZkN2djZITW0yT3hydGtOTW51b0xPZFNVYQ%3D%3D HTTP/1.1 200 515 - Apache-HttpClient/4.5.13 (Java/11.0.18) 0.027
0:0:0:0:0:0:0:1 - - [04/Jul/2023:11:52:02 +0500] GET /api/am/devportal/v2/subscriptions?apiId=d440f6b9-22c1-4326-8625-16eff1a0354e&limit=5000 HTTP/1.1 200 655 https://localhost:9443/devportal/apis/d440f6b9-22c1-4326-8625-16eff1a0354e Mozilla/5.0 (Windows NT 10.0; Win64; x64) AppleWebKit/537.36 (KHTML, like Gecko) Chrome/114.0.0.0 Safari/537.36 0.198
127.0.0.1 - - [04/Jul/2023:11:52:02 +0500] GET /keymanager-operations/dcr/register/WHlMZkN2djZITW0yT3hydGtOTW51b0xPZFNVYQ%3D%3D HTTP/1.1 200 515 - Apache-HttpClient/4.5.13 (Java/11.0.18) 0.163
0:0:0:0:0:0:0:1 - - [04/Jul/2023:11:52:02 +0500] GET /api/am/devportal/v2/subscriptions?apiId=d440f6b9-22c1-4326-8625-16eff1a0354e&limit=25 HTTP/1.1 200 654 https://localhost:9443/devportal/apis/d440f6b9-22c1-4326-8625-16eff1a0354e Mozilla/5.0 (Windows NT 10.0; Win64; x64) AppleWebKit/537.36 (KHTML, like Gecko) Chrome/114.0.0.0 Safari/537.36 0.345
0:0:0:0:0:0:0:1 - - [04/Jul/2023:11:52:02 +0500] GET /devportal/site/public/images/leftMenuBack.png HTTP/1.1 200 5308 https://localhost:9443/devportal/apis/d440f6b9-22c1-4326-8625-16eff1a0354e/overview Mozilla/5.0 (Windows NT 10.0; Win64; x64) AppleWebKit/537.36 (KHTML, like Gecko) Chrome/114.0.0.0 Safari/537.36 0.004
0:0:0:0:0:0:0:1 - - [04/Jul/2023:11:52:02 +0500] GET /api/am/devportal/v2/throttling-policies/subscription HTTP/1.1 200 634 https://localhost:9443/devportal/apis/d440f6b9-22c1-4326-8625-16eff1a0354e/overview Mozilla/5.0 (Windows NT 10.0; Win64; x64) AppleWebKit/537.36 (KHTML, like Gecko) Chrome/114.0.0.0 Safari/537.36 0.012
0:0:0:0:0:0:0:1 - - [04/Jul/2023:11:52:02 +0500] GET /api/am/devportal/v2/apis/d440f6b9-22c1-4326-8625-16eff1a0354e/documents HTTP/1.1 200 92 https://localhost:9443/devportal/apis/d440f6b9-22c1-4326-8625-16eff1a0354e/overview Mozilla/5.0 (Windows NT 10.0; Win64; x64) AppleWebKit/537.36 (KHTML, like Gecko) Chrome/114.0.0.0 Safari/537.36 0.023
0:0:0:0:0:0:0:1 - - [04/Jul/2023:11:52:02 +0500] GET /api/am/devportal/v2/throttling-policies/subscription HTTP/1.1 200 634 https://localhost:9443/devportal/apis/d440f6b9-22c1-4326-8625-16eff1a0354e/overview Mozilla/5.0 (Windows NT 10.0; Win64; x64) AppleWebKit/537.36 (KHTML, like Gecko) Chrome/114.0.0.0 Safari/537.36 0.009
0:0:0:0:0:0:0:1 - - [04/Jul/2023:11:52:02 +0500] GET /api/am/devportal/v2/apis/d440f6b9-22c1-4326-8625-16eff1a0354e/documents HTTP/1.1 200 92 https://localhost:9443/devportal/apis/d440f6b9-22c1-4326-8625-16eff1a0354e/overview Mozilla/5.0 (Windows NT 10.0; Win64; x64) AppleWebKit/537.36 (KHTML, like Gecko) Chrome/114.0.0.0 Safari/537.36 0.025
0:0:0:0:0:0:0:1 - - [04/Jul/2023:11:52:02 +0500] GET /api/am/devportal/v2/apis/d440f6b9-22c1-4326-8625-16eff1a0354e/thumbnail HTTP/1.1 204 - https://localhost:9443/devportal/apis/d440f6b9-22c1-4326-8625-16eff1a0354e/overview Mozilla/5.0 (Windows NT 10.0; Win64; x64) AppleWebKit/537.36 (KHTML, like Gecko) Chrome/114.0.0.0 Safari/537.36 0.022
0:0:0:0:0:0:0:1 - - [04/Jul/2023:11:52:02 +0500] GET /api/am/devportal/v2/apis/d440f6b9-22c1-4326-8625-16eff1a0354e/comments?limit=5&offset=0 HTTP/1.1 200 101 https://localhost:9443/devportal/apis/d440f6b9-22c1-4326-8625-16eff1a0354e/overview Mozilla/5.0 (Windows NT 10.0; Win64; x64) AppleWebKit/537.36 (KHTML, like Gecko) Chrome/114.0.0.0 Safari/537.36 0.028
0:0:0:0:0:0:0:1 - - [04/Jul/2023:11:52:03 +0500] GET /api/am/devportal/v2/apis/d440f6b9-22c1-4326-8625-16eff1a0354e/ratings HTTP/1.1 200 125 https://localhost:9443/devportal/apis/d440f6b9-22c1-4326-8625-16eff1a0354e/overview Mozilla/5.0 (Windows NT 10.0; Win64; x64) AppleWebKit/537.36 (KHTML, like Gecko) Chrome/114.0.0.0 Safari/537.36 0.133
0:0:0:0:0:0:0:1 - - [04/Jul/2023:11:52:17 +0500] GET /devportal/site/public/css/main.css HTTP/1.1 200 1791 https://localhost:9443/devportal/apis/d440f6b9-22c1-4326-8625-16eff1a0354e/overview Mozilla/5.0 (Windows NT 10.0; Win64; x64) AppleWebKit/537.36 (KHTML, like Gecko) Chrome/114.0.0.0 Safari/537.36 0.009
0:0:0:0:0:0:0:1 - - [04/Jul/2023:11:52:17 +0500] GET /devportal/site/public/fonts/iconfont/material-icons.css HTTP/1.1 200 970 https://localhost:9443/devportal/apis/d440f6b9-22c1-4326-8625-16eff1a0354e/overview Mozilla/5.0 (Windows NT 10.0; Win64; x64) AppleWebKit/537.36 (KHTML, like Gecko) Chrome/114.0.0.0 Safari/537.36 0.005
0:0:0:0:0:0:0:1 - - [04/Jul/2023:11:52:19 +0500] GET /devportal/site/public/dist/ProtectedApp.85246914c5a864cd3b25.bundle.js.map HTTP/1.1 200 344842 - Mozilla/5.0 (Windows NT 10.0; Win64; x64) AppleWebKit/537.36 (KHTML, like Gecko) Chrome/114.0.0.0 Safari/537.36 0.020
0:0:0:0:0:0:0:1 - - [04/Jul/2023:11:52:19 +0500] GET /devportal/site/public/dist/vendors~Apis~Landing.3ed7aaee9d420a079083.bundle.js.map HTTP/1.1 200 44660 - Mozilla/5.0 (Windows NT 10.0; Win64; x64) AppleWebKit/537.36 (KHTML, like Gecko) Chrome/114.0.0.0 Safari/537.36 0.005
0:0:0:0:0:0:0:1 - - [04/Jul/2023:11:52:19 +0500] GET /devportal/site/public/dist/vendors~ApiListing~Apis~ApplicationDetails.085bc8cf7979cfcae9cd.bundle.js.map HTTP/1.1 200 56915 - Mozilla/5.0 (Windows NT 10.0; Win64; x64) AppleWebKit/537.36 (KHTML, like Gecko) Chrome/114.0.0.0 Safari/537.36 0.011
0:0:0:0:0:0:0:1 - - [04/Jul/2023:11:52:19 +0500] GET /devportal/site/public/dist/vendors~Apis.c6057c04cc4bfea77c3f.bundle.js.map HTTP/1.1 200 244656 - Mozilla/5.0 (Windows NT 10.0; Win64; x64) AppleWebKit/537.36 (KHTML, like Gecko) Chrome/114.0.0.0 Safari/537.36 0.006
0:0:0:0:0:0:0:1 - - [04/Jul/2023:11:52:19 +0500] GET /devportal/site/public/dist/vendors~ProtectedApp.f5062f21efd7a7d46a01.bundle.js.map HTTP/1.1 200 2356248 - Mozilla/5.0 (Windows NT 10.0; Win64; x64) AppleWebKit/537.36 (KHTML, like Gecko) Chrome/114.0.0.0 Safari/537.36 0.041
0:0:0:0:0:0:0:1 - - [04/Jul/2023:11:52:19 +0500] - 400 - - - 0.000
0:0:0:0:0:0:0:1 - - [04/Jul/2023:11:52:19 +0500] GET /devportal/site/public/dist/vendors~Apis~ApplicationDetails.be38cbbdbc60426eae7a.bundle.js.map HTTP/1.1 200 962486 - Mozilla/5.0 (Windows NT 10.0; Win64; x64) AppleWebKit/537.36 (KHTML, like Gecko) Chrome/114.0.0.0 Safari/537.36 0.059
0:0:0:0:0:0:0:1 - - [04/Jul/2023:11:52:19 +0500] GET /devportal/site/public/dist/Apis.fdf1eccb253de572570e.bundle.js.map HTTP/1.1 200 460525 - Mozilla/5.0 (Windows NT 10.0; Win64; x64) AppleWebKit/537.36 (KHTML, like Gecko) Chrome/114.0.0.0 Safari/537.36 0.018
0:0:0:0:0:0:0:1 - - [04/Jul/2023:11:52:19 +0500] GET /devportal/site/public/dist/9.19a62cd6a9c3410d8be6.bundle.js.map HTTP/1.1 200 1243870 - Mozilla/5.0 (Windows NT 10.0; Win64; x64) AppleWebKit/537.36 (KHTML, like Gecko) Chrome/114.0.0.0 Safari/537.36 0.035
0:0:0:0:0:0:0:1 - - [04/Jul/2023:11:52:19 +0500] - 400 - - - 0.000
0:0:0:0:0:0:0:1 - - [04/Jul/2023:11:52:19 +0500] GET /devportal/site/public/dist/index.bb5a154b1face8797bc3.bundle.js.map HTTP/1.1 200 3588736 - Mozilla/5.0 (Windows NT 10.0; Win64; x64) AppleWebKit/537.36 (KHTML, like Gecko) Chrome/114.0.0.0 Safari/537.36 0.156
0:0:0:0:0:0:0:1 - - [04/Jul/2023:11:52:19 +0500] - 400 - - - 0.000
0:0:0:0:0:0:0:1 - - [04/Jul/2023:11:52:19 +0500] GET /devportal/site/public/dist/APIOverview.f8126125ca0837b4fd59.bundle.js.map HTTP/1.1 200 175385 - Mozilla/5.0 (Windows NT 10.0; Win64; x64) AppleWebKit/537.36 (KHTML, like Gecko) Chrome/114.0.0.0 Safari/537.36 0.005
0:0:0:0:0:0:0:1 - - [04/Jul/2023:11:52:19 +0500] GET /devportal/site/public/dist/vendors~APIComments~APIOverview~ApplicationDetails.87a2f2161f16e1ebc95c.bundle.js.map HTTP/1.1 200 51089 - Mozilla/5.0 (Windows NT 10.0; Win64; x64) AppleWebKit/537.36 (KHTML, like Gecko) Chrome/114.0.0.0 Safari/537.36 0.004
0:0:0:0:0:0:0:1 - - [04/Jul/2023:11:52:19 +0500] GET /devportal/site/public/dist/APIComments.556f8b209379e7d93f7a.bundle.js.map HTTP/1.1 200 128266 - Mozilla/5.0 (Windows NT 10.0; Win64; x64) AppleWebKit/537.36 (KHTML, like Gecko) Chrome/114.0.0.0 Safari/537.36 0.006
0:0:0:0:0:0:0:1 - - [04/Jul/2023:11:52:19 +0500] GET /devportal/site/public/dist/vendors~APIDocuments~APIOverview.6e9016b2541da23523a5.bundle.js.map HTTP/1.1 200 1227166 - Mozilla/5.0 (Windows NT 10.0; Win64; x64) AppleWebKit/537.36 (KHTML, like Gecko) Chrome/114.0.0.0 Safari/537.36 0.019
0:0:0:0:0:0:0:1 - - [04/Jul/2023:11:52:19 +0500] GET /devportal/site/public/dist/APIConsole.e692d99b83731b72dbe6.bundle.js.map HTTP/1.1 200 44102 - Mozilla/5.0 (Windows NT 10.0; Win64; x64) AppleWebKit/537.36 (KHTML, like Gecko) Chrome/114.0.0.0 Safari/537.36 0.005
0:0:0:0:0:0:0:1 - - [04/Jul/2023:11:52:19 +0500] GET /devportal/site/public/dist/3.5fb775e73b1459555d1d.bundle.js.map HTTP/1.1 200 82379 - Mozilla/5.0 (Windows NT 10.0; Win64; x64) AppleWebKit/537.36 (KHTML, like Gecko) Chrome/114.0.0.0 Safari/537.36 0.005
0:0:0:0:0:0:0:1 - - [04/Jul/2023:11:52:19 +0500] - 400 - - - 0.000
0:0:0:0:0:0:0:1 - - [04/Jul/2023:11:52:19 +0500] - 400 - - - 0.000
0:0:0:0:0:0:0:1 - - [04/Jul/2023:11:52:19 +0500] GET /devportal/site/public/dist/vendors~APIConsole~GraphQLConsole.c00ffdb9a4bac0f7794e.bundle.js.map HTTP/1.1 200 3091232 - Mozilla/5.0 (Windows NT 10.0; Win64; x64) AppleWebKit/537.36 (KHTML, like Gecko) Chrome/114.0.0.0 Safari/537.36 0.122
0:0:0:0:0:0:0:1 - - [04/Jul/2023:11:52:20 +0500] GET /devportal/site/public/dist/vendors~APIConsole.b84bc27def35d6c9dee0.bundle.js.map HTTP/1.1 200 14189011 - Mozilla/5.0 (Windows NT 10.0; Win64; x64) AppleWebKit/537.36 (KHTML, like Gecko) Chrome/114.0.0.0 Safari/537.36 0.495
0:0:0:0:0:0:0:1 - - [04/Jul/2023:11:52:20 +0500] GET /devportal/site/public/css/overrides.css HTTP/1.1 200 - https://localhost:9443/devportal/apis/d440f6b9-22c1-4326-8625-16eff1a0354e/overview Mozilla/5.0 (Windows NT 10.0; Win64; x64) AppleWebKit/537.36 (KHTML, like Gecko) Chrome/114.0.0.0 Safari/537.36 0.002
0:0:0:0:0:0:0:1 - - [04/Jul/2023:11:54:24 +0500] - 400 - - - 0.000
0:0:0:0:0:0:0:1 - - [04/Jul/2023:11:54:24 +0500] - 400 - - - 0.000
0:0:0:0:0:0:0:1 - - [04/Jul/2023:11:54:24 +0500] - 400 - - - 0.000
0:0:0:0:0:0:0:1 - - [04/Jul/2023:11:54:24 +0500] - 400 - - - 0.000
0:0:0:0:0:0:0:1 - - [04/Jul/2023:11:54:25 +0500] GET /api/am/devportal/v2/applications?limit=5000 HTTP/1.1 200 440 https://localhost:9443/devportal/apis/d440f6b9-22c1-4326-8625-16eff1a0354e/test Mozilla/5.0 (Windows NT 10.0; Win64; x64) AppleWebKit/537.36 (KHTML, like Gecko) Chrome/114.0.0.0 Safari/537.36 0.763
0:0:0:0:0:0:0:1 - - [04/Jul/2023:11:54:25 +0500] GET /api/am/devportal/v2/apis/d440f6b9-22c1-4326-8625-16eff1a0354e HTTP/1.1 200 1137 https://localhost:9443/devportal/apis/d440f6b9-22c1-4326-8625-16eff1a0354e/test Mozilla/5.0 (Windows NT 10.0; Win64; x64) AppleWebKit/537.36 (KHTML, like Gecko) Chrome/114.0.0.0 Safari/537.36 0.817
127.0.0.1 - - [04/Jul/2023:11:54:25 +0500] GET /keymanager-operations/dcr/register/WHlMZkN2djZITW0yT3hydGtOTW51b0xPZFNVYQ%3D%3D HTTP/1.1 200 515 - Apache-HttpClient/4.5.13 (Java/11.0.18) 0.032
127.0.0.1 - - [04/Jul/2023:11:54:25 +0500] GET /keymanager-operations/dcr/register/WHlMZkN2djZITW0yT3hydGtOTW51b0xPZFNVYQ%3D%3D HTTP/1.1 200 515 - Apache-HttpClient/4.5.13 (Java/11.0.18) 0.042
0:0:0:0:0:0:0:1 - - [04/Jul/2023:11:54:25 +0500] GET /api/am/devportal/v2/subscriptions?apiId=d440f6b9-22c1-4326-8625-16eff1a0354e&limit=25 HTTP/1.1 200 654 https://localhost:9443/devportal/apis/d440f6b9-22c1-4326-8625-16eff1a0354e/test Mozilla/5.0 (Windows NT 10.0; Win64; x64) AppleWebKit/537.36 (KHTML, like Gecko) Chrome/114.0.0.0 Safari/537.36 0.855
0:0:0:0:0:0:0:1 - - [04/Jul/2023:11:54:25 +0500] GET /api/am/devportal/v2/subscriptions?apiId=d440f6b9-22c1-4326-8625-16eff1a0354e&limit=5000 HTTP/1.1 200 655 https://localhost:9443/devportal/apis/d440f6b9-22c1-4326-8625-16eff1a0354e/test Mozilla/5.0 (Windows NT 10.0; Win64; x64) AppleWebKit/537.36 (KHTML, like Gecko) Chrome/114.0.0.0 Safari/537.36 0.885
0:0:0:0:0:0:0:1 - - [04/Jul/2023:11:54:25 +0500] GET /api/am/devportal/v2/apis/d440f6b9-22c1-4326-8625-16eff1a0354e HTTP/1.1 200 1137 https://localhost:9443/devportal/apis/d440f6b9-22c1-4326-8625-16eff1a0354e/test Mozilla/5.0 (Windows NT 10.0; Win64; x64) AppleWebKit/537.36 (KHTML, like Gecko) Chrome/114.0.0.0 Safari/537.36 0.066
0:0:0:0:0:0:0:1 - - [04/Jul/2023:11:54:25 +0500] GET /api/am/devportal/v2/apis/d440f6b9-22c1-4326-8625-16eff1a0354e/swagger?environmentName=Default HTTP/1.1 200 489 https://localhost:9443/devportal/apis/d440f6b9-22c1-4326-8625-16eff1a0354e/test Mozilla/5.0 (Windows NT 10.0; Win64; x64) AppleWebKit/537.36 (KHTML, like Gecko) Chrome/114.0.0.0 Safari/537.36 0.064
0:0:0:0:0:0:0:1 - - [04/Jul/2023:11:54:26 +0500] GET /api/am/devportal/v2/swagger.yaml HTTP/1.1 200 23493 https://localhost:9443/devportal/apis/d440f6b9-22c1-4326-8625-16eff1a0354e/test Mozilla/5.0 (Windows NT 10.0; Win64; x64) AppleWebKit/537.36 (KHTML, like Gecko) Chrome/114.0.0.0 Safari/537.36 0.076
127.0.0.1 - - [04/Jul/2023:11:54:26 +0500] GET /keymanager-operations/dcr/register/WHlMZkN2djZITW0yT3hydGtOTW51b0xPZFNVYQ%3D%3D HTTP/1.1 200 515 - Apache-HttpClient/4.5.13 (Java/11.0.18) 0.017
127.0.0.1 - - [04/Jul/2023:11:54:26 +0500] GET /oauth2/token/.well-known/openid-configuration HTTP/1.1 200 2245 - Apache-HttpClient/4.5.13 (Java/11.0.18) 0.050
0:0:0:0:0:0:0:1 - - [04/Jul/2023:11:54:26 +0500] GET /api/am/devportal/v2/key-managers HTTP/1.1 200 755 https://localhost:9443/devportal/apis/d440f6b9-22c1-4326-8625-16eff1a0354e/test Mozilla/5.0 (Windows NT 10.0; Win64; x64) AppleWebKit/537.36 (KHTML, like Gecko) Chrome/114.0.0.0 Safari/537.36 0.131
0:0:0:0:0:0:0:1 - - [04/Jul/2023:11:54:26 +0500] GET /api/am/devportal/v2/subscriptions?apiId=d440f6b9-22c1-4326-8625-16eff1a0354e&limit=25 HTTP/1.1 200 654 https://localhost:9443/devportal/apis/d440f6b9-22c1-4326-8625-16eff1a0354e/test Mozilla/5.0 (Windows NT 10.0; Win64; x64) AppleWebKit/537.36 (KHTML, like Gecko) Chrome/114.0.0.0 Safari/537.36 0.187
127.0.0.1 - - [04/Jul/2023:11:54:26 +0500] GET /keymanager-operations/dcr/register/WHlMZkN2djZITW0yT3hydGtOTW51b0xPZFNVYQ%3D%3D HTTP/1.1 200 515 - Apache-HttpClient/4.5.13 (Java/11.0.18) 0.072
0:0:0:0:0:0:0:1 - - [04/Jul/2023:11:54:26 +0500] GET /api/am/devportal/v2/subscriptions?apiId=d440f6b9-22c1-4326-8625-16eff1a0354e&limit=25 HTTP/1.1 200 654 https://localhost:9443/devportal/apis/d440f6b9-22c1-4326-8625-16eff1a0354e/test Mozilla/5.0 (Windows NT 10.0; Win64; x64) AppleWebKit/537.36 (KHTML, like Gecko) Chrome/114.0.0.0 Safari/537.36 0.120
0:0:0:0:0:0:0:1 - - [04/Jul/2023:11:54:27 +0500] GET /api/am/devportal/v2/applications/ HTTP/1.1 200 439 https://localhost:9443/devportal/apis/d440f6b9-22c1-4326-8625-16eff1a0354e/test Mozilla/5.0 (Windows NT 10.0; Win64; x64) AppleWebKit/537.36 (KHTML, like Gecko) Chrome/114.0.0.0 Safari/537.36 0.017
0:0:0:0:0:0:0:1 - - [04/Jul/2023:11:54:27 +0500] GET /api/am/devportal/v2/swagger.yaml HTTP/1.1 200 23493 https://localhost:9443/devportal/apis/d440f6b9-22c1-4326-8625-16eff1a0354e/test Mozilla/5.0 (Windows NT 10.0; Win64; x64) AppleWebKit/537.36 (KHTML, like Gecko) Chrome/114.0.0.0 Safari/537.36 0.022
127.0.0.1 - - [04/Jul/2023:11:54:28 +0500] GET /keymanager-operations/dcr/register/WHlMZkN2djZITW0yT3hydGtOTW51b0xPZFNVYQ%3D%3D HTTP/1.1 200 515 - Apache-HttpClient/4.5.13 (Java/11.0.18) 0.011
0:0:0:0:0:0:0:1 - - [04/Jul/2023:11:54:28 +0500] GET /api/am/devportal/v2/applications/5ceac273-9f7d-4f15-9a59-71cf848b596b HTTP/1.1 200 277 https://localhost:9443/devportal/apis/d440f6b9-22c1-4326-8625-16eff1a0354e/test Mozilla/5.0 (Windows NT 10.0; Win64; x64) AppleWebKit/537.36 (KHTML, like Gecko) Chrome/114.0.0.0 Safari/537.36 0.025
0:0:0:0:0:0:0:1 - - [04/Jul/2023:11:54:28 +0500] GET /api/am/devportal/v2/throttling-policies/subscription HTTP/1.1 200 634 https://localhost:9443/devportal/apis/d440f6b9-22c1-4326-8625-16eff1a0354e/overview Mozilla/5.0 (Windows NT 10.0; Win64; x64) AppleWebKit/537.36 (KHTML, like Gecko) Chrome/114.0.0.0 Safari/537.36 0.010
0:0:0:0:0:0:0:1 - - [04/Jul/2023:11:54:28 +0500] GET /api/am/devportal/v2/apis/d440f6b9-22c1-4326-8625-16eff1a0354e/documents HTTP/1.1 200 92 https://localhost:9443/devportal/apis/d440f6b9-22c1-4326-8625-16eff1a0354e/overview Mozilla/5.0 (Windows NT 10.0; Win64; x64) AppleWebKit/537.36 (KHTML, like Gecko) Chrome/114.0.0.0 Safari/537.36 0.029
0:0:0:0:0:0:0:1 - - [04/Jul/2023:11:54:28 +0500] GET /api/am/devportal/v2/throttling-policies/subscription HTTP/1.1 200 634 https://localhost:9443/devportal/apis/d440f6b9-22c1-4326-8625-16eff1a0354e/overview Mozilla/5.0 (Windows NT 10.0; Win64; x64) AppleWebKit/537.36 (KHTML, like Gecko) Chrome/114.0.0.0 Safari/537.36 0.010
0:0:0:0:0:0:0:1 - - [04/Jul/2023:11:54:28 +0500] GET /api/am/devportal/v2/apis/d440f6b9-22c1-4326-8625-16eff1a0354e/documents HTTP/1.1 200 92 https://localhost:9443/devportal/apis/d440f6b9-22c1-4326-8625-16eff1a0354e/overview Mozilla/5.0 (Windows NT 10.0; Win64; x64) AppleWebKit/537.36 (KHTML, like Gecko) Chrome/114.0.0.0 Safari/537.36 0.023
127.0.0.1 - - [04/Jul/2023:11:54:28 +0500] GET /keymanager-operations/dcr/register/WHlMZkN2djZITW0yT3hydGtOTW51b0xPZFNVYQ%3D%3D HTTP/1.1 200 515 - Apache-HttpClient/4.5.13 (Java/11.0.18) 0.013
0:0:0:0:0:0:0:1 - - [04/Jul/2023:11:54:28 +0500] GET /api/am/devportal/v2/applications/5ceac273-9f7d-4f15-9a59-71cf848b596b/oauth-keys HTTP/1.1 200 663 https://localhost:9443/devportal/apis/d440f6b9-22c1-4326-8625-16eff1a0354e/overview Mozilla/5.0 (Windows NT 10.0; Win64; x64) AppleWebKit/537.36 (KHTML, like Gecko) Chrome/114.0.0.0 Safari/537.36 0.028
0:0:0:0:0:0:0:1 - - [04/Jul/2023:11:54:29 +0500] GET /api/am/devportal/v2/apis/d440f6b9-22c1-4326-8625-16eff1a0354e/thumbnail HTTP/1.1 204 - https://localhost:9443/devportal/apis/d440f6b9-22c1-4326-8625-16eff1a0354e/overview Mozilla/5.0 (Windows NT 10.0; Win64; x64) AppleWebKit/537.36 (KHTML, like Gecko) Chrome/114.0.0.0 Safari/537.36 0.043
0:0:0:0:0:0:0:1 - - [04/Jul/2023:11:54:29 +0500] GET /api/am/devportal/v2/apis/d440f6b9-22c1-4326-8625-16eff1a0354e/ratings HTTP/1.1 200 125 https://localhost:9443/devportal/apis/d440f6b9-22c1-4326-8625-16eff1a0354e/overview Mozilla/5.0 (Windows NT 10.0; Win64; x64) AppleWebKit/537.36 (KHTML, like Gecko) Chrome/114.0.0.0 Safari/537.36 0.044
0:0:0:0:0:0:0:1 - - [04/Jul/2023:11:54:29 +0500] GET /api/am/devportal/v2/apis/d440f6b9-22c1-4326-8625-16eff1a0354e/comments?limit=5&offset=0 HTTP/1.1 200 101 https://localhost:9443/devportal/apis/d440f6b9-22c1-4326-8625-16eff1a0354e/overview Mozilla/5.0 (Windows NT 10.0; Win64; x64) AppleWebKit/537.36 (KHTML, like Gecko) Chrome/114.0.0.0 Safari/537.36 0.048
0:0:0:0:0:0:0:1 - - [04/Jul/2023:12:02:29 +0500] - 400 - - - 0.000
0:0:0:0:0:0:0:1 - - [04/Jul/2023:12:02:29 +0500] - 400 - - - 0.000
0:0:0:0:0:0:0:1 - - [04/Jul/2023:12:02:29 +0500] - 400 - - - 0.000
0:0:0:0:0:0:0:1 - - [04/Jul/2023:12:02:29 +0500] GET /api/am/devportal/v2/api-categories HTTP/1.1 200 21 https://localhost:9443/devportal/apis Mozilla/5.0 (Windows NT 10.0; Win64; x64) AppleWebKit/537.36 (KHTML, like Gecko) Chrome/114.0.0.0 Safari/537.36 0.256
0:0:0:0:0:0:0:1 - - [04/Jul/2023:12:02:29 +0500] GET /api/am/devportal/v2/tags HTTP/1.1 200 119 https://localhost:9443/devportal/apis Mozilla/5.0 (Windows NT 10.0; Win64; x64) AppleWebKit/537.36 (KHTML, like Gecko) Chrome/114.0.0.0 Safari/537.36 0.269
0:0:0:0:0:0:0:1 - - [04/Jul/2023:12:02:29 +0500] GET /api/am/devportal/v2/apis?limit=10&offset=0 HTTP/1.1 200 751 https://localhost:9443/devportal/apis Mozilla/5.0 (Windows NT 10.0; Win64; x64) AppleWebKit/537.36 (KHTML, like Gecko) Chrome/114.0.0.0 Safari/537.36 0.353
0:0:0:0:0:0:0:1 - - [04/Jul/2023:12:02:29 +0500] GET /api/am/devportal/v2/apis/a9eff00c-8aee-4ca5-8e6e-3d5df6468875/thumbnail HTTP/1.1 204 - https://localhost:9443/devportal/apis Mozilla/5.0 (Windows NT 10.0; Win64; x64) AppleWebKit/537.36 (KHTML, like Gecko) Chrome/114.0.0.0 Safari/537.36 0.038
0:0:0:0:0:0:0:1 - - [04/Jul/2023:12:02:29 +0500] GET /api/am/devportal/v2/apis/a9eff00c-8aee-4ca5-8e6e-3d5df6468875/ratings HTTP/1.1 200 125 https://localhost:9443/devportal/apis Mozilla/5.0 (Windows NT 10.0; Win64; x64) AppleWebKit/537.36 (KHTML, like Gecko) Chrome/114.0.0.0 Safari/537.36 0.052
0:0:0:0:0:0:0:1 - - [04/Jul/2023:12:02:29 +0500] GET /api/am/devportal/v2/apis/f166cc64-02b1-488c-b6e7-2e00befe5d92/ratings HTTP/1.1 200 125 https://localhost:9443/devportal/apis Mozilla/5.0 (Windows NT 10.0; Win64; x64) AppleWebKit/537.36 (KHTML, like Gecko) Chrome/114.0.0.0 Safari/537.36 0.016
0:0:0:0:0:0:0:1 - - [04/Jul/2023:12:02:29 +0500] GET /api/am/devportal/v2/apis/f166cc64-02b1-488c-b6e7-2e00befe5d92/thumbnail HTTP/1.1 204 - https://localhost:9443/devportal/apis Mozilla/5.0 (Windows NT 10.0; Win64; x64) AppleWebKit/537.36 (KHTML, like Gecko) Chrome/114.0.0.0 Safari/537.36 0.029
0:0:0:0:0:0:0:1 - - [04/Jul/2023:12:02:29 +0500] GET /api/am/devportal/v2/apis/a7a6f198-2961-422a-9ba4-7dd81d27f2dc/ratings HTTP/1.1 200 125 https://localhost:9443/devportal/apis Mozilla/5.0 (Windows NT 10.0; Win64; x64) AppleWebKit/537.36 (KHTML, like Gecko) Chrome/114.0.0.0 Safari/537.36 0.027
0:0:0:0:0:0:0:1 - - [04/Jul/2023:12:02:30 +0500] GET /api/am/devportal/v2/apis/a7a6f198-2961-422a-9ba4-7dd81d27f2dc/thumbnail HTTP/1.1 204 - https://localhost:9443/devportal/apis Mozilla/5.0 (Windows NT 10.0; Win64; x64) AppleWebKit/537.36 (KHTML, like Gecko) Chrome/114.0.0.0 Safari/537.36 0.098
0:0:0:0:0:0:0:1 - - [04/Jul/2023:12:02:30 +0500] GET /api/am/devportal/v2/apis/d440f6b9-22c1-4326-8625-16eff1a0354e/ratings HTTP/1.1 200 125 https://localhost:9443/devportal/apis Mozilla/5.0 (Windows NT 10.0; Win64; x64) AppleWebKit/537.36 (KHTML, like Gecko) Chrome/114.0.0.0 Safari/537.36 0.037
0:0:0:0:0:0:0:1 - - [04/Jul/2023:12:02:30 +0500] - 400 - - - 0.000
0:0:0:0:0:0:0:1 - - [04/Jul/2023:12:02:30 +0500] GET /api/am/devportal/v2/apis/2d15ab04-b0b2-4820-8b7c-052e4997dcce/ratings HTTP/1.1 200 125 https://localhost:9443/devportal/apis Mozilla/5.0 (Windows NT 10.0; Win64; x64) AppleWebKit/537.36 (KHTML, like Gecko) Chrome/114.0.0.0 Safari/537.36 0.059
0:0:0:0:0:0:0:1 - - [04/Jul/2023:12:02:30 +0500] GET /api/am/devportal/v2/apis/2d15ab04-b0b2-4820-8b7c-052e4997dcce/thumbnail HTTP/1.1 204 - https://localhost:9443/devportal/apis Mozilla/5.0 (Windows NT 10.0; Win64; x64) AppleWebKit/537.36 (KHTML, like Gecko) Chrome/114.0.0.0 Safari/537.36 0.059
0:0:0:0:0:0:0:1 - - [04/Jul/2023:12:02:30 +0500] - 400 - - - 0.000
0:0:0:0:0:0:0:1 - - [04/Jul/2023:12:02:30 +0500] GET /api/am/devportal/v2/apis/d440f6b9-22c1-4326-8625-16eff1a0354e/thumbnail HTTP/1.1 204 - https://localhost:9443/devportal/apis Mozilla/5.0 (Windows NT 10.0; Win64; x64) AppleWebKit/537.36 (KHTML, like Gecko) Chrome/114.0.0.0 Safari/537.36 0.215
0:0:0:0:0:0:0:1 - - [04/Jul/2023:12:02:30 +0500] - 400 - - - 0.000
0:0:0:0:0:0:0:1 - - [04/Jul/2023:12:02:31 +0500] GET /api/am/devportal/v2/apis/d440f6b9-22c1-4326-8625-16eff1a0354e HTTP/1.1 200 1137 https://localhost:9443/devportal/apis/d440f6b9-22c1-4326-8625-16eff1a0354e Mozilla/5.0 (Windows NT 10.0; Win64; x64) AppleWebKit/537.36 (KHTML, like Gecko) Chrome/114.0.0.0 Safari/537.36 0.035
0:0:0:0:0:0:0:1 - - [04/Jul/2023:12:02:32 +0500] GET /api/am/devportal/v2/applications?limit=5000 HTTP/1.1 200 440 https://localhost:9443/devportal/apis/d440f6b9-22c1-4326-8625-16eff1a0354e Mozilla/5.0 (Windows NT 10.0; Win64; x64) AppleWebKit/537.36 (KHTML, like Gecko) Chrome/114.0.0.0 Safari/537.36 0.057
127.0.0.1 - - [04/Jul/2023:12:02:32 +0500] GET /keymanager-operations/dcr/register/WHlMZkN2djZITW0yT3hydGtOTW51b0xPZFNVYQ%3D%3D HTTP/1.1 200 515 - Apache-HttpClient/4.5.13 (Java/11.0.18) 0.027
0:0:0:0:0:0:0:1 - - [04/Jul/2023:12:02:32 +0500] GET /api/am/devportal/v2/subscriptions?apiId=d440f6b9-22c1-4326-8625-16eff1a0354e&limit=5000 HTTP/1.1 200 655 https://localhost:9443/devportal/apis/d440f6b9-22c1-4326-8625-16eff1a0354e Mozilla/5.0 (Windows NT 10.0; Win64; x64) AppleWebKit/537.36 (KHTML, like Gecko) Chrome/114.0.0.0 Safari/537.36 0.174
127.0.0.1 - - [04/Jul/2023:12:02:32 +0500] GET /keymanager-operations/dcr/register/WHlMZkN2djZITW0yT3hydGtOTW51b0xPZFNVYQ%3D%3D HTTP/1.1 200 515 - Apache-HttpClient/4.5.13 (Java/11.0.18) 0.025
0:0:0:0:0:0:0:1 - - [04/Jul/2023:12:02:32 +0500] GET /api/am/devportal/v2/subscriptions?apiId=d440f6b9-22c1-4326-8625-16eff1a0354e&limit=25 HTTP/1.1 200 654 https://localhost:9443/devportal/apis/d440f6b9-22c1-4326-8625-16eff1a0354e Mozilla/5.0 (Windows NT 10.0; Win64; x64) AppleWebKit/537.36 (KHTML, like Gecko) Chrome/114.0.0.0 Safari/537.36 0.196
0:0:0:0:0:0:0:1 - - [04/Jul/2023:12:02:32 +0500] GET /api/am/devportal/v2/throttling-policies/subscription HTTP/1.1 200 634 https://localhost:9443/devportal/apis/d440f6b9-22c1-4326-8625-16eff1a0354e/overview Mozilla/5.0 (Windows NT 10.0; Win64; x64) AppleWebKit/537.36 (KHTML, like Gecko) Chrome/114.0.0.0 Safari/537.36 0.011
0:0:0:0:0:0:0:1 - - [04/Jul/2023:12:02:32 +0500] GET /api/am/devportal/v2/apis/d440f6b9-22c1-4326-8625-16eff1a0354e/documents HTTP/1.1 200 92 https://localhost:9443/devportal/apis/d440f6b9-22c1-4326-8625-16eff1a0354e/overview Mozilla/5.0 (Windows NT 10.0; Win64; x64) AppleWebKit/537.36 (KHTML, like Gecko) Chrome/114.0.0.0 Safari/537.36 0.030
0:0:0:0:0:0:0:1 - - [04/Jul/2023:12:02:32 +0500] GET /api/am/devportal/v2/throttling-policies/subscription HTTP/1.1 200 634 https://localhost:9443/devportal/apis/d440f6b9-22c1-4326-8625-16eff1a0354e/overview Mozilla/5.0 (Windows NT 10.0; Win64; x64) AppleWebKit/537.36 (KHTML, like Gecko) Chrome/114.0.0.0 Safari/537.36 0.018
0:0:0:0:0:0:0:1 - - [04/Jul/2023:12:02:32 +0500] GET /api/am/devportal/v2/apis/d440f6b9-22c1-4326-8625-16eff1a0354e/documents HTTP/1.1 200 92 https://localhost:9443/devportal/apis/d440f6b9-22c1-4326-8625-16eff1a0354e/overview Mozilla/5.0 (Windows NT 10.0; Win64; x64) AppleWebKit/537.36 (KHTML, like Gecko) Chrome/114.0.0.0 Safari/537.36 0.026
0:0:0:0:0:0:0:1 - - [04/Jul/2023:12:02:32 +0500] GET /api/am/devportal/v2/apis/d440f6b9-22c1-4326-8625-16eff1a0354e/thumbnail HTTP/1.1 204 - https://localhost:9443/devportal/apis/d440f6b9-22c1-4326-8625-16eff1a0354e/overview Mozilla/5.0 (Windows NT 10.0; Win64; x64) AppleWebKit/537.36 (KHTML, like Gecko) Chrome/114.0.0.0 Safari/537.36 0.029
0:0:0:0:0:0:0:1 - - [04/Jul/2023:12:02:32 +0500] GET /api/am/devportal/v2/apis/d440f6b9-22c1-4326-8625-16eff1a0354e/comments?limit=5&offset=0 HTTP/1.1 200 101 https://localhost:9443/devportal/apis/d440f6b9-22c1-4326-8625-16eff1a0354e/overview Mozilla/5.0 (Windows NT 10.0; Win64; x64) AppleWebKit/537.36 (KHTML, like Gecko) Chrome/114.0.0.0 Safari/537.36 0.026
0:0:0:0:0:0:0:1 - - [04/Jul/2023:12:02:32 +0500] GET /api/am/devportal/v2/apis/d440f6b9-22c1-4326-8625-16eff1a0354e/ratings HTTP/1.1 200 125 https://localhost:9443/devportal/apis/d440f6b9-22c1-4326-8625-16eff1a0354e/overview Mozilla/5.0 (Windows NT 10.0; Win64; x64) AppleWebKit/537.36 (KHTML, like Gecko) Chrome/114.0.0.0 Safari/537.36 0.021
0:0:0:0:0:0:0:1 - - [04/Jul/2023:12:08:39 +0500] - 400 - - - 0.000
0:0:0:0:0:0:0:1 - - [04/Jul/2023:12:08:39 +0500] - 400 - - - 0.000
0:0:0:0:0:0:0:1 - - [04/Jul/2023:12:08:39 +0500] - 400 - - - 0.000
0:0:0:0:0:0:0:1 - - [04/Jul/2023:12:08:39 +0500] GET /devportal/apis/d440f6b9-22c1-4326-8625-16eff1a0354e/overview HTTP/1.1 200 2034 https://localhost:9443/devportal/apis/d440f6b9-22c1-4326-8625-16eff1a0354e/test Mozilla/5.0 (Windows NT 10.0; Win64; x64) AppleWebKit/537.36 (KHTML, like Gecko) Chrome/114.0.0.0 Safari/537.36 0.051
0:0:0:0:0:0:0:1 - - [04/Jul/2023:12:08:39 +0500] GET /devportal/site/public/css/main.css HTTP/1.1 200 1791 https://localhost:9443/devportal/apis/d440f6b9-22c1-4326-8625-16eff1a0354e/overview Mozilla/5.0 (Windows NT 10.0; Win64; x64) AppleWebKit/537.36 (KHTML, like Gecko) Chrome/114.0.0.0 Safari/537.36 0.005
0:0:0:0:0:0:0:1 - - [04/Jul/2023:12:08:39 +0500] - 400 - - - 0.000
0:0:0:0:0:0:0:1 - - [04/Jul/2023:12:08:39 +0500] - 400 - - - 0.000
0:0:0:0:0:0:0:1 - - [04/Jul/2023:12:08:39 +0500] - 400 - - - 0.000
0:0:0:0:0:0:0:1 - - [04/Jul/2023:12:08:39 +0500] - 400 - - - 0.000
0:0:0:0:0:0:0:1 - - [04/Jul/2023:12:08:39 +0500] - 400 - - - 0.000
0:0:0:0:0:0:0:1 - - [04/Jul/2023:12:08:39 +0500] GET /devportal/site/public/css/overrides.css HTTP/1.1 200 - https://localhost:9443/devportal/apis/d440f6b9-22c1-4326-8625-16eff1a0354e/overview Mozilla/5.0 (Windows NT 10.0; Win64; x64) AppleWebKit/537.36 (KHTML, like Gecko) Chrome/114.0.0.0 Safari/537.36 0.013
0:0:0:0:0:0:0:1 - - [04/Jul/2023:12:08:39 +0500] - 400 - - - 0.000
