0:0:0:0:0:0:0:1 - - [31/Jul/2023:16:40:31 +0500] GET /devportal/site/public/fonts/Open_Sans/mem8YaGs126MiZpBA-UFVZ0bf8pkAg.woff2 HTTP/1.1 200 8892 https://localhost:9443/devportal/site/public/css/main.css Mozilla/5.0 (Windows NT 10.0; Win64; x64) AppleWebKit/537.36 (KHTML, like Gecko) Chrome/114.0.0.0 Safari/537.36 0.015
0:0:0:0:0:0:0:1 - - [31/Jul/2023:16:40:31 +0500] GET /devportal/site/public/fonts/Open_Sans/mem5YaGs126MiZpBA-UN7rgOUuhpKKSTjw.woff2 HTTP/1.1 200 8800 https://localhost:9443/devportal/site/public/css/main.css Mozilla/5.0 (Windows NT 10.0; Win64; x64) AppleWebKit/537.36 (KHTML, like Gecko) Chrome/114.0.0.0 Safari/537.36 0.016
0:0:0:0:0:0:0:1 - - [31/Jul/2023:16:40:31 +0500] GET /devportal/site/public/fonts/iconfont/MaterialIcons-Regular.woff2 HTTP/1.1 200 60840 https://localhost:9443/devportal/site/public/fonts/iconfont/material-icons.css Mozilla/5.0 (Windows NT 10.0; Win64; x64) AppleWebKit/537.36 (KHTML, like Gecko) Chrome/114.0.0.0 Safari/537.36 0.030
127.0.0.1 - - [31/Jul/2023:16:40:31 +0500] GET /api/am/admin/v3/settings HTTP/1.1 200 673 - Jakarta Commons-HttpClient/3.1 0.126
0:0:0:0:0:0:0:1 - - [31/Jul/2023:16:40:31 +0500] GET /admin/services/auth/login?not-Login HTTP/1.1 302 - https://localhost:9443/admin/throttling/subscription Mozilla/5.0 (Windows NT 10.0; Win64; x64) AppleWebKit/537.36 (KHTML, like Gecko) Chrome/114.0.0.0 Safari/537.36 0.151
0:0:0:0:0:0:0:1 - - [31/Jul/2023:16:40:31 +0500] GET /oauth2/authorize?response_type=code&client_id=rQr9m8OSZtbWou20q0K65GDktQ4a&scope=apim:admin%20apim:admin_alert_manage%20apim:admin_application_view%20apim:admin_operations%20apim:admin_settings%20apim:api_import_export%20apim:api_product_import_export%20apim:api_workflow_approve%20apim:api_workflow_view%20apim:app_import_export%20apim:app_owner_change%20apim:bl_manage%20apim:bl_view%20apim:bot_data%20apim:environment_manage%20apim:environment_read%20apim:mediation_policy_create%20apim:mediation_policy_view%20apim:monetization_usage_publish%20apim:role_manage%20apim:scope_manage%20apim:tenantInfo%20apim:tenant_theme_manage%20apim:tier_manage%20apim:tier_view%20openid&state=/throttling/subscription&redirect_uri=https://localhost:9443/admin/services/auth/callback/login&prompt=none HTTP/1.1 302 - https://localhost:9443/admin/throttling/subscription Mozilla/5.0 (Windows NT 10.0; Win64; x64) AppleWebKit/537.36 (KHTML, like Gecko) Chrome/114.0.0.0 Safari/537.36 0.112
0:0:0:0:0:0:0:1 - - [31/Jul/2023:16:40:32 +0500] GET /admin/services/auth/callback/login?code=83590c91-c380-3f2c-892e-f4573bd7ed73&state=%2Fthrottling%2Fsubscription&session_state=d8f631ab79eb9e0125d913e1db7b3193c6e077dc9d576d819c533de421b8700b.wI5iToBOLnYzGxsIcPCSmQ HTTP/1.1 302 - https://localhost:9443/admin/throttling/subscription Mozilla/5.0 (Windows NT 10.0; Win64; x64) AppleWebKit/537.36 (KHTML, like Gecko) Chrome/114.0.0.0 Safari/537.36 0.138
127.0.0.1 - - [31/Jul/2023:16:40:32 +0500] POST /oauth2/token HTTP/1.1 200 1683 - Jakarta Commons-HttpClient/3.1 0.037
0:0:0:0:0:0:0:1 - - [31/Jul/2023:16:40:32 +0500] GET /api/am/devportal/v2/apis/a9eff00c-8aee-4ca5-8e6e-3d5df6468875 HTTP/1.1 200 1171 https://localhost:9443/devportal/apis/a9eff00c-8aee-4ca5-8e6e-3d5df6468875/overview Mozilla/5.0 (Windows NT 10.0; Win64; x64) AppleWebKit/537.36 (KHTML, like Gecko) Chrome/114.0.0.0 Safari/537.36 0.606
0:0:0:0:0:0:0:1 - - [31/Jul/2023:16:40:32 +0500] GET /api/am/devportal/v2/applications?limit=5000 HTTP/1.1 200 440 https://localhost:9443/devportal/apis/a9eff00c-8aee-4ca5-8e6e-3d5df6468875/overview Mozilla/5.0 (Windows NT 10.0; Win64; x64) AppleWebKit/537.36 (KHTML, like Gecko) Chrome/114.0.0.0 Safari/537.36 0.563
0:0:0:0:0:0:0:1 - - [31/Jul/2023:16:40:32 +0500] GET /admin/throttling/subscription HTTP/1.1 200 1822 https://localhost:9443/admin/throttling/subscription Mozilla/5.0 (Windows NT 10.0; Win64; x64) AppleWebKit/537.36 (KHTML, like Gecko) Chrome/114.0.0.0 Safari/537.36 0.008
0:0:0:0:0:0:0:1 - - [31/Jul/2023:16:40:32 +0500] GET /devportal/site/public/dist/vendors~APIComments~APIOverview~ApplicationDetails.87a2f2161f16e1ebc95c.bundle.js HTTP/1.1 200 5400 https://localhost:9443/devportal/apis/a9eff00c-8aee-4ca5-8e6e-3d5df6468875/overview Mozilla/5.0 (Windows NT 10.0; Win64; x64) AppleWebKit/537.36 (KHTML, like Gecko) Chrome/114.0.0.0 Safari/537.36 0.032
0:0:0:0:0:0:0:1 - - [31/Jul/2023:16:40:32 +0500] GET /devportal/site/public/images/leftMenuBack.png HTTP/1.1 200 5308 https://localhost:9443/devportal/apis/a9eff00c-8aee-4ca5-8e6e-3d5df6468875/overview Mozilla/5.0 (Windows NT 10.0; Win64; x64) AppleWebKit/537.36 (KHTML, like Gecko) Chrome/114.0.0.0 Safari/537.36 0.002
0:0:0:0:0:0:0:1 - - [31/Jul/2023:16:40:32 +0500] GET /devportal/site/public/dist/APIComments.556f8b209379e7d93f7a.bundle.js HTTP/1.1 200 8382 https://localhost:9443/devportal/apis/a9eff00c-8aee-4ca5-8e6e-3d5df6468875/overview Mozilla/5.0 (Windows NT 10.0; Win64; x64) AppleWebKit/537.36 (KHTML, like Gecko) Chrome/114.0.0.0 Safari/537.36 0.041
0:0:0:0:0:0:0:1 - - [31/Jul/2023:16:40:32 +0500] GET /devportal/site/public/dist/APIOverview.f8126125ca0837b4fd59.bundle.js HTTP/1.1 200 11676 https://localhost:9443/devportal/apis/a9eff00c-8aee-4ca5-8e6e-3d5df6468875/overview Mozilla/5.0 (Windows NT 10.0; Win64; x64) AppleWebKit/537.36 (KHTML, like Gecko) Chrome/114.0.0.0 Safari/537.36 0.049
0:0:0:0:0:0:0:1 - - [31/Jul/2023:16:40:32 +0500] GET /devportal/site/public/dist/vendors~APIDocuments~APIOverview.6e9016b2541da23523a5.bundle.js HTTP/1.1 200 86891 https://localhost:9443/devportal/apis/a9eff00c-8aee-4ca5-8e6e-3d5df6468875/overview Mozilla/5.0 (Windows NT 10.0; Win64; x64) AppleWebKit/537.36 (KHTML, like Gecko) Chrome/114.0.0.0 Safari/537.36 0.063
0:0:0:0:0:0:0:1 - - [31/Jul/2023:16:40:32 +0500] GET /api/am/devportal/v2/apis/a9eff00c-8aee-4ca5-8e6e-3d5df6468875/documents HTTP/1.1 200 92 https://localhost:9443/devportal/apis/a9eff00c-8aee-4ca5-8e6e-3d5df6468875/overview Mozilla/5.0 (Windows NT 10.0; Win64; x64) AppleWebKit/537.36 (KHTML, like Gecko) Chrome/114.0.0.0 Safari/537.36 0.045
0:0:0:0:0:0:0:1 - - [31/Jul/2023:16:40:32 +0500] GET /api/am/devportal/v2/apis/a9eff00c-8aee-4ca5-8e6e-3d5df6468875/documents HTTP/1.1 200 92 https://localhost:9443/devportal/apis/a9eff00c-8aee-4ca5-8e6e-3d5df6468875/overview Mozilla/5.0 (Windows NT 10.0; Win64; x64) AppleWebKit/537.36 (KHTML, like Gecko) Chrome/114.0.0.0 Safari/537.36 0.059
0:0:0:0:0:0:0:1 - - [31/Jul/2023:16:40:32 +0500] GET /api/am/devportal/v2/throttling-policies/subscription HTTP/1.1 200 640 https://localhost:9443/devportal/apis/a9eff00c-8aee-4ca5-8e6e-3d5df6468875/overview Mozilla/5.0 (Windows NT 10.0; Win64; x64) AppleWebKit/537.36 (KHTML, like Gecko) Chrome/114.0.0.0 Safari/537.36 0.162
0:0:0:0:0:0:0:1 - - [31/Jul/2023:16:40:32 +0500] GET /api/am/devportal/v2/throttling-policies/subscription HTTP/1.1 200 640 https://localhost:9443/devportal/apis/a9eff00c-8aee-4ca5-8e6e-3d5df6468875/overview Mozilla/5.0 (Windows NT 10.0; Win64; x64) AppleWebKit/537.36 (KHTML, like Gecko) Chrome/114.0.0.0 Safari/537.36 0.022
0:0:0:0:0:0:0:1 - - [31/Jul/2023:16:40:32 +0500] GET /api/am/devportal/v2/apis/a9eff00c-8aee-4ca5-8e6e-3d5df6468875/thumbnail HTTP/1.1 204 - https://localhost:9443/devportal/apis/a9eff00c-8aee-4ca5-8e6e-3d5df6468875/overview Mozilla/5.0 (Windows NT 10.0; Win64; x64) AppleWebKit/537.36 (KHTML, like Gecko) Chrome/114.0.0.0 Safari/537.36 0.046
0:0:0:0:0:0:0:1 - - [31/Jul/2023:16:40:32 +0500] GET /api/am/devportal/v2/apis/a9eff00c-8aee-4ca5-8e6e-3d5df6468875/ratings HTTP/1.1 200 125 https://localhost:9443/devportal/apis/a9eff00c-8aee-4ca5-8e6e-3d5df6468875/overview Mozilla/5.0 (Windows NT 10.0; Win64; x64) AppleWebKit/537.36 (KHTML, like Gecko) Chrome/114.0.0.0 Safari/537.36 0.058
0:0:0:0:0:0:0:1 - - [31/Jul/2023:16:40:32 +0500] GET /api/am/devportal/v2/apis/a9eff00c-8aee-4ca5-8e6e-3d5df6468875/comments?limit=5&offset=0 HTTP/1.1 200 101 https://localhost:9443/devportal/apis/a9eff00c-8aee-4ca5-8e6e-3d5df6468875/overview Mozilla/5.0 (Windows NT 10.0; Win64; x64) AppleWebKit/537.36 (KHTML, like Gecko) Chrome/114.0.0.0 Safari/537.36 0.137
127.0.0.1 - - [31/Jul/2023:16:40:33 +0500] GET /api/am/publisher/v3/settings HTTP/1.1 200 1333 - Jakarta Commons-HttpClient/3.1 0.314
0:0:0:0:0:0:0:1 - - [31/Jul/2023:16:40:33 +0500] GET /publisher/services/auth/login?not-Login HTTP/1.1 302 - https://localhost:9443/publisher/apis/a9eff00c-8aee-4ca5-8e6e-3d5df6468875/overview Mozilla/5.0 (Windows NT 10.0; Win64; x64) AppleWebKit/537.36 (KHTML, like Gecko) Chrome/114.0.0.0 Safari/537.36 0.391
127.0.0.1 - - [31/Jul/2023:16:40:33 +0500] GET /api/am/service-catalog/v1/settings HTTP/1.1 200 102 - Jakarta Commons-HttpClient/3.1 0.038
0:0:0:0:0:0:0:1 - - [31/Jul/2023:16:40:33 +0500] GET /oauth2/authorize?response_type=code&client_id=sDkjqOFQo4a1bfhfzMumgDi7hawa&scope=apim:admin%20apim:api_create%20apim:api_definition_view%20apim:api_delete%20apim:api_generate_key%20apim:api_import_export%20apim:api_list_view%20apim:api_manage%20apim:api_mediation_policy_manage%20apim:api_product_import_export%20apim:api_publish%20apim:api_view%20apim:app_import_export%20apim:client_certificates_add%20apim:client_certificates_manage%20apim:client_certificates_update%20apim:client_certificates_view%20apim:comment_manage%20apim:comment_view%20apim:comment_write%20apim:common_operation_policy_manage%20apim:common_operation_policy_view%20apim:document_create%20apim:document_manage%20apim:ep_certificates_add%20apim:ep_certificates_manage%20apim:ep_certificates_update%20apim:ep_certificates_view%20apim:mediation_policy_create%20apim:mediation_policy_manage%20apim:mediation_policy_view%20apim:pub_alert_manage%20apim:publisher_settings%20apim:shared_scope_manage%20apim:subscription_block%20apim:subscription_manage%20apim:subscription_view%20apim:threat_protection_policy_create%20apim:threat_protection_policy_manage%20apim:tier_manage%20apim:tier_view%20openid%20apim:api_view%20service_catalog:service_view%20service_catalog:service_write&state=/apis/a9eff00c-8aee-4ca5-8e6e-3d5df6468875/overview&redirect_uri=https://localhost:9443/publisher/services/auth/callback/login&prompt=none HTTP/1.1 302 - https://localhost:9443/publisher/apis/a9eff00c-8aee-4ca5-8e6e-3d5df6468875/overview Mozilla/5.0 (Windows NT 10.0; Win64; x64) AppleWebKit/537.36 (KHTML, like Gecko) Chrome/114.0.0.0 Safari/537.36 0.066
127.0.0.1 - - [31/Jul/2023:16:40:33 +0500] POST /oauth2/token HTTP/1.1 200 2204 - Jakarta Commons-HttpClient/3.1 0.028
0:0:0:0:0:0:0:1 - - [31/Jul/2023:16:40:33 +0500] GET /publisher/services/auth/callback/login?code=c651c80f-1613-3f83-a70b-fabad43d07a4&state=%2Fapis%2Fa9eff00c-8aee-4ca5-8e6e-3d5df6468875%2Foverview&session_state=b0ed8a588cbf5a4184ea02b9c595aa7461a95510c66ea143ff8aa3e6a9b9a791.peIAWWlOBjTumQOHfPwvdw HTTP/1.1 302 - https://localhost:9443/publisher/apis/a9eff00c-8aee-4ca5-8e6e-3d5df6468875/overview Mozilla/5.0 (Windows NT 10.0; Win64; x64) AppleWebKit/537.36 (KHTML, like Gecko) Chrome/114.0.0.0 Safari/537.36 0.054
0:0:0:0:0:0:0:1 - - [31/Jul/2023:16:40:33 +0500] GET /publisher/apis/a9eff00c-8aee-4ca5-8e6e-3d5df6468875/overview HTTP/1.1 200 1068 https://localhost:9443/publisher/apis/a9eff00c-8aee-4ca5-8e6e-3d5df6468875/overview Mozilla/5.0 (Windows NT 10.0; Win64; x64) AppleWebKit/537.36 (KHTML, like Gecko) Chrome/114.0.0.0 Safari/537.36 0.008
0:0:0:0:0:0:0:1 - - [31/Jul/2023:16:40:33 +0500] GET /admin/services/settings/settings.js HTTP/1.1 200 433 https://localhost:9443/admin/throttling/subscription Mozilla/5.0 (Windows NT 10.0; Win64; x64) AppleWebKit/537.36 (KHTML, like Gecko) Chrome/114.0.0.0 Safari/537.36 0.005
0:0:0:0:0:0:0:1 - - [31/Jul/2023:16:40:33 +0500] GET /admin/site/public/fonts/iconfont/material-icons.css HTTP/1.1 200 970 https://localhost:9443/admin/throttling/subscription Mozilla/5.0 (Windows NT 10.0; Win64; x64) AppleWebKit/537.36 (KHTML, like Gecko) Chrome/114.0.0.0 Safari/537.36 0.002
127.0.0.1 - - [31/Jul/2023:16:40:34 +0500] GET /keymanager-operations/dcr/register/UW1XanBNbUZfYnJYZ2Y5YjQ2eVFUaklubkRnYQ%3D%3D HTTP/1.1 200 515 - Apache-HttpClient/4.5.13 (Java/11.0.18) 2.145
127.0.0.1 - - [31/Jul/2023:16:40:34 +0500] GET /keymanager-operations/dcr/register/UW1XanBNbUZfYnJYZ2Y5YjQ2eVFUaklubkRnYQ%3D%3D HTTP/1.1 200 515 - Apache-HttpClient/4.5.13 (Java/11.0.18) 2.236
0:0:0:0:0:0:0:1 - - [31/Jul/2023:16:40:34 +0500] GET /api/am/devportal/v2/subscriptions?apiId=a9eff00c-8aee-4ca5-8e6e-3d5df6468875&limit=5000 HTTP/1.1 200 656 https://localhost:9443/devportal/apis/a9eff00c-8aee-4ca5-8e6e-3d5df6468875/overview Mozilla/5.0 (Windows NT 10.0; Win64; x64) AppleWebKit/537.36 (KHTML, like Gecko) Chrome/114.0.0.0 Safari/537.36 2.652
0:0:0:0:0:0:0:1 - - [31/Jul/2023:16:40:34 +0500] GET /api/am/devportal/v2/subscriptions?apiId=a9eff00c-8aee-4ca5-8e6e-3d5df6468875&limit=25 HTTP/1.1 200 656 https://localhost:9443/devportal/apis/a9eff00c-8aee-4ca5-8e6e-3d5df6468875/overview Mozilla/5.0 (Windows NT 10.0; Win64; x64) AppleWebKit/537.36 (KHTML, like Gecko) Chrome/114.0.0.0 Safari/537.36 2.655
0:0:0:0:0:0:0:1 - - [31/Jul/2023:16:40:34 +0500] GET /publisher/site/public/css/main.css HTTP/1.1 200 1817 https://localhost:9443/publisher/apis/a9eff00c-8aee-4ca5-8e6e-3d5df6468875/overview Mozilla/5.0 (Windows NT 10.0; Win64; x64) AppleWebKit/537.36 (KHTML, like Gecko) Chrome/114.0.0.0 Safari/537.36 0.004
0:0:0:0:0:0:0:1 - - [31/Jul/2023:16:40:34 +0500] GET /publisher/site/public/css/draftjs.css HTTP/1.1 200 2643 https://localhost:9443/publisher/apis/a9eff00c-8aee-4ca5-8e6e-3d5df6468875/overview Mozilla/5.0 (Windows NT 10.0; Win64; x64) AppleWebKit/537.36 (KHTML, like Gecko) Chrome/114.0.0.0 Safari/537.36 0.004
0:0:0:0:0:0:0:1 - - [31/Jul/2023:16:40:34 +0500] GET /publisher/services/settings/settings.js HTTP/1.1 200 1037 https://localhost:9443/publisher/apis/a9eff00c-8aee-4ca5-8e6e-3d5df6468875/overview Mozilla/5.0 (Windows NT 10.0; Win64; x64) AppleWebKit/537.36 (KHTML, like Gecko) Chrome/114.0.0.0 Safari/537.36 0.006
0:0:0:0:0:0:0:1 - - [31/Jul/2023:16:40:34 +0500] GET /publisher/site/public/fonts/iconfont/material-icons.css HTTP/1.1 200 970 https://localhost:9443/publisher/apis/a9eff00c-8aee-4ca5-8e6e-3d5df6468875/overview Mozilla/5.0 (Windows NT 10.0; Win64; x64) AppleWebKit/537.36 (KHTML, like Gecko) Chrome/114.0.0.0 Safari/537.36 0.003
0:0:0:0:0:0:0:1 - - [31/Jul/2023:16:40:34 +0500] GET /admin/site/public/locales/en.json HTTP/1.1 200 66398 https://localhost:9443/admin/throttling/subscription Mozilla/5.0 (Windows NT 10.0; Win64; x64) AppleWebKit/537.36 (KHTML, like Gecko) Chrome/114.0.0.0 Safari/537.36 0.005
0:0:0:0:0:0:0:1 - - [31/Jul/2023:16:40:34 +0500] GET /admin/site/public/dist/ProtectedApps.c9a794da5381516f2a26.bundle.js HTTP/1.1 200 114499 https://localhost:9443/admin/throttling/subscription Mozilla/5.0 (Windows NT 10.0; Win64; x64) AppleWebKit/537.36 (KHTML, like Gecko) Chrome/114.0.0.0 Safari/537.36 0.039
0:0:0:0:0:0:0:1 - - [31/Jul/2023:16:40:34 +0500] GET /publisher/site/public/locales/en.json HTTP/1.1 200 220913 https://localhost:9443/publisher/apis/a9eff00c-8aee-4ca5-8e6e-3d5df6468875/overview Mozilla/5.0 (Windows NT 10.0; Win64; x64) AppleWebKit/537.36 (KHTML, like Gecko) Chrome/114.0.0.0 Safari/537.36 0.007
0:0:0:0:0:0:0:1 - - [31/Jul/2023:16:40:34 +0500] GET /admin/site/public/dist/vendors~ProtectedApps.bf62ec4af56d020ece5b.bundle.js HTTP/1.1 200 401507 https://localhost:9443/admin/throttling/subscription Mozilla/5.0 (Windows NT 10.0; Win64; x64) AppleWebKit/537.36 (KHTML, like Gecko) Chrome/114.0.0.0 Safari/537.36 0.169
0:0:0:0:0:0:0:1 - - [31/Jul/2023:16:40:34 +0500] GET /publisher/site/public/dist/ProtectedApps.7971e885d70b991d74fd.bundle.js HTTP/1.1 200 123487 https://localhost:9443/publisher/apis/a9eff00c-8aee-4ca5-8e6e-3d5df6468875/overview Mozilla/5.0 (Windows NT 10.0; Win64; x64) AppleWebKit/537.36 (KHTML, like Gecko) Chrome/114.0.0.0 Safari/537.36 0.045
0:0:0:0:0:0:0:1 - - [31/Jul/2023:16:40:34 +0500] GET /oidc/checksession?client_id=sDkjqOFQo4a1bfhfzMumgDi7hawa&redirect_uri=https://localhost:9443/publisher/services/auth/callback/login HTTP/1.1 200 3133 https://localhost:9443/publisher/apis/a9eff00c-8aee-4ca5-8e6e-3d5df6468875/overview Mozilla/5.0 (Windows NT 10.0; Win64; x64) AppleWebKit/537.36 (KHTML, like Gecko) Chrome/114.0.0.0 Safari/537.36 0.005
0:0:0:0:0:0:0:1 - - [31/Jul/2023:16:40:34 +0500] GET /publisher/site/public/dist/vendors~ProtectedApps.10ca35e6eb5e72a5c159.bundle.js HTTP/1.1 200 359501 https://localhost:9443/publisher/apis/a9eff00c-8aee-4ca5-8e6e-3d5df6468875/overview Mozilla/5.0 (Windows NT 10.0; Win64; x64) AppleWebKit/537.36 (KHTML, like Gecko) Chrome/114.0.0.0 Safari/537.36 0.126
0:0:0:0:0:0:0:1 - - [31/Jul/2023:16:40:35 +0500] GET /oidc/checksession?client_id=rQr9m8OSZtbWou20q0K65GDktQ4a&redirect_uri=https://localhost:9443/admin/services/auth/callback/login HTTP/1.1 200 3133 https://localhost:9443/admin/throttling/subscription Mozilla/5.0 (Windows NT 10.0; Win64; x64) AppleWebKit/537.36 (KHTML, like Gecko) Chrome/114.0.0.0 Safari/537.36 0.005
0:0:0:0:0:0:0:1 - - [31/Jul/2023:16:40:35 +0500] GET /api/am/admin/v3/swagger.yaml HTTP/1.1 200 19311 https://localhost:9443/admin/throttling/subscription Mozilla/5.0 (Windows NT 10.0; Win64; x64) AppleWebKit/537.36 (KHTML, like Gecko) Chrome/114.0.0.0 Safari/537.36 0.011
0:0:0:0:0:0:0:1 - - [31/Jul/2023:16:40:35 +0500] GET /publisher/site/public/dist/DeferredAPIs.19a013db8d140b85d876.bundle.js HTTP/1.1 200 32348 https://localhost:9443/publisher/apis/a9eff00c-8aee-4ca5-8e6e-3d5df6468875/overview Mozilla/5.0 (Windows NT 10.0; Win64; x64) AppleWebKit/537.36 (KHTML, like Gecko) Chrome/114.0.0.0 Safari/537.36 0.018
0:0:0:0:0:0:0:1 - - [31/Jul/2023:16:40:35 +0500] GET /publisher/site/public/dist/vendors~APICreateRoutes.af1a060c415d21ca7eaa.bundle.js HTTP/1.1 200 5559 https://localhost:9443/publisher/apis/a9eff00c-8aee-4ca5-8e6e-3d5df6468875/overview Mozilla/5.0 (Windows NT 10.0; Win64; x64) AppleWebKit/537.36 (KHTML, like Gecko) Chrome/114.0.0.0 Safari/537.36 0.006
0:0:0:0:0:0:0:1 - - [31/Jul/2023:16:40:35 +0500] GET /publisher/site/public/dist/APICreateRoutes~DeferredDetails.244151c74d1c2f1757ae.bundle.js HTTP/1.1 200 12101 https://localhost:9443/publisher/apis/a9eff00c-8aee-4ca5-8e6e-3d5df6468875/overview Mozilla/5.0 (Windows NT 10.0; Win64; x64) AppleWebKit/537.36 (KHTML, like Gecko) Chrome/114.0.0.0 Safari/537.36 0.006
0:0:0:0:0:0:0:1 - - [31/Jul/2023:16:40:35 +0500] GET /publisher/site/public/dist/APICreateRoutes.579f85211cdf00564e90.bundle.js HTTP/1.1 200 15465 https://localhost:9443/publisher/apis/a9eff00c-8aee-4ca5-8e6e-3d5df6468875/overview Mozilla/5.0 (Windows NT 10.0; Win64; x64) AppleWebKit/537.36 (KHTML, like Gecko) Chrome/114.0.0.0 Safari/537.36 0.015
0:0:0:0:0:0:0:1 - - [31/Jul/2023:16:40:35 +0500] GET /publisher/site/public/dist/vendors~DeferredDetails~ServiceOverviewSwaggerUI.1f47dbe9c68e243fb17e.bundle.js HTTP/1.1 200 59967 https://localhost:9443/publisher/apis/a9eff00c-8aee-4ca5-8e6e-3d5df6468875/overview Mozilla/5.0 (Windows NT 10.0; Win64; x64) AppleWebKit/537.36 (KHTML, like Gecko) Chrome/114.0.0.0 Safari/537.36 0.029
0:0:0:0:0:0:0:1 - - [31/Jul/2023:16:40:35 +0500] GET /publisher/site/public/dist/APICreateRoutes~DeferredDetails.244151c74d1c2f1757ae.bundle.js HTTP/1.1 200 12101 https://localhost:9443/publisher/apis/a9eff00c-8aee-4ca5-8e6e-3d5df6468875/overview Mozilla/5.0 (Windows NT 10.0; Win64; x64) AppleWebKit/537.36 (KHTML, like Gecko) Chrome/114.0.0.0 Safari/537.36 0.005
0:0:0:0:0:0:0:1 - - [31/Jul/2023:16:40:35 +0500] GET /publisher/site/public/dist/vendors~APIDefMonacoEditor~DeferredDetails.817d7c0f8fdfedd0ab60.bundle.js HTTP/1.1 200 600260 https://localhost:9443/publisher/apis/a9eff00c-8aee-4ca5-8e6e-3d5df6468875/overview Mozilla/5.0 (Windows NT 10.0; Win64; x64) AppleWebKit/537.36 (KHTML, like Gecko) Chrome/114.0.0.0 Safari/537.36 0.227
0:0:0:0:0:0:0:1 - - [31/Jul/2023:16:40:35 +0500] GET /publisher/site/public/dist/vendors~DeferredDetails.5e950ee2de9ff5d2eee1.bundle.js HTTP/1.1 200 427751 https://localhost:9443/publisher/apis/a9eff00c-8aee-4ca5-8e6e-3d5df6468875/overview Mozilla/5.0 (Windows NT 10.0; Win64; x64) AppleWebKit/537.36 (KHTML, like Gecko) Chrome/114.0.0.0 Safari/537.36 0.163
0:0:0:0:0:0:0:1 - - [31/Jul/2023:16:40:36 +0500] GET /api/am/admin/v3/tenant-info/YWRtaW5AY2FyYm9uLnN1cGVy HTTP/1.1 200 80 https://localhost:9443/admin/throttling/subscription Mozilla/5.0 (Windows NT 10.0; Win64; x64) AppleWebKit/537.36 (KHTML, like Gecko) Chrome/114.0.0.0 Safari/537.36 0.009
0:0:0:0:0:0:0:1 - - [31/Jul/2023:16:40:36 +0500] GET /api/am/admin/v3/settings HTTP/1.1 200 1055 https://localhost:9443/admin/throttling/subscription Mozilla/5.0 (Windows NT 10.0; Win64; x64) AppleWebKit/537.36 (KHTML, like Gecko) Chrome/114.0.0.0 Safari/537.36 0.075
0:0:0:0:0:0:0:1 - - [31/Jul/2023:16:40:36 +0500] GET /admin/site/public/images/zong_logo.svg HTTP/1.1 200 5917 https://localhost:9443/admin/throttling/subscription Mozilla/5.0 (Windows NT 10.0; Win64; x64) AppleWebKit/537.36 (KHTML, like Gecko) Chrome/114.0.0.0 Safari/537.36 0.003
0:0:0:0:0:0:0:1 - - [31/Jul/2023:16:40:36 +0500] GET /api/am/admin/v3/throttling/policies/subscription HTTP/1.1 200 1136 https://localhost:9443/admin/throttling/subscription Mozilla/5.0 (Windows NT 10.0; Win64; x64) AppleWebKit/537.36 (KHTML, like Gecko) Chrome/114.0.0.0 Safari/537.36 0.010
0:0:0:0:0:0:0:1 - - [31/Jul/2023:16:40:36 +0500] GET /api/am/publisher/v3/swagger.yaml HTTP/1.1 200 43135 https://localhost:9443/publisher/apis/a9eff00c-8aee-4ca5-8e6e-3d5df6468875/overview Mozilla/5.0 (Windows NT 10.0; Win64; x64) AppleWebKit/537.36 (KHTML, like Gecko) Chrome/114.0.0.0 Safari/537.36 0.021
0:0:0:0:0:0:0:1 - - [31/Jul/2023:16:40:37 +0500] GET /api/am/publisher/v3/tenants?state=active HTTP/1.1 200 96 https://localhost:9443/publisher/apis/a9eff00c-8aee-4ca5-8e6e-3d5df6468875/overview Mozilla/5.0 (Windows NT 10.0; Win64; x64) AppleWebKit/537.36 (KHTML, like Gecko) Chrome/114.0.0.0 Safari/537.36 0.036
0:0:0:0:0:0:0:1 - - [31/Jul/2023:16:40:37 +0500] GET /api/am/publisher/v3/apis/a9eff00c-8aee-4ca5-8e6e-3d5df6468875 HTTP/1.1 200 1235 https://localhost:9443/publisher/apis/a9eff00c-8aee-4ca5-8e6e-3d5df6468875/overview Mozilla/5.0 (Windows NT 10.0; Win64; x64) AppleWebKit/537.36 (KHTML, like Gecko) Chrome/114.0.0.0 Safari/537.36 0.080
0:0:0:0:0:0:0:1 - - [31/Jul/2023:16:40:38 +0500] GET /api/am/publisher/v3/settings HTTP/1.1 200 665 https://localhost:9443/publisher/apis/a9eff00c-8aee-4ca5-8e6e-3d5df6468875/overview Mozilla/5.0 (Windows NT 10.0; Win64; x64) AppleWebKit/537.36 (KHTML, like Gecko) Chrome/114.0.0.0 Safari/537.36 0.258
0:0:0:0:0:0:0:1 - - [31/Jul/2023:16:40:38 +0500] GET /api/am/publisher/v3/apis/a9eff00c-8aee-4ca5-8e6e-3d5df6468875/revisions HTTP/1.1 200 582 https://localhost:9443/publisher/apis/a9eff00c-8aee-4ca5-8e6e-3d5df6468875/overview Mozilla/5.0 (Windows NT 10.0; Win64; x64) AppleWebKit/537.36 (KHTML, like Gecko) Chrome/114.0.0.0 Safari/537.36 0.029
0:0:0:0:0:0:0:1 - - [31/Jul/2023:16:40:38 +0500] GET /api/am/publisher/v3/apis/a9eff00c-8aee-4ca5-8e6e-3d5df6468875/revisions?query=deployed%3Atrue HTTP/1.1 200 388 https://localhost:9443/publisher/apis/a9eff00c-8aee-4ca5-8e6e-3d5df6468875/overview Mozilla/5.0 (Windows NT 10.0; Win64; x64) AppleWebKit/537.36 (KHTML, like Gecko) Chrome/114.0.0.0 Safari/537.36 0.035
0:0:0:0:0:0:0:1 - - [31/Jul/2023:16:40:39 +0500] GET /api/am/publisher/v3/apis/a9eff00c-8aee-4ca5-8e6e-3d5df6468875/revisions?query=deployed%3Atrue HTTP/1.1 200 388 https://localhost:9443/publisher/apis/a9eff00c-8aee-4ca5-8e6e-3d5df6468875/overview Mozilla/5.0 (Windows NT 10.0; Win64; x64) AppleWebKit/537.36 (KHTML, like Gecko) Chrome/114.0.0.0 Safari/537.36 0.013
0:0:0:0:0:0:0:1 - - [31/Jul/2023:16:40:39 +0500] GET /api/am/publisher/v3/apis/a9eff00c-8aee-4ca5-8e6e-3d5df6468875/swagger HTTP/1.1 200 784 https://localhost:9443/publisher/apis/a9eff00c-8aee-4ca5-8e6e-3d5df6468875/overview Mozilla/5.0 (Windows NT 10.0; Win64; x64) AppleWebKit/537.36 (KHTML, like Gecko) Chrome/114.0.0.0 Safari/537.36 0.065
0:0:0:0:0:0:0:1 - - [31/Jul/2023:16:40:39 +0500] GET /api/am/publisher/v3/apis/a9eff00c-8aee-4ca5-8e6e-3d5df6468875/revisions?query=deployed%3Atrue HTTP/1.1 200 388 https://localhost:9443/publisher/apis/a9eff00c-8aee-4ca5-8e6e-3d5df6468875/overview Mozilla/5.0 (Windows NT 10.0; Win64; x64) AppleWebKit/537.36 (KHTML, like Gecko) Chrome/114.0.0.0 Safari/537.36 0.015
0:0:0:0:0:0:0:1 - - [31/Jul/2023:16:40:39 +0500] GET /api/am/publisher/v3/apis/a9eff00c-8aee-4ca5-8e6e-3d5df6468875/swagger HTTP/1.1 200 784 https://localhost:9443/publisher/apis/a9eff00c-8aee-4ca5-8e6e-3d5df6468875/overview Mozilla/5.0 (Windows NT 10.0; Win64; x64) AppleWebKit/537.36 (KHTML, like Gecko) Chrome/114.0.0.0 Safari/537.36 0.056
0:0:0:0:0:0:0:1 - - [31/Jul/2023:16:40:40 +0500] GET /api/am/publisher/v3/apis/a9eff00c-8aee-4ca5-8e6e-3d5df6468875/revisions?query=deployed%3Atrue HTTP/1.1 200 388 https://localhost:9443/publisher/apis/a9eff00c-8aee-4ca5-8e6e-3d5df6468875/overview Mozilla/5.0 (Windows NT 10.0; Win64; x64) AppleWebKit/537.36 (KHTML, like Gecko) Chrome/114.0.0.0 Safari/537.36 0.012
0:0:0:0:0:0:0:1 - - [31/Jul/2023:16:40:40 +0500] GET /api/am/publisher/v3/apis/a9eff00c-8aee-4ca5-8e6e-3d5df6468875/swagger HTTP/1.1 200 784 https://localhost:9443/publisher/apis/a9eff00c-8aee-4ca5-8e6e-3d5df6468875/overview Mozilla/5.0 (Windows NT 10.0; Win64; x64) AppleWebKit/537.36 (KHTML, like Gecko) Chrome/114.0.0.0 Safari/537.36 0.053
0:0:0:0:0:0:0:1 - - [31/Jul/2023:16:40:54 +0500] GET /devportal/site/public/dist/APIConsole.e692d99b83731b72dbe6.bundle.js HTTP/1.1 200 4237 https://localhost:9443/devportal/apis/a9eff00c-8aee-4ca5-8e6e-3d5df6468875/test Mozilla/5.0 (Windows NT 10.0; Win64; x64) AppleWebKit/537.36 (KHTML, like Gecko) Chrome/114.0.0.0 Safari/537.36 0.035
0:0:0:0:0:0:0:1 - - [31/Jul/2023:16:40:54 +0500] GET /devportal/site/public/dist/3.5fb775e73b1459555d1d.bundle.js HTTP/1.1 200 5288 https://localhost:9443/devportal/apis/a9eff00c-8aee-4ca5-8e6e-3d5df6468875/test Mozilla/5.0 (Windows NT 10.0; Win64; x64) AppleWebKit/537.36 (KHTML, like Gecko) Chrome/114.0.0.0 Safari/537.36 0.040
0:0:0:0:0:0:0:1 - - [31/Jul/2023:16:40:54 +0500] GET /devportal/site/public/dist/9.19a62cd6a9c3410d8be6.bundle.js HTTP/1.1 200 89623 https://localhost:9443/devportal/apis/a9eff00c-8aee-4ca5-8e6e-3d5df6468875/test Mozilla/5.0 (Windows NT 10.0; Win64; x64) AppleWebKit/537.36 (KHTML, like Gecko) Chrome/114.0.0.0 Safari/537.36 0.089
0:0:0:0:0:0:0:1 - - [31/Jul/2023:16:40:54 +0500] GET /api/am/devportal/v2/apis/a9eff00c-8aee-4ca5-8e6e-3d5df6468875 HTTP/1.1 200 1171 https://localhost:9443/devportal/apis/a9eff00c-8aee-4ca5-8e6e-3d5df6468875/test Mozilla/5.0 (Windows NT 10.0; Win64; x64) AppleWebKit/537.36 (KHTML, like Gecko) Chrome/114.0.0.0 Safari/537.36 0.050
0:0:0:0:0:0:0:1 - - [31/Jul/2023:16:40:54 +0500] GET /api/am/devportal/v2/applications?limit=5000 HTTP/1.1 200 440 https://localhost:9443/devportal/apis/a9eff00c-8aee-4ca5-8e6e-3d5df6468875/test Mozilla/5.0 (Windows NT 10.0; Win64; x64) AppleWebKit/537.36 (KHTML, like Gecko) Chrome/114.0.0.0 Safari/537.36 0.024
127.0.0.1 - - [31/Jul/2023:16:40:54 +0500] GET /keymanager-operations/dcr/register/UW1XanBNbUZfYnJYZ2Y5YjQ2eVFUaklubkRnYQ%3D%3D HTTP/1.1 200 515 - Apache-HttpClient/4.5.13 (Java/11.0.18) 0.042
0:0:0:0:0:0:0:1 - - [31/Jul/2023:16:40:54 +0500] GET /api/am/devportal/v2/subscriptions?apiId=a9eff00c-8aee-4ca5-8e6e-3d5df6468875&limit=25 HTTP/1.1 200 656 https://localhost:9443/devportal/apis/a9eff00c-8aee-4ca5-8e6e-3d5df6468875/test Mozilla/5.0 (Windows NT 10.0; Win64; x64) AppleWebKit/537.36 (KHTML, like Gecko) Chrome/114.0.0.0 Safari/537.36 0.136
127.0.0.1 - - [31/Jul/2023:16:40:54 +0500] GET /keymanager-operations/dcr/register/UW1XanBNbUZfYnJYZ2Y5YjQ2eVFUaklubkRnYQ%3D%3D HTTP/1.1 200 515 - Apache-HttpClient/4.5.13 (Java/11.0.18) 0.029
0:0:0:0:0:0:0:1 - - [31/Jul/2023:16:40:54 +0500] GET /api/am/devportal/v2/subscriptions?apiId=a9eff00c-8aee-4ca5-8e6e-3d5df6468875&limit=5000 HTTP/1.1 200 656 https://localhost:9443/devportal/apis/a9eff00c-8aee-4ca5-8e6e-3d5df6468875/test Mozilla/5.0 (Windows NT 10.0; Win64; x64) AppleWebKit/537.36 (KHTML, like Gecko) Chrome/114.0.0.0 Safari/537.36 0.170
0:0:0:0:0:0:0:1 - - [31/Jul/2023:16:40:54 +0500] GET /devportal/site/public/dist/vendors~APIConsole~GraphQLConsole.c00ffdb9a4bac0f7794e.bundle.js HTTP/1.1 200 364418 https://localhost:9443/devportal/apis/a9eff00c-8aee-4ca5-8e6e-3d5df6468875/test Mozilla/5.0 (Windows NT 10.0; Win64; x64) AppleWebKit/537.36 (KHTML, like Gecko) Chrome/114.0.0.0 Safari/537.36 0.309
0:0:0:0:0:0:0:1 - - [31/Jul/2023:16:40:55 +0500] GET /devportal/site/public/dist/vendors~APIConsole.b84bc27def35d6c9dee0.bundle.js HTTP/1.1 200 1577542 https://localhost:9443/devportal/apis/a9eff00c-8aee-4ca5-8e6e-3d5df6468875/test Mozilla/5.0 (Windows NT 10.0; Win64; x64) AppleWebKit/537.36 (KHTML, like Gecko) Chrome/114.0.0.0 Safari/537.36 0.901
0:0:0:0:0:0:0:1 - - [31/Jul/2023:16:40:55 +0500] GET /api/am/devportal/v2/apis/a9eff00c-8aee-4ca5-8e6e-3d5df6468875 HTTP/1.1 200 1171 https://localhost:9443/devportal/apis/a9eff00c-8aee-4ca5-8e6e-3d5df6468875/test Mozilla/5.0 (Windows NT 10.0; Win64; x64) AppleWebKit/537.36 (KHTML, like Gecko) Chrome/114.0.0.0 Safari/537.36 0.021
0:0:0:0:0:0:0:1 - - [31/Jul/2023:16:40:55 +0500] GET /api/am/devportal/v2/apis/a9eff00c-8aee-4ca5-8e6e-3d5df6468875/swagger?environmentName=Default HTTP/1.1 200 489 https://localhost:9443/devportal/apis/a9eff00c-8aee-4ca5-8e6e-3d5df6468875/test Mozilla/5.0 (Windows NT 10.0; Win64; x64) AppleWebKit/537.36 (KHTML, like Gecko) Chrome/114.0.0.0 Safari/537.36 0.040
0:0:0:0:0:0:0:1 - - [31/Jul/2023:16:40:56 +0500] GET /api/am/devportal/v2/swagger.yaml HTTP/1.1 200 23486 https://localhost:9443/devportal/apis/a9eff00c-8aee-4ca5-8e6e-3d5df6468875/test Mozilla/5.0 (Windows NT 10.0; Win64; x64) AppleWebKit/537.36 (KHTML, like Gecko) Chrome/114.0.0.0 Safari/537.36 0.014
127.0.0.1 - - [31/Jul/2023:16:40:56 +0500] GET /keymanager-operations/dcr/register/UW1XanBNbUZfYnJYZ2Y5YjQ2eVFUaklubkRnYQ%3D%3D HTTP/1.1 200 515 - Apache-HttpClient/4.5.13 (Java/11.0.18) 0.009
0:0:0:0:0:0:0:1 - - [31/Jul/2023:16:40:56 +0500] GET /api/am/devportal/v2/subscriptions?apiId=a9eff00c-8aee-4ca5-8e6e-3d5df6468875&limit=25 HTTP/1.1 200 656 https://localhost:9443/devportal/apis/a9eff00c-8aee-4ca5-8e6e-3d5df6468875/test Mozilla/5.0 (Windows NT 10.0; Win64; x64) AppleWebKit/537.36 (KHTML, like Gecko) Chrome/114.0.0.0 Safari/537.36 0.061
127.0.0.1 - - [31/Jul/2023:16:40:56 +0500] GET /oauth2/token/.well-known/openid-configuration HTTP/1.1 200 2245 - Apache-HttpClient/4.5.13 (Java/11.0.18) 0.004
0:0:0:0:0:0:0:1 - - [31/Jul/2023:16:40:56 +0500] GET /api/am/devportal/v2/key-managers HTTP/1.1 200 755 https://localhost:9443/devportal/apis/a9eff00c-8aee-4ca5-8e6e-3d5df6468875/test Mozilla/5.0 (Windows NT 10.0; Win64; x64) AppleWebKit/537.36 (KHTML, like Gecko) Chrome/114.0.0.0 Safari/537.36 0.071
127.0.0.1 - - [31/Jul/2023:16:40:56 +0500] GET /keymanager-operations/dcr/register/UW1XanBNbUZfYnJYZ2Y5YjQ2eVFUaklubkRnYQ%3D%3D HTTP/1.1 200 515 - Apache-HttpClient/4.5.13 (Java/11.0.18) 0.006
0:0:0:0:0:0:0:1 - - [31/Jul/2023:16:40:56 +0500] GET /api/am/devportal/v2/subscriptions?apiId=a9eff00c-8aee-4ca5-8e6e-3d5df6468875&limit=25 HTTP/1.1 200 656 https://localhost:9443/devportal/apis/a9eff00c-8aee-4ca5-8e6e-3d5df6468875/test Mozilla/5.0 (Windows NT 10.0; Win64; x64) AppleWebKit/537.36 (KHTML, like Gecko) Chrome/114.0.0.0 Safari/537.36 0.038
0:0:0:0:0:0:0:1 - - [31/Jul/2023:16:40:56 +0500] GET /api/am/devportal/v2/applications/ HTTP/1.1 200 438 https://localhost:9443/devportal/apis/a9eff00c-8aee-4ca5-8e6e-3d5df6468875/test Mozilla/5.0 (Windows NT 10.0; Win64; x64) AppleWebKit/537.36 (KHTML, like Gecko) Chrome/114.0.0.0 Safari/537.36 0.019
0:0:0:0:0:0:0:1 - - [31/Jul/2023:16:40:56 +0500] GET /api/am/devportal/v2/swagger.yaml HTTP/1.1 200 23486 https://localhost:9443/devportal/apis/a9eff00c-8aee-4ca5-8e6e-3d5df6468875/test Mozilla/5.0 (Windows NT 10.0; Win64; x64) AppleWebKit/537.36 (KHTML, like Gecko) Chrome/114.0.0.0 Safari/537.36 0.023
127.0.0.1 - - [31/Jul/2023:16:40:56 +0500] GET /keymanager-operations/dcr/register/UW1XanBNbUZfYnJYZ2Y5YjQ2eVFUaklubkRnYQ%3D%3D HTTP/1.1 200 515 - Apache-HttpClient/4.5.13 (Java/11.0.18) 0.007
0:0:0:0:0:0:0:1 - - [31/Jul/2023:16:40:56 +0500] GET /api/am/devportal/v2/applications/42c4aa1a-258d-44a0-a858-5c2ed1cd2856 HTTP/1.1 200 288 https://localhost:9443/devportal/apis/a9eff00c-8aee-4ca5-8e6e-3d5df6468875/test Mozilla/5.0 (Windows NT 10.0; Win64; x64) AppleWebKit/537.36 (KHTML, like Gecko) Chrome/114.0.0.0 Safari/537.36 0.040
127.0.0.1 - - [31/Jul/2023:16:40:56 +0500] GET /keymanager-operations/dcr/register/UW1XanBNbUZfYnJYZ2Y5YjQ2eVFUaklubkRnYQ%3D%3D HTTP/1.1 200 515 - Apache-HttpClient/4.5.13 (Java/11.0.18) 0.007
0:0:0:0:0:0:0:1 - - [31/Jul/2023:16:40:56 +0500] GET /api/am/devportal/v2/applications/42c4aa1a-258d-44a0-a858-5c2ed1cd2856/oauth-keys HTTP/1.1 200 663 https://localhost:9443/devportal/apis/a9eff00c-8aee-4ca5-8e6e-3d5df6468875/test Mozilla/5.0 (Windows NT 10.0; Win64; x64) AppleWebKit/537.36 (KHTML, like Gecko) Chrome/114.0.0.0 Safari/537.36 0.032
0:0:0:0:0:0:0:1 - - [31/Jul/2023:16:40:56 +0500] GET /api/am/devportal/v2/swagger.yaml HTTP/1.1 200 23486 https://localhost:9443/devportal/apis/a9eff00c-8aee-4ca5-8e6e-3d5df6468875/test Mozilla/5.0 (Windows NT 10.0; Win64; x64) AppleWebKit/537.36 (KHTML, like Gecko) Chrome/114.0.0.0 Safari/537.36 0.019
0:0:0:0:0:0:0:1 - - [31/Jul/2023:16:40:56 +0500] GET /api/am/devportal/v2/swagger.yaml HTTP/1.1 200 23486 https://localhost:9443/devportal/apis/a9eff00c-8aee-4ca5-8e6e-3d5df6468875/test Mozilla/5.0 (Windows NT 10.0; Win64; x64) AppleWebKit/537.36 (KHTML, like Gecko) Chrome/114.0.0.0 Safari/537.36 0.017
127.0.0.1 - - [31/Jul/2023:16:40:56 +0500] GET /keymanager-operations/dcr/register/UW1XanBNbUZfYnJYZ2Y5YjQ2eVFUaklubkRnYQ%3D%3D HTTP/1.1 200 515 - Apache-HttpClient/4.5.13 (Java/11.0.18) 0.003
0:0:0:0:0:0:0:1 - - [31/Jul/2023:16:40:56 +0500] GET /api/am/devportal/v2/applications/42c4aa1a-258d-44a0-a858-5c2ed1cd2856 HTTP/1.1 200 288 https://localhost:9443/devportal/apis/a9eff00c-8aee-4ca5-8e6e-3d5df6468875/test Mozilla/5.0 (Windows NT 10.0; Win64; x64) AppleWebKit/537.36 (KHTML, like Gecko) Chrome/114.0.0.0 Safari/537.36 0.012
127.0.0.1 - - [31/Jul/2023:16:40:57 +0500] GET /keymanager-operations/dcr/register/UW1XanBNbUZfYnJYZ2Y5YjQ2eVFUaklubkRnYQ%3D%3D HTTP/1.1 200 515 - Apache-HttpClient/4.5.13 (Java/11.0.18) 0.009
0:0:0:0:0:0:0:1 - - [31/Jul/2023:16:40:57 +0500] GET /api/am/devportal/v2/applications/42c4aa1a-258d-44a0-a858-5c2ed1cd2856 HTTP/1.1 200 288 https://localhost:9443/devportal/apis/a9eff00c-8aee-4ca5-8e6e-3d5df6468875/test Mozilla/5.0 (Windows NT 10.0; Win64; x64) AppleWebKit/537.36 (KHTML, like Gecko) Chrome/114.0.0.0 Safari/537.36 0.022
127.0.0.1 - - [31/Jul/2023:16:40:57 +0500] GET /keymanager-operations/dcr/register/UW1XanBNbUZfYnJYZ2Y5YjQ2eVFUaklubkRnYQ%3D%3D HTTP/1.1 200 515 - Apache-HttpClient/4.5.13 (Java/11.0.18) 0.010
0:0:0:0:0:0:0:1 - - [31/Jul/2023:16:40:57 +0500] GET /api/am/devportal/v2/applications/42c4aa1a-258d-44a0-a858-5c2ed1cd2856/oauth-keys HTTP/1.1 200 663 https://localhost:9443/devportal/apis/a9eff00c-8aee-4ca5-8e6e-3d5df6468875/test Mozilla/5.0 (Windows NT 10.0; Win64; x64) AppleWebKit/537.36 (KHTML, like Gecko) Chrome/114.0.0.0 Safari/537.36 0.027
127.0.0.1 - - [31/Jul/2023:16:40:57 +0500] GET /keymanager-operations/dcr/register/UW1XanBNbUZfYnJYZ2Y5YjQ2eVFUaklubkRnYQ%3D%3D HTTP/1.1 200 515 - Apache-HttpClient/4.5.13 (Java/11.0.18) 0.006
0:0:0:0:0:0:0:1 - - [31/Jul/2023:16:40:57 +0500] GET /api/am/devportal/v2/applications/42c4aa1a-258d-44a0-a858-5c2ed1cd2856/oauth-keys HTTP/1.1 200 663 https://localhost:9443/devportal/apis/a9eff00c-8aee-4ca5-8e6e-3d5df6468875/test Mozilla/5.0 (Windows NT 10.0; Win64; x64) AppleWebKit/537.36 (KHTML, like Gecko) Chrome/114.0.0.0 Safari/537.36 0.018
0:0:0:0:0:0:0:1 - - [31/Jul/2023:16:40:58 +0500] GET /api/am/devportal/v2/swagger.yaml HTTP/1.1 200 23486 https://localhost:9443/devportal/apis/a9eff00c-8aee-4ca5-8e6e-3d5df6468875/test Mozilla/5.0 (Windows NT 10.0; Win64; x64) AppleWebKit/537.36 (KHTML, like Gecko) Chrome/114.0.0.0 Safari/537.36 0.012
127.0.0.1 - - [31/Jul/2023:16:40:58 +0500] GET /keymanager-operations/dcr/register/UW1XanBNbUZfYnJYZ2Y5YjQ2eVFUaklubkRnYQ%3D%3D HTTP/1.1 200 515 - Apache-HttpClient/4.5.13 (Java/11.0.18) 0.007
0:0:0:0:0:0:0:1 - - [31/Jul/2023:16:40:58 +0500] GET /api/am/devportal/v2/applications/42c4aa1a-258d-44a0-a858-5c2ed1cd2856 HTTP/1.1 200 288 https://localhost:9443/devportal/apis/a9eff00c-8aee-4ca5-8e6e-3d5df6468875/test Mozilla/5.0 (Windows NT 10.0; Win64; x64) AppleWebKit/537.36 (KHTML, like Gecko) Chrome/114.0.0.0 Safari/537.36 0.021
127.0.0.1 - - [31/Jul/2023:16:40:59 +0500] GET /keymanager-operations/dcr/register/UW1XanBNbUZfYnJYZ2Y5YjQ2eVFUaklubkRnYQ%3D%3D HTTP/1.1 200 515 - Apache-HttpClient/4.5.13 (Java/11.0.18) 0.006
0:0:0:0:0:0:0:1 - - [31/Jul/2023:16:40:59 +0500] GET /api/am/devportal/v2/applications/42c4aa1a-258d-44a0-a858-5c2ed1cd2856/oauth-keys HTTP/1.1 200 663 https://localhost:9443/devportal/apis/a9eff00c-8aee-4ca5-8e6e-3d5df6468875/test Mozilla/5.0 (Windows NT 10.0; Win64; x64) AppleWebKit/537.36 (KHTML, like Gecko) Chrome/114.0.0.0 Safari/537.36 0.017
127.0.0.1 - - [31/Jul/2023:16:40:59 +0500] GET /keymanager-operations/dcr/register/UW1XanBNbUZfYnJYZ2Y5YjQ2eVFUaklubkRnYQ%3D%3D HTTP/1.1 200 515 - Apache-HttpClient/4.5.13 (Java/11.0.18) 0.011
127.0.0.1 - - [31/Jul/2023:16:40:59 +0500] GET /keymanager-operations/dcr/register/UW1XanBNbUZfYnJYZ2Y5YjQ2eVFUaklubkRnYQ%3D%3D HTTP/1.1 200 515 - Apache-HttpClient/4.5.13 (Java/11.0.18) 0.013
127.0.0.1 - - [31/Jul/2023:16:40:59 +0500] POST /oauth2/token HTTP/1.1 200 1022 - Apache-HttpClient/4.5.13 (Java/11.0.18) 0.090
0:0:0:0:0:0:0:1 - - [31/Jul/2023:16:40:59 +0500] POST /api/am/devportal/v2/applications/42c4aa1a-258d-44a0-a858-5c2ed1cd2856/oauth-keys/25276c26-d463-4cde-b264-6ee604b9a049/generate-token HTTP/1.1 200 1009 https://localhost:9443/devportal/apis/a9eff00c-8aee-4ca5-8e6e-3d5df6468875/test Mozilla/5.0 (Windows NT 10.0; Win64; x64) AppleWebKit/537.36 (KHTML, like Gecko) Chrome/114.0.0.0 Safari/537.36 0.507
127.0.0.1 - - [31/Jul/2023:16:40:59 +0500] POST /internal/data/v1/notify HTTP/1.1 200 - - Apache-HttpClient/4.5.13 (Java/11.0.18) 0.116
127.0.0.1 - - [31/Jul/2023:16:41:10 +0500] GET /oauth2/jwks HTTP/1.1 200 511 - Apache-HttpClient/4.5.13 (Java/11.0.18) 0.106
0:0:0:0:0:0:0:1 - - [31/Jul/2023:16:42:49 +0500] - 400 - - - 0.000
0:0:0:0:0:0:0:1 - - [31/Jul/2023:16:42:49 +0500] - 400 - - - 0.000
0:0:0:0:0:0:0:1 - - [31/Jul/2023:16:42:49 +0500] - 400 - - - 0.000
0:0:0:0:0:0:0:1 - - [31/Jul/2023:16:42:49 +0500] - 400 - - - 0.000
0:0:0:0:0:0:0:1 - - [31/Jul/2023:16:42:49 +0500] GET /api/am/devportal/v2/api-categories HTTP/1.1 200 21 https://localhost:9443/devportal/apis Mozilla/5.0 (Windows NT 10.0; Win64; x64) AppleWebKit/537.36 (KHTML, like Gecko) Chrome/114.0.0.0 Safari/537.36 0.249
0:0:0:0:0:0:0:1 - - [31/Jul/2023:16:42:49 +0500] GET /api/am/devportal/v2/tags HTTP/1.1 200 119 https://localhost:9443/devportal/apis Mozilla/5.0 (Windows NT 10.0; Win64; x64) AppleWebKit/537.36 (KHTML, like Gecko) Chrome/114.0.0.0 Safari/537.36 0.617
0:0:0:0:0:0:0:1 - - [31/Jul/2023:16:42:50 +0500] GET /api/am/devportal/v2/apis?limit=10&offset=0 HTTP/1.1 200 816 https://localhost:9443/devportal/apis Mozilla/5.0 (Windows NT 10.0; Win64; x64) AppleWebKit/537.36 (KHTML, like Gecko) Chrome/114.0.0.0 Safari/537.36 0.727
0:0:0:0:0:0:0:1 - - [31/Jul/2023:16:42:50 +0500] GET /api/am/devportal/v2/apis/9db3e05d-9e9d-4ec1-96f5-71ff9cd451e7/ratings HTTP/1.1 200 125 https://localhost:9443/devportal/apis Mozilla/5.0 (Windows NT 10.0; Win64; x64) AppleWebKit/537.36 (KHTML, like Gecko) Chrome/114.0.0.0 Safari/537.36 0.020
0:0:0:0:0:0:0:1 - - [31/Jul/2023:16:42:50 +0500] GET /api/am/devportal/v2/apis/9db3e05d-9e9d-4ec1-96f5-71ff9cd451e7/thumbnail HTTP/1.1 204 - https://localhost:9443/devportal/apis Mozilla/5.0 (Windows NT 10.0; Win64; x64) AppleWebKit/537.36 (KHTML, like Gecko) Chrome/114.0.0.0 Safari/537.36 0.026
0:0:0:0:0:0:0:1 - - [31/Jul/2023:16:42:50 +0500] GET /api/am/devportal/v2/apis/a9eff00c-8aee-4ca5-8e6e-3d5df6468875/ratings HTTP/1.1 200 125 https://localhost:9443/devportal/apis Mozilla/5.0 (Windows NT 10.0; Win64; x64) AppleWebKit/537.36 (KHTML, like Gecko) Chrome/114.0.0.0 Safari/537.36 0.019
0:0:0:0:0:0:0:1 - - [31/Jul/2023:16:42:50 +0500] GET /api/am/devportal/v2/apis/a9eff00c-8aee-4ca5-8e6e-3d5df6468875/thumbnail HTTP/1.1 204 - https://localhost:9443/devportal/apis Mozilla/5.0 (Windows NT 10.0; Win64; x64) AppleWebKit/537.36 (KHTML, like Gecko) Chrome/114.0.0.0 Safari/537.36 0.027
0:0:0:0:0:0:0:1 - - [31/Jul/2023:16:42:50 +0500] GET /api/am/devportal/v2/apis/f166cc64-02b1-488c-b6e7-2e00befe5d92/thumbnail HTTP/1.1 204 - https://localhost:9443/devportal/apis Mozilla/5.0 (Windows NT 10.0; Win64; x64) AppleWebKit/537.36 (KHTML, like Gecko) Chrome/114.0.0.0 Safari/537.36 0.040
0:0:0:0:0:0:0:1 - - [31/Jul/2023:16:42:50 +0500] GET /api/am/devportal/v2/apis/f166cc64-02b1-488c-b6e7-2e00befe5d92/ratings HTTP/1.1 200 125 https://localhost:9443/devportal/apis Mozilla/5.0 (Windows NT 10.0; Win64; x64) AppleWebKit/537.36 (KHTML, like Gecko) Chrome/114.0.0.0 Safari/537.36 0.050
0:0:0:0:0:0:0:1 - - [31/Jul/2023:16:42:50 +0500] GET /api/am/devportal/v2/apis/a7a6f198-2961-422a-9ba4-7dd81d27f2dc/ratings HTTP/1.1 200 125 https://localhost:9443/devportal/apis Mozilla/5.0 (Windows NT 10.0; Win64; x64) AppleWebKit/537.36 (KHTML, like Gecko) Chrome/114.0.0.0 Safari/537.36 0.055
0:0:0:0:0:0:0:1 - - [31/Jul/2023:16:42:50 +0500] GET /api/am/devportal/v2/apis/d440f6b9-22c1-4326-8625-16eff1a0354e/ratings HTTP/1.1 200 125 https://localhost:9443/devportal/apis Mozilla/5.0 (Windows NT 10.0; Win64; x64) AppleWebKit/537.36 (KHTML, like Gecko) Chrome/114.0.0.0 Safari/537.36 0.072
0:0:0:0:0:0:0:1 - - [31/Jul/2023:16:42:50 +0500] GET /api/am/devportal/v2/apis/d440f6b9-22c1-4326-8625-16eff1a0354e/thumbnail HTTP/1.1 204 - https://localhost:9443/devportal/apis Mozilla/5.0 (Windows NT 10.0; Win64; x64) AppleWebKit/537.36 (KHTML, like Gecko) Chrome/114.0.0.0 Safari/537.36 0.051
0:0:0:0:0:0:0:1 - - [31/Jul/2023:16:42:50 +0500] GET /api/am/devportal/v2/apis/2d15ab04-b0b2-4820-8b7c-052e4997dcce/thumbnail HTTP/1.1 204 - https://localhost:9443/devportal/apis Mozilla/5.0 (Windows NT 10.0; Win64; x64) AppleWebKit/537.36 (KHTML, like Gecko) Chrome/114.0.0.0 Safari/537.36 0.041
0:0:0:0:0:0:0:1 - - [31/Jul/2023:16:42:50 +0500] - 400 - - - 0.000
0:0:0:0:0:0:0:1 - - [31/Jul/2023:16:42:50 +0500] - 400 - - - 0.000
0:0:0:0:0:0:0:1 - - [31/Jul/2023:16:42:50 +0500] GET /api/am/devportal/v2/apis/2d15ab04-b0b2-4820-8b7c-052e4997dcce/ratings HTTP/1.1 200 125 https://localhost:9443/devportal/apis Mozilla/5.0 (Windows NT 10.0; Win64; x64) AppleWebKit/537.36 (KHTML, like Gecko) Chrome/114.0.0.0 Safari/537.36 0.064
0:0:0:0:0:0:0:1 - - [31/Jul/2023:16:42:50 +0500] GET /api/am/devportal/v2/apis/a7a6f198-2961-422a-9ba4-7dd81d27f2dc/thumbnail HTTP/1.1 204 - https://localhost:9443/devportal/apis Mozilla/5.0 (Windows NT 10.0; Win64; x64) AppleWebKit/537.36 (KHTML, like Gecko) Chrome/114.0.0.0 Safari/537.36 0.136
0:0:0:0:0:0:0:1 - - [31/Jul/2023:16:42:50 +0500] - 400 - - - 0.000
0:0:0:0:0:0:0:1 - - [31/Jul/2023:16:42:52 +0500] GET /api/am/devportal/v2/applications?limit=5000 HTTP/1.1 200 440 https://localhost:9443/devportal/apis/a7a6f198-2961-422a-9ba4-7dd81d27f2dc Mozilla/5.0 (Windows NT 10.0; Win64; x64) AppleWebKit/537.36 (KHTML, like Gecko) Chrome/114.0.0.0 Safari/537.36 0.021
0:0:0:0:0:0:0:1 - - [31/Jul/2023:16:42:52 +0500] GET /api/am/devportal/v2/apis/a7a6f198-2961-422a-9ba4-7dd81d27f2dc HTTP/1.1 200 2493 https://localhost:9443/devportal/apis/a7a6f198-2961-422a-9ba4-7dd81d27f2dc Mozilla/5.0 (Windows NT 10.0; Win64; x64) AppleWebKit/537.36 (KHTML, like Gecko) Chrome/114.0.0.0 Safari/537.36 0.093
127.0.0.1 - - [31/Jul/2023:16:42:52 +0500] GET /keymanager-operations/dcr/register/NU1taEFTeEo5NEVmYjdxM3V4U0FQTDJpSG84YQ%3D%3D HTTP/1.1 200 568 - Apache-HttpClient/4.5.13 (Java/11.0.18) 0.038
0:0:0:0:0:0:0:1 - - [31/Jul/2023:16:42:52 +0500] GET /api/am/devportal/v2/subscriptions?apiId=a7a6f198-2961-422a-9ba4-7dd81d27f2dc&limit=5000 HTTP/1.1 200 735 https://localhost:9443/devportal/apis/a7a6f198-2961-422a-9ba4-7dd81d27f2dc Mozilla/5.0 (Windows NT 10.0; Win64; x64) AppleWebKit/537.36 (KHTML, like Gecko) Chrome/114.0.0.0 Safari/537.36 0.159
127.0.0.1 - - [31/Jul/2023:16:42:52 +0500] GET /keymanager-operations/dcr/register/NU1taEFTeEo5NEVmYjdxM3V4U0FQTDJpSG84YQ%3D%3D HTTP/1.1 200 568 - Apache-HttpClient/4.5.13 (Java/11.0.18) 0.008
0:0:0:0:0:0:0:1 - - [31/Jul/2023:16:42:52 +0500] GET /api/am/devportal/v2/subscriptions?apiId=a7a6f198-2961-422a-9ba4-7dd81d27f2dc&limit=25 HTTP/1.1 200 735 https://localhost:9443/devportal/apis/a7a6f198-2961-422a-9ba4-7dd81d27f2dc Mozilla/5.0 (Windows NT 10.0; Win64; x64) AppleWebKit/537.36 (KHTML, like Gecko) Chrome/114.0.0.0 Safari/537.36 0.198
0:0:0:0:0:0:0:1 - - [31/Jul/2023:16:42:52 +0500] GET /api/am/devportal/v2/throttling-policies/subscription HTTP/1.1 200 640 https://localhost:9443/devportal/apis/a7a6f198-2961-422a-9ba4-7dd81d27f2dc/overview Mozilla/5.0 (Windows NT 10.0; Win64; x64) AppleWebKit/537.36 (KHTML, like Gecko) Chrome/114.0.0.0 Safari/537.36 0.020
0:0:0:0:0:0:0:1 - - [31/Jul/2023:16:42:52 +0500] GET /api/am/devportal/v2/apis/a7a6f198-2961-422a-9ba4-7dd81d27f2dc/documents HTTP/1.1 200 92 https://localhost:9443/devportal/apis/a7a6f198-2961-422a-9ba4-7dd81d27f2dc/overview Mozilla/5.0 (Windows NT 10.0; Win64; x64) AppleWebKit/537.36 (KHTML, like Gecko) Chrome/114.0.0.0 Safari/537.36 0.042
0:0:0:0:0:0:0:1 - - [31/Jul/2023:16:42:52 +0500] GET /api/am/devportal/v2/throttling-policies/subscription HTTP/1.1 200 640 https://localhost:9443/devportal/apis/a7a6f198-2961-422a-9ba4-7dd81d27f2dc/overview Mozilla/5.0 (Windows NT 10.0; Win64; x64) AppleWebKit/537.36 (KHTML, like Gecko) Chrome/114.0.0.0 Safari/537.36 0.026
0:0:0:0:0:0:0:1 - - [31/Jul/2023:16:42:52 +0500] GET /api/am/devportal/v2/apis/a7a6f198-2961-422a-9ba4-7dd81d27f2dc/documents HTTP/1.1 200 92 https://localhost:9443/devportal/apis/a7a6f198-2961-422a-9ba4-7dd81d27f2dc/overview Mozilla/5.0 (Windows NT 10.0; Win64; x64) AppleWebKit/537.36 (KHTML, like Gecko) Chrome/114.0.0.0 Safari/537.36 0.046
0:0:0:0:0:0:0:1 - - [31/Jul/2023:16:42:52 +0500] GET /api/am/devportal/v2/apis/a7a6f198-2961-422a-9ba4-7dd81d27f2dc/thumbnail HTTP/1.1 204 - https://localhost:9443/devportal/apis/a7a6f198-2961-422a-9ba4-7dd81d27f2dc/overview Mozilla/5.0 (Windows NT 10.0; Win64; x64) AppleWebKit/537.36 (KHTML, like Gecko) Chrome/114.0.0.0 Safari/537.36 0.025
0:0:0:0:0:0:0:1 - - [31/Jul/2023:16:42:52 +0500] GET /api/am/devportal/v2/apis/a7a6f198-2961-422a-9ba4-7dd81d27f2dc/comments?limit=5&offset=0 HTTP/1.1 200 101 https://localhost:9443/devportal/apis/a7a6f198-2961-422a-9ba4-7dd81d27f2dc/overview Mozilla/5.0 (Windows NT 10.0; Win64; x64) AppleWebKit/537.36 (KHTML, like Gecko) Chrome/114.0.0.0 Safari/537.36 0.043
0:0:0:0:0:0:0:1 - - [31/Jul/2023:16:42:52 +0500] GET /api/am/devportal/v2/apis/a7a6f198-2961-422a-9ba4-7dd81d27f2dc/ratings HTTP/1.1 200 125 https://localhost:9443/devportal/apis/a7a6f198-2961-422a-9ba4-7dd81d27f2dc/overview Mozilla/5.0 (Windows NT 10.0; Win64; x64) AppleWebKit/537.36 (KHTML, like Gecko) Chrome/114.0.0.0 Safari/537.36 0.022
0:0:0:0:0:0:0:1 - - [31/Jul/2023:16:42:53 +0500] GET /api/am/devportal/v2/apis/a7a6f198-2961-422a-9ba4-7dd81d27f2dc HTTP/1.1 200 2493 https://localhost:9443/devportal/apis/a7a6f198-2961-422a-9ba4-7dd81d27f2dc/test Mozilla/5.0 (Windows NT 10.0; Win64; x64) AppleWebKit/537.36 (KHTML, like Gecko) Chrome/114.0.0.0 Safari/537.36 0.076
0:0:0:0:0:0:0:1 - - [31/Jul/2023:16:42:53 +0500] GET /api/am/devportal/v2/applications?limit=5000 HTTP/1.1 200 440 https://localhost:9443/devportal/apis/a7a6f198-2961-422a-9ba4-7dd81d27f2dc/test Mozilla/5.0 (Windows NT 10.0; Win64; x64) AppleWebKit/537.36 (KHTML, like Gecko) Chrome/114.0.0.0 Safari/537.36 0.031
127.0.0.1 - - [31/Jul/2023:16:42:54 +0500] GET /keymanager-operations/dcr/register/NU1taEFTeEo5NEVmYjdxM3V4U0FQTDJpSG84YQ%3D%3D HTTP/1.1 200 568 - Apache-HttpClient/4.5.13 (Java/11.0.18) 0.038
0:0:0:0:0:0:0:1 - - [31/Jul/2023:16:42:54 +0500] GET /api/am/devportal/v2/subscriptions?apiId=a7a6f198-2961-422a-9ba4-7dd81d27f2dc&limit=25 HTTP/1.1 200 735 https://localhost:9443/devportal/apis/a7a6f198-2961-422a-9ba4-7dd81d27f2dc/test Mozilla/5.0 (Windows NT 10.0; Win64; x64) AppleWebKit/537.36 (KHTML, like Gecko) Chrome/114.0.0.0 Safari/537.36 0.128
127.0.0.1 - - [31/Jul/2023:16:42:54 +0500] GET /keymanager-operations/dcr/register/NU1taEFTeEo5NEVmYjdxM3V4U0FQTDJpSG84YQ%3D%3D HTTP/1.1 200 568 - Apache-HttpClient/4.5.13 (Java/11.0.18) 0.052
0:0:0:0:0:0:0:1 - - [31/Jul/2023:16:42:54 +0500] GET /api/am/devportal/v2/subscriptions?apiId=a7a6f198-2961-422a-9ba4-7dd81d27f2dc&limit=5000 HTTP/1.1 200 735 https://localhost:9443/devportal/apis/a7a6f198-2961-422a-9ba4-7dd81d27f2dc/test Mozilla/5.0 (Windows NT 10.0; Win64; x64) AppleWebKit/537.36 (KHTML, like Gecko) Chrome/114.0.0.0 Safari/537.36 0.145
0:0:0:0:0:0:0:1 - - [31/Jul/2023:16:42:54 +0500] GET /api/am/devportal/v2/apis/a7a6f198-2961-422a-9ba4-7dd81d27f2dc HTTP/1.1 200 2493 https://localhost:9443/devportal/apis/a7a6f198-2961-422a-9ba4-7dd81d27f2dc/test Mozilla/5.0 (Windows NT 10.0; Win64; x64) AppleWebKit/537.36 (KHTML, like Gecko) Chrome/114.0.0.0 Safari/537.36 0.044
0:0:0:0:0:0:0:1 - - [31/Jul/2023:16:42:54 +0500] GET /api/am/devportal/v2/apis/a7a6f198-2961-422a-9ba4-7dd81d27f2dc/swagger?environmentName=Default HTTP/1.1 200 1774 https://localhost:9443/devportal/apis/a7a6f198-2961-422a-9ba4-7dd81d27f2dc/test Mozilla/5.0 (Windows NT 10.0; Win64; x64) AppleWebKit/537.36 (KHTML, like Gecko) Chrome/114.0.0.0 Safari/537.36 0.139
